

================================================================
== Vivado HLS Report for 'Block_preheader_0_p'
================================================================
* Date:           Sun Dec  1 12:23:49 2024

* Version:        2019.2 (Build 2704478 on Wed Nov 06 22:10:23 MST 2019)
* Project:        sha.prj
* Solution:       solution1
* Product family: zynq
* Target device:  xc7z020-clg484-1


================================================================
== Performance Estimates
================================================================
+ Timing: 
    * Summary: 
    +--------+----------+----------+------------+
    |  Clock |  Target  | Estimated| Uncertainty|
    +--------+----------+----------+------------+
    |ap_clk  | 10.00 ns | 2.322 ns |   1.25 ns  |
    +--------+----------+----------+------------+

+ Latency: 
    * Summary: 
    +---------+---------+-----------+-----------+-----+-----+---------+
    |  Latency (cycles) |   Latency (absolute)  |  Interval | Pipeline|
    |   min   |   max   |    min    |    max    | min | max |   Type  |
    +---------+---------+-----------+-----------+-----+-----+---------+
    |        3|        3| 30.000 ns | 30.000 ns |    3|    3|   none  |
    +---------+---------+-----------+-----------+-----+-----+---------+

    + Detail: 
        * Instance: 
        N/A

        * Loop: 
        N/A



================================================================
== Utilization Estimates
================================================================
* Summary: 
+-----------------+---------+-------+--------+-------+-----+
|       Name      | BRAM_18K| DSP48E|   FF   |  LUT  | URAM|
+-----------------+---------+-------+--------+-------+-----+
|DSP              |        -|      -|       -|      -|    -|
|Expression       |        -|      -|       0|      2|    -|
|FIFO             |        -|      -|       -|      -|    -|
|Instance         |        -|      -|       -|      -|    -|
|Memory           |        -|      -|       -|      -|    -|
|Multiplexer      |        -|      -|       -|    144|    -|
|Register         |        -|      -|       5|      -|    -|
+-----------------+---------+-------+--------+-------+-----+
|Total            |        0|      0|       5|    146|    0|
+-----------------+---------+-------+--------+-------+-----+
|Available        |      280|    220|  106400|  53200|    0|
+-----------------+---------+-------+--------+-------+-----+
|Utilization (%)  |        0|      0|   ~0   |   ~0  |    0|
+-----------------+---------+-------+--------+-------+-----+

+ Detail: 
    * Instance: 
    N/A

    * DSP48E: 
    N/A

    * Memory: 
    N/A

    * FIFO: 
    N/A

    * Expression: 
    +-----------------+----------+-------+---+----+------------+------------+
    |  Variable Name  | Operation| DSP48E| FF| LUT| Bitwidth P0| Bitwidth P1|
    +-----------------+----------+-------+---+----+------------+------------+
    |ap_block_state1  |    or    |      0|  0|   2|           1|           1|
    +-----------------+----------+-------+---+----+------------+------------+
    |Total            |          |      0|  0|   2|           1|           1|
    +-----------------+----------+-------+---+----+------------+------------+

    * Multiplexer: 
    +---------------------------+----+-----------+-----+-----------+
    |            Name           | LUT| Input Size| Bits| Total Bits|
    +---------------------------+----+-----------+-----+-----------+
    |ap_NS_fsm                  |  27|          5|    1|          5|
    |ap_done                    |   9|          2|    1|          2|
    |outputlocation_V_address0  |  27|          5|    4|         20|
    |outputlocation_V_address1  |  27|          5|    4|         20|
    |outputlocation_V_d0        |  27|          5|   32|        160|
    |outputlocation_V_d1        |  27|          5|   32|        160|
    +---------------------------+----+-----------+-----+-----------+
    |Total                      | 144|         27|   74|        367|
    +---------------------------+----+-----------+-----+-----------+

    * Register: 
    +-------------+---+----+-----+-----------+
    |     Name    | FF| LUT| Bits| Const Bits|
    +-------------+---+----+-----+-----------+
    |ap_CS_fsm    |  4|   0|    4|          0|
    |ap_done_reg  |  1|   0|    1|          0|
    +-------------+---+----+-----+-----------+
    |Total        |  5|   0|    5|          0|
    +-------------+---+----+-----+-----------+



================================================================
== Interface
================================================================
* Summary: 
+---------------------------+-----+-----+------------+----------------------+--------------+
|         RTL Ports         | Dir | Bits|  Protocol  |     Source Object    |    C Type    |
+---------------------------+-----+-----+------------+----------------------+--------------+
|ap_clk                     |  in |    1| ap_ctrl_hs | Block_.preheader.0_p | return value |
|ap_rst                     |  in |    1| ap_ctrl_hs | Block_.preheader.0_p | return value |
|ap_start                   |  in |    1| ap_ctrl_hs | Block_.preheader.0_p | return value |
|ap_done                    | out |    1| ap_ctrl_hs | Block_.preheader.0_p | return value |
|ap_continue                |  in |    1| ap_ctrl_hs | Block_.preheader.0_p | return value |
|ap_idle                    | out |    1| ap_ctrl_hs | Block_.preheader.0_p | return value |
|ap_ready                   | out |    1| ap_ctrl_hs | Block_.preheader.0_p | return value |
|outputlocation_V_address0  | out |    4|  ap_memory |   outputlocation_V   |     array    |
|outputlocation_V_ce0       | out |    1|  ap_memory |   outputlocation_V   |     array    |
|outputlocation_V_we0       | out |    1|  ap_memory |   outputlocation_V   |     array    |
|outputlocation_V_d0        | out |   32|  ap_memory |   outputlocation_V   |     array    |
|outputlocation_V_address1  | out |    4|  ap_memory |   outputlocation_V   |     array    |
|outputlocation_V_ce1       | out |    1|  ap_memory |   outputlocation_V   |     array    |
|outputlocation_V_we1       | out |    1|  ap_memory |   outputlocation_V   |     array    |
|outputlocation_V_d1        | out |   32|  ap_memory |   outputlocation_V   |     array    |
|p_read                     |  in |   32|   ap_none  |        p_read        |    scalar    |
|p_read1                    |  in |   32|   ap_none  |        p_read1       |    scalar    |
|p_read2                    |  in |   32|   ap_none  |        p_read2       |    scalar    |
|p_read3                    |  in |   32|   ap_none  |        p_read3       |    scalar    |
|p_read4                    |  in |   32|   ap_none  |        p_read4       |    scalar    |
|p_read5                    |  in |   32|   ap_none  |        p_read5       |    scalar    |
|p_read6                    |  in |   32|   ap_none  |        p_read6       |    scalar    |
|p_read7                    |  in |   32|   ap_none  |        p_read7       |    scalar    |
+---------------------------+-----+-----+------------+----------------------+--------------+

