

================================================================
== Vivado HLS Report for 'dut'
================================================================
* Date:           Thu Nov 21 20:50:36 2024

* Version:        2019.2 (Build 2704478 on Wed Nov 06 22:10:23 MST 2019)
* Project:        sha.prj
* Solution:       solution1
* Product family: zynq
* Target device:  xc7z020-clg484-1


================================================================
== Performance Estimates
================================================================
+ Timing: 
    * Summary: 
    +--------+----------+----------+------------+
    |  Clock |  Target  | Estimated| Uncertainty|
    +--------+----------+----------+------------+
    |ap_clk  | 10.00 ns | 7.625 ns |   1.25 ns  |
    +--------+----------+----------+------------+

+ Latency: 
    * Summary: 
    +---------+---------+----------+----------+-----+-----+---------+
    |  Latency (cycles) |  Latency (absolute) |  Interval | Pipeline|
    |   min   |   max   |    min   |    max   | min | max |   Type  |
    +---------+---------+----------+----------+-----+-----+---------+
    |        ?|        ?|         ?|         ?|    ?|    ?|   none  |
    +---------+---------+----------+----------+-----+-----+---------+

    + Detail: 
        * Instance: 
        +----------------------+-----------+---------+---------+----------+----------+-----+-----+---------+
        |                      |           |  Latency (cycles) |  Latency (absolute) |  Interval | Pipeline|
        |       Instance       |   Module  |   min   |   max   |    min   |    max   | min | max |   Type  |
        +----------------------+-----------+---------+---------+----------+----------+-----+-----+---------+
        |grp_mineblock_fu_238  |mineblock  |        ?|        ?|         ?|         ?|    ?|    ?|   none  |
        +----------------------+-----------+---------+---------+----------+----------+-----+-----+---------+

        * Loop: 
        +----------+---------+---------+----------+-----------+-----------+------+----------+
        |          |  Latency (cycles) | Iteration|  Initiation Interval  | Trip |          |
        | Loop Name|   min   |   max   |  Latency |  achieved |   target  | Count| Pipelined|
        +----------+---------+---------+----------+-----------+-----------+------+----------+
        |- Loop 1  |        8|        8|         1|          -|          -|     8|    no    |
        |- Loop 2  |        8|        8|         1|          -|          -|     8|    no    |
        |- Loop 3  |       16|       16|         2|          -|          -|     8|    no    |
        +----------+---------+---------+----------+-----------+-----------+------+----------+



================================================================
== Utilization Estimates
================================================================
* Summary: 
+-----------------+---------+-------+--------+-------+-----+
|       Name      | BRAM_18K| DSP48E|   FF   |  LUT  | URAM|
+-----------------+---------+-------+--------+-------+-----+
|DSP              |        -|      -|       -|      -|    -|
|Expression       |        -|      -|       0|     80|    -|
|FIFO             |        -|      -|       -|      -|    -|
|Instance         |       78|      -|    2446|   4660|    0|
|Memory           |        0|      -|     256|     16|    0|
|Multiplexer      |        -|      -|       -|    291|    -|
|Register         |        -|      -|     197|      -|    -|
+-----------------+---------+-------+--------+-------+-----+
|Total            |       78|      0|    2899|   5047|    0|
+-----------------+---------+-------+--------+-------+-----+
|Available        |      280|    220|  106400|  53200|    0|
+-----------------+---------+-------+--------+-------+-----+
|Utilization (%)  |       27|      0|       2|      9|    0|
+-----------------+---------+-------+--------+-------+-----+

+ Detail: 
    * Instance: 
    +----------------------+-----------+---------+-------+------+------+-----+
    |       Instance       |   Module  | BRAM_18K| DSP48E|  FF  |  LUT | URAM|
    +----------------------+-----------+---------+-------+------+------+-----+
    |grp_mineblock_fu_238  |mineblock  |       78|      0|  2446|  4660|    0|
    +----------------------+-----------+---------+-------+------+------+-----+
    |Total                 |           |       78|      0|  2446|  4660|    0|
    +----------------------+-----------+---------+-------+------+------+-----+

    * DSP48E: 
    N/A

    * Memory: 
    +-----------------+----------------+---------+----+----+-----+------+-----+------+-------------+
    |      Memory     |     Module     | BRAM_18K| FF | LUT| URAM| Words| Bits| Banks| W*Bits*Banks|
    +-----------------+----------------+---------+----+----+-----+------+-----+------+-------------+
    |prevhash_V_U     |dut_prevhash_V  |        0|  64|   4|    0|     8|   32|     1|          256|
    |merkle_root_V_U  |dut_prevhash_V  |        0|  64|   4|    0|     8|   32|     1|          256|
    |output_hash_V_U  |dut_prevhash_V  |        0|  64|   4|    0|     8|   32|     1|          256|
    |p_1_U            |dut_prevhash_V  |        0|  64|   4|    0|     8|   32|     1|          256|
    +-----------------+----------------+---------+----+----+-----+------+-----+------+-------------+
    |Total            |                |        0| 256|  16|    0|    32|  128|     4|         1024|
    +-----------------+----------------+---------+----+----+-----+------+-----+------+-------------+

    * FIFO: 
    N/A

    * Expression: 
    +---------------------+----------+-------+---+----+------------+------------+
    |    Variable Name    | Operation| DSP48E| FF| LUT| Bitwidth P0| Bitwidth P1|
    +---------------------+----------+-------+---+----+------------+------------+
    |i_15_fu_279_p2       |     +    |      0|  0|  13|           4|           1|
    |i_fu_262_p2          |     +    |      0|  0|  13|           4|           1|
    |p_i0_fu_301_p2       |     +    |      0|  0|  13|           4|           1|
    |ap_block_state3      |    and   |      0|  0|   2|           1|           1|
    |ap_block_state7      |    and   |      0|  0|   2|           1|           1|
    |icmp_ln24_fu_295_p2  |   icmp   |      0|  0|  11|           4|           5|
    |icmp_ln37_fu_256_p2  |   icmp   |      0|  0|  11|           4|           5|
    |icmp_ln43_fu_273_p2  |   icmp   |      0|  0|  11|           4|           5|
    |ap_block_state1      |    or    |      0|  0|   2|           1|           1|
    |ap_block_state4      |    or    |      0|  0|   2|           1|           1|
    +---------------------+----------+-------+---+----+------------+------------+
    |Total                |          |      0|  0|  80|          28|          22|
    +---------------------+----------+-------+---+----+------------+------------+

    * Multiplexer: 
    +------------------------+----+-----------+-----+-----------+
    |          Name          | LUT| Input Size| Bits| Total Bits|
    +------------------------+----+-----------+-----+-----------+
    |ap_NS_fsm               |  85|         17|    1|         17|
    |i2_0_reg_205            |   9|          2|    4|          8|
    |i4_0_reg_216            |   9|          2|    4|          8|
    |merkle_root_V_address0  |  15|          3|    3|          9|
    |merkle_root_V_ce0       |  15|          3|    1|          3|
    |output_hash_V_address0  |  47|         10|    3|         30|
    |p_1_address0            |  15|          3|    3|          9|
    |p_1_ce0                 |  15|          3|    1|          3|
    |p_1_we0                 |   9|          2|    1|          2|
    |p_i0_0_i_reg_227        |   9|          2|    4|          8|
    |prevhash_V_address0     |  15|          3|    3|          9|
    |prevhash_V_ce0          |  15|          3|    1|          3|
    |strm_in_V_V_blk_n       |   9|          2|    1|          2|
    |strm_out_V_V_blk_n      |   9|          2|    1|          2|
    |strm_out_V_V_din        |  15|          3|   32|         96|
    +------------------------+----+-----------+-----+-----------+
    |Total                   | 291|         60|   63|        209|
    +------------------------+----+-----------+-----+-----------+

    * Register: 
    +-----------------------------------+----+----+-----+-----------+
    |                Name               | FF | LUT| Bits| Const Bits|
    +-----------------------------------+----+----+-----+-----------+
    |ap_CS_fsm                          |  16|   0|   16|          0|
    |grp_mineblock_fu_238_ap_start_reg  |   1|   0|    1|          0|
    |i2_0_reg_205                       |   4|   0|    4|          0|
    |i4_0_reg_216                       |   4|   0|    4|          0|
    |output_nonce_V_reg_343             |  32|   0|   32|          0|
    |p_i0_0_i_reg_227                   |   4|   0|    4|          0|
    |p_i0_reg_356                       |   4|   0|    4|          0|
    |tmp_V_15_reg_312                   |  32|   0|   32|          0|
    |tmp_V_16_reg_333                   |  32|   0|   32|          0|
    |tmp_V_17_reg_338                   |  32|   0|   32|          0|
    |tmp_V_reg_307                      |  32|   0|   32|          0|
    |zext_ln24_reg_348                  |   4|   0|   64|         60|
    +-----------------------------------+----+----+-----+-----------+
    |Total                              | 197|   0|  257|         60|
    +-----------------------------------+----+----+-----+-----------+



================================================================
== Interface
================================================================
* Summary: 
+---------------------+-----+-----+------------+--------------+--------------+
|      RTL Ports      | Dir | Bits|  Protocol  | Source Object|    C Type    |
+---------------------+-----+-----+------------+--------------+--------------+
|ap_clk               |  in |    1| ap_ctrl_hs |      dut     | return value |
|ap_rst               |  in |    1| ap_ctrl_hs |      dut     | return value |
|ap_start             |  in |    1| ap_ctrl_hs |      dut     | return value |
|ap_done              | out |    1| ap_ctrl_hs |      dut     | return value |
|ap_idle              | out |    1| ap_ctrl_hs |      dut     | return value |
|ap_ready             | out |    1| ap_ctrl_hs |      dut     | return value |
|strm_in_V_V_dout     |  in |   32|   ap_fifo  |  strm_in_V_V |    pointer   |
|strm_in_V_V_empty_n  |  in |    1|   ap_fifo  |  strm_in_V_V |    pointer   |
|strm_in_V_V_read     | out |    1|   ap_fifo  |  strm_in_V_V |    pointer   |
|strm_out_V_V_din     | out |   32|   ap_fifo  | strm_out_V_V |    pointer   |
|strm_out_V_V_full_n  |  in |    1|   ap_fifo  | strm_out_V_V |    pointer   |
|strm_out_V_V_write   | out |    1|   ap_fifo  | strm_out_V_V |    pointer   |
+---------------------+-----+-----+------------+--------------+--------------+

