

================================================================
== Vivado HLS Report for 'hash1_1'
================================================================
* Date:           Mon Nov 25 03:46:06 2024

* Version:        2019.2 (Build 2704478 on Wed Nov 06 22:10:23 MST 2019)
* Project:        sha.prj
* Solution:       solution1
* Product family: zynq
* Target device:  xc7z020-clg484-1


================================================================
== Performance Estimates
================================================================
+ Timing: 
    * Summary: 
    +--------+----------+----------+------------+
    |  Clock |  Target  | Estimated| Uncertainty|
    +--------+----------+----------+------------+
    |ap_clk  | 10.00 ns | 7.625 ns |   1.25 ns  |
    +--------+----------+----------+------------+

+ Latency: 
    * Summary: 
    +---------+---------+----------+-----------+-----+------+---------+
    |  Latency (cycles) |  Latency (absolute)  |  Interval  | Pipeline|
    |   min   |   max   |    min   |    max    | min |  max |   Type  |
    +---------+---------+----------+-----------+-----+------+---------+
    |      993|     1121| 9.930 us | 11.210 us |  993|  1121|   none  |
    +---------+---------+----------+-----------+-----+------+---------+

    + Detail: 
        * Instance: 
        N/A

        * Loop: 
        +-------------+---------+---------+-----------+-----------+-----------+------+----------+
        |             |  Latency (cycles) | Iteration |  Initiation Interval  | Trip |          |
        |  Loop Name  |   min   |   max   |  Latency  |  achieved |   target  | Count| Pipelined|
        +-------------+---------+---------+-----------+-----------+-----------+------+----------+
        |- Loop 1     |       42|       42|          2|          -|          -|    21|    no    |
        |- Loop 2     |      128|      128|          8|          -|          -|    16|    no    |
        | + Loop 2.1  |        6|        6|          2|          -|          -|     3|    no    |
        |- Loop 3     |       16|       16|          2|          -|          -|     8|    no    |
        |- Loop 4     |      786|      914| 393 ~ 457 |          -|          -|     2|    no    |
        | + Loop 4.1  |      384|      448|   6 ~ 7   |          -|          -|    64|    no    |
        |- Loop 5     |       16|       16|          2|          -|          -|     8|    no    |
        +-------------+---------+---------+-----------+-----------+-----------+------+----------+



================================================================
== Utilization Estimates
================================================================
* Summary: 
+-----------------+---------+-------+--------+-------+-----+
|       Name      | BRAM_18K| DSP48E|   FF   |  LUT  | URAM|
+-----------------+---------+-------+--------+-------+-----+
|DSP              |        -|      -|       -|      -|    -|
|Expression       |        -|      -|       0|   1514|    -|
|FIFO             |        -|      -|       -|      -|    -|
|Instance         |        -|      -|       -|      -|    -|
|Memory           |       38|      -|      32|      4|    0|
|Multiplexer      |        -|      -|       -|    581|    -|
|Register         |        -|      -|    1054|      -|    -|
+-----------------+---------+-------+--------+-------+-----+
|Total            |       38|      0|    1086|   2099|    0|
+-----------------+---------+-------+--------+-------+-----+
|Available        |      280|    220|  106400|  53200|    0|
+-----------------+---------+-------+--------+-------+-----+
|Utilization (%)  |       13|      0|       1|      3|    0|
+-----------------+---------+-------+--------+-------+-----+

+ Detail: 
    * Instance: 
    N/A

    * DSP48E: 
    N/A

    * Memory: 
    +-------------+-------------------+---------+----+----+-----+-------+-----+------+-------------+
    |    Memory   |       Module      | BRAM_18K| FF | LUT| URAM| Words | Bits| Banks| W*Bits*Banks|
    +-------------+-------------------+---------+----+----+-----+-------+-----+------+-------------+
    |H_0_V_U      |hash1_1_H_0_V      |        0|  32|   4|    0|      8|   32|     1|          256|
    |H_V_U        |hash1_1_H_V        |        2|   0|   0|    0|    256|   32|     1|         8192|
    |K_U          |hash1_1_K          |        1|   0|   0|    0|     64|   32|     1|         2048|
    |M_V_U        |hash1_1_M_V        |        1|   0|   0|    0|    512|   32|     1|        16384|
    |W_V_U        |hash1_1_W_V        |        2|   0|   0|    0|     64|   32|     1|         2048|
    |message_V_U  |hash1_1_message_V  |       32|   0|   0|    0|  10000|   32|     1|       320000|
    +-------------+-------------------+---------+----+----+-----+-------+-----+------+-------------+
    |Total        |                   |       38|  32|   4|    0|  10904|  192|     6|       348928|
    +-------------+-------------------+---------+----+----+-----+-------+-----+------+-------------+

    * FIFO: 
    N/A

    * Expression: 
    +-------------------------+----------+-------+---+----+------------+------------+
    |      Variable Name      | Operation| DSP48E| FF| LUT| Bitwidth P0| Bitwidth P1|
    +-------------------------+----------+-------+---+----+------------+------------+
    |T1_V_fu_1458_p2          |     +    |      0|  0|  32|          32|          32|
    |W_V_d0                   |     +    |      0|  0|  32|          32|          32|
    |a_V_1_fu_1472_p2         |     +    |      0|  0|  32|          32|          32|
    |add_ln106_fu_763_p2      |     +    |      0|  0|  15|           6|           6|
    |add_ln116_fu_800_p2      |     +    |      0|  0|  10|           2|           2|
    |add_ln137_1_fu_1186_p2   |     +    |      0|  0|  15|           4|           7|
    |add_ln137_2_fu_1263_p2   |     +    |      0|  0|  15|           5|           7|
    |add_ln137_3_fu_1274_p2   |     +    |      0|  0|  15|           6|           7|
    |add_ln137_fu_1175_p2     |     +    |      0|  0|  15|           3|           7|
    |add_ln209_11_fu_1452_p2  |     +    |      0|  0|  32|          32|          32|
    |add_ln209_12_fu_1442_p2  |     +    |      0|  0|  32|          32|          32|
    |add_ln209_13_fu_1447_p2  |     +    |      0|  0|  32|          32|          32|
    |add_ln209_16_fu_1468_p2  |     +    |      0|  0|  32|          32|          32|
    |add_ln209_1_fu_1231_p2   |     +    |      0|  0|  39|          32|          32|
    |add_ln209_2_fu_1237_p2   |     +    |      0|  0|  39|          32|          32|
    |add_ln209_3_fu_1505_p2   |     +    |      0|  0|  39|          32|          32|
    |add_ln209_4_fu_1242_p2   |     +    |      0|  0|  39|          32|          32|
    |add_ln209_5_fu_1247_p2   |     +    |      0|  0|  39|          32|          32|
    |add_ln209_6_fu_1252_p2   |     +    |      0|  0|  39|          32|          32|
    |add_ln209_7_fu_1567_p2   |     +    |      0|  0|  39|          32|          32|
    |add_ln209_8_fu_1431_p2   |     +    |      0|  0|  32|          32|          32|
    |add_ln209_9_fu_1425_p2   |     +    |      0|  0|  39|          32|          32|
    |add_ln209_fu_1225_p2     |     +    |      0|  0|  39|          32|          32|
    |add_ln321_1_fu_1165_p2   |     +    |      0|  0|  15|           7|           7|
    |add_ln321_fu_758_p2      |     +    |      0|  0|  15|           7|           7|
    |e_V_1_fu_1463_p2         |     +    |      0|  0|  39|          32|          32|
    |i_4_fu_724_p2            |     +    |      0|  0|  15|           5|           1|
    |i_7_fu_783_p2            |     +    |      0|  0|  13|           4|           1|
    |i_8_fu_1579_p2           |     +    |      0|  0|  13|           4|           1|
    |i_9_fu_1257_p2           |     +    |      0|  0|  10|           2|           1|
    |i_fu_703_p2              |     +    |      0|  0|  15|           5|           1|
    |j_1_fu_935_p2            |     +    |      0|  0|  15|           7|           1|
    |j_fu_740_p2              |     +    |      0|  0|  10|           2|           1|
    |and_ln26_1_fu_953_p2     |    and   |      0|  0|  32|          32|          32|
    |and_ln26_fu_941_p2       |    and   |      0|  0|  32|          32|          32|
    |and_ln31_1_fu_977_p2     |    and   |      0|  0|  32|          32|          32|
    |and_ln31_fu_971_p2       |    and   |      0|  0|  32|          32|          32|
    |icmp_ln104_fu_718_p2     |   icmp   |      0|  0|  11|           5|           6|
    |icmp_ln105_fu_734_p2     |   icmp   |      0|  0|   8|           2|           2|
    |icmp_ln110_fu_777_p2     |   icmp   |      0|  0|  11|           4|           5|
    |icmp_ln114_fu_794_p2     |   icmp   |      0|  0|   8|           2|           2|
    |icmp_ln127_fu_929_p2     |   icmp   |      0|  0|  11|           7|           8|
    |icmp_ln134_fu_1155_p2    |   icmp   |      0|  0|   9|           3|           1|
    |icmp_ln161_fu_1573_p2    |   icmp   |      0|  0|  11|           4|           5|
    |icmp_ln79_fu_697_p2      |   icmp   |      0|  0|  11|           5|           5|
    |or_ln117_fu_819_p2       |    or    |      0|  0|   5|           5|           1|
    |or_ln118_fu_834_p2       |    or    |      0|  0|   5|           5|           2|
    |or_ln119_fu_848_p2       |    or    |      0|  0|   5|           5|           2|
    |or_ln120_fu_862_p2       |    or    |      0|  0|   5|           5|           3|
    |or_ln121_fu_876_p2       |    or    |      0|  0|   5|           5|           3|
    |or_ln122_fu_890_p2       |    or    |      0|  0|   5|           5|           3|
    |or_ln123_fu_904_p2       |    or    |      0|  0|   5|           5|           3|
    |or_ln321_1_fu_1477_p2    |    or    |      0|  0|   5|           5|           2|
    |or_ln321_2_fu_1491_p2    |    or    |      0|  0|   5|           5|           2|
    |or_ln321_3_fu_1511_p2    |    or    |      0|  0|   5|           5|           3|
    |or_ln321_4_fu_1525_p2    |    or    |      0|  0|   5|           5|           3|
    |or_ln321_5_fu_1539_p2    |    or    |      0|  0|   5|           5|           3|
    |or_ln321_6_fu_1553_p2    |    or    |      0|  0|   5|           5|           3|
    |or_ln321_fu_1210_p2      |    or    |      0|  0|   5|           5|           1|
    |ch_V_fu_959_p2           |    xor   |      0|  0|  32|          32|          32|
    |maj_V_fu_983_p2          |    xor   |      0|  0|  32|          32|          32|
    |ret_V_13_fu_1419_p2      |    xor   |      0|  0|  32|          32|          32|
    |ret_V_17_fu_1061_p2      |    xor   |      0|  0|  32|          32|          32|
    |ret_V_21_fu_1139_p2      |    xor   |      0|  0|  32|          32|          32|
    |ret_V_fu_1349_p2         |    xor   |      0|  0|  32|          32|          32|
    |xor_ln1357_2_fu_1133_p2  |    xor   |      0|  0|  32|          32|          32|
    |xor_ln1357_4_fu_1343_p2  |    xor   |      0|  0|  32|          32|          32|
    |xor_ln1357_6_fu_1413_p2  |    xor   |      0|  0|  32|          32|          32|
    |xor_ln1357_fu_1055_p2    |    xor   |      0|  0|  32|          32|          32|
    |xor_ln26_fu_947_p2       |    xor   |      0|  0|  32|          32|           2|
    |xor_ln31_fu_965_p2       |    xor   |      0|  0|  32|          32|          32|
    +-------------------------+----------+-------+---+----+------------+------------+
    |Total                    |          |      0|  0|1514|        1259|        1183|
    +-------------------------+----------+-------+---+----+------------+------------+

    * Multiplexer: 
    +-----------------------+-----+-----------+-----+-----------+
    |          Name         | LUT | Input Size| Bits| Total Bits|
    +-----------------------+-----+-----------+-----+-----------+
    |H_V_address0           |   50|         11|    8|         88|
    |H_V_address1           |   47|         10|    8|         80|
    |H_V_d0                 |   38|          7|   32|        224|
    |H_V_d1                 |   27|          5|   32|        160|
    |M_V_address0           |   21|          4|    9|         36|
    |M_V_d0                 |   15|          3|   32|         96|
    |W_V_address0           |   27|          5|    6|         30|
    |W_V_address1           |   21|          4|    6|         24|
    |ap_NS_fsm              |  125|         27|    1|         27|
    |b_V_1_reg_582          |    9|          2|   32|         64|
    |c_V_1_reg_592          |    9|          2|   32|         64|
    |d_V_1_reg_603          |    9|          2|   32|         64|
    |f_V_1_reg_625          |    9|          2|   32|         64|
    |g_V_1_reg_635          |    9|          2|   32|         64|
    |h_V_1_reg_646          |    9|          2|   32|         64|
    |i1_0_reg_537           |    9|          2|    5|         10|
    |i3_0_reg_559           |    9|          2|    4|          8|
    |i7_0_reg_680           |    9|          2|    4|          8|
    |i_0_reg_526            |    9|          2|    5|         10|
    |i_op_assign_1_reg_570  |    9|          2|    2|          4|
    |i_op_assign_reg_548    |    9|          2|    2|          4|
    |j6_0_reg_668           |    9|          2|    7|         14|
    |message_V_address0     |   21|          4|   14|         56|
    |message_V_address1     |   15|          3|   14|         42|
    |message_V_d0           |   15|          3|   32|         96|
    |message_V_d1           |   15|          3|   32|         96|
    |p_0625_0_reg_657       |    9|          2|   32|         64|
    |p_0792_0_reg_614       |    9|          2|   32|         64|
    |reg_692                |    9|          2|   32|         64|
    +-----------------------+-----+-----------+-----+-----------+
    |Total                  |  581|        121|  543|       1689|
    +-----------------------+-----+-----------+-----+-----------+

    * Register: 
    +-----------------------+----+----+-----+-----------+
    |          Name         | FF | LUT| Bits| Const Bits|
    +-----------------------+----+----+-----+-----------+
    |T1_V_reg_1917          |  32|   0|   32|          0|
    |W_V_load_reg_1882      |  32|   0|   32|          0|
    |a_V_reg_1719           |  32|   0|   32|          0|
    |add_ln116_reg_1684     |   2|   0|    2|          0|
    |add_ln209_13_reg_1902  |  32|   0|   32|          0|
    |add_ln209_2_reg_1857   |  32|   0|   32|          0|
    |add_ln209_4_reg_1862   |  32|   0|   32|          0|
    |add_ln209_5_reg_1867   |  32|   0|   32|          0|
    |add_ln209_6_reg_1872   |  32|   0|   32|          0|
    |add_ln209_9_reg_1897   |  32|   0|   32|          0|
    |add_ln321_reg_1653     |   7|   0|    7|          0|
    |ap_CS_fsm              |  26|   0|   26|          0|
    |b_V_1_reg_582          |  32|   0|   32|          0|
    |b_V_reg_1725           |  32|   0|   32|          0|
    |c_V_1_reg_592          |  32|   0|   32|          0|
    |c_V_reg_1741           |  32|   0|   32|          0|
    |ch_V_reg_1800          |  32|   0|   32|          0|
    |d_V_1_reg_603          |  32|   0|   32|          0|
    |d_V_reg_1747           |  32|   0|   32|          0|
    |e_V_reg_1763           |  32|   0|   32|          0|
    |f_V_1_reg_625          |  32|   0|   32|          0|
    |f_V_reg_1769           |  32|   0|   32|          0|
    |g_V_1_reg_635          |  32|   0|   32|          0|
    |g_V_reg_1780           |  32|   0|   32|          0|
    |h_V_1_reg_646          |  32|   0|   32|          0|
    |h_V_reg_1786           |  32|   0|   32|          0|
    |i1_0_reg_537           |   5|   0|    5|          0|
    |i3_0_reg_559           |   4|   0|    4|          0|
    |i7_0_reg_680           |   4|   0|    4|          0|
    |i_0_reg_526            |   5|   0|    5|          0|
    |i_4_reg_1635           |   5|   0|    5|          0|
    |i_7_reg_1666           |   4|   0|    4|          0|
    |i_8_reg_1936           |   4|   0|    4|          0|
    |i_9_reg_1877           |   2|   0|    2|          0|
    |i_op_assign_1_reg_570  |   2|   0|    2|          0|
    |i_op_assign_reg_548    |   2|   0|    2|          0|
    |i_reg_1612             |   5|   0|    5|          0|
    |icmp_ln134_reg_1820    |   1|   0|    1|          0|
    |j6_0_reg_668           |   7|   0|    7|          0|
    |j_1_reg_1795           |   7|   0|    7|          0|
    |j_reg_1648             |   2|   0|    2|          0|
    |maj_V_reg_1805         |  32|   0|   32|          0|
    |p_0625_0_reg_657       |  32|   0|   32|          0|
    |p_0792_0_reg_614       |  32|   0|   32|          0|
    |reg_692                |  32|   0|   32|          0|
    |ret_V_17_reg_1810      |  32|   0|   32|          0|
    |ret_V_21_reg_1815      |  32|   0|   32|          0|
    |tmp_10_reg_1847        |   2|   0|    5|          3|
    |tmp_2_reg_1689         |   2|   0|    5|          3|
    |zext_ln104_reg_1627    |   5|   0|    6|          1|
    |zext_ln111_reg_1671    |   4|   0|   64|         60|
    |zext_ln116_1_reg_1775  |   2|   0|    7|          5|
    |zext_ln135_reg_1824    |   7|   0|   64|         57|
    |zext_ln1598_reg_1640   |   5|   0|    7|          2|
    |zext_ln80_reg_1617     |   5|   0|   64|         59|
    +-----------------------+----+----+-----+-----------+
    |Total                  |1054|   0| 1244|        190|
    +-----------------------+----+----+-----+-----------+



================================================================
== Interface
================================================================
* Summary: 
+---------------------------+-----+-----+------------+------------------+--------------+
|         RTL Ports         | Dir | Bits|  Protocol  |   Source Object  |    C Type    |
+---------------------------+-----+-----+------------+------------------+--------------+
|ap_clk                     |  in |    1| ap_ctrl_hs |      hash1.1     | return value |
|ap_rst                     |  in |    1| ap_ctrl_hs |      hash1.1     | return value |
|ap_start                   |  in |    1| ap_ctrl_hs |      hash1.1     | return value |
|ap_done                    | out |    1| ap_ctrl_hs |      hash1.1     | return value |
|ap_idle                    | out |    1| ap_ctrl_hs |      hash1.1     | return value |
|ap_ready                   | out |    1| ap_ctrl_hs |      hash1.1     | return value |
|input_V_address0           | out |    5|  ap_memory |      input_V     |     array    |
|input_V_ce0                | out |    1|  ap_memory |      input_V     |     array    |
|input_V_q0                 |  in |   32|  ap_memory |      input_V     |     array    |
|outputlocation_V_address0  | out |    3|  ap_memory | outputlocation_V |     array    |
|outputlocation_V_ce0       | out |    1|  ap_memory | outputlocation_V |     array    |
|outputlocation_V_we0       | out |    1|  ap_memory | outputlocation_V |     array    |
|outputlocation_V_d0        | out |   32|  ap_memory | outputlocation_V |     array    |
+---------------------------+-----+-----+------------+------------------+--------------+

