

================================================================
== Vivado HLS Report for 'hash1'
================================================================
* Date:           Tue Nov 19 12:49:20 2024

* Version:        2019.2 (Build 2704478 on Wed Nov 06 22:10:23 MST 2019)
* Project:        sha.prj
* Solution:       solution1
* Product family: zynq
* Target device:  xc7z020-clg484-1


================================================================
== Performance Estimates
================================================================
+ Timing: 
    * Summary: 
    +--------+----------+----------+------------+
    |  Clock |  Target  | Estimated| Uncertainty|
    +--------+----------+----------+------------+
    |ap_clk  | 10.00 ns | 7.625 ns |   1.25 ns  |
    +--------+----------+----------+------------+

+ Latency: 
    * Summary: 
    +---------+---------+----------+----------+-----+-----+---------+
    |  Latency (cycles) |  Latency (absolute) |  Interval | Pipeline|
    |   min   |   max   |    min   |    max   | min | max |   Type  |
    +---------+---------+----------+----------+-----+-----+---------+
    |      515|      579| 5.150 us | 5.790 us |  515|  579|   none  |
    +---------+---------+----------+----------+-----+-----+---------+

    + Detail: 
        * Instance: 
        N/A

        * Loop: 
        +-------------+---------+---------+----------+-----------+-----------+------+----------+
        |             |  Latency (cycles) | Iteration|  Initiation Interval  | Trip |          |
        |  Loop Name  |   min   |   max   |  Latency |  achieved |   target  | Count| Pipelined|
        +-------------+---------+---------+----------+-----------+-----------+------+----------+
        |- Loop 1     |        3|        3|         1|          -|          -|     3|    no    |
        |- Loop 2     |       96|       96|         6|          -|          -|    16|    no    |
        | + Loop 2.1  |        4|        4|         2|          -|          -|     2|    no    |
        |- Loop 3     |        8|        8|         1|          -|          -|     9|    no    |
        |- Loop 4     |      384|      448|   6 ~ 7  |          -|          -|    64|    no    |
        |- Loop 5     |       16|       16|         2|          -|          -|     8|    no    |
        +-------------+---------+---------+----------+-----------+-----------+------+----------+



================================================================
== Utilization Estimates
================================================================
* Summary: 
+-----------------+---------+-------+--------+-------+-----+
|       Name      | BRAM_18K| DSP48E|   FF   |  LUT  | URAM|
+-----------------+---------+-------+--------+-------+-----+
|DSP              |        -|      -|       -|      -|    -|
|Expression       |        -|      -|       0|   1426|    -|
|FIFO             |        -|      -|       -|      -|    -|
|Instance         |        -|      -|       -|      -|    -|
|Memory           |       38|      -|       0|      0|    0|
|Multiplexer      |        -|      -|       -|    454|    -|
|Register         |        -|      -|     629|      -|    -|
+-----------------+---------+-------+--------+-------+-----+
|Total            |       38|      0|     629|   1880|    0|
+-----------------+---------+-------+--------+-------+-----+
|Available        |      280|    220|  106400|  53200|    0|
+-----------------+---------+-------+--------+-------+-----+
|Utilization (%)  |       13|      0|   ~0   |      3|    0|
+-----------------+---------+-------+--------+-------+-----+

+ Detail: 
    * Instance: 
    N/A

    * DSP48E: 
    N/A

    * Memory: 
    +-------------+-----------------+---------+---+----+-----+-------+-----+------+-------------+
    |    Memory   |      Module     | BRAM_18K| FF| LUT| URAM| Words | Bits| Banks| W*Bits*Banks|
    +-------------+-----------------+---------+---+----+-----+-------+-----+------+-------------+
    |H_1_V_U      |hash1_H_1_V      |        2|  0|   0|    0|      8|   32|     1|          256|
    |K_U          |hash1_K          |        1|  0|   0|    0|     64|   32|     1|         2048|
    |M_V_U        |hash1_M_V        |        1|  0|   0|    0|    512|   32|     1|        16384|
    |W_V_U        |hash1_W_V        |        2|  0|   0|    0|     64|   32|     1|         2048|
    |message_V_U  |hash1_message_V  |       32|  0|   0|    0|  10000|   32|     1|       320000|
    +-------------+-----------------+---------+---+----+-----+-------+-----+------+-------------+
    |Total        |                 |       38|  0|   0|    0|  10648|  160|     5|       340736|
    +-------------+-----------------+---------+---+----+-----+-------+-----+------+-------------+

    * FIFO: 
    N/A

    * Expression: 
    +-------------------------+----------+-------+---+----+------------+------------+
    |      Variable Name      | Operation| DSP48E| FF| LUT| Bitwidth P0| Bitwidth P1|
    +-------------------------+----------+-------+---+----+------------+------------+
    |W_V_d0                   |     +    |      0|  0|  32|          32|          32|
    |add_ln106_fu_689_p2      |     +    |      0|  0|  15|           5|           5|
    |add_ln127_fu_722_p2      |     +    |      0|  0|  15|           7|           1|
    |add_ln137_1_fu_964_p2    |     +    |      0|  0|  15|           4|           7|
    |add_ln137_2_fu_989_p2    |     +    |      0|  0|  15|           5|           7|
    |add_ln137_3_fu_1000_p2   |     +    |      0|  0|  15|           6|           7|
    |add_ln137_fu_953_p2      |     +    |      0|  0|  15|           3|           7|
    |add_ln209_11_fu_1178_p2  |     +    |      0|  0|  32|          32|          32|
    |add_ln209_12_fu_1168_p2  |     +    |      0|  0|  32|          32|          32|
    |add_ln209_13_fu_1173_p2  |     +    |      0|  0|  32|          32|          32|
    |add_ln209_14_fu_1184_p2  |     +    |      0|  0|  32|          32|          32|
    |add_ln209_15_fu_1189_p2  |     +    |      0|  0|  39|          32|          32|
    |add_ln209_16_fu_1194_p2  |     +    |      0|  0|  32|          32|          32|
    |add_ln209_17_fu_1198_p2  |     +    |      0|  0|  32|          32|          32|
    |add_ln209_1_fu_982_p2    |     +    |      0|  0|  39|          32|          32|
    |add_ln209_2_fu_1203_p2   |     +    |      0|  0|  39|          32|          30|
    |add_ln209_3_fu_1210_p2   |     +    |      0|  0|  39|          32|          32|
    |add_ln209_4_fu_1217_p2   |     +    |      0|  0|  39|          32|          31|
    |add_ln209_5_fu_1224_p2   |     +    |      0|  0|  39|          32|          32|
    |add_ln209_6_fu_1231_p2   |     +    |      0|  0|  39|          32|          29|
    |add_ln209_7_fu_1238_p2   |     +    |      0|  0|  39|          32|          31|
    |add_ln209_8_fu_1157_p2   |     +    |      0|  0|  32|          32|          32|
    |add_ln209_9_fu_1151_p2   |     +    |      0|  0|  39|          32|          32|
    |add_ln209_fu_975_p2      |     +    |      0|  0|  39|          32|          31|
    |add_ln321_fu_672_p2      |     +    |      0|  0|  15|           7|           7|
    |i_2_fu_638_p2            |     +    |      0|  0|  15|           5|           1|
    |i_4_fu_710_p2            |     +    |      0|  0|  13|           4|           1|
    |i_5_fu_1251_p2           |     +    |      0|  0|  13|           4|           1|
    |i_fu_610_p2              |     +    |      0|  0|  10|           2|           1|
    |j_fu_654_p2              |     +    |      0|  0|  10|           2|           1|
    |and_ln26_1_fu_740_p2     |    and   |      0|  0|  32|          32|          32|
    |and_ln26_fu_728_p2       |    and   |      0|  0|  32|          32|          32|
    |and_ln31_1_fu_764_p2     |    and   |      0|  0|  32|          32|          32|
    |and_ln31_fu_758_p2       |    and   |      0|  0|  32|          32|          32|
    |icmp_ln104_fu_632_p2     |   icmp   |      0|  0|  11|           5|           6|
    |icmp_ln105_fu_648_p2     |   icmp   |      0|  0|   9|           2|           3|
    |icmp_ln110_fu_704_p2     |   icmp   |      0|  0|  11|           4|           5|
    |icmp_ln127_fu_716_p2     |   icmp   |      0|  0|  11|           7|           8|
    |icmp_ln134_fu_942_p2     |   icmp   |      0|  0|   9|           3|           1|
    |icmp_ln161_fu_1245_p2    |   icmp   |      0|  0|  11|           4|           5|
    |icmp_ln79_fu_604_p2      |   icmp   |      0|  0|   8|           2|           2|
    |select_ln321_fu_625_p3   |  select  |      0|  0|  32|           1|          32|
    |ret_V_10_fu_1075_p2      |    xor   |      0|  0|  32|          32|          32|
    |ret_V_13_fu_1145_p2      |    xor   |      0|  0|  32|          32|          32|
    |ret_V_7_fu_926_p2        |    xor   |      0|  0|  32|          32|          32|
    |ret_V_fu_848_p2          |    xor   |      0|  0|  32|          32|          32|
    |xor_ln1357_2_fu_920_p2   |    xor   |      0|  0|  32|          32|          32|
    |xor_ln1357_4_fu_1069_p2  |    xor   |      0|  0|  32|          32|          32|
    |xor_ln1357_6_fu_1139_p2  |    xor   |      0|  0|  32|          32|          32|
    |xor_ln1357_fu_842_p2     |    xor   |      0|  0|  32|          32|          32|
    |xor_ln26_1_fu_746_p2     |    xor   |      0|  0|  32|          32|          32|
    |xor_ln26_fu_734_p2       |    xor   |      0|  0|  32|          32|           2|
    |xor_ln31_1_fu_770_p2     |    xor   |      0|  0|  32|          32|          32|
    |xor_ln31_fu_752_p2       |    xor   |      0|  0|  32|          32|          32|
    +-------------------------+----------+-------+---+----+------------+------------+
    |Total                    |          |      0|  0|1426|        1170|        1158|
    +-------------------------+----------+-------+---+----+------------+------------+

    * Multiplexer: 
    +----------------------+----+-----------+-----+-----------+
    |         Name         | LUT| Input Size| Bits| Total Bits|
    +----------------------+----+-----------+-----+-----------+
    |H_1_V_address0        |  33|          6|    3|         18|
    |H_1_V_address1        |  27|          5|    3|         15|
    |H_1_V_d0              |  27|          5|   32|        160|
    |H_1_V_d1              |  27|          5|   32|        160|
    |M_V_address0          |  15|          3|    9|         27|
    |W_V_address0          |  27|          5|    6|         30|
    |W_V_address1          |  21|          4|    6|         24|
    |ap_NS_fsm             |  97|         20|    1|         20|
    |i13_0_reg_588         |   9|          2|    4|          8|
    |i4_0_reg_440          |   9|          2|    5|         10|
    |i9_0_reg_463          |   9|          2|    4|          8|
    |i_0_reg_429           |   9|          2|    2|          4|
    |i_op_assign_reg_452   |   9|          2|    2|          4|
    |j12_0_0_reg_576       |   9|          2|    7|         14|
    |message_V_address0    |  15|          3|   14|         42|
    |message_V_address1    |  15|          3|   14|         42|
    |message_V_d0          |  15|          3|   32|         96|
    |p_0622_0_0_reg_512    |   9|          2|   32|         64|
    |p_0657_0_0_reg_563    |   9|          2|   32|         64|
    |reg_599               |   9|          2|   32|         64|
    |tempWord_V_1_reg_474  |   9|          2|   32|         64|
    |tempWord_V_2_reg_525  |   9|          2|   32|         64|
    |y_assign_1_reg_486    |   9|          2|   32|         64|
    |y_assign_reg_537      |   9|          2|   32|         64|
    |z_assign_1_reg_499    |   9|          2|   32|         64|
    |z_assign_reg_550      |   9|          2|   32|         64|
    +----------------------+----+-----------+-----+-----------+
    |Total                 | 454|         92|  464|       1258|
    +----------------------+----+-----------+-----+-----------+

    * Register: 
    +-----------------------+----+----+-----+-----------+
    |          Name         | FF | LUT| Bits| Const Bits|
    +-----------------------+----+----+-----+-----------+
    |W_V_load_reg_1374      |  32|   0|   32|          0|
    |add_ln127_reg_1322     |   7|   0|    7|          0|
    |add_ln209_13_reg_1394  |  32|   0|   32|          0|
    |add_ln209_14_reg_1409  |  32|   0|   32|          0|
    |add_ln209_9_reg_1389   |  32|   0|   32|          0|
    |add_ln321_reg_1301     |   7|   0|    7|          0|
    |ap_CS_fsm              |  19|   0|   19|          0|
    |i13_0_reg_588          |   4|   0|    4|          0|
    |i4_0_reg_440           |   5|   0|    5|          0|
    |i9_0_reg_463           |   4|   0|    4|          0|
    |i_0_reg_429            |   2|   0|    2|          0|
    |i_2_reg_1283           |   5|   0|    5|          0|
    |i_5_reg_1428           |   4|   0|    4|          0|
    |i_op_assign_reg_452    |   2|   0|    2|          0|
    |icmp_ln134_reg_1347    |   1|   0|    1|          0|
    |j12_0_0_reg_576        |   7|   0|    7|          0|
    |j_reg_1296             |   2|   0|    2|          0|
    |p_0622_0_0_reg_512     |  32|   0|   32|          0|
    |p_0657_0_0_reg_563     |  32|   0|   32|          0|
    |reg_599                |  32|   0|   32|          0|
    |ret_V_7_reg_1342       |  32|   0|   32|          0|
    |ret_V_reg_1337         |  32|   0|   32|          0|
    |tempWord_V_1_reg_474   |  32|   0|   32|          0|
    |tempWord_V_2_reg_525   |  32|   0|   32|          0|
    |xor_ln26_1_reg_1327    |  32|   0|   32|          0|
    |xor_ln31_1_reg_1332    |  32|   0|   32|          0|
    |y_assign_1_reg_486     |  32|   0|   32|          0|
    |y_assign_reg_537       |  32|   0|   32|          0|
    |z_assign_1_reg_499     |  32|   0|   32|          0|
    |z_assign_reg_550       |  32|   0|   32|          0|
    |zext_ln135_reg_1351    |   7|   0|   64|         57|
    |zext_ln1598_reg_1288   |   5|   0|    7|          2|
    |zext_ln162_reg_1433    |   4|   0|   64|         60|
    +-----------------------+----+----+-----+-----------+
    |Total                  | 629|   0|  748|        119|
    +-----------------------+----+----+-----+-----------+



================================================================
== Interface
================================================================
* Summary: 
+---------------------------+-----+-----+------------+------------------+--------------+
|         RTL Ports         | Dir | Bits|  Protocol  |   Source Object  |    C Type    |
+---------------------------+-----+-----+------------+------------------+--------------+
|ap_clk                     |  in |    1| ap_ctrl_hs |       hash1      | return value |
|ap_rst                     |  in |    1| ap_ctrl_hs |       hash1      | return value |
|ap_start                   |  in |    1| ap_ctrl_hs |       hash1      | return value |
|ap_done                    | out |    1| ap_ctrl_hs |       hash1      | return value |
|ap_idle                    | out |    1| ap_ctrl_hs |       hash1      | return value |
|ap_ready                   | out |    1| ap_ctrl_hs |       hash1      | return value |
|input_0_V_read             |  in |   32|   ap_none  |  input_0_V_read  |    scalar    |
|input_1_V_read             |  in |   32|   ap_none  |  input_1_V_read  |    scalar    |
|outputlocation_V_address0  | out |    3|  ap_memory | outputlocation_V |     array    |
|outputlocation_V_ce0       | out |    1|  ap_memory | outputlocation_V |     array    |
|outputlocation_V_we0       | out |    1|  ap_memory | outputlocation_V |     array    |
|outputlocation_V_d0        | out |   32|  ap_memory | outputlocation_V |     array    |
+---------------------------+-----+-----+------------+------------------+--------------+

