

================================================================
== Vivado HLS Report for 'hash1'
================================================================
* Date:           Thu Nov 21 20:50:35 2024

* Version:        2019.2 (Build 2704478 on Wed Nov 06 22:10:23 MST 2019)
* Project:        sha.prj
* Solution:       solution1
* Product family: zynq
* Target device:  xc7z020-clg484-1


================================================================
== Performance Estimates
================================================================
+ Timing: 
    * Summary: 
    +--------+----------+----------+------------+
    |  Clock |  Target  | Estimated| Uncertainty|
    +--------+----------+----------+------------+
    |ap_clk  | 10.00 ns | 7.625 ns |   1.25 ns  |
    +--------+----------+----------+------------+

+ Latency: 
    * Summary: 
    +---------+---------+----------+----------+-----+-----+---------+
    |  Latency (cycles) |  Latency (absolute) |  Interval | Pipeline|
    |   min   |   max   |    min   |    max   | min | max |   Type  |
    +---------+---------+----------+----------+-----+-----+---------+
    |      544|      608| 5.440 us | 6.080 us |  544|  608|   none  |
    +---------+---------+----------+----------+-----+-----+---------+

    + Detail: 
        * Instance: 
        N/A

        * Loop: 
        +-------------+---------+---------+-----------+-----------+-----------+------+----------+
        |             |  Latency (cycles) | Iteration |  Initiation Interval  | Trip |          |
        |  Loop Name  |   min   |   max   |  Latency  |  achieved |   target  | Count| Pipelined|
        +-------------+---------+---------+-----------+-----------+-----------+------+----------+
        |- Loop 1     |       18|       18|          2|          -|          -|     9|    no    |
        |- Loop 2     |       96|       96|          6|          -|          -|    16|    no    |
        | + Loop 2.1  |        4|        4|          2|          -|          -|     2|    no    |
        |- Loop 3     |       16|       16|          2|          -|          -|     8|    no    |
        |- Loop 4     |      393|      457| 393 ~ 457 |          -|          -|     1|    no    |
        | + Loop 4.1  |      384|      448|   6 ~ 7   |          -|          -|    64|    no    |
        |- Loop 5     |       16|       16|          2|          -|          -|     8|    no    |
        +-------------+---------+---------+-----------+-----------+-----------+------+----------+



================================================================
== Utilization Estimates
================================================================
* Summary: 
+-----------------+---------+-------+--------+-------+-----+
|       Name      | BRAM_18K| DSP48E|   FF   |  LUT  | URAM|
+-----------------+---------+-------+--------+-------+-----+
|DSP              |        -|      -|       -|      -|    -|
|Expression       |        -|      -|       0|   1517|    -|
|FIFO             |        -|      -|       -|      -|    -|
|Instance         |        -|      -|       -|      -|    -|
|Memory           |       38|      -|      32|      4|    0|
|Multiplexer      |        -|      -|       -|    531|    -|
|Register         |        -|      -|    1046|      -|    -|
+-----------------+---------+-------+--------+-------+-----+
|Total            |       38|      0|    1078|   2052|    0|
+-----------------+---------+-------+--------+-------+-----+
|Available        |      280|    220|  106400|  53200|    0|
+-----------------+---------+-------+--------+-------+-----+
|Utilization (%)  |       13|      0|       1|      3|    0|
+-----------------+---------+-------+--------+-------+-----+

+ Detail: 
    * Instance: 
    N/A

    * DSP48E: 
    N/A

    * Memory: 
    +-------------+-------------------+---------+----+----+-----+-------+-----+------+-------------+
    |    Memory   |       Module      | BRAM_18K| FF | LUT| URAM| Words | Bits| Banks| W*Bits*Banks|
    +-------------+-------------------+---------+----+----+-----+-------+-----+------+-------------+
    |H_0_V_U      |hash1_1_H_0_V      |        0|  32|   4|    0|      8|   32|     1|          256|
    |H_V_U        |hash1_1_H_V        |        2|   0|   0|    0|    256|   32|     1|         8192|
    |K_U          |hash1_1_K          |        1|   0|   0|    0|     64|   32|     1|         2048|
    |M_V_U        |hash1_1_M_V        |        1|   0|   0|    0|    512|   32|     1|        16384|
    |W_V_U        |hash1_1_W_V        |        2|   0|   0|    0|     64|   32|     1|         2048|
    |message_V_U  |hash1_1_message_V  |       32|   0|   0|    0|  10000|   32|     1|       320000|
    +-------------+-------------------+---------+----+----+-----+-------+-----+------+-------------+
    |Total        |                   |       38|  32|   4|    0|  10904|  192|     6|       348928|
    +-------------+-------------------+---------+----+----+-----+-------+-----+------+-------------+

    * FIFO: 
    N/A

    * Expression: 
    +--------------------------+----------+-------+---+----+------------+------------+
    |       Variable Name      | Operation| DSP48E| FF| LUT| Bitwidth P0| Bitwidth P1|
    +--------------------------+----------+-------+---+----+------------+------------+
    |T1_V_fu_1434_p2           |     +    |      0|  0|  32|          32|          32|
    |W_V_d0                    |     +    |      0|  0|  32|          32|          32|
    |a_V_2_fu_1448_p2          |     +    |      0|  0|  32|          32|          32|
    |add_ln106_fu_738_p2       |     +    |      0|  0|  15|           5|           5|
    |add_ln116_fu_776_p2       |     +    |      0|  0|  10|           2|           2|
    |add_ln137_1_fu_1162_p2    |     +    |      0|  0|  15|           4|           7|
    |add_ln137_2_fu_1239_p2    |     +    |      0|  0|  15|           5|           7|
    |add_ln137_3_fu_1250_p2    |     +    |      0|  0|  15|           6|           7|
    |add_ln137_fu_1151_p2      |     +    |      0|  0|  15|           3|           7|
    |add_ln209_18_fu_1407_p2   |     +    |      0|  0|  32|          32|          32|
    |add_ln209_19_fu_1401_p2   |     +    |      0|  0|  39|          32|          32|
    |add_ln209_1_fu_1207_p2    |     +    |      0|  0|  39|          32|          32|
    |add_ln209_20_fu_1428_p2   |     +    |      0|  0|  32|          32|          32|
    |add_ln209_21_fu_1418_p2   |     +    |      0|  0|  32|          32|          32|
    |add_ln209_22_fu_1423_p2   |     +    |      0|  0|  32|          32|          32|
    |add_ln209_25_fu_1444_p2   |     +    |      0|  0|  32|          32|          32|
    |add_ln209_2_fu_1213_p2    |     +    |      0|  0|  39|          32|          32|
    |add_ln209_3_fu_1481_p2    |     +    |      0|  0|  39|          32|          32|
    |add_ln209_4_fu_1218_p2    |     +    |      0|  0|  39|          32|          32|
    |add_ln209_5_fu_1223_p2    |     +    |      0|  0|  39|          32|          32|
    |add_ln209_6_fu_1228_p2    |     +    |      0|  0|  39|          32|          32|
    |add_ln209_7_fu_1543_p2    |     +    |      0|  0|  39|          32|          32|
    |add_ln209_fu_1201_p2      |     +    |      0|  0|  39|          32|          32|
    |add_ln321_2_fu_1141_p2    |     +    |      0|  0|  15|           7|           7|
    |add_ln321_fu_721_p2       |     +    |      0|  0|  15|           7|           7|
    |e_V_2_fu_1439_p2          |     +    |      0|  0|  39|          32|          32|
    |i_11_fu_687_p2            |     +    |      0|  0|  15|           5|           1|
    |i_12_fu_759_p2            |     +    |      0|  0|  13|           4|           1|
    |i_13_fu_1555_p2           |     +    |      0|  0|  13|           4|           1|
    |i_14_fu_1233_p2           |     +    |      0|  0|  10|           2|           1|
    |i_fu_670_p2               |     +    |      0|  0|  13|           4|           1|
    |j_2_fu_911_p2             |     +    |      0|  0|  15|           7|           1|
    |j_fu_703_p2               |     +    |      0|  0|  10|           2|           1|
    |and_ln26_2_fu_929_p2      |    and   |      0|  0|  32|          32|          32|
    |and_ln26_fu_917_p2        |    and   |      0|  0|  32|          32|          32|
    |and_ln31_2_fu_953_p2      |    and   |      0|  0|  32|          32|          32|
    |and_ln31_fu_947_p2        |    and   |      0|  0|  32|          32|          32|
    |icmp_ln104_fu_681_p2      |   icmp   |      0|  0|  11|           5|           6|
    |icmp_ln105_fu_697_p2      |   icmp   |      0|  0|   9|           2|           3|
    |icmp_ln110_fu_753_p2      |   icmp   |      0|  0|  11|           4|           5|
    |icmp_ln114_fu_770_p2      |   icmp   |      0|  0|   9|           2|           3|
    |icmp_ln127_fu_905_p2      |   icmp   |      0|  0|  11|           7|           8|
    |icmp_ln134_fu_1131_p2     |   icmp   |      0|  0|   9|           3|           1|
    |icmp_ln161_fu_1549_p2     |   icmp   |      0|  0|  11|           4|           5|
    |icmp_ln79_fu_664_p2       |   icmp   |      0|  0|   9|           4|           4|
    |or_ln117_fu_795_p2        |    or    |      0|  0|   5|           5|           1|
    |or_ln118_fu_810_p2        |    or    |      0|  0|   5|           5|           2|
    |or_ln119_fu_824_p2        |    or    |      0|  0|   5|           5|           2|
    |or_ln120_fu_838_p2        |    or    |      0|  0|   5|           5|           3|
    |or_ln121_fu_852_p2        |    or    |      0|  0|   5|           5|           3|
    |or_ln122_fu_866_p2        |    or    |      0|  0|   5|           5|           3|
    |or_ln123_fu_880_p2        |    or    |      0|  0|   5|           5|           3|
    |or_ln321_10_fu_1501_p2    |    or    |      0|  0|   5|           5|           3|
    |or_ln321_11_fu_1515_p2    |    or    |      0|  0|   5|           5|           3|
    |or_ln321_12_fu_1529_p2    |    or    |      0|  0|   5|           5|           3|
    |or_ln321_7_fu_1453_p2     |    or    |      0|  0|   5|           5|           2|
    |or_ln321_8_fu_1467_p2     |    or    |      0|  0|   5|           5|           2|
    |or_ln321_9_fu_1487_p2     |    or    |      0|  0|   5|           5|           3|
    |or_ln321_fu_1186_p2       |    or    |      0|  0|   5|           5|           1|
    |ch_V_fu_935_p2            |    xor   |      0|  0|  32|          32|          32|
    |maj_V_fu_959_p2           |    xor   |      0|  0|  32|          32|          32|
    |ret_V_38_fu_1395_p2       |    xor   |      0|  0|  32|          32|          32|
    |ret_V_42_fu_1037_p2       |    xor   |      0|  0|  32|          32|          32|
    |ret_V_46_fu_1115_p2       |    xor   |      0|  0|  32|          32|          32|
    |ret_V_fu_1325_p2          |    xor   |      0|  0|  32|          32|          32|
    |xor_ln1357_11_fu_1319_p2  |    xor   |      0|  0|  32|          32|          32|
    |xor_ln1357_13_fu_1389_p2  |    xor   |      0|  0|  32|          32|          32|
    |xor_ln1357_9_fu_1109_p2   |    xor   |      0|  0|  32|          32|          32|
    |xor_ln1357_fu_1031_p2     |    xor   |      0|  0|  32|          32|          32|
    |xor_ln26_fu_923_p2        |    xor   |      0|  0|  32|          32|           2|
    |xor_ln31_fu_941_p2        |    xor   |      0|  0|  32|          32|          32|
    |xor_ln321_fu_1561_p2      |    xor   |      0|  0|   5|           4|           5|
    +--------------------------+----------+-------+---+----+------------+------------+
    |Total                     |          |      0|  0|1517|        1260|        1188|
    +--------------------------+----------+-------+---+----+------------+------------+

    * Multiplexer: 
    +-----------------------+-----+-----------+-----+-----------+
    |          Name         | LUT | Input Size| Bits| Total Bits|
    +-----------------------+-----+-----------+-----+-----------+
    |H_V_address0           |   47|         10|    8|         80|
    |H_V_address1           |   47|         10|    8|         80|
    |H_V_d0                 |   33|          6|   32|        192|
    |H_V_d1                 |   27|          5|   32|        160|
    |M_V_address0           |   15|          3|    9|         27|
    |W_V_address0           |   27|          5|    6|         30|
    |W_V_address1           |   21|          4|    6|         24|
    |ap_NS_fsm              |  125|         27|    1|         27|
    |b_V_2_reg_549          |    9|          2|   32|         64|
    |c_V_2_reg_559          |    9|          2|   32|         64|
    |d_V_2_reg_570          |    9|          2|   32|         64|
    |f_V_2_reg_592          |    9|          2|   32|         64|
    |g_V_2_reg_602          |    9|          2|   32|         64|
    |h_V_2_reg_613          |    9|          2|   32|         64|
    |i13_0_reg_647          |    9|          2|    4|          8|
    |i4_0_reg_503           |    9|          2|    5|         10|
    |i9_0_reg_526           |    9|          2|    4|          8|
    |i_0_reg_492            |    9|          2|    4|          8|
    |i_op_assign_2_reg_537  |    9|          2|    2|          4|
    |i_op_assign_reg_515    |    9|          2|    2|          4|
    |j12_0_reg_635          |    9|          2|    7|         14|
    |message_V_address0     |   15|          3|   14|         42|
    |message_V_address1     |   15|          3|   14|         42|
    |message_V_d0           |   15|          3|   32|         96|
    |p_0622_0_reg_581       |    9|          2|   32|         64|
    |p_0657_0_reg_624       |    9|          2|   32|         64|
    |reg_659                |    9|          2|   32|         64|
    +-----------------------+-----+-----------+-----+-----------+
    |Total                  |  531|        111|  478|       1432|
    +-----------------------+-----+-----------+-----+-----------+

    * Register: 
    +-----------------------+----+----+-----+-----------+
    |          Name         | FF | LUT| Bits| Const Bits|
    +-----------------------+----+----+-----+-----------+
    |T1_V_reg_1880          |  32|   0|   32|          0|
    |W_V_load_1_reg_1845    |  32|   0|   32|          0|
    |a_V_reg_1682           |  32|   0|   32|          0|
    |add_ln116_reg_1647     |   2|   0|    2|          0|
    |add_ln209_19_reg_1860  |  32|   0|   32|          0|
    |add_ln209_22_reg_1865  |  32|   0|   32|          0|
    |add_ln209_2_reg_1820   |  32|   0|   32|          0|
    |add_ln209_4_reg_1825   |  32|   0|   32|          0|
    |add_ln209_5_reg_1830   |  32|   0|   32|          0|
    |add_ln209_6_reg_1835   |  32|   0|   32|          0|
    |add_ln321_reg_1616     |   7|   0|    7|          0|
    |ap_CS_fsm              |  26|   0|   26|          0|
    |b_V_2_reg_549          |  32|   0|   32|          0|
    |b_V_reg_1688           |  32|   0|   32|          0|
    |c_V_2_reg_559          |  32|   0|   32|          0|
    |c_V_reg_1704           |  32|   0|   32|          0|
    |ch_V_reg_1763          |  32|   0|   32|          0|
    |d_V_2_reg_570          |  32|   0|   32|          0|
    |d_V_reg_1710           |  32|   0|   32|          0|
    |e_V_reg_1726           |  32|   0|   32|          0|
    |f_V_2_reg_592          |  32|   0|   32|          0|
    |f_V_reg_1732           |  32|   0|   32|          0|
    |g_V_2_reg_602          |  32|   0|   32|          0|
    |g_V_reg_1743           |  32|   0|   32|          0|
    |h_V_2_reg_613          |  32|   0|   32|          0|
    |h_V_reg_1749           |  32|   0|   32|          0|
    |i13_0_reg_647          |   4|   0|    4|          0|
    |i4_0_reg_503           |   5|   0|    5|          0|
    |i9_0_reg_526           |   4|   0|    4|          0|
    |i_0_reg_492            |   4|   0|    4|          0|
    |i_11_reg_1598          |   5|   0|    5|          0|
    |i_12_reg_1629          |   4|   0|    4|          0|
    |i_13_reg_1899          |   4|   0|    4|          0|
    |i_14_reg_1840          |   2|   0|    2|          0|
    |i_op_assign_2_reg_537  |   2|   0|    2|          0|
    |i_op_assign_reg_515    |   2|   0|    2|          0|
    |i_reg_1580             |   4|   0|    4|          0|
    |icmp_ln134_reg_1783    |   1|   0|    1|          0|
    |j12_0_reg_635          |   7|   0|    7|          0|
    |j_2_reg_1758           |   7|   0|    7|          0|
    |j_reg_1611             |   2|   0|    2|          0|
    |maj_V_reg_1768         |  32|   0|   32|          0|
    |p_0622_0_reg_581       |  32|   0|   32|          0|
    |p_0657_0_reg_624       |  32|   0|   32|          0|
    |reg_659                |  32|   0|   32|          0|
    |ret_V_42_reg_1773      |  32|   0|   32|          0|
    |ret_V_46_reg_1778      |  32|   0|   32|          0|
    |tmp_18_reg_1652        |   2|   0|    5|          3|
    |tmp_26_reg_1810        |   2|   0|    5|          3|
    |zext_ln111_reg_1634    |   4|   0|   64|         60|
    |zext_ln116_2_reg_1738  |   2|   0|    7|          5|
    |zext_ln135_reg_1787    |   7|   0|   64|         57|
    |zext_ln1598_reg_1603   |   5|   0|    7|          2|
    |zext_ln80_reg_1585     |   4|   0|   64|         60|
    +-----------------------+----+----+-----+-----------+
    |Total                  |1046|   0| 1236|        190|
    +-----------------------+----+----+-----+-----------+



================================================================
== Interface
================================================================
* Summary: 
+---------------------------+-----+-----+------------+------------------+--------------+
|         RTL Ports         | Dir | Bits|  Protocol  |   Source Object  |    C Type    |
+---------------------------+-----+-----+------------+------------------+--------------+
|ap_clk                     |  in |    1| ap_ctrl_hs |       hash1      | return value |
|ap_rst                     |  in |    1| ap_ctrl_hs |       hash1      | return value |
|ap_start                   |  in |    1| ap_ctrl_hs |       hash1      | return value |
|ap_done                    | out |    1| ap_ctrl_hs |       hash1      | return value |
|ap_idle                    | out |    1| ap_ctrl_hs |       hash1      | return value |
|ap_ready                   | out |    1| ap_ctrl_hs |       hash1      | return value |
|input_V_address0           | out |    3|  ap_memory |      input_V     |     array    |
|input_V_ce0                | out |    1|  ap_memory |      input_V     |     array    |
|input_V_q0                 |  in |   32|  ap_memory |      input_V     |     array    |
|outputlocation_V_address0  | out |    3|  ap_memory | outputlocation_V |     array    |
|outputlocation_V_ce0       | out |    1|  ap_memory | outputlocation_V |     array    |
|outputlocation_V_we0       | out |    1|  ap_memory | outputlocation_V |     array    |
|outputlocation_V_d0        | out |   32|  ap_memory | outputlocation_V |     array    |
+---------------------------+-----+-----+------------+------------------+--------------+

