

================================================================
== Vivado HLS Report for 'hash1'
================================================================
* Date:           Sun Dec  1 12:23:50 2024

* Version:        2019.2 (Build 2704478 on Wed Nov 06 22:10:23 MST 2019)
* Project:        sha.prj
* Solution:       solution1
* Product family: zynq
* Target device:  xc7z020-clg484-1


================================================================
== Performance Estimates
================================================================
+ Timing: 
    * Summary: 
    +--------+----------+-----------+------------+
    |  Clock |  Target  | Estimated | Uncertainty|
    +--------+----------+-----------+------------+
    |ap_clk  | 10.00 ns | 10.177 ns |   1.25 ns  |
    +--------+----------+-----------+------------+

+ Latency: 
    * Summary: 
    +---------+---------+----------+----------+-----+-----+----------+
    |  Latency (cycles) |  Latency (absolute) |  Interval | Pipeline |
    |   min   |   max   |    min   |    max   | min | max |   Type   |
    +---------+---------+----------+----------+-----+-----+----------+
    |        ?|        ?|         ?|         ?|    ?|    ?| dataflow |
    +---------+---------+----------+----------+-----+-----+----------+

    + Detail: 
        * Instance: 
        +------------------------+---------------------+---------+---------+-----------+-----------+-----+-----+---------+
        |                        |                     |  Latency (cycles) |   Latency (absolute)  |  Interval | Pipeline|
        |        Instance        |        Module       |   min   |   max   |    min    |    max    | min | max |   Type  |
        +------------------------+---------------------+---------+---------+-----------+-----------+-----+-----+---------+
        |Loop_1_proc_U0          |Loop_1_proc          |        ?|        ?|          ?|          ?|    ?|    ?|   none  |
        |prepareMessage_U0       |prepareMessage       |        ?|        ?|          ?|          ?|    ?|    ?|   none  |
        |Block_preheader_0_p_U0  |Block_preheader_0_p  |        3|        3| 30.531 ns | 30.531 ns |    3|    3|   none  |
        +------------------------+---------------------+---------+---------+-----------+-----------+-----+-----+---------+

        * Loop: 
        N/A



================================================================
== Utilization Estimates
================================================================
* Summary: 
+-----------------+---------+-------+--------+-------+-----+
|       Name      | BRAM_18K| DSP48E|   FF   |  LUT  | URAM|
+-----------------+---------+-------+--------+-------+-----+
|DSP              |        -|      -|       -|      -|    -|
|Expression       |        -|      -|       0|    106|    -|
|FIFO             |        0|      -|      45|    396|    -|
|Instance         |       32|      -|   34406|  61098|    0|
|Memory           |       16|      -|       0|      0|    0|
|Multiplexer      |        -|      -|       -|    216|    -|
|Register         |        -|      -|      24|      -|    -|
+-----------------+---------+-------+--------+-------+-----+
|Total            |       48|      0|   34475|  61816|    0|
+-----------------+---------+-------+--------+-------+-----+
|Available        |      280|    220|  106400|  53200|    0|
+-----------------+---------+-------+--------+-------+-----+
|Utilization (%)  |       17|      0|      32|    116|    0|
+-----------------+---------+-------+--------+-------+-----+

+ Detail: 
    * Instance: 
    +------------------------+---------------------+---------+-------+-------+-------+-----+
    |        Instance        |        Module       | BRAM_18K| DSP48E|   FF  |  LUT  | URAM|
    +------------------------+---------------------+---------+-------+-------+-------+-----+
    |Block_preheader_0_p_U0  |Block_preheader_0_p  |        0|      0|      5|    146|    0|
    |Loop_1_proc_U0          |Loop_1_proc          |        0|      0|  34005|  59454|    0|
    |prepareMessage_U0       |prepareMessage       |       32|      0|    396|   1498|    0|
    +------------------------+---------------------+---------+-------+-------+-------+-----+
    |Total                   |                     |       32|      0|  34406|  61098|    0|
    +------------------------+---------------------+---------+-------+-------+-------+-----+

    * DSP48E: 
    N/A

    * Memory: 
    +----------+-------------+---------+---+----+-----+------+-----+------+-------------+
    |  Memory  |    Module   | BRAM_18K| FF| LUT| URAM| Words| Bits| Banks| W*Bits*Banks|
    +----------+-------------+---------+---+----+-----+------+-----+------+-------------+
    |M_0_V_U   |hash1_M_0_V  |        1|  0|   0|    0|    32|   32|     2|         2048|
    |M_1_V_U   |hash1_M_0_V  |        1|  0|   0|    0|    32|   32|     2|         2048|
    |M_2_V_U   |hash1_M_0_V  |        1|  0|   0|    0|    32|   32|     2|         2048|
    |M_3_V_U   |hash1_M_0_V  |        1|  0|   0|    0|    32|   32|     2|         2048|
    |M_4_V_U   |hash1_M_0_V  |        1|  0|   0|    0|    32|   32|     2|         2048|
    |M_5_V_U   |hash1_M_0_V  |        1|  0|   0|    0|    32|   32|     2|         2048|
    |M_6_V_U   |hash1_M_0_V  |        1|  0|   0|    0|    32|   32|     2|         2048|
    |M_7_V_U   |hash1_M_0_V  |        1|  0|   0|    0|    32|   32|     2|         2048|
    |M_8_V_U   |hash1_M_0_V  |        1|  0|   0|    0|    32|   32|     2|         2048|
    |M_9_V_U   |hash1_M_0_V  |        1|  0|   0|    0|    32|   32|     2|         2048|
    |M_10_V_U  |hash1_M_0_V  |        1|  0|   0|    0|    32|   32|     2|         2048|
    |M_11_V_U  |hash1_M_0_V  |        1|  0|   0|    0|    32|   32|     2|         2048|
    |M_12_V_U  |hash1_M_0_V  |        1|  0|   0|    0|    32|   32|     2|         2048|
    |M_13_V_U  |hash1_M_0_V  |        1|  0|   0|    0|    32|   32|     2|         2048|
    |M_14_V_U  |hash1_M_0_V  |        1|  0|   0|    0|    32|   32|     2|         2048|
    |M_15_V_U  |hash1_M_0_V  |        1|  0|   0|    0|    32|   32|     2|         2048|
    +----------+-------------+---------+---+----+-----+------+-----+------+-------------+
    |Total     |             |       16|  0|   0|    0|   512|  512|    32|        32768|
    +----------+-------------+---------+---+----+-----+------+-----+------+-------------+

    * FIFO: 
    +-----------------------+---------+---+----+-----+------+-----+---------+
    |          Name         | BRAM_18K| FF| LUT| URAM| Depth| Bits| Size:D*B|
    +-----------------------+---------+---+----+-----+------+-----+---------+
    |H_V_0_0_loc_channel_U  |        0|  5|   0|    -|     2|   32|       64|
    |H_V_1_0_loc_channel_U  |        0|  5|   0|    -|     2|   32|       64|
    |H_V_2_0_loc_channel_U  |        0|  5|   0|    -|     2|   32|       64|
    |H_V_3_0_loc_channel_U  |        0|  5|   0|    -|     2|   32|       64|
    |H_V_4_0_loc_channel_U  |        0|  5|   0|    -|     2|   32|       64|
    |H_V_5_0_loc_channel_U  |        0|  5|   0|    -|     2|   32|       64|
    |H_V_6_0_loc_channel_U  |        0|  5|   0|    -|     2|   32|       64|
    |H_V_7_0_loc_channel_U  |        0|  5|   0|    -|     2|   32|       64|
    |bitlength_c_U          |        0|  5|   0|    -|     2|   32|       64|
    +-----------------------+---------+---+----+-----+------+-----+---------+
    |Total                  |        0| 45|   0|    0|    18|  288|      576|
    +-----------------------+---------+---+----+-----+------+-----+---------+

    * Expression: 
    +-------------------------------------------+----------+-------+---+----+------------+------------+
    |               Variable Name               | Operation| DSP48E| FF| LUT| Bitwidth P0| Bitwidth P1|
    +-------------------------------------------+----------+-------+---+----+------------+------------+
    |Block_preheader_0_p_U0_ap_start            |    and   |      0|  0|   2|           1|           1|
    |Loop_1_proc_U0_ap_continue                 |    and   |      0|  0|   2|           1|           1|
    |Loop_1_proc_U0_ap_start                    |    and   |      0|  0|   2|           1|           1|
    |ap_channel_done_H_V_0_0_loc_channel        |    and   |      0|  0|   2|           1|           1|
    |ap_channel_done_H_V_1_0_loc_channel        |    and   |      0|  0|   2|           1|           1|
    |ap_channel_done_H_V_2_0_loc_channel        |    and   |      0|  0|   2|           1|           1|
    |ap_channel_done_H_V_3_0_loc_channel        |    and   |      0|  0|   2|           1|           1|
    |ap_channel_done_H_V_4_0_loc_channel        |    and   |      0|  0|   2|           1|           1|
    |ap_channel_done_H_V_5_0_loc_channel        |    and   |      0|  0|   2|           1|           1|
    |ap_channel_done_H_V_6_0_loc_channel        |    and   |      0|  0|   2|           1|           1|
    |ap_channel_done_H_V_7_0_loc_channel        |    and   |      0|  0|   2|           1|           1|
    |ap_channel_done_M_0_V                      |    and   |      0|  0|   2|           1|           1|
    |ap_channel_done_M_10_V                     |    and   |      0|  0|   2|           1|           1|
    |ap_channel_done_M_11_V                     |    and   |      0|  0|   2|           1|           1|
    |ap_channel_done_M_12_V                     |    and   |      0|  0|   2|           1|           1|
    |ap_channel_done_M_13_V                     |    and   |      0|  0|   2|           1|           1|
    |ap_channel_done_M_14_V                     |    and   |      0|  0|   2|           1|           1|
    |ap_channel_done_M_15_V                     |    and   |      0|  0|   2|           1|           1|
    |ap_channel_done_M_1_V                      |    and   |      0|  0|   2|           1|           1|
    |ap_channel_done_M_2_V                      |    and   |      0|  0|   2|           1|           1|
    |ap_channel_done_M_3_V                      |    and   |      0|  0|   2|           1|           1|
    |ap_channel_done_M_4_V                      |    and   |      0|  0|   2|           1|           1|
    |ap_channel_done_M_5_V                      |    and   |      0|  0|   2|           1|           1|
    |ap_channel_done_M_6_V                      |    and   |      0|  0|   2|           1|           1|
    |ap_channel_done_M_7_V                      |    and   |      0|  0|   2|           1|           1|
    |ap_channel_done_M_8_V                      |    and   |      0|  0|   2|           1|           1|
    |ap_channel_done_M_9_V                      |    and   |      0|  0|   2|           1|           1|
    |ap_idle                                    |    and   |      0|  0|   2|           1|           1|
    |prepareMessage_U0_ap_continue              |    and   |      0|  0|   2|           1|           1|
    |ap_sync_channel_write_H_V_0_0_loc_channel  |    or    |      0|  0|   2|           1|           1|
    |ap_sync_channel_write_H_V_1_0_loc_channel  |    or    |      0|  0|   2|           1|           1|
    |ap_sync_channel_write_H_V_2_0_loc_channel  |    or    |      0|  0|   2|           1|           1|
    |ap_sync_channel_write_H_V_3_0_loc_channel  |    or    |      0|  0|   2|           1|           1|
    |ap_sync_channel_write_H_V_4_0_loc_channel  |    or    |      0|  0|   2|           1|           1|
    |ap_sync_channel_write_H_V_5_0_loc_channel  |    or    |      0|  0|   2|           1|           1|
    |ap_sync_channel_write_H_V_6_0_loc_channel  |    or    |      0|  0|   2|           1|           1|
    |ap_sync_channel_write_H_V_7_0_loc_channel  |    or    |      0|  0|   2|           1|           1|
    |ap_sync_channel_write_M_0_V                |    or    |      0|  0|   2|           1|           1|
    |ap_sync_channel_write_M_10_V               |    or    |      0|  0|   2|           1|           1|
    |ap_sync_channel_write_M_11_V               |    or    |      0|  0|   2|           1|           1|
    |ap_sync_channel_write_M_12_V               |    or    |      0|  0|   2|           1|           1|
    |ap_sync_channel_write_M_13_V               |    or    |      0|  0|   2|           1|           1|
    |ap_sync_channel_write_M_14_V               |    or    |      0|  0|   2|           1|           1|
    |ap_sync_channel_write_M_15_V               |    or    |      0|  0|   2|           1|           1|
    |ap_sync_channel_write_M_1_V                |    or    |      0|  0|   2|           1|           1|
    |ap_sync_channel_write_M_2_V                |    or    |      0|  0|   2|           1|           1|
    |ap_sync_channel_write_M_3_V                |    or    |      0|  0|   2|           1|           1|
    |ap_sync_channel_write_M_4_V                |    or    |      0|  0|   2|           1|           1|
    |ap_sync_channel_write_M_5_V                |    or    |      0|  0|   2|           1|           1|
    |ap_sync_channel_write_M_6_V                |    or    |      0|  0|   2|           1|           1|
    |ap_sync_channel_write_M_7_V                |    or    |      0|  0|   2|           1|           1|
    |ap_sync_channel_write_M_8_V                |    or    |      0|  0|   2|           1|           1|
    |ap_sync_channel_write_M_9_V                |    or    |      0|  0|   2|           1|           1|
    +-------------------------------------------+----------+-------+---+----+------------+------------+
    |Total                                      |          |      0|  0| 106|          53|          53|
    +-------------------------------------------+----------+-------+---+----+------------+------------+

    * Multiplexer: 
    +-----------------------------------------------+----+-----------+-----+-----------+
    |                      Name                     | LUT| Input Size| Bits| Total Bits|
    +-----------------------------------------------+----+-----------+-----+-----------+
    |ap_sync_reg_channel_write_H_V_0_0_loc_channel  |   9|          2|    1|          2|
    |ap_sync_reg_channel_write_H_V_1_0_loc_channel  |   9|          2|    1|          2|
    |ap_sync_reg_channel_write_H_V_2_0_loc_channel  |   9|          2|    1|          2|
    |ap_sync_reg_channel_write_H_V_3_0_loc_channel  |   9|          2|    1|          2|
    |ap_sync_reg_channel_write_H_V_4_0_loc_channel  |   9|          2|    1|          2|
    |ap_sync_reg_channel_write_H_V_5_0_loc_channel  |   9|          2|    1|          2|
    |ap_sync_reg_channel_write_H_V_6_0_loc_channel  |   9|          2|    1|          2|
    |ap_sync_reg_channel_write_H_V_7_0_loc_channel  |   9|          2|    1|          2|
    |ap_sync_reg_channel_write_M_0_V                |   9|          2|    1|          2|
    |ap_sync_reg_channel_write_M_10_V               |   9|          2|    1|          2|
    |ap_sync_reg_channel_write_M_11_V               |   9|          2|    1|          2|
    |ap_sync_reg_channel_write_M_12_V               |   9|          2|    1|          2|
    |ap_sync_reg_channel_write_M_13_V               |   9|          2|    1|          2|
    |ap_sync_reg_channel_write_M_14_V               |   9|          2|    1|          2|
    |ap_sync_reg_channel_write_M_15_V               |   9|          2|    1|          2|
    |ap_sync_reg_channel_write_M_1_V                |   9|          2|    1|          2|
    |ap_sync_reg_channel_write_M_2_V                |   9|          2|    1|          2|
    |ap_sync_reg_channel_write_M_3_V                |   9|          2|    1|          2|
    |ap_sync_reg_channel_write_M_4_V                |   9|          2|    1|          2|
    |ap_sync_reg_channel_write_M_5_V                |   9|          2|    1|          2|
    |ap_sync_reg_channel_write_M_6_V                |   9|          2|    1|          2|
    |ap_sync_reg_channel_write_M_7_V                |   9|          2|    1|          2|
    |ap_sync_reg_channel_write_M_8_V                |   9|          2|    1|          2|
    |ap_sync_reg_channel_write_M_9_V                |   9|          2|    1|          2|
    +-----------------------------------------------+----+-----------+-----+-----------+
    |Total                                          | 216|         48|   24|         48|
    +-----------------------------------------------+----+-----------+-----+-----------+

    * Register: 
    +-----------------------------------------------+---+----+-----+-----------+
    |                      Name                     | FF| LUT| Bits| Const Bits|
    +-----------------------------------------------+---+----+-----+-----------+
    |ap_sync_reg_channel_write_H_V_0_0_loc_channel  |  1|   0|    1|          0|
    |ap_sync_reg_channel_write_H_V_1_0_loc_channel  |  1|   0|    1|          0|
    |ap_sync_reg_channel_write_H_V_2_0_loc_channel  |  1|   0|    1|          0|
    |ap_sync_reg_channel_write_H_V_3_0_loc_channel  |  1|   0|    1|          0|
    |ap_sync_reg_channel_write_H_V_4_0_loc_channel  |  1|   0|    1|          0|
    |ap_sync_reg_channel_write_H_V_5_0_loc_channel  |  1|   0|    1|          0|
    |ap_sync_reg_channel_write_H_V_6_0_loc_channel  |  1|   0|    1|          0|
    |ap_sync_reg_channel_write_H_V_7_0_loc_channel  |  1|   0|    1|          0|
    |ap_sync_reg_channel_write_M_0_V                |  1|   0|    1|          0|
    |ap_sync_reg_channel_write_M_10_V               |  1|   0|    1|          0|
    |ap_sync_reg_channel_write_M_11_V               |  1|   0|    1|          0|
    |ap_sync_reg_channel_write_M_12_V               |  1|   0|    1|          0|
    |ap_sync_reg_channel_write_M_13_V               |  1|   0|    1|          0|
    |ap_sync_reg_channel_write_M_14_V               |  1|   0|    1|          0|
    |ap_sync_reg_channel_write_M_15_V               |  1|   0|    1|          0|
    |ap_sync_reg_channel_write_M_1_V                |  1|   0|    1|          0|
    |ap_sync_reg_channel_write_M_2_V                |  1|   0|    1|          0|
    |ap_sync_reg_channel_write_M_3_V                |  1|   0|    1|          0|
    |ap_sync_reg_channel_write_M_4_V                |  1|   0|    1|          0|
    |ap_sync_reg_channel_write_M_5_V                |  1|   0|    1|          0|
    |ap_sync_reg_channel_write_M_6_V                |  1|   0|    1|          0|
    |ap_sync_reg_channel_write_M_7_V                |  1|   0|    1|          0|
    |ap_sync_reg_channel_write_M_8_V                |  1|   0|    1|          0|
    |ap_sync_reg_channel_write_M_9_V                |  1|   0|    1|          0|
    +-----------------------------------------------+---+----+-----+-----------+
    |Total                                          | 24|   0|   24|          0|
    +-----------------------------------------------+---+----+-----+-----------+



================================================================
== Interface
================================================================
* Summary: 
+---------------------------+-----+-----+------------+------------------+--------------+
|         RTL Ports         | Dir | Bits|  Protocol  |   Source Object  |    C Type    |
+---------------------------+-----+-----+------------+------------------+--------------+
|ap_clk                     |  in |    1| ap_ctrl_hs |       hash1      | return value |
|ap_rst                     |  in |    1| ap_ctrl_hs |       hash1      | return value |
|ap_start                   |  in |    1| ap_ctrl_hs |       hash1      | return value |
|ap_done                    | out |    1| ap_ctrl_hs |       hash1      | return value |
|ap_ready                   | out |    1| ap_ctrl_hs |       hash1      | return value |
|ap_idle                    | out |    1| ap_ctrl_hs |       hash1      | return value |
|input_V_address0           | out |    5|  ap_memory |      input_V     |     array    |
|input_V_ce0                | out |    1|  ap_memory |      input_V     |     array    |
|input_V_d0                 | out |   32|  ap_memory |      input_V     |     array    |
|input_V_q0                 |  in |   32|  ap_memory |      input_V     |     array    |
|input_V_we0                | out |    1|  ap_memory |      input_V     |     array    |
|input_V_address1           | out |    5|  ap_memory |      input_V     |     array    |
|input_V_ce1                | out |    1|  ap_memory |      input_V     |     array    |
|input_V_d1                 | out |   32|  ap_memory |      input_V     |     array    |
|input_V_q1                 |  in |   32|  ap_memory |      input_V     |     array    |
|input_V_we1                | out |    1|  ap_memory |      input_V     |     array    |
|bitlength                  |  in |   32|   ap_none  |     bitlength    |    scalar    |
|outputlocation_V_address0  | out |    4|  ap_memory | outputlocation_V |     array    |
|outputlocation_V_ce0       | out |    1|  ap_memory | outputlocation_V |     array    |
|outputlocation_V_d0        | out |   32|  ap_memory | outputlocation_V |     array    |
|outputlocation_V_q0        |  in |   32|  ap_memory | outputlocation_V |     array    |
|outputlocation_V_we0       | out |    1|  ap_memory | outputlocation_V |     array    |
|outputlocation_V_address1  | out |    4|  ap_memory | outputlocation_V |     array    |
|outputlocation_V_ce1       | out |    1|  ap_memory | outputlocation_V |     array    |
|outputlocation_V_d1        | out |   32|  ap_memory | outputlocation_V |     array    |
|outputlocation_V_q1        |  in |   32|  ap_memory | outputlocation_V |     array    |
|outputlocation_V_we1       | out |    1|  ap_memory | outputlocation_V |     array    |
+---------------------------+-----+-----+------------+------------------+--------------+

