

================================================================
== Vivado HLS Report for 'Loop_1_proc'
================================================================
* Date:           Sun Dec  1 12:23:47 2024

* Version:        2019.2 (Build 2704478 on Wed Nov 06 22:10:23 MST 2019)
* Project:        sha.prj
* Solution:       solution1
* Product family: zynq
* Target device:  xc7z020-clg484-1


================================================================
== Performance Estimates
================================================================
+ Timing: 
    * Summary: 
    +--------+----------+-----------+------------+
    |  Clock |  Target  | Estimated | Uncertainty|
    +--------+----------+-----------+------------+
    |ap_clk  | 10.00 ns | 10.177 ns |   1.25 ns  |
    +--------+----------+-----------+------------+

+ Latency: 
    * Summary: 
    +---------+---------+----------+----------+-----+-----+---------+
    |  Latency (cycles) |  Latency (absolute) |  Interval | Pipeline|
    |   min   |   max   |    min   |    max   | min | max |   Type  |
    +---------+---------+----------+----------+-----+-----+---------+
    |        ?|        ?|         ?|         ?|    ?|    ?|   none  |
    +---------+---------+----------+----------+-----+-----+---------+

    + Detail: 
        * Instance: 
        +-----------------------------+------------------+---------+---------+----------+----------+-----+-----+----------+
        |                             |                  |  Latency (cycles) |  Latency (absolute) |  Interval | Pipeline |
        |           Instance          |      Module      |   min   |   max   |    min   |    max   | min | max |   Type   |
        +-----------------------------+------------------+---------+---------+----------+----------+-----+-----+----------+
        |grp_computeHashRound_fu_210  |computeHashRound  |       81|       81| 0.824 us | 0.824 us |    1|    1| function |
        +-----------------------------+------------------+---------+---------+----------+----------+-----+-----+----------+

        * Loop: 
        +----------+---------+---------+----------+-----------+-----------+------+----------+
        |          |  Latency (cycles) | Iteration|  Initiation Interval  | Trip |          |
        | Loop Name|   min   |   max   |  Latency |  achieved |   target  | Count| Pipelined|
        +----------+---------+---------+----------+-----------+-----------+------+----------+
        |- Loop 1  |        ?|        ?|        83|         81|          1|     ?|    yes   |
        +----------+---------+---------+----------+-----------+-----------+------+----------+



================================================================
== Utilization Estimates
================================================================
* Summary: 
+-----------------+---------+-------+--------+-------+-----+
|       Name      | BRAM_18K| DSP48E|   FF   |  LUT  | URAM|
+-----------------+---------+-------+--------+-------+-----+
|DSP              |        -|      -|       -|      -|    -|
|Expression       |        -|      -|       0|    210|    -|
|FIFO             |        -|      -|       -|      -|    -|
|Instance         |        0|      -|   33554|  58682|    -|
|Memory           |        -|      -|       -|      -|    -|
|Multiplexer      |        -|      -|       -|    562|    -|
|Register         |        -|      -|     451|      -|    -|
+-----------------+---------+-------+--------+-------+-----+
|Total            |        0|      0|   34005|  59454|    0|
+-----------------+---------+-------+--------+-------+-----+
|Available        |      280|    220|  106400|  53200|    0|
+-----------------+---------+-------+--------+-------+-----+
|Utilization (%)  |        0|      0|      31|    111|    0|
+-----------------+---------+-------+--------+-------+-----+

+ Detail: 
    * Instance: 
    +-----------------------------+------------------+---------+-------+-------+-------+-----+
    |           Instance          |      Module      | BRAM_18K| DSP48E|   FF  |  LUT  | URAM|
    +-----------------------------+------------------+---------+-------+-------+-------+-----+
    |grp_computeHashRound_fu_210  |computeHashRound  |        0|      0|  33554|  58682|    0|
    +-----------------------------+------------------+---------+-------+-------+-------+-----+
    |Total                        |                  |        0|      0|  33554|  58682|    0|
    +-----------------------------+------------------+---------+-------+-------+-------+-----+

    * DSP48E: 
    N/A

    * Memory: 
    N/A

    * FIFO: 
    N/A

    * Expression: 
    +----------------------------------------+----------+-------+---+----+------------+------------+
    |              Variable Name             | Operation| DSP48E| FF| LUT| Bitwidth P0| Bitwidth P1|
    +----------------------------------------+----------+-------+---+----+------------+------------+
    |grp_computeHashRound_fu_210_M_V_offset  |     +    |      0|  0|  31|          24|           2|
    |i_fu_342_p2                             |     +    |      0|  0|  31|          24|           1|
    |rounds_fu_320_p2                        |     +    |      0|  0|  32|          25|           1|
    |sub_ln189_1_fu_289_p2                   |     -    |      0|  0|  31|           1|          24|
    |sub_ln189_fu_270_p2                     |     -    |      0|  0|  39|           1|          32|
    |icmp_ln190_fu_330_p2                    |   icmp   |      0|  0|  18|          25|          25|
    |ap_block_state1                         |    or    |      0|  0|   2|           1|           1|
    |select_ln189_fu_308_p3                  |  select  |      0|  0|  24|           1|          24|
    |ap_enable_pp0                           |    xor   |      0|  0|   2|           1|           2|
    +----------------------------------------+----------+-------+---+----+------------+------------+
    |Total                                   |          |      0|  0| 210|         103|         112|
    +----------------------------------------+----------+-------+---+----+------------+------------+

    * Multiplexer: 
    +----------------------------------------+-----+-----------+-----+-----------+
    |                  Name                  | LUT | Input Size| Bits| Total Bits|
    +----------------------------------------+-----+-----------+-----+-----------+
    |H_V_0_0_out_0_reg_186                   |    9|          2|   32|         64|
    |H_V_1_0_out_0_reg_174                   |    9|          2|   32|         64|
    |H_V_2_0_out_0_reg_162                   |    9|          2|   32|         64|
    |H_V_3_0_out_0_reg_150                   |    9|          2|   32|         64|
    |H_V_4_0_out_0_reg_138                   |    9|          2|   32|         64|
    |H_V_5_0_out_0_reg_126                   |    9|          2|   32|         64|
    |H_V_6_0_out_0_reg_114                   |    9|          2|   32|         64|
    |H_V_7_0_out_0_reg_102                   |    9|          2|   32|         64|
    |ap_NS_fsm                               |  373|         85|    1|         85|
    |ap_done                                 |    9|          2|    1|          2|
    |ap_enable_reg_pp0_iter1                 |    9|          2|    1|          2|
    |ap_phi_mux_H_V_0_0_out_0_phi_fu_190_p4  |    9|          2|   32|         64|
    |ap_phi_mux_H_V_1_0_out_0_phi_fu_178_p4  |    9|          2|   32|         64|
    |ap_phi_mux_H_V_2_0_out_0_phi_fu_166_p4  |    9|          2|   32|         64|
    |ap_phi_mux_H_V_3_0_out_0_phi_fu_154_p4  |    9|          2|   32|         64|
    |ap_phi_mux_H_V_4_0_out_0_phi_fu_142_p4  |    9|          2|   32|         64|
    |ap_phi_mux_H_V_5_0_out_0_phi_fu_130_p4  |    9|          2|   32|         64|
    |ap_phi_mux_H_V_6_0_out_0_phi_fu_118_p4  |    9|          2|   32|         64|
    |ap_phi_mux_H_V_7_0_out_0_phi_fu_106_p4  |    9|          2|   32|         64|
    |ap_phi_mux_i1_0_i_phi_fu_202_p4         |    9|          2|   24|         48|
    |bitlength_blk_n                         |    9|          2|    1|          2|
    |i1_0_i_reg_198                          |    9|          2|   24|         48|
    +----------------------------------------+-----+-----------+-----+-----------+
    |Total                                   |  562|        127|  564|       1211|
    +----------------------------------------+-----+-----------+-----+-----------+

    * Register: 
    +------------------------------------------+----+----+-----+-----------+
    |                   Name                   | FF | LUT| Bits| Const Bits|
    +------------------------------------------+----+----+-----+-----------+
    |H_V_0_0_out_0_reg_186                     |  32|   0|   32|          0|
    |H_V_1_0_out_0_reg_174                     |  32|   0|   32|          0|
    |H_V_2_0_out_0_reg_162                     |  32|   0|   32|          0|
    |H_V_3_0_out_0_reg_150                     |  32|   0|   32|          0|
    |H_V_4_0_out_0_reg_138                     |  32|   0|   32|          0|
    |H_V_5_0_out_0_reg_126                     |  32|   0|   32|          0|
    |H_V_6_0_out_0_reg_114                     |  32|   0|   32|          0|
    |H_V_7_0_out_0_reg_102                     |  32|   0|   32|          0|
    |ap_CS_fsm                                 |  84|   0|   84|          0|
    |ap_done_reg                               |   1|   0|    1|          0|
    |ap_enable_reg_pp0_iter0                   |   1|   0|    1|          0|
    |ap_enable_reg_pp0_iter1                   |   1|   0|    1|          0|
    |bitlength_read_reg_428                    |  32|   0|   32|          0|
    |grp_computeHashRound_fu_210_ap_start_reg  |   1|   0|    1|          0|
    |i1_0_i_reg_198                            |  24|   0|   24|          0|
    |i_reg_444                                 |  24|   0|   24|          0|
    |icmp_ln190_reg_440                        |   1|   0|    1|          0|
    |icmp_ln190_reg_440_pp0_iter1_reg          |   1|   0|    1|          0|
    |rounds_reg_435                            |  25|   0|   25|          0|
    +------------------------------------------+----+----+-----+-----------+
    |Total                                     | 451|   0|  451|          0|
    +------------------------------------------+----+----+-----+-----------+



================================================================
== Interface
================================================================
* Summary: 
+-------------------+-----+-----+------------+--------------+--------------+
|     RTL Ports     | Dir | Bits|  Protocol  | Source Object|    C Type    |
+-------------------+-----+-----+------------+--------------+--------------+
|ap_clk             |  in |    1| ap_ctrl_hs |  Loop_1_proc | return value |
|ap_rst             |  in |    1| ap_ctrl_hs |  Loop_1_proc | return value |
|ap_start           |  in |    1| ap_ctrl_hs |  Loop_1_proc | return value |
|ap_done            | out |    1| ap_ctrl_hs |  Loop_1_proc | return value |
|ap_continue        |  in |    1| ap_ctrl_hs |  Loop_1_proc | return value |
|ap_idle            | out |    1| ap_ctrl_hs |  Loop_1_proc | return value |
|ap_ready           | out |    1| ap_ctrl_hs |  Loop_1_proc | return value |
|ap_return_0        | out |   32| ap_ctrl_hs |  Loop_1_proc | return value |
|ap_return_1        | out |   32| ap_ctrl_hs |  Loop_1_proc | return value |
|ap_return_2        | out |   32| ap_ctrl_hs |  Loop_1_proc | return value |
|ap_return_3        | out |   32| ap_ctrl_hs |  Loop_1_proc | return value |
|ap_return_4        | out |   32| ap_ctrl_hs |  Loop_1_proc | return value |
|ap_return_5        | out |   32| ap_ctrl_hs |  Loop_1_proc | return value |
|ap_return_6        | out |   32| ap_ctrl_hs |  Loop_1_proc | return value |
|ap_return_7        | out |   32| ap_ctrl_hs |  Loop_1_proc | return value |
|bitlength_dout     |  in |   32|   ap_fifo  |   bitlength  |    pointer   |
|bitlength_empty_n  |  in |    1|   ap_fifo  |   bitlength  |    pointer   |
|bitlength_read     | out |    1|   ap_fifo  |   bitlength  |    pointer   |
|M_0_V_address0     | out |    5|  ap_memory |     M_0_V    |     array    |
|M_0_V_ce0          | out |    1|  ap_memory |     M_0_V    |     array    |
|M_0_V_q0           |  in |   32|  ap_memory |     M_0_V    |     array    |
|M_1_V_address0     | out |    5|  ap_memory |     M_1_V    |     array    |
|M_1_V_ce0          | out |    1|  ap_memory |     M_1_V    |     array    |
|M_1_V_q0           |  in |   32|  ap_memory |     M_1_V    |     array    |
|M_2_V_address0     | out |    5|  ap_memory |     M_2_V    |     array    |
|M_2_V_ce0          | out |    1|  ap_memory |     M_2_V    |     array    |
|M_2_V_q0           |  in |   32|  ap_memory |     M_2_V    |     array    |
|M_3_V_address0     | out |    5|  ap_memory |     M_3_V    |     array    |
|M_3_V_ce0          | out |    1|  ap_memory |     M_3_V    |     array    |
|M_3_V_q0           |  in |   32|  ap_memory |     M_3_V    |     array    |
|M_4_V_address0     | out |    5|  ap_memory |     M_4_V    |     array    |
|M_4_V_ce0          | out |    1|  ap_memory |     M_4_V    |     array    |
|M_4_V_q0           |  in |   32|  ap_memory |     M_4_V    |     array    |
|M_5_V_address0     | out |    5|  ap_memory |     M_5_V    |     array    |
|M_5_V_ce0          | out |    1|  ap_memory |     M_5_V    |     array    |
|M_5_V_q0           |  in |   32|  ap_memory |     M_5_V    |     array    |
|M_6_V_address0     | out |    5|  ap_memory |     M_6_V    |     array    |
|M_6_V_ce0          | out |    1|  ap_memory |     M_6_V    |     array    |
|M_6_V_q0           |  in |   32|  ap_memory |     M_6_V    |     array    |
|M_7_V_address0     | out |    5|  ap_memory |     M_7_V    |     array    |
|M_7_V_ce0          | out |    1|  ap_memory |     M_7_V    |     array    |
|M_7_V_q0           |  in |   32|  ap_memory |     M_7_V    |     array    |
|M_8_V_address0     | out |    5|  ap_memory |     M_8_V    |     array    |
|M_8_V_ce0          | out |    1|  ap_memory |     M_8_V    |     array    |
|M_8_V_q0           |  in |   32|  ap_memory |     M_8_V    |     array    |
|M_9_V_address0     | out |    5|  ap_memory |     M_9_V    |     array    |
|M_9_V_ce0          | out |    1|  ap_memory |     M_9_V    |     array    |
|M_9_V_q0           |  in |   32|  ap_memory |     M_9_V    |     array    |
|M_10_V_address0    | out |    5|  ap_memory |    M_10_V    |     array    |
|M_10_V_ce0         | out |    1|  ap_memory |    M_10_V    |     array    |
|M_10_V_q0          |  in |   32|  ap_memory |    M_10_V    |     array    |
|M_11_V_address0    | out |    5|  ap_memory |    M_11_V    |     array    |
|M_11_V_ce0         | out |    1|  ap_memory |    M_11_V    |     array    |
|M_11_V_q0          |  in |   32|  ap_memory |    M_11_V    |     array    |
|M_12_V_address0    | out |    5|  ap_memory |    M_12_V    |     array    |
|M_12_V_ce0         | out |    1|  ap_memory |    M_12_V    |     array    |
|M_12_V_q0          |  in |   32|  ap_memory |    M_12_V    |     array    |
|M_13_V_address0    | out |    5|  ap_memory |    M_13_V    |     array    |
|M_13_V_ce0         | out |    1|  ap_memory |    M_13_V    |     array    |
|M_13_V_q0          |  in |   32|  ap_memory |    M_13_V    |     array    |
|M_14_V_address0    | out |    5|  ap_memory |    M_14_V    |     array    |
|M_14_V_ce0         | out |    1|  ap_memory |    M_14_V    |     array    |
|M_14_V_q0          |  in |   32|  ap_memory |    M_14_V    |     array    |
|M_15_V_address0    | out |    5|  ap_memory |    M_15_V    |     array    |
|M_15_V_ce0         | out |    1|  ap_memory |    M_15_V    |     array    |
|M_15_V_q0          |  in |   32|  ap_memory |    M_15_V    |     array    |
+-------------------+-----+-----+------------+--------------+--------------+

