

================================================================
== Vivado HLS Report for 'mineblock'
================================================================
* Date:           Mon Nov 25 03:46:07 2024

* Version:        2019.2 (Build 2704478 on Wed Nov 06 22:10:23 MST 2019)
* Project:        sha.prj
* Solution:       solution1
* Product family: zynq
* Target device:  xc7z020-clg484-1


================================================================
== Performance Estimates
================================================================
+ Timing: 
    * Summary: 
    +--------+----------+----------+------------+
    |  Clock |  Target  | Estimated| Uncertainty|
    +--------+----------+----------+------------+
    |ap_clk  | 10.00 ns | 7.625 ns |   1.25 ns  |
    +--------+----------+----------+------------+

+ Latency: 
    * Summary: 
    +---------+---------+----------+----------+-----+-----+---------+
    |  Latency (cycles) |  Latency (absolute) |  Interval | Pipeline|
    |   min   |   max   |    min   |    max   | min | max |   Type  |
    +---------+---------+----------+----------+-----+-----+---------+
    |        ?|        ?|         ?|         ?|    ?|    ?|   none  |
    +---------+---------+----------+----------+-----+-----+---------+

    + Detail: 
        * Instance: 
        +--------------------+---------+---------+---------+----------+-----------+-----+------+---------+
        |                    |         |  Latency (cycles) |  Latency (absolute)  |  Interval  | Pipeline|
        |      Instance      |  Module |   min   |   max   |    min   |    max    | min |  max |   Type  |
        +--------------------+---------+---------+---------+----------+-----------+-----+------+---------+
        |grp_hash1_1_fu_324  |hash1_1  |      993|     1121| 9.930 us | 11.210 us |  993|  1121|   none  |
        |grp_hash1_fu_334    |hash1    |      544|      608| 5.440 us |  6.080 us |  544|   608|   none  |
        +--------------------+---------+---------+---------+----------+-----------+-----+------+---------+

        * Loop: 
        +-------------+---------+---------+-------------+-----------+-----------+-------+----------+
        |             |  Latency (cycles) |  Iteration  |  Initiation Interval  |  Trip |          |
        |  Loop Name  |   min   |   max   |   Latency   |  achieved |   target  | Count | Pipelined|
        +-------------+---------+---------+-------------+-----------+-----------+-------+----------+
        |- Loop 1     |       16|       16|            2|          -|          -|      8|    no    |
        |- Loop 2     |       16|       16|            2|          -|          -|      8|    no    |
        |- Loop 3     |        ?|        ?| 1546 ~ 1761 |          -|          -|      ?|    no    |
        | + Loop 3.1  |        3|       25|            3|          -|          -| 1 ~ 8 |    no    |
        |- Loop 4     |       16|       16|            2|          -|          -|      8|    no    |
        +-------------+---------+---------+-------------+-----------+-----------+-------+----------+



================================================================
== Utilization Estimates
================================================================
* Summary: 
+-----------------+---------+-------+--------+-------+-----+
|       Name      | BRAM_18K| DSP48E|   FF   |  LUT  | URAM|
+-----------------+---------+-------+--------+-------+-----+
|DSP              |        -|      -|       -|      -|    -|
|Expression       |        -|      -|       0|    295|    -|
|FIFO             |        -|      -|       -|      -|    -|
|Instance         |       76|      -|    2164|   4201|    0|
|Memory           |        2|      -|     157|     12|    0|
|Multiplexer      |        -|      -|       -|    377|    -|
|Register         |        -|      -|     218|      -|    -|
+-----------------+---------+-------+--------+-------+-----+
|Total            |       78|      0|    2539|   4885|    0|
+-----------------+---------+-------+--------+-------+-----+
|Available        |      280|    220|  106400|  53200|    0|
+-----------------+---------+-------+--------+-------+-----+
|Utilization (%)  |       27|      0|       2|      9|    0|
+-----------------+---------+-------+--------+-------+-----+

+ Detail: 
    * Instance: 
    +--------------------+---------+---------+-------+------+------+-----+
    |      Instance      |  Module | BRAM_18K| DSP48E|  FF  |  LUT | URAM|
    +--------------------+---------+---------+-------+------+------+-----+
    |grp_hash1_fu_334    |hash1    |       38|      0|  1078|  2102|    0|
    |grp_hash1_1_fu_324  |hash1_1  |       38|      0|  1086|  2099|    0|
    +--------------------+---------+---------+-------+------+------+-----+
    |Total               |         |       76|      0|  2164|  4201|    0|
    +--------------------+---------+---------+-------+------+------+-----+

    * DSP48E: 
    N/A

    * Memory: 
    +-----------------+----------------------+---------+----+----+-----+------+-----+------+-------------+
    |      Memory     |        Module        | BRAM_18K| FF | LUT| URAM| Words| Bits| Banks| W*Bits*Banks|
    +-----------------+----------------------+---------+----+----+-----+------+-----+------+-------------+
    |blockheader_V_U  |mineblock_blockhecud  |        2|   0|   0|    0|    20|   32|     1|          640|
    |difficulty_V_U   |mineblock_difficubkb  |        0|  29|   4|    0|     8|   29|     1|          232|
    |hash0_V_U        |mineblock_hash0_V     |        0|  64|   4|    0|     8|   32|     1|          256|
    |result_V_U       |mineblock_hash0_V     |        0|  64|   4|    0|     8|   32|     1|          256|
    +-----------------+----------------------+---------+----+----+-----+------+-----+------+-------------+
    |Total            |                      |        2| 157|  12|    0|    44|  125|     4|         1384|
    +-----------------+----------------------+---------+----+----+-----+------+-----+------+-------------+

    * FIFO: 
    N/A

    * Expression: 
    +--------------------------------+----------+-------+---+----+------------+------------+
    |          Variable Name         | Operation| DSP48E| FF| LUT| Bitwidth P0| Bitwidth P1|
    +--------------------------------+----------+-------+---+----+------------+------------+
    |add_ln38_fu_392_p2              |     +    |      0|  0|  15|           5|           4|
    |count_fu_457_p2                 |     +    |      0|  0|  39|          32|           1|
    |final_result_nonce_V_fu_402_p2  |     +    |      0|  0|  39|          32|           1|
    |i_1_fu_381_p2                   |     +    |      0|  0|  13|           4|           1|
    |i_2_fu_415_p2                   |     +    |      0|  0|  13|           4|           1|
    |i_fu_356_p2                     |     +    |      0|  0|  13|           4|           1|
    |j_fu_475_p2                     |     +    |      0|  0|  13|           4|           1|
    |nonce_V_fu_344_p2               |     +    |      0|  0|  39|          32|           2|
    |sub_ln86_fu_421_p2              |     -    |      0|  0|  13|           3|           4|
    |icmp_ln32_fu_350_p2             |   icmp   |      0|  0|  11|           4|           5|
    |icmp_ln37_fu_375_p2             |   icmp   |      0|  0|  11|           4|           5|
    |icmp_ln85_fu_409_p2             |   icmp   |      0|  0|  11|           4|           5|
    |icmp_ln887_fu_445_p2            |   icmp   |      0|  0|  18|          32|          32|
    |icmp_ln895_fu_451_p2            |   icmp   |      0|  0|  18|          32|          32|
    |icmp_ln94_fu_463_p2             |   icmp   |      0|  0|  18|          32|           4|
    |icmp_ln96_fu_469_p2             |   icmp   |      0|  0|  11|           4|           5|
    +--------------------------------+----------+-------+---+----+------------+------------+
    |Total                           |          |      0|  0| 295|         232|         104|
    +--------------------------------+----------+-------+---+----+------------+------------+

    * Multiplexer: 
    +------------------------+----+-----------+-----+-----------+
    |          Name          | LUT| Input Size| Bits| Total Bits|
    +------------------------+----+-----------+-----+-----------+
    |ap_NS_fsm               |  65|         16|    1|         16|
    |blockheader_V_address0  |  27|          5|    5|         25|
    |blockheader_V_address1  |  21|          4|    5|         20|
    |blockheader_V_ce0       |  15|          3|    1|          3|
    |blockheader_V_d0        |  21|          4|   32|        128|
    |blockheader_V_d1        |  21|          4|   32|        128|
    |count_0_be_reg_301      |   9|          2|   32|         64|
    |count_0_reg_278         |   9|          2|   32|         64|
    |hash0_V_address0        |  21|          4|    3|         12|
    |hash0_V_ce0             |  21|          4|    1|          4|
    |hash0_V_d0              |  15|          3|   32|         96|
    |hash0_V_we0             |  15|          3|    1|          3|
    |i1_0_reg_258            |   9|          2|    4|          8|
    |i2_0_reg_290            |   9|          2|    4|          8|
    |i_0_reg_247             |   9|          2|    4|          8|
    |j_0_reg_313             |   9|          2|    4|          8|
    |result_V_address0       |  27|          5|    3|         15|
    |result_V_ce0            |  15|          3|    1|          3|
    |result_V_d0             |  15|          3|   32|         96|
    |result_V_we0            |  15|          3|    1|          3|
    |t_V_reg_269             |   9|          2|   32|         64|
    +------------------------+----+-----------+-----+-----------+
    |Total                   | 377|         78|  262|        776|
    +------------------------+----+-----------+-----+-----------+

    * Register: 
    +---------------------------------+----+----+-----+-----------+
    |               Name              | FF | LUT| Bits| Const Bits|
    +---------------------------------+----+----+-----+-----------+
    |ap_CS_fsm                        |  15|   0|   15|          0|
    |count_0_be_reg_301               |  32|   0|   32|          0|
    |count_0_reg_278                  |  32|   0|   32|          0|
    |final_result_nonce_V_reg_548     |  32|   0|   32|          0|
    |grp_hash1_1_fu_324_ap_start_reg  |   1|   0|    1|          0|
    |grp_hash1_fu_334_ap_start_reg    |   1|   0|    1|          0|
    |i1_0_reg_258                     |   4|   0|    4|          0|
    |i2_0_reg_290                     |   4|   0|    4|          0|
    |i_0_reg_247                      |   4|   0|    4|          0|
    |i_1_reg_523                      |   4|   0|    4|          0|
    |i_2_reg_557                      |   4|   0|    4|          0|
    |i_reg_504                        |   4|   0|    4|          0|
    |icmp_ln85_reg_553                |   1|   0|    1|          0|
    |j_0_reg_313                      |   4|   0|    4|          0|
    |j_reg_589                        |   4|   0|    4|          0|
    |nonce_V_reg_496                  |  32|   0|   32|          0|
    |t_V_reg_269                      |  32|   0|   32|          0|
    |zext_ln37_reg_515                |   4|   0|    5|          1|
    |zext_ln97_reg_594                |   4|   0|   64|         60|
    +---------------------------------+----+----+-----+-----------+
    |Total                            | 218|   0|  279|         61|
    +---------------------------------+----+----+-----+-----------+



================================================================
== Interface
================================================================
* Summary: 
+----------------------------+-----+-----+------------+-------------------+--------------+
|          RTL Ports         | Dir | Bits|  Protocol  |   Source Object   |    C Type    |
+----------------------------+-----+-----+------------+-------------------+--------------+
|ap_clk                      |  in |    1| ap_ctrl_hs |     mineblock     | return value |
|ap_rst                      |  in |    1| ap_ctrl_hs |     mineblock     | return value |
|ap_start                    |  in |    1| ap_ctrl_hs |     mineblock     | return value |
|ap_done                     | out |    1| ap_ctrl_hs |     mineblock     | return value |
|ap_idle                     | out |    1| ap_ctrl_hs |     mineblock     | return value |
|ap_ready                    | out |    1| ap_ctrl_hs |     mineblock     | return value |
|ap_return                   | out |   32| ap_ctrl_hs |     mineblock     | return value |
|agg_result_hash_V_address0  | out |    3|  ap_memory | agg_result_hash_V |     array    |
|agg_result_hash_V_ce0       | out |    1|  ap_memory | agg_result_hash_V |     array    |
|agg_result_hash_V_we0       | out |    1|  ap_memory | agg_result_hash_V |     array    |
|agg_result_hash_V_d0        | out |   32|  ap_memory | agg_result_hash_V |     array    |
|noncestart_V                |  in |   32|   ap_none  |    noncestart_V   |    scalar    |
|version_0_V_read            |  in |   32|   ap_none  |  version_0_V_read |    scalar    |
|prevhash_V_address0         | out |    3|  ap_memory |     prevhash_V    |     array    |
|prevhash_V_ce0              | out |    1|  ap_memory |     prevhash_V    |     array    |
|prevhash_V_q0               |  in |   32|  ap_memory |     prevhash_V    |     array    |
|merkle_root_V_address0      | out |    3|  ap_memory |   merkle_root_V   |     array    |
|merkle_root_V_ce0           | out |    1|  ap_memory |   merkle_root_V   |     array    |
|merkle_root_V_q0            |  in |   32|  ap_memory |   merkle_root_V   |     array    |
|time_0_V_read               |  in |   32|   ap_none  |   time_0_V_read   |    scalar    |
|nbits_0_V_read              |  in |   32|   ap_none  |   nbits_0_V_read  |    scalar    |
+----------------------------+-----+-----+------------+-------------------+--------------+

