

================================================================
== Vivado HLS Report for 'prepareMessage'
================================================================
* Date:           Sun Dec  1 12:23:41 2024

* Version:        2019.2 (Build 2704478 on Wed Nov 06 22:10:23 MST 2019)
* Project:        sha.prj
* Solution:       solution1
* Product family: zynq
* Target device:  xc7z020-clg484-1


================================================================
== Performance Estimates
================================================================
+ Timing: 
    * Summary: 
    +--------+----------+----------+------------+
    |  Clock |  Target  | Estimated| Uncertainty|
    +--------+----------+----------+------------+
    |ap_clk  | 10.00 ns | 8.228 ns |   1.25 ns  |
    +--------+----------+----------+------------+

+ Latency: 
    * Summary: 
    +---------+---------+----------+----------+-----+-----+---------+
    |  Latency (cycles) |  Latency (absolute) |  Interval | Pipeline|
    |   min   |   max   |    min   |    max   | min | max |   Type  |
    +---------+---------+----------+----------+-----+-----+---------+
    |        ?|        ?|         ?|         ?|    ?|    ?|   none  |
    +---------+---------+----------+----------+-----+-----+---------+

    + Detail: 
        * Instance: 
        N/A

        * Loop: 
        +-------------+---------+---------+----------+-----------+-----------+------+----------+
        |             |  Latency (cycles) | Iteration|  Initiation Interval  | Trip |          |
        |  Loop Name  |   min   |   max   |  Latency |  achieved |   target  | Count| Pipelined|
        +-------------+---------+---------+----------+-----------+-----------+------+----------+
        |- Loop 1     |       32|       32|         1|          -|          -|    32|    no    |
        |- Loop 2     |        ?|        ?|         2|          1|          1|     ?|    yes   |
        |- Loop 3     |        ?|        ?|         ?|          -|          -|    16|    no    |
        | + Loop 3.1  |        ?|        ?|         2|          -|          -|     ?|    no    |
        +-------------+---------+---------+----------+-----------+-----------+------+----------+



================================================================
== Utilization Estimates
================================================================
* Summary: 
+-----------------+---------+-------+--------+-------+-----+
|       Name      | BRAM_18K| DSP48E|   FF   |  LUT  | URAM|
+-----------------+---------+-------+--------+-------+-----+
|DSP              |        -|      -|       -|      -|    -|
|Expression       |        -|      -|       0|    831|    -|
|FIFO             |        -|      -|       -|      -|    -|
|Instance         |        -|      -|       -|      -|    -|
|Memory           |       32|      -|       0|      0|    0|
|Multiplexer      |        -|      -|       -|    667|    -|
|Register         |        -|      -|     396|      -|    -|
+-----------------+---------+-------+--------+-------+-----+
|Total            |       32|      0|     396|   1498|    0|
+-----------------+---------+-------+--------+-------+-----+
|Available        |      280|    220|  106400|  53200|    0|
+-----------------+---------+-------+--------+-------+-----+
|Utilization (%)  |       11|      0|   ~0   |      2|    0|
+-----------------+---------+-------+--------+-------+-----+

+ Detail: 
    * Instance: 
    N/A

    * DSP48E: 
    N/A

    * Memory: 
    +-------------+----------------------+---------+---+----+-----+-------+-----+------+-------------+
    |    Memory   |        Module        | BRAM_18K| FF| LUT| URAM| Words | Bits| Banks| W*Bits*Banks|
    +-------------+----------------------+---------+---+----+-----+-------+-----+------+-------------+
    |message_V_U  |prepareMessage_mebkb  |       32|  0|   0|    0|  10000|   32|     1|       320000|
    +-------------+----------------------+---------+---+----+-----+-------+-----+------+-------------+
    |Total        |                      |       32|  0|   0|    0|  10000|   32|     1|       320000|
    +-------------+----------------------+---------+---+----+-----+-------+-----+------+-------------+

    * FIFO: 
    N/A

    * Expression: 
    +-------------------------+----------+-------+---+-----+------------+------------+
    |      Variable Name      | Operation| DSP48E| FF| LUT | Bitwidth P0| Bitwidth P1|
    +-------------------------+----------+-------+---+-----+------------+------------+
    |add_ln80_fu_932_p2       |     +    |      0|  0|   32|          29|           6|
    |add_ln82_fu_917_p2       |     +    |      0|  0|   32|          29|           5|
    |add_ln85_fu_990_p2       |     +    |      0|  0|   32|          25|           1|
    |add_ln87_fu_1037_p2      |     +    |      0|  0|   39|          32|          32|
    |i_1_fu_769_p2            |     +    |      0|  0|   35|          28|           1|
    |i_2_fu_1010_p2           |     +    |      0|  0|   15|           5|           1|
    |i_fu_667_p2              |     +    |      0|  0|   15|           6|           1|
    |j_fu_1025_p2             |     +    |      0|  0|   39|          32|           1|
    |wordlength_fu_754_p2     |     +    |      0|  0|   36|           1|          29|
    |sub_ln67_1_fu_719_p2     |     -    |      0|  0|   35|           1|          28|
    |sub_ln67_fu_700_p2       |     -    |      0|  0|   39|           1|          32|
    |sub_ln75_1_fu_805_p2     |     -    |      0|  0|   15|           1|           6|
    |sub_ln75_fu_825_p2       |     -    |      0|  0|   15|           5|           6|
    |sub_ln79_fu_887_p2       |     -    |      0|  0|   36|           1|          29|
    |sub_ln80_fu_937_p2       |     -    |      0|  0|   32|          29|          29|
    |sub_ln82_fu_922_p2       |     -    |      0|  0|   32|          29|          29|
    |sub_ln85_fu_960_p2       |     -    |      0|  0|   31|           1|          24|
    |icmp_ln59_fu_661_p2      |   icmp   |      0|  0|   11|           6|           7|
    |icmp_ln69_fu_764_p2      |   icmp   |      0|  0|   18|          29|          29|
    |icmp_ln74_fu_783_p2      |   icmp   |      0|  0|   11|           5|           1|
    |icmp_ln79_1_fu_905_p2    |   icmp   |      0|  0|   11|           5|           4|
    |icmp_ln79_fu_847_p2      |   icmp   |      0|  0|    9|           4|           2|
    |icmp_ln84_fu_1004_p2     |   icmp   |      0|  0|   11|           5|           6|
    |icmp_ln85_fu_1020_p2     |   icmp   |      0|  0|   18|          32|          32|
    |ap_block_state1          |    or    |      0|  0|    2|           1|           1|
    |or_ln718_fu_841_p2       |    or    |      0|  0|   32|          32|          32|
    |or_ln79_fu_911_p2        |    or    |      0|  0|    2|           1|           1|
    |select_ln67_fu_738_p3    |  select  |      0|  0|   28|           1|          28|
    |select_ln75_fu_818_p3    |  select  |      0|  0|    6|           1|           6|
    |select_ln79_fu_893_p3    |  select  |      0|  0|   29|           1|          29|
    |select_ln85_fu_979_p3    |  select  |      0|  0|   24|           1|          24|
    |shl_ln75_fu_835_p2       |    shl   |      0|  0|  101|           1|          32|
    |ap_enable_pp0            |    xor   |      0|  0|    2|           1|           2|
    |ap_enable_reg_pp0_iter1  |    xor   |      0|  0|    2|           2|           1|
    |xor_ln79_fu_873_p2       |    xor   |      0|  0|    4|           4|           2|
    +-------------------------+----------+-------+---+-----+------------+------------+
    |Total                    |          |      0|  0|  831|         387|         499|
    +-------------------------+----------+-------+---+-----+------------+------------+

    * Multiplexer: 
    +-------------------------+----+-----------+-----+-----------+
    |           Name          | LUT| Input Size| Bits| Total Bits|
    +-------------------------+----+-----------+-----+-----------+
    |M_0_V_address0           |  15|          3|    5|         15|
    |M_0_V_d0                 |  15|          3|   32|         96|
    |M_10_V_address0          |  15|          3|    5|         15|
    |M_10_V_d0                |  15|          3|   32|         96|
    |M_11_V_address0          |  15|          3|    5|         15|
    |M_11_V_d0                |  15|          3|   32|         96|
    |M_12_V_address0          |  15|          3|    5|         15|
    |M_12_V_d0                |  15|          3|   32|         96|
    |M_13_V_address0          |  15|          3|    5|         15|
    |M_13_V_d0                |  15|          3|   32|         96|
    |M_14_V_address0          |  15|          3|    5|         15|
    |M_14_V_d0                |  15|          3|   32|         96|
    |M_15_V_address0          |  15|          3|    5|         15|
    |M_15_V_d0                |  15|          3|   32|         96|
    |M_1_V_address0           |  15|          3|    5|         15|
    |M_1_V_d0                 |  15|          3|   32|         96|
    |M_2_V_address0           |  15|          3|    5|         15|
    |M_2_V_d0                 |  15|          3|   32|         96|
    |M_3_V_address0           |  15|          3|    5|         15|
    |M_3_V_d0                 |  15|          3|   32|         96|
    |M_4_V_address0           |  15|          3|    5|         15|
    |M_4_V_d0                 |  15|          3|   32|         96|
    |M_5_V_address0           |  15|          3|    5|         15|
    |M_5_V_d0                 |  15|          3|   32|         96|
    |M_6_V_address0           |  15|          3|    5|         15|
    |M_6_V_d0                 |  15|          3|   32|         96|
    |M_7_V_address0           |  15|          3|    5|         15|
    |M_7_V_d0                 |  15|          3|   32|         96|
    |M_8_V_address0           |  15|          3|    5|         15|
    |M_8_V_d0                 |  15|          3|   32|         96|
    |M_9_V_address0           |  15|          3|    5|         15|
    |M_9_V_d0                 |  15|          3|   32|         96|
    |ap_NS_fsm                |  50|         11|    1|         11|
    |ap_done                  |   9|          2|    1|          2|
    |ap_enable_reg_pp0_iter1  |  15|          3|    1|          3|
    |bitlength_out_blk_n      |   9|          2|    1|          2|
    |i1_0_i_reg_627           |   9|          2|   28|         56|
    |i2_0_i_reg_638           |   9|          2|    5|         10|
    |i_0_i_reg_616            |   9|          2|    6|         12|
    |j3_0_i_reg_649           |   9|          2|   32|         64|
    |message_V_address0       |  41|          8|   14|        112|
    |message_V_d0             |  27|          5|   32|        160|
    +-------------------------+----+-----------+-----+-----------+
    |Total                    | 667|        135|  713|       2208|
    +-------------------------+----+-----------+-----+-----------+

    * Register: 
    +---------------------------+----+----+-----+-----------+
    |            Name           | FF | LUT| Bits| Const Bits|
    +---------------------------+----+----+-----+-----------+
    |ap_CS_fsm                  |  10|   0|   10|          0|
    |ap_done_reg                |   1|   0|    1|          0|
    |ap_enable_reg_pp0_iter0    |   1|   0|    1|          0|
    |ap_enable_reg_pp0_iter1    |   1|   0|    1|          0|
    |i1_0_i_reg_627             |  28|   0|   28|          0|
    |i2_0_i_reg_638             |   5|   0|    5|          0|
    |i_0_i_reg_616              |   6|   0|    6|          0|
    |i_2_reg_1183               |   5|   0|    5|          0|
    |icmp_ln69_reg_1122         |   1|   0|    1|          0|
    |icmp_ln74_reg_1146         |   1|   0|    1|          0|
    |j3_0_i_reg_649             |  32|   0|   32|          0|
    |j_reg_1195                 |  32|   0|   32|          0|
    |message_V_addr_2_reg_1150  |  14|   0|   14|          0|
    |or_ln718_reg_1155          |  32|   0|   32|          0|
    |or_ln79_reg_1166           |   1|   0|    1|          0|
    |select_ln67_reg_1098       |  28|   0|   28|          0|
    |select_ln79_reg_1160       |  29|   0|   29|          0|
    |sext_ln67_reg_1104         |  29|   0|   29|          0|
    |sext_ln85_1_reg_1170       |  32|   0|   32|          0|
    |sub_ln67_reg_1092          |  32|   0|   32|          0|
    |tmp_2_reg_1086             |   1|   0|    1|          0|
    |trunc_ln321_reg_1188       |   4|   0|    4|          0|
    |trunc_ln67_reg_1110        |   4|   0|    4|          0|
    |trunc_ln74_reg_1141        |   5|   0|    5|          0|
    |wordlength_reg_1115        |  29|   0|   29|          0|
    |zext_ln71_reg_1131         |  28|   0|   64|         36|
    |zext_ln84_reg_1175         |   5|   0|   32|         27|
    +---------------------------+----+----+-----+-----------+
    |Total                      | 396|   0|  459|         63|
    +---------------------------+----+----+-----+-----------+



================================================================
== Interface
================================================================
* Summary: 
+----------------------+-----+-----+------------+----------------+--------------+
|       RTL Ports      | Dir | Bits|  Protocol  |  Source Object |    C Type    |
+----------------------+-----+-----+------------+----------------+--------------+
|ap_clk                |  in |    1| ap_ctrl_hs | prepareMessage | return value |
|ap_rst                |  in |    1| ap_ctrl_hs | prepareMessage | return value |
|ap_start              |  in |    1| ap_ctrl_hs | prepareMessage | return value |
|ap_done               | out |    1| ap_ctrl_hs | prepareMessage | return value |
|ap_continue           |  in |    1| ap_ctrl_hs | prepareMessage | return value |
|ap_idle               | out |    1| ap_ctrl_hs | prepareMessage | return value |
|ap_ready              | out |    1| ap_ctrl_hs | prepareMessage | return value |
|input_V_address0      | out |    5|  ap_memory |     input_V    |     array    |
|input_V_ce0           | out |    1|  ap_memory |     input_V    |     array    |
|input_V_q0            |  in |   32|  ap_memory |     input_V    |     array    |
|bitlength             |  in |   32|   ap_none  |    bitlength   |    scalar    |
|M_0_V_address0        | out |    5|  ap_memory |      M_0_V     |     array    |
|M_0_V_ce0             | out |    1|  ap_memory |      M_0_V     |     array    |
|M_0_V_we0             | out |    1|  ap_memory |      M_0_V     |     array    |
|M_0_V_d0              | out |   32|  ap_memory |      M_0_V     |     array    |
|M_1_V_address0        | out |    5|  ap_memory |      M_1_V     |     array    |
|M_1_V_ce0             | out |    1|  ap_memory |      M_1_V     |     array    |
|M_1_V_we0             | out |    1|  ap_memory |      M_1_V     |     array    |
|M_1_V_d0              | out |   32|  ap_memory |      M_1_V     |     array    |
|M_2_V_address0        | out |    5|  ap_memory |      M_2_V     |     array    |
|M_2_V_ce0             | out |    1|  ap_memory |      M_2_V     |     array    |
|M_2_V_we0             | out |    1|  ap_memory |      M_2_V     |     array    |
|M_2_V_d0              | out |   32|  ap_memory |      M_2_V     |     array    |
|M_3_V_address0        | out |    5|  ap_memory |      M_3_V     |     array    |
|M_3_V_ce0             | out |    1|  ap_memory |      M_3_V     |     array    |
|M_3_V_we0             | out |    1|  ap_memory |      M_3_V     |     array    |
|M_3_V_d0              | out |   32|  ap_memory |      M_3_V     |     array    |
|M_4_V_address0        | out |    5|  ap_memory |      M_4_V     |     array    |
|M_4_V_ce0             | out |    1|  ap_memory |      M_4_V     |     array    |
|M_4_V_we0             | out |    1|  ap_memory |      M_4_V     |     array    |
|M_4_V_d0              | out |   32|  ap_memory |      M_4_V     |     array    |
|M_5_V_address0        | out |    5|  ap_memory |      M_5_V     |     array    |
|M_5_V_ce0             | out |    1|  ap_memory |      M_5_V     |     array    |
|M_5_V_we0             | out |    1|  ap_memory |      M_5_V     |     array    |
|M_5_V_d0              | out |   32|  ap_memory |      M_5_V     |     array    |
|M_6_V_address0        | out |    5|  ap_memory |      M_6_V     |     array    |
|M_6_V_ce0             | out |    1|  ap_memory |      M_6_V     |     array    |
|M_6_V_we0             | out |    1|  ap_memory |      M_6_V     |     array    |
|M_6_V_d0              | out |   32|  ap_memory |      M_6_V     |     array    |
|M_7_V_address0        | out |    5|  ap_memory |      M_7_V     |     array    |
|M_7_V_ce0             | out |    1|  ap_memory |      M_7_V     |     array    |
|M_7_V_we0             | out |    1|  ap_memory |      M_7_V     |     array    |
|M_7_V_d0              | out |   32|  ap_memory |      M_7_V     |     array    |
|M_8_V_address0        | out |    5|  ap_memory |      M_8_V     |     array    |
|M_8_V_ce0             | out |    1|  ap_memory |      M_8_V     |     array    |
|M_8_V_we0             | out |    1|  ap_memory |      M_8_V     |     array    |
|M_8_V_d0              | out |   32|  ap_memory |      M_8_V     |     array    |
|M_9_V_address0        | out |    5|  ap_memory |      M_9_V     |     array    |
|M_9_V_ce0             | out |    1|  ap_memory |      M_9_V     |     array    |
|M_9_V_we0             | out |    1|  ap_memory |      M_9_V     |     array    |
|M_9_V_d0              | out |   32|  ap_memory |      M_9_V     |     array    |
|M_10_V_address0       | out |    5|  ap_memory |     M_10_V     |     array    |
|M_10_V_ce0            | out |    1|  ap_memory |     M_10_V     |     array    |
|M_10_V_we0            | out |    1|  ap_memory |     M_10_V     |     array    |
|M_10_V_d0             | out |   32|  ap_memory |     M_10_V     |     array    |
|M_11_V_address0       | out |    5|  ap_memory |     M_11_V     |     array    |
|M_11_V_ce0            | out |    1|  ap_memory |     M_11_V     |     array    |
|M_11_V_we0            | out |    1|  ap_memory |     M_11_V     |     array    |
|M_11_V_d0             | out |   32|  ap_memory |     M_11_V     |     array    |
|M_12_V_address0       | out |    5|  ap_memory |     M_12_V     |     array    |
|M_12_V_ce0            | out |    1|  ap_memory |     M_12_V     |     array    |
|M_12_V_we0            | out |    1|  ap_memory |     M_12_V     |     array    |
|M_12_V_d0             | out |   32|  ap_memory |     M_12_V     |     array    |
|M_13_V_address0       | out |    5|  ap_memory |     M_13_V     |     array    |
|M_13_V_ce0            | out |    1|  ap_memory |     M_13_V     |     array    |
|M_13_V_we0            | out |    1|  ap_memory |     M_13_V     |     array    |
|M_13_V_d0             | out |   32|  ap_memory |     M_13_V     |     array    |
|M_14_V_address0       | out |    5|  ap_memory |     M_14_V     |     array    |
|M_14_V_ce0            | out |    1|  ap_memory |     M_14_V     |     array    |
|M_14_V_we0            | out |    1|  ap_memory |     M_14_V     |     array    |
|M_14_V_d0             | out |   32|  ap_memory |     M_14_V     |     array    |
|M_15_V_address0       | out |    5|  ap_memory |     M_15_V     |     array    |
|M_15_V_ce0            | out |    1|  ap_memory |     M_15_V     |     array    |
|M_15_V_we0            | out |    1|  ap_memory |     M_15_V     |     array    |
|M_15_V_d0             | out |   32|  ap_memory |     M_15_V     |     array    |
|bitlength_out_din     | out |   32|   ap_fifo  |  bitlength_out |    pointer   |
|bitlength_out_full_n  |  in |    1|   ap_fifo  |  bitlength_out |    pointer   |
|bitlength_out_write   | out |    1|   ap_fifo  |  bitlength_out |    pointer   |
+----------------------+-----+-----+------------+----------------+--------------+

