#
# An unexpected error has occurred (11)
#
Stack:
/lib64/libc.so.6(+0x4e5b0) [0x7f312f86e5b0]
/opt/xilinx/Vivado/2019.2/lib/lnx64.o/libLLVM-3.1.so(llvm::PointerType::get(llvm::Type*, unsigned int)+0x14) [0x7f310af5add4]
/opt/xilinx/Vivado/2019.2/lib/lnx64.o/libhls_hwsyn.so(+0x901b72) [0x7f3109e24b72]
/opt/xilinx/Vivado/2019.2/lib/lnx64.o/libhls_hwsyn.so(+0x8ffa1f) [0x7f3109e22a1f]
/opt/xilinx/Vivado/2019.2/lib/lnx64.o/libhls_hwsyn.so(pass::LoopDependenceBase::getDependenceInfo(llvm::Instruction*, llvm::Instruction*, llvm::LoopInfo const*, llvm::ScalarEvolution*, pass::RangeAnalysis*, pass::LoopDepAnalysis*, pass::SideEffectAnalysis*, pass::LoopInfoCache const&, llvm::Value*, llvm::Pass*)+0x31d) [0x7f3109e2c63d]
/opt/xilinx/Vivado/2019.2/lib/lnx64.o/libhls_hwsyn.so(pass::LoopDepFunctionPass::runOnFunction(llvm::Function&)+0x9cd) [0x7f3109e2d28d]
/opt/xilinx/Vivado/2019.2/lib/lnx64.o/libLLVM-3.1.so(llvm::FPPassManager::runOnFunction(llvm::Function&)+0x220) [0x7f310af53f60]
/opt/xilinx/Vivado/2019.2/lib/lnx64.o/libLLVM-3.1.so(llvm::FPPassManager::runOnModule(llvm::Module&)+0x33) [0x7f310af54373]
/opt/xilinx/Vivado/2019.2/lib/lnx64.o/libLLVM-3.1.so(llvm::MPPassManager::runOnModule(llvm::Module&)+0x182) [0x7f310af54522]
/opt/xilinx/Vivado/2019.2/lib/lnx64.o/libLLVM-3.1.so(llvm::PassManagerImpl::run(llvm::Module&)+0xac) [0x7f310af546dc]
/opt/xilinx/Vivado/2019.2/lib/lnx64.o/libhls_main.so(+0xfc9c8) [0x7f3119de19c8]
/opt/xilinx/Vivado/2019.2/lib/lnx64.o/libhls_support.so(xpcl::TclCommand::callbackInternal(int, Tcl_Obj* const*)+0x5f1) [0x7f31130d6c51]
/opt/xilinx/Vivado/2019.2/lib/lnx64.o/libhls_support.so(xpcl::TclCommand::callback(int, Tcl_Obj* const*)+0x2b) [0x7f31130dbceb]
/opt/xilinx/Vivado/2019.2/lib/lnx64.o/libtcl8.5.so(+0x334af) [0x7f312b0814af]
/opt/xilinx/Vivado/2019.2/lib/lnx64.o/libtcl8.5.so(+0x76875) [0x7f312b0c4875]
/opt/xilinx/Vivado/2019.2/lib/lnx64.o/libtcl8.5.so(+0x7e029) [0x7f312b0cc029]
/opt/xilinx/Vivado/2019.2/lib/lnx64.o/libtcl8.5.so(TclEvalObjEx+0x76) [0x7f312b083156]
/opt/xilinx/Vivado/2019.2/lib/lnx64.o/librdi_commontasks.so(+0x294b57) [0x7f3111b05b57]
/opt/xilinx/Vivado/2019.2/lib/lnx64.o/libtcl8.5.so(+0x334af) [0x7f312b0814af]
/opt/xilinx/Vivado/2019.2/lib/lnx64.o/libtcl8.5.so(+0x76875) [0x7f312b0c4875]
/opt/xilinx/Vivado/2019.2/lib/lnx64.o/libtcl8.5.so(TclObjInterpProcCore+0x420) [0x7f312b105df0]
/opt/xilinx/Vivado/2019.2/lib/lnx64.o/libtcl8.5.so(+0x334af) [0x7f312b0814af]
/opt/xilinx/Vivado/2019.2/lib/lnx64.o/libtcl8.5.so(+0x76875) [0x7f312b0c4875]
/opt/xilinx/Vivado/2019.2/lib/lnx64.o/libtcl8.5.so(+0x7e029) [0x7f312b0cc029]
/opt/xilinx/Vivado/2019.2/lib/lnx64.o/libtcl8.5.so(TclEvalObjEx+0x76) [0x7f312b083156]
/opt/xilinx/Vivado/2019.2/lib/lnx64.o/librdi_commontasks.so(+0x294b57) [0x7f3111b05b57]
/opt/xilinx/Vivado/2019.2/lib/lnx64.o/libtcl8.5.so(+0x334af) [0x7f312b0814af]
/opt/xilinx/Vivado/2019.2/lib/lnx64.o/libtcl8.5.so(+0x76875) [0x7f312b0c4875]
/opt/xilinx/Vivado/2019.2/lib/lnx64.o/libtcl8.5.so(TclObjInterpProcCore+0x420) [0x7f312b105df0]
/opt/xilinx/Vivado/2019.2/lib/lnx64.o/libtcl8.5.so(+0x334af) [0x7f312b0814af]
/opt/xilinx/Vivado/2019.2/lib/lnx64.o/libtcl8.5.so(+0x76875) [0x7f312b0c4875]
/opt/xilinx/Vivado/2019.2/lib/lnx64.o/libtcl8.5.so(TclObjInterpProcCore+0x420) [0x7f312b105df0]
/opt/xilinx/Vivado/2019.2/lib/lnx64.o/libtcl8.5.so(+0x334af) [0x7f312b0814af]
/opt/xilinx/Vivado/2019.2/lib/lnx64.o/libtcl8.5.so(+0x76875) [0x7f312b0c4875]
/opt/xilinx/Vivado/2019.2/lib/lnx64.o/libtcl8.5.so(+0x7e029) [0x7f312b0cc029]
/opt/xilinx/Vivado/2019.2/lib/lnx64.o/libtcl8.5.so(TclEvalObjEx+0x76) [0x7f312b083156]
/opt/xilinx/Vivado/2019.2/lib/lnx64.o/librdi_commontasks.so(+0x294b57) [0x7f3111b05b57]
/opt/xilinx/Vivado/2019.2/lib/lnx64.o/libtcl8.5.so(+0x334af) [0x7f312b0814af]
/opt/xilinx/Vivado/2019.2/lib/lnx64.o/libtcl8.5.so(+0x76875) [0x7f312b0c4875]
/opt/xilinx/Vivado/2019.2/lib/lnx64.o/libtcl8.5.so(Tcl_ExprObj+0xf8) [0x7f312b0cbc08]
/opt/xilinx/Vivado/2019.2/lib/lnx64.o/libtcl8.5.so(Tcl_ExprBooleanObj+0x16) [0x7f312b081e96]
/opt/xilinx/Vivado/2019.2/lib/lnx64.o/libtcl8.5.so(+0x3e6de) [0x7f312b08c6de]
/opt/xilinx/Vivado/2019.2/lib/lnx64.o/libtcl8.5.so(+0x334af) [0x7f312b0814af]
/opt/xilinx/Vivado/2019.2/lib/lnx64.o/libtcl8.5.so(+0x34b38) [0x7f312b082b38]
/opt/xilinx/Vivado/2019.2/lib/lnx64.o/libtcl8.5.so(Tcl_EvalEx+0x13) [0x7f312b0830a3]
/opt/xilinx/Vivado/2019.2/lib/lnx64.o/libtcl8.5.so(Tcl_Eval+0x15) [0x7f312b0830c5]
/opt/xilinx/Vivado/2019.2/lib/lnx64.o/libhls_main.so(+0xae482) [0x7f3119d93482]
/opt/xilinx/Vivado/2019.2/lib/lnx64.o/libhls_support.so(xpcl::TclCommand::callbackInternal(int, Tcl_Obj* const*)+0x24c) [0x7f31130d68ac]
/opt/xilinx/Vivado/2019.2/lib/lnx64.o/libhls_support.so(xpcl::TclCommand::callback(int, Tcl_Obj* const*)+0x2b) [0x7f31130dbceb]
/opt/xilinx/Vivado/2019.2/lib/lnx64.o/libtcl8.5.so(+0x334af) [0x7f312b0814af]
/opt/xilinx/Vivado/2019.2/lib/lnx64.o/libtcl8.5.so(+0x76875) [0x7f312b0c4875]
/opt/xilinx/Vivado/2019.2/lib/lnx64.o/libtcl8.5.so(TclObjInterpProcCore+0x420) [0x7f312b105df0]
/opt/xilinx/Vivado/2019.2/lib/lnx64.o/libtcl8.5.so(+0x334af) [0x7f312b0814af]
/opt/xilinx/Vivado/2019.2/lib/lnx64.o/libtcl8.5.so(+0x76875) [0x7f312b0c4875]
/opt/xilinx/Vivado/2019.2/lib/lnx64.o/libtcl8.5.so(+0x7e029) [0x7f312b0cc029]
/opt/xilinx/Vivado/2019.2/lib/lnx64.o/libtcl8.5.so(TclEvalObjEx+0x76) [0x7f312b083156]
/opt/xilinx/Vivado/2019.2/lib/lnx64.o/librdi_commontasks.so(+0x294b57) [0x7f3111b05b57]
/opt/xilinx/Vivado/2019.2/lib/lnx64.o/libtcl8.5.so(+0x334af) [0x7f312b0814af]
/opt/xilinx/Vivado/2019.2/lib/lnx64.o/libtcl8.5.so(+0x76875) [0x7f312b0c4875]
/opt/xilinx/Vivado/2019.2/lib/lnx64.o/libtcl8.5.so(Tcl_ExprObj+0xf8) [0x7f312b0cbc08]
/opt/xilinx/Vivado/2019.2/lib/lnx64.o/libtcl8.5.so(Tcl_ExprBooleanObj+0x16) [0x7f312b081e96]
/opt/xilinx/Vivado/2019.2/lib/lnx64.o/libtcl8.5.so(+0x3e6de) [0x7f312b08c6de]
/opt/xilinx/Vivado/2019.2/lib/lnx64.o/libtcl8.5.so(+0x334af) [0x7f312b0814af]
/opt/xilinx/Vivado/2019.2/lib/lnx64.o/libtcl8.5.so(+0x34b38) [0x7f312b082b38]
/opt/xilinx/Vivado/2019.2/lib/lnx64.o/libtcl8.5.so(Tcl_EvalEx+0x13) [0x7f312b0830a3]
/opt/xilinx/Vivado/2019.2/lib/lnx64.o/libtcl8.5.so(Tcl_Eval+0x15) [0x7f312b0830c5]
/opt/xilinx/Vivado/2019.2/lib/lnx64.o/libhls_main.so(+0xae482) [0x7f3119d93482]
/opt/xilinx/Vivado/2019.2/lib/lnx64.o/libhls_support.so(xpcl::TclCommand::callbackInternal(int, Tcl_Obj* const*)+0x24c) [0x7f31130d68ac]
/opt/xilinx/Vivado/2019.2/lib/lnx64.o/libhls_support.so(xpcl::TclCommand::callback(int, Tcl_Obj* const*)+0x2b) [0x7f31130dbceb]
/opt/xilinx/Vivado/2019.2/lib/lnx64.o/libtcl8.5.so(+0x334af) [0x7f312b0814af]
/opt/xilinx/Vivado/2019.2/lib/lnx64.o/libtcl8.5.so(+0x76875) [0x7f312b0c4875]
/opt/xilinx/Vivado/2019.2/lib/lnx64.o/libtcl8.5.so(TclObjInterpProcCore+0x420) [0x7f312b105df0]
/opt/xilinx/Vivado/2019.2/lib/lnx64.o/libtcl8.5.so(+0x334af) [0x7f312b0814af]
/opt/xilinx/Vivado/2019.2/lib/lnx64.o/libtcl8.5.so(+0x76875) [0x7f312b0c4875]
/opt/xilinx/Vivado/2019.2/lib/lnx64.o/libtcl8.5.so(+0x7e029) [0x7f312b0cc029]
/opt/xilinx/Vivado/2019.2/lib/lnx64.o/libtcl8.5.so(TclEvalObjEx+0x76) [0x7f312b083156]
/opt/xilinx/Vivado/2019.2/lib/lnx64.o/librdi_commontasks.so(+0x294b57) [0x7f3111b05b57]
/opt/xilinx/Vivado/2019.2/lib/lnx64.o/libtcl8.5.so(+0x334af) [0x7f312b0814af]
/opt/xilinx/Vivado/2019.2/lib/lnx64.o/libtcl8.5.so(+0x76875) [0x7f312b0c4875]
/opt/xilinx/Vivado/2019.2/lib/lnx64.o/libtcl8.5.so(Tcl_ExprObj+0xf8) [0x7f312b0cbc08]
/opt/xilinx/Vivado/2019.2/lib/lnx64.o/libtcl8.5.so(Tcl_ExprBooleanObj+0x16) [0x7f312b081e96]
/opt/xilinx/Vivado/2019.2/lib/lnx64.o/libtcl8.5.so(+0x3e6de) [0x7f312b08c6de]
/opt/xilinx/Vivado/2019.2/lib/lnx64.o/libtcl8.5.so(+0x334af) [0x7f312b0814af]
/opt/xilinx/Vivado/2019.2/lib/lnx64.o/libtcl8.5.so(+0x34b38) [0x7f312b082b38]
/opt/xilinx/Vivado/2019.2/lib/lnx64.o/libtcl8.5.so(Tcl_EvalEx+0x13) [0x7f312b0830a3]
/opt/xilinx/Vivado/2019.2/lib/lnx64.o/libtcl8.5.so(Tcl_Eval+0x15) [0x7f312b0830c5]
/opt/xilinx/Vivado/2019.2/lib/lnx64.o/libhls_main.so(+0xae482) [0x7f3119d93482]
/opt/xilinx/Vivado/2019.2/lib/lnx64.o/libhls_support.so(xpcl::TclCommand::callbackInternal(int, Tcl_Obj* const*)+0x24c) [0x7f31130d68ac]
/opt/xilinx/Vivado/2019.2/lib/lnx64.o/libhls_support.so(xpcl::TclCommand::callback(int, Tcl_Obj* const*)+0x2b) [0x7f31130dbceb]
/opt/xilinx/Vivado/2019.2/lib/lnx64.o/libtcl8.5.so(+0x334af) [0x7f312b0814af]
/opt/xilinx/Vivado/2019.2/lib/lnx64.o/libtcl8.5.so(+0x34b38) [0x7f312b082b38]
/opt/xilinx/Vivado/2019.2/lib/lnx64.o/libtcl8.5.so(Tcl_EvalEx+0x13) [0x7f312b0830a3]
/opt/xilinx/Vivado/2019.2/lib/lnx64.o/libtcl8.5.so(Tcl_FSEvalFileEx+0x1da) [0x7f312b0e7c5a]
/opt/xilinx/Vivado/2019.2/lib/lnx64.o/libhls_main.so(ApSourceTclFile(std::__cxx11::basic_string<char, std::char_traits<char>, std::allocator<char> > const&, char const*)+0x77) [0x7f3119d87057]
/opt/xilinx/Vivado/2019.2/lib/lnx64.o/libhls_main.so(+0xa7e89) [0x7f3119d8ce89]
/opt/xilinx/Vivado/2019.2/lib/lnx64.o/libhls_support.so(xpcl::TclCommand::callbackInternal(int, Tcl_Obj* const*)+0x24c) [0x7f31130d68ac]
/opt/xilinx/Vivado/2019.2/lib/lnx64.o/libhls_support.so(xpcl::TclCommand::callback(int, Tcl_Obj* const*)+0x2b) [0x7f31130dbceb]
/opt/xilinx/Vivado/2019.2/lib/lnx64.o/libtcl8.5.so(+0x334af) [0x7f312b0814af]
/opt/xilinx/Vivado/2019.2/lib/lnx64.o/libtcl8.5.so(Tcl_EvalObjv+0x32) [0x7f312b0815e2]
/opt/xilinx/Vivado/2019.2/lib/lnx64.o/libtcl8.5.so(TclEvalObjEx+0x322) [0x7f312b083402]
/opt/xilinx/Vivado/2019.2/lib/lnx64.o/libtcl8.5.so(+0xb7557) [0x7f312b105557]
/opt/xilinx/Vivado/2019.2/lib/lnx64.o/libtcl8.5.so(+0x334af) [0x7f312b0814af]
/opt/xilinx/Vivado/2019.2/lib/lnx64.o/libtcl8.5.so(+0x76875) [0x7f312b0c4875]
/opt/xilinx/Vivado/2019.2/lib/lnx64.o/libtcl8.5.so(+0x7e029) [0x7f312b0cc029]
/opt/xilinx/Vivado/2019.2/lib/lnx64.o/libtcl8.5.so(TclEvalObjEx+0x76) [0x7f312b083156]
/opt/xilinx/Vivado/2019.2/lib/lnx64.o/librdi_commontasks.so(+0x294b57) [0x7f3111b05b57]
/opt/xilinx/Vivado/2019.2/lib/lnx64.o/libtcl8.5.so(+0x334af) [0x7f312b0814af]
/opt/xilinx/Vivado/2019.2/lib/lnx64.o/libtcl8.5.so(+0x76875) [0x7f312b0c4875]
/opt/xilinx/Vivado/2019.2/lib/lnx64.o/libtcl8.5.so(+0x7e029) [0x7f312b0cc029]
/opt/xilinx/Vivado/2019.2/lib/lnx64.o/libtcl8.5.so(TclEvalObjEx+0x76) [0x7f312b083156]
/opt/xilinx/Vivado/2019.2/lib/lnx64.o/librdi_commontasks.so(+0x2959b2) [0x7f3111b069b2]
/opt/xilinx/Vivado/2019.2/lib/lnx64.o/libtcl8.5.so(+0x334af) [0x7f312b0814af]
/opt/xilinx/Vivado/2019.2/lib/lnx64.o/libtcl8.5.so(+0x76875) [0x7f312b0c4875]
/opt/xilinx/Vivado/2019.2/lib/lnx64.o/libtcl8.5.so(TclObjInterpProcCore+0x420) [0x7f312b105df0]
/opt/xilinx/Vivado/2019.2/lib/lnx64.o/libtcl8.5.so(+0x334af) [0x7f312b0814af]
/opt/xilinx/Vivado/2019.2/lib/lnx64.o/libtcl8.5.so(+0x76875) [0x7f312b0c4875]
/opt/xilinx/Vivado/2019.2/lib/lnx64.o/libtcl8.5.so(TclObjInterpProcCore+0x420) [0x7f312b105df0]
/opt/xilinx/Vivado/2019.2/lib/lnx64.o/libtcl8.5.so(+0x334af) [0x7f312b0814af]
/opt/xilinx/Vivado/2019.2/lib/lnx64.o/libtcl8.5.so(+0x76875) [0x7f312b0c4875]
/opt/xilinx/Vivado/2019.2/lib/lnx64.o/libtcl8.5.so(+0x7e029) [0x7f312b0cc029]
/opt/xilinx/Vivado/2019.2/lib/lnx64.o/libtcl8.5.so(TclEvalObjEx+0x76) [0x7f312b083156]
/opt/xilinx/Vivado/2019.2/lib/lnx64.o/librdi_commontasks.so(+0x294b57) [0x7f3111b05b57]
/opt/xilinx/Vivado/2019.2/lib/lnx64.o/libtcl8.5.so(+0x334af) [0x7f312b0814af]
/opt/xilinx/Vivado/2019.2/lib/lnx64.o/libtcl8.5.so(+0x76875) [0x7f312b0c4875]
/opt/xilinx/Vivado/2019.2/lib/lnx64.o/libtcl8.5.so(Tcl_ExprObj+0xf8) [0x7f312b0cbc08]
/opt/xilinx/Vivado/2019.2/lib/lnx64.o/libtcl8.5.so(Tcl_ExprBooleanObj+0x16) [0x7f312b081e96]
/opt/xilinx/Vivado/2019.2/lib/lnx64.o/libtcl8.5.so(+0x3e6de) [0x7f312b08c6de]
/opt/xilinx/Vivado/2019.2/lib/lnx64.o/libtcl8.5.so(+0x334af) [0x7f312b0814af]
/opt/xilinx/Vivado/2019.2/lib/lnx64.o/libtcl8.5.so(+0x34b38) [0x7f312b082b38]
/opt/xilinx/Vivado/2019.2/lib/lnx64.o/libtcl8.5.so(Tcl_EvalEx+0x13) [0x7f312b0830a3]
/opt/xilinx/Vivado/2019.2/lib/lnx64.o/libtcl8.5.so(Tcl_Eval+0x15) [0x7f312b0830c5]
/opt/xilinx/Vivado/2019.2/lib/lnx64.o/libhls_main.so(+0xae482) [0x7f3119d93482]
/opt/xilinx/Vivado/2019.2/lib/lnx64.o/libhls_support.so(xpcl::TclCommand::callbackInternal(int, Tcl_Obj* const*)+0x24c) [0x7f31130d68ac]
/opt/xilinx/Vivado/2019.2/lib/lnx64.o/libhls_support.so(xpcl::TclCommand::callback(int, Tcl_Obj* const*)+0x2b) [0x7f31130dbceb]
/opt/xilinx/Vivado/2019.2/lib/lnx64.o/libtcl8.5.so(+0x334af) [0x7f312b0814af]
/opt/xilinx/Vivado/2019.2/lib/lnx64.o/libtcl8.5.so(+0x34b38) [0x7f312b082b38]
/opt/xilinx/Vivado/2019.2/lib/lnx64.o/libtcl8.5.so(Tcl_EvalEx+0x13) [0x7f312b0830a3]
/opt/xilinx/Vivado/2019.2/lib/lnx64.o/libtcl8.5.so(TclEvalObjEx+0x1e0) [0x7f312b0832c0]
/opt/xilinx/Vivado/2019.2/lib/lnx64.o/libtcl8.5.so(+0x3b375) [0x7f312b089375]
/opt/xilinx/Vivado/2019.2/lib/lnx64.o/libtcl8.5.so(+0x334af) [0x7f312b0814af]
/opt/xilinx/Vivado/2019.2/lib/lnx64.o/libtcl8.5.so(+0x76875) [0x7f312b0c4875]
/opt/xilinx/Vivado/2019.2/lib/lnx64.o/libtcl8.5.so(+0x7e029) [0x7f312b0cc029]
/opt/xilinx/Vivado/2019.2/lib/lnx64.o/libtcl8.5.so(TclEvalObjEx+0x76) [0x7f312b083156]
/opt/xilinx/Vivado/2019.2/lib/lnx64.o/librdi_commontasks.so(+0x294b57) [0x7f3111b05b57]
/opt/xilinx/Vivado/2019.2/lib/lnx64.o/libtcl8.5.so(+0x334af) [0x7f312b0814af]
/opt/xilinx/Vivado/2019.2/lib/lnx64.o/libtcl8.5.so(+0x76875) [0x7f312b0c4875]
/opt/xilinx/Vivado/2019.2/lib/lnx64.o/libtcl8.5.so(TclObjInterpProcCore+0x420) [0x7f312b105df0]
/opt/xilinx/Vivado/2019.2/lib/lnx64.o/libtcl8.5.so(+0x334af) [0x7f312b0814af]
/opt/xilinx/Vivado/2019.2/lib/lnx64.o/libtcl8.5.so(+0x76875) [0x7f312b0c4875]
/opt/xilinx/Vivado/2019.2/lib/lnx64.o/libtcl8.5.so(TclObjInterpProcCore+0x420) [0x7f312b105df0]
/opt/xilinx/Vivado/2019.2/lib/lnx64.o/libtcl8.5.so(+0x334af) [0x7f312b0814af]
/opt/xilinx/Vivado/2019.2/lib/lnx64.o/libtcl8.5.so(+0x34b38) [0x7f312b082b38]
/opt/xilinx/Vivado/2019.2/lib/lnx64.o/libtcl8.5.so(Tcl_EvalEx+0x13) [0x7f312b0830a3]
/opt/xilinx/Vivado/2019.2/lib/lnx64.o/libtcl8.5.so(Tcl_Eval+0x15) [0x7f312b0830c5]
/opt/xilinx/Vivado/2019.2/lib/lnx64.o/libhls_support.so(+0x71b74) [0x7f31130d3b74]
/opt/xilinx/Vivado/2019.2/lib/lnx64.o/libhls_support.so(xpcl::TclManager::tclMain(Tcl_Interp*)+0xc) [0x7f31130d3c6c]
/opt/xilinx/Vivado/2019.2/lib/lnx64.o/librdi_hlstasks.so(+0xf2ef) [0x7f311a1ed2ef]
/opt/xilinx/Vivado/2019.2/lib/lnx64.o/librdi_common.so(+0x86eca2) [0x7f3130c08ca2]
/opt/xilinx/Vivado/2019.2/lib/lnx64.o/libtcl8.5.so(+0x334af) [0x7f312b0814af]
/opt/xilinx/Vivado/2019.2/lib/lnx64.o/libtcl8.5.so(+0x34b38) [0x7f312b082b38]
/opt/xilinx/Vivado/2019.2/lib/lnx64.o/libtcl8.5.so(Tcl_EvalEx+0x13) [0x7f312b0830a3]
/opt/xilinx/Vivado/2019.2/lib/lnx64.o/libtcl8.5.so(TclEvalObjEx+0x3cf) [0x7f312b0834af]
/opt/xilinx/Vivado/2019.2/lib/lnx64.o/libtcl8.5.so(+0xb74a9) [0x7f312b1054a9]
/opt/xilinx/Vivado/2019.2/lib/lnx64.o/libtcl8.5.so(+0x334af) [0x7f312b0814af]
/opt/xilinx/Vivado/2019.2/lib/lnx64.o/libtcl8.5.so(+0x76875) [0x7f312b0c4875]
/opt/xilinx/Vivado/2019.2/lib/lnx64.o/libtcl8.5.so(TclObjInterpProcCore+0x420) [0x7f312b105df0]
/opt/xilinx/Vivado/2019.2/lib/lnx64.o/libtcl8.5.so(+0x334af) [0x7f312b0814af]
/opt/xilinx/Vivado/2019.2/lib/lnx64.o/libtcl8.5.so(+0x76875) [0x7f312b0c4875]
/opt/xilinx/Vivado/2019.2/lib/lnx64.o/libtcl8.5.so(+0x7e029) [0x7f312b0cc029]
/opt/xilinx/Vivado/2019.2/lib/lnx64.o/libtcl8.5.so(TclEvalObjEx+0x76) [0x7f312b083156]
/opt/xilinx/Vivado/2019.2/lib/lnx64.o/librdi_commontasks.so(+0x294bf4) [0x7f3111b05bf4]
/opt/xilinx/Vivado/2019.2/lib/lnx64.o/libtcl8.5.so(+0x334af) [0x7f312b0814af]
/opt/xilinx/Vivado/2019.2/lib/lnx64.o/libtcl8.5.so(+0x34b38) [0x7f312b082b38]
/opt/xilinx/Vivado/2019.2/lib/lnx64.o/libtcl8.5.so(+0xad486) [0x7f312b0fb486]
/opt/xilinx/Vivado/2019.2/lib/lnx64.o/libtcl8.5.so(+0x346c5) [0x7f312b0826c5]
/opt/xilinx/Vivado/2019.2/lib/lnx64.o/libtcl8.5.so(Tcl_EvalEx+0x13) [0x7f312b0830a3]
/opt/xilinx/Vivado/2019.2/lib/lnx64.o/libtcl8.5.so(Tcl_FSEvalFileEx+0x1da) [0x7f312b0e7c5a]
/opt/xilinx/Vivado/2019.2/lib/lnx64.o/librdi_commontasks.so(+0x2b1d8d) [0x7f3111b22d8d]
/opt/xilinx/Vivado/2019.2/lib/lnx64.o/librdi_common.so(+0x86eca2) [0x7f3130c08ca2]
/opt/xilinx/Vivado/2019.2/lib/lnx64.o/libtcl8.5.so(+0x334af) [0x7f312b0814af]
/opt/xilinx/Vivado/2019.2/lib/lnx64.o/libtcl8.5.so(Tcl_EvalObjv+0x32) [0x7f312b0815e2]
/opt/xilinx/Vivado/2019.2/lib/lnx64.o/libtcl8.5.so(TclEvalObjEx+0x322) [0x7f312b083402]
/opt/xilinx/Vivado/2019.2/lib/lnx64.o/librdi_commontasks.so(+0x2de870) [0x7f3111b4f870]
/opt/xilinx/Vivado/2019.2/lib/lnx64.o/librdi_commontasks.so(+0x2e011e) [0x7f3111b5111e]
/opt/xilinx/Vivado/2019.2/lib/lnx64.o/librdi_common.so(+0x86eca2) [0x7f3130c08ca2]
/opt/xilinx/Vivado/2019.2/lib/lnx64.o/libtcl8.5.so(+0x334af) [0x7f312b0814af]
/opt/xilinx/Vivado/2019.2/lib/lnx64.o/libtcl8.5.so(Tcl_EvalObjv+0x32) [0x7f312b0815e2]
/opt/xilinx/Vivado/2019.2/lib/lnx64.o/libtcl8.5.so(TclEvalObjEx+0x322) [0x7f312b083402]
/opt/xilinx/Vivado/2019.2/lib/lnx64.o/librdi_commonmain.so(+0x7af3) [0x7f3130193af3]
/opt/xilinx/Vivado/2019.2/lib/lnx64.o/libtcl8.5.so(Tcl_Main+0x1d0) [0x7f312b0ee210]
/opt/xilinx/Vivado/2019.2/lib/lnx64.o/librdi_common.so(+0x8b30cb) [0x7f3130c4d0cb]
/lib64/libpthread.so.0(+0x81ca) [0x7f31290281ca]
/lib64/libc.so.6(clone+0x43) [0x7f312f8598d3]
