
****** Vivado(TM) HLS - High-Level Synthesis from C, C++ and SystemC v2019.2 (64-bit)
  **** SW Build 2708876 on Wed Nov  6 21:39:14 MST 2019
  **** IP Build 2700528 on Thu Nov  7 00:09:20 MST 2019
    ** Copyright 1986-2019 Xilinx, Inc. All Rights Reserved.

source /opt/xilinx/Vivado/2019.2/scripts/vivado_hls/hls.tcl -notrace
INFO: Applying HLS Y2K22 patch v1.2 for IP revision
INFO: [HLS 200-10] Running '/opt/xilinx/Vivado/2019.2/bin/unwrapped/lnx64.o/vivado_hls'
INFO: [HLS 200-10] For user 'vml37' on host 'en-ec-rhel-ecelinux-02.coecis.cornell.edu' (Linux_x86_64 version 4.18.0-553.27.1.el8_10.x86_64) on Thu Nov 21 20:49:15 EST 2024
INFO: [HLS 200-10] On os "Red Hat Enterprise Linux release 8.10 (Ootpa)"
INFO: [HLS 200-10] In directory '/home/vml37/ece6775/hls-bitcoin-miner/ecelinux'
Sourcing Tcl script 'run.tcl'
INFO: [HLS 200-10] Opening and resetting project '/home/vml37/ece6775/hls-bitcoin-miner/ecelinux/sha.prj'.
INFO: [HLS 200-10] Adding design file 'miner.cpp' to the project
INFO: [HLS 200-10] Adding design file 'util.cpp' to the project
INFO: [HLS 200-10] Adding design file 'sha256.cpp' to the project
INFO: [HLS 200-10] Adding design file 'dut.cpp' to the project
INFO: [HLS 200-10] Adding test bench file 'main_tb.cpp' to the project
INFO: [HLS 200-10] Opening and resetting solution '/home/vml37/ece6775/hls-bitcoin-miner/ecelinux/sha.prj/solution1'.
INFO: [HLS 200-10] Cleaning up the solution database.
INFO: [HLS 200-10] Setting target device to 'xc7z020-clg484-1'
INFO: [SYN 201-201] Setting up clock 'default' with a period of 10ns.
INFO: [SIM 211-2] *************** CSIM start ***************
INFO: [SIM 211-4] CSIM will launch GCC as the compiler.
   Compiling ../../../../main_tb.cpp in release mode
   Compiling ../../../../dut.cpp in release mode
   Compiling ../../../../sha256.cpp in release mode
   Compiling ../../../../util.cpp in release mode
   Compiling ../../../../miner.cpp in release mode
   Generating csim.exe
Block solved! Nonce: 0x0a006
Block hash:
8 hash : 0x44ba8dd2
7 hash : 0x28acb1c8
6 hash : 0x7bd608f
5 hash : 0x65c2ca38
4 hash : 0x81d6ee43
3 hash : 0x9a70a32e
2 hash : 0xdaddd519
1 hash : 0x5ab5
SHA-256 Test        :      1 calls; 40854.344 msecs total time
INFO: [SIM 211-1] CSim done with 0 errors.
INFO: [SIM 211-3] *************** CSIM finish ***************
INFO: [SCHED 204-61] Option 'relax_ii_for_timing' is enabled, will increase II to preserve clock frequency constraints.
INFO: [HLS 200-10] Analyzing design file 'dut.cpp' ... 
INFO: [HLS 200-10] Analyzing design file 'sha256.cpp' ... 
INFO: [HLS 200-10] Analyzing design file 'util.cpp' ... 
INFO: [HLS 200-10] Analyzing design file 'miner.cpp' ... 
INFO: [HLS 200-111] Finished Linking Time (s): cpu = 00:01:13 ; elapsed = 00:01:16 . Memory (MB): peak = 1168.148 ; gain = 530.125 ; free physical = 1685 ; free virtual = 20012
INFO: [HLS 200-111] Finished Checking Pragmas Time (s): cpu = 00:01:13 ; elapsed = 00:01:16 . Memory (MB): peak = 1168.148 ; gain = 530.125 ; free physical = 1685 ; free virtual = 20012
INFO: [HLS 200-10] Starting code transformations ...
INFO: [HLS 200-111] Finished Standard Transforms Time (s): cpu = 00:01:13 ; elapsed = 00:01:17 . Memory (MB): peak = 1168.148 ; gain = 530.125 ; free physical = 1666 ; free virtual = 19996
INFO: [HLS 200-10] Checking synthesizability ...
INFO: [XFORM 203-602] Inlining function 'Ch' into 'hash1.1' (sha256.cpp:129) automatically.
INFO: [XFORM 203-602] Inlining function 'Maj' into 'hash1.1' (sha256.cpp:130) automatically.
INFO: [XFORM 203-602] Inlining function 'Sig0f' into 'hash1.1' (sha256.cpp:131) automatically.
INFO: [XFORM 203-602] Inlining function 'Sig1f' into 'hash1.1' (sha256.cpp:132) automatically.
INFO: [XFORM 203-602] Inlining function 'sig1' into 'hash1.1' (sha256.cpp:137) automatically.
INFO: [XFORM 203-602] Inlining function 'sig0' into 'hash1.1' (sha256.cpp:137) automatically.
INFO: [XFORM 203-602] Inlining function 'Ch' into 'hash1' (sha256.cpp:129) automatically.
INFO: [XFORM 203-602] Inlining function 'Maj' into 'hash1' (sha256.cpp:130) automatically.
INFO: [XFORM 203-602] Inlining function 'Sig0f' into 'hash1' (sha256.cpp:131) automatically.
INFO: [XFORM 203-602] Inlining function 'Sig1f' into 'hash1' (sha256.cpp:132) automatically.
INFO: [XFORM 203-602] Inlining function 'sig1' into 'hash1' (sha256.cpp:137) automatically.
INFO: [XFORM 203-602] Inlining function 'sig0' into 'hash1' (sha256.cpp:137) automatically.
INFO: [XFORM 203-602] Inlining function 'hashblock' into 'mineblock' (miner.cpp:204) automatically.
INFO: [HLS 200-111] Finished Checking Synthesizability Time (s): cpu = 00:01:14 ; elapsed = 00:01:17 . Memory (MB): peak = 1168.828 ; gain = 530.805 ; free physical = 1648 ; free virtual = 19980
INFO: [XFORM 203-502] Unrolling small iteration loop 'Loop-1' (dut.cpp:31) in function 'dut' automatically.
INFO: [XFORM 203-502] Unrolling small iteration loop 'Loop-4' (dut.cpp:49) in function 'dut' automatically.
INFO: [XFORM 203-502] Unrolling small iteration loop 'Loop-5' (dut.cpp:55) in function 'dut' automatically.
INFO: [HLS 200-489] Unrolling loop 'Loop-1' (dut.cpp:31) in function 'dut' completely with a factor of 1.
INFO: [HLS 200-489] Unrolling loop 'Loop-4' (dut.cpp:49) in function 'dut' completely with a factor of 1.
INFO: [HLS 200-489] Unrolling loop 'Loop-5' (dut.cpp:55) in function 'dut' completely with a factor of 1.
INFO: [XFORM 203-102] Partitioning array 'version.V' (dut.cpp:30) automatically.
INFO: [XFORM 203-102] Partitioning array 'time.V' (dut.cpp:48) automatically.
INFO: [XFORM 203-102] Partitioning array 'nbits.V' (dut.cpp:54) automatically.
INFO: [XFORM 203-602] Inlining function 'rotateInt' into 'sig1' (sha256.cpp:51) automatically.
INFO: [XFORM 203-602] Inlining function 'rotateInt' into 'sig0' (sha256.cpp:46) automatically.
INFO: [XFORM 203-602] Inlining function 'Ch' into 'hash1.1' (sha256.cpp:129) automatically.
INFO: [XFORM 203-602] Inlining function 'Maj' into 'hash1.1' (sha256.cpp:130) automatically.
INFO: [XFORM 203-602] Inlining function 'Sig0f' into 'hash1.1' (sha256.cpp:131) automatically.
INFO: [XFORM 203-602] Inlining function 'Sig1f' into 'hash1.1' (sha256.cpp:132) automatically.
INFO: [XFORM 203-602] Inlining function 'sig1' into 'hash1.1' (sha256.cpp:137) automatically.
INFO: [XFORM 203-602] Inlining function 'sig0' into 'hash1.1' (sha256.cpp:137) automatically.
INFO: [XFORM 203-602] Inlining function 'Ch' into 'hash1' (sha256.cpp:129) automatically.
INFO: [XFORM 203-602] Inlining function 'Maj' into 'hash1' (sha256.cpp:130) automatically.
INFO: [XFORM 203-602] Inlining function 'Sig0f' into 'hash1' (sha256.cpp:131) automatically.
INFO: [XFORM 203-602] Inlining function 'Sig1f' into 'hash1' (sha256.cpp:132) automatically.
INFO: [XFORM 203-602] Inlining function 'sig1' into 'hash1' (sha256.cpp:137) automatically.
INFO: [XFORM 203-602] Inlining function 'sig0' into 'hash1' (sha256.cpp:137) automatically.
INFO: [XFORM 203-602] Inlining function 'hashblock' into 'mineblock' (miner.cpp:204) automatically.
WARNING: [ANALYSIS 214-31] The program may have out of bound access of array variable 'input.V' in function 'hash1.1' (sha256.cpp:80:9).
WARNING: [ANALYSIS 214-31] The program may have out of bound access of array variable 'M.V' in function 'hash1.1' (sha256.cpp:135:17).
WARNING: [ANALYSIS 214-31] The program may have out of bound access of array variable 'input.V' in function 'hash1' (sha256.cpp:80:9).
WARNING: [ANALYSIS 214-31] The program may have out of bound access of array variable 'M.V' in function 'hash1' (sha256.cpp:135:17).
INFO: [XFORM 203-401] Performing if-conversion on hyperblock to (sha256.cpp:21:12) in function 'rotateInt'... converting 4 basic blocks.
INFO: [XFORM 203-602] Inlining function 'rotateInt' into 'hash1.1' (sha256.cpp:36->sha256.cpp:131) automatically.
INFO: [XFORM 203-602] Inlining function 'rotateInt' into 'hash1' (sha256.cpp:36->sha256.cpp:131) automatically.
INFO: [XFORM 203-11] Balancing expressions in function 'hash1.1' (sha256.cpp:16:32)...10 expression(s) balanced.
INFO: [XFORM 203-11] Balancing expressions in function 'hash1' (sha256.cpp:54)...10 expression(s) balanced.
INFO: [HLS 200-111] Finished Pre-synthesis Time (s): cpu = 00:01:14 ; elapsed = 00:01:18 . Memory (MB): peak = 1168.828 ; gain = 530.805 ; free physical = 1606 ; free virtual = 19940
INFO: [HLS 200-472] Inferring partial write operation for 'blockheader.V' (miner.cpp:156:5)
INFO: [HLS 200-472] Inferring partial write operation for 'blockheader.V' (miner.cpp:160:9)
INFO: [HLS 200-472] Inferring partial write operation for 'blockheader.V' (miner.cpp:165:9)
INFO: [HLS 200-472] Inferring partial write operation for 'blockheader.V' (miner.cpp:169:5)
INFO: [HLS 200-472] Inferring partial write operation for 'blockheader.V' (miner.cpp:172:5)
INFO: [HLS 200-472] Inferring partial write operation for 'blockheader.V' (miner.cpp:201:9)
INFO: [HLS 200-472] Inferring partial write operation for 'agg.result.hash.V' (miner.cpp:214:21)
INFO: [HLS 200-472] Inferring partial write operation for 'message.V' (sha256.cpp:80:9)
INFO: [HLS 200-472] Inferring partial write operation for 'message.V' (sha256.cpp:85:9)
INFO: [HLS 200-472] Inferring partial write operation for 'message.V' (sha256.cpp:98:9)
INFO: [HLS 200-472] Inferring partial write operation for 'M.V' (sha256.cpp:106:13)
INFO: [HLS 200-472] Inferring partial write operation for 'H.V' (sha256.cpp:111:9)
INFO: [HLS 200-472] Inferring partial write operation for 'W.V' (sha256.cpp:135:17)
INFO: [HLS 200-472] Inferring partial write operation for 'W.V' (sha256.cpp:137:48)
INFO: [HLS 200-472] Inferring partial write operation for 'H.V' (sha256.cpp:151:19)
INFO: [HLS 200-472] Inferring partial write operation for 'H.V' (sha256.cpp:152:19)
INFO: [HLS 200-472] Inferring partial write operation for 'H.V' (sha256.cpp:153:19)
INFO: [HLS 200-472] Inferring partial write operation for 'H.V' (sha256.cpp:154:19)
INFO: [HLS 200-472] Inferring partial write operation for 'H.V' (sha256.cpp:155:19)
INFO: [HLS 200-472] Inferring partial write operation for 'H.V' (sha256.cpp:156:19)
INFO: [HLS 200-472] Inferring partial write operation for 'H.V' (sha256.cpp:157:19)
INFO: [HLS 200-472] Inferring partial write operation for 'H.V' (sha256.cpp:158:19)
INFO: [HLS 200-472] Inferring partial write operation for 'outputlocation.V' (sha256.cpp:162:31)
INFO: [HLS 200-472] Inferring partial write operation for 'prevhash.V' (dut.cpp:38:23)
INFO: [HLS 200-472] Inferring partial write operation for 'merkle_root.V' (dut.cpp:44:26)
INFO: [HLS 200-472] Inferring partial write operation for 'output.hash.V' (./typedefs.h:24:9)
INFO: [HLS 200-111] Finished Architecture Synthesis Time (s): cpu = 00:01:15 ; elapsed = 00:01:18 . Memory (MB): peak = 1168.828 ; gain = 530.805 ; free physical = 1576 ; free virtual = 19911
INFO: [HLS 200-10] Starting hardware synthesis ...
INFO: [HLS 200-10] Synthesizing 'dut' ...
WARNING: [SYN 201-103] Legalizing function name 'hash1.1' to 'hash1_1'.
INFO: [HLS 200-10] ----------------------------------------------------------------
INFO: [HLS 200-42] -- Implementing module 'hash1_1' 
INFO: [HLS 200-10] ----------------------------------------------------------------
INFO: [SCHED 204-11] Starting scheduling ...
INFO: [SCHED 204-11] Finished scheduling.
INFO: [HLS 200-111]  Elapsed time: 78.25 seconds; current allocated memory: 209.884 MB.
INFO: [BIND 205-100] Starting micro-architecture generation ...
INFO: [BIND 205-101] Performing variable lifetime analysis.
INFO: [BIND 205-101] Exploring resource sharing.
INFO: [BIND 205-101] Binding ...
INFO: [BIND 205-100] Finished micro-architecture generation.
INFO: [HLS 200-111]  Elapsed time: 0.11 seconds; current allocated memory: 210.899 MB.
INFO: [HLS 200-10] ----------------------------------------------------------------
INFO: [HLS 200-42] -- Implementing module 'hash1' 
INFO: [HLS 200-10] ----------------------------------------------------------------
INFO: [SCHED 204-11] Starting scheduling ...
INFO: [SCHED 204-11] Finished scheduling.
INFO: [HLS 200-111]  Elapsed time: 0.19 seconds; current allocated memory: 211.648 MB.
INFO: [BIND 205-100] Starting micro-architecture generation ...
INFO: [BIND 205-101] Performing variable lifetime analysis.
INFO: [BIND 205-101] Exploring resource sharing.
INFO: [BIND 205-101] Binding ...
INFO: [BIND 205-100] Finished micro-architecture generation.
INFO: [HLS 200-111]  Elapsed time: 0.11 seconds; current allocated memory: 212.662 MB.
INFO: [HLS 200-10] ----------------------------------------------------------------
INFO: [HLS 200-42] -- Implementing module 'mineblock' 
INFO: [HLS 200-10] ----------------------------------------------------------------
INFO: [SCHED 204-11] Starting scheduling ...
INFO: [SCHED 204-11] Finished scheduling.
INFO: [HLS 200-111]  Elapsed time: 0.16 seconds; current allocated memory: 212.919 MB.
INFO: [BIND 205-100] Starting micro-architecture generation ...
INFO: [BIND 205-101] Performing variable lifetime analysis.
INFO: [BIND 205-101] Exploring resource sharing.
INFO: [BIND 205-101] Binding ...
INFO: [BIND 205-100] Finished micro-architecture generation.
INFO: [HLS 200-111]  Elapsed time: 0.11 seconds; current allocated memory: 213.317 MB.
INFO: [HLS 200-10] ----------------------------------------------------------------
INFO: [HLS 200-42] -- Implementing module 'dut' 
INFO: [HLS 200-10] ----------------------------------------------------------------
INFO: [SCHED 204-11] Starting scheduling ...
INFO: [SCHED 204-11] Finished scheduling.
INFO: [HLS 200-111]  Elapsed time: 0.32 seconds; current allocated memory: 213.751 MB.
INFO: [BIND 205-100] Starting micro-architecture generation ...
INFO: [BIND 205-101] Performing variable lifetime analysis.
INFO: [BIND 205-101] Exploring resource sharing.
INFO: [BIND 205-101] Binding ...
INFO: [BIND 205-100] Finished micro-architecture generation.
INFO: [HLS 200-111]  Elapsed time: 0.08 seconds; current allocated memory: 214.064 MB.
INFO: [HLS 200-10] ----------------------------------------------------------------
INFO: [HLS 200-10] -- Generating RTL for module 'hash1_1' 
INFO: [HLS 200-10] ----------------------------------------------------------------
INFO: [RTGEN 206-100] Finished creating RTL model for 'hash1_1'.
INFO: [HLS 200-111]  Elapsed time: 0.18 seconds; current allocated memory: 215.810 MB.
INFO: [HLS 200-10] ----------------------------------------------------------------
INFO: [HLS 200-10] -- Generating RTL for module 'hash1' 
INFO: [HLS 200-10] ----------------------------------------------------------------
INFO: [RTGEN 206-100] Finished creating RTL model for 'hash1'.
INFO: [HLS 200-111]  Elapsed time: 0.34 seconds; current allocated memory: 221.573 MB.
INFO: [HLS 200-10] ----------------------------------------------------------------
INFO: [HLS 200-10] -- Generating RTL for module 'mineblock' 
INFO: [HLS 200-10] ----------------------------------------------------------------
INFO: [SYN 201-210] Renamed object name 'mineblock_difficulty_V' to 'mineblock_difficubkb' due to the length limit 20
INFO: [SYN 201-210] Renamed object name 'mineblock_blockheader_V' to 'mineblock_blockhecud' due to the length limit 20
INFO: [SYN 201-210] Renamed object name 'mineblock_result_V_assign' to 'mineblock_result_dEe' due to the length limit 20
INFO: [RTGEN 206-100] Finished creating RTL model for 'mineblock'.
INFO: [HLS 200-111]  Elapsed time: 0.39 seconds; current allocated memory: 226.315 MB.
INFO: [HLS 200-10] ----------------------------------------------------------------
INFO: [HLS 200-10] -- Generating RTL for module 'dut' 
INFO: [HLS 200-10] ----------------------------------------------------------------
INFO: [RTGEN 206-500] Setting interface mode on port 'dut/strm_in_V_V' to 'ap_fifo'.
INFO: [RTGEN 206-500] Setting interface mode on port 'dut/strm_out_V_V' to 'ap_fifo'.
INFO: [RTGEN 206-500] Setting interface mode on function 'dut' to 'ap_ctrl_hs'.
INFO: [RTGEN 206-100] Finished creating RTL model for 'dut'.
INFO: [HLS 200-111]  Elapsed time: 0.31 seconds; current allocated memory: 228.402 MB.
INFO: [HLS 200-790] **** Loop Constraint Status: All loop constraints were satisfied.
INFO: [HLS 200-789] **** Estimated Fmax: 131.15 MHz
INFO: [RTMG 210-279] Implementing memory 'hash1_1_H_0_V_rom' using distributed ROMs.
INFO: [RTMG 210-279] Implementing memory 'hash1_1_K_rom' using auto ROMs.
INFO: [RTMG 210-278] Implementing memory 'hash1_1_message_V_ram (RAM)' using block RAMs.
INFO: [RTMG 210-278] Implementing memory 'hash1_1_M_V_ram (RAM)' using block RAMs.
INFO: [RTMG 210-278] Implementing memory 'hash1_1_H_V_ram (RAM)' using block RAMs.
INFO: [RTMG 210-278] Implementing memory 'hash1_1_W_V_ram (RAM)' using block RAMs.
INFO: [RTMG 210-279] Implementing memory 'mineblock_difficubkb_rom' using distributed ROMs.
INFO: [RTMG 210-278] Implementing memory 'mineblock_hash0_V_ram (RAM)' using distributed RAMs.
INFO: [RTMG 210-278] Implementing memory 'mineblock_blockhecud_ram (RAM)' using block RAMs.
INFO: [RTMG 210-278] Implementing memory 'dut_prevhash_V_ram (RAM)' using distributed RAMs.
INFO: [HLS 200-111] Finished generating all RTL models Time (s): cpu = 00:01:17 ; elapsed = 00:01:22 . Memory (MB): peak = 1168.828 ; gain = 530.805 ; free physical = 1537 ; free virtual = 19883
INFO: [VHDL 208-304] Generating VHDL RTL for dut.
INFO: [VLOG 209-307] Generating Verilog RTL for dut.
INFO: [HLS 200-112] Total elapsed time: 82.29 seconds; peak allocated memory: 228.402 MB.
INFO: [Common 17-206] Exiting vivado_hls at Thu Nov 21 20:50:37 2024...
