==============================================================
Vivado(TM) HLS - High-Level Synthesis from C, C++ and SystemC v2019.2 (64-bit)
Copyright 1986-2019 Xilinx, Inc. All Rights Reserved.
==============================================================
INFO: [HLS 200-10] Setting target device to 'xc7z020-clg484-1'
INFO: [SYN 201-201] Setting up clock 'default' with a period of 10ns.
INFO: [SIM 211-2] *************** CSIM start ***************
INFO: [SIM 211-4] CSIM will launch GCC as the compiler.
INFO: [SIM 211-1] CSim done with 0 errors.
INFO: [SIM 211-3] *************** CSIM finish ***************
INFO: [SCHED 204-61] Option 'relax_ii_for_timing' is enabled, will increase II to preserve clock frequency constraints.
INFO: [HLS 200-10] Analyzing design file 'dut.cpp' ... 
INFO: [HLS 200-10] Analyzing design file 'sha256.cpp' ... 
INFO: [HLS 200-10] Analyzing design file 'util.cpp' ... 
INFO: [HLS 200-10] Analyzing design file 'miner.cpp' ... 
INFO: [HLS 200-111] Finished Linking Time (s): cpu = 00:00:33 ; elapsed = 00:00:36 . Memory (MB): peak = 1168.148 ; gain = 530.125 ; free physical = 5389 ; free virtual = 19195
INFO: [HLS 200-111] Finished Checking Pragmas Time (s): cpu = 00:00:33 ; elapsed = 00:00:36 . Memory (MB): peak = 1168.148 ; gain = 530.125 ; free physical = 5389 ; free virtual = 19195
INFO: [HLS 200-10] Starting code transformations ...
INFO: [HLS 200-111] Finished Standard Transforms Time (s): cpu = 00:00:33 ; elapsed = 00:00:37 . Memory (MB): peak = 1168.148 ; gain = 530.125 ; free physical = 5370 ; free virtual = 19179
INFO: [HLS 200-10] Checking synthesizability ...
INFO: [XFORM 203-602] Inlining function 'Ch' into 'hash1.1' (sha256.cpp:129) automatically.
INFO: [XFORM 203-602] Inlining function 'Maj' into 'hash1.1' (sha256.cpp:130) automatically.
INFO: [XFORM 203-602] Inlining function 'Sig0f' into 'hash1.1' (sha256.cpp:131) automatically.
INFO: [XFORM 203-602] Inlining function 'Sig1f' into 'hash1.1' (sha256.cpp:132) automatically.
INFO: [XFORM 203-602] Inlining function 'sig1' into 'hash1.1' (sha256.cpp:137) automatically.
INFO: [XFORM 203-602] Inlining function 'sig0' into 'hash1.1' (sha256.cpp:137) automatically.
INFO: [XFORM 203-602] Inlining function 'Ch' into 'hash1' (sha256.cpp:129) automatically.
INFO: [XFORM 203-602] Inlining function 'Maj' into 'hash1' (sha256.cpp:130) automatically.
INFO: [XFORM 203-602] Inlining function 'Sig0f' into 'hash1' (sha256.cpp:131) automatically.
INFO: [XFORM 203-602] Inlining function 'Sig1f' into 'hash1' (sha256.cpp:132) automatically.
INFO: [XFORM 203-602] Inlining function 'sig1' into 'hash1' (sha256.cpp:137) automatically.
INFO: [XFORM 203-602] Inlining function 'sig0' into 'hash1' (sha256.cpp:137) automatically.
INFO: [XFORM 203-602] Inlining function 'hashblock' into 'mineblock' (miner.cpp:65) automatically.
INFO: [HLS 200-111] Finished Checking Synthesizability Time (s): cpu = 00:00:34 ; elapsed = 00:00:37 . Memory (MB): peak = 1168.828 ; gain = 530.805 ; free physical = 5353 ; free virtual = 19163
INFO: [XFORM 203-502] Unrolling small iteration loop 'Loop-1' (dut.cpp:31) in function 'dut' automatically.
INFO: [XFORM 203-502] Unrolling small iteration loop 'Loop-4' (dut.cpp:49) in function 'dut' automatically.
INFO: [XFORM 203-502] Unrolling small iteration loop 'Loop-5' (dut.cpp:55) in function 'dut' automatically.
INFO: [HLS 200-489] Unrolling loop 'Loop-1' (dut.cpp:31) in function 'dut' completely with a factor of 1.
INFO: [HLS 200-489] Unrolling loop 'Loop-4' (dut.cpp:49) in function 'dut' completely with a factor of 1.
INFO: [HLS 200-489] Unrolling loop 'Loop-5' (dut.cpp:55) in function 'dut' completely with a factor of 1.
INFO: [XFORM 203-102] Partitioning array 'version.V' (dut.cpp:30) automatically.
INFO: [XFORM 203-102] Partitioning array 'time.V' (dut.cpp:48) automatically.
INFO: [XFORM 203-102] Partitioning array 'nbits.V' (dut.cpp:54) automatically.
INFO: [XFORM 203-602] Inlining function 'rotateInt' into 'sig1' (sha256.cpp:51) automatically.
INFO: [XFORM 203-602] Inlining function 'rotateInt' into 'sig0' (sha256.cpp:46) automatically.
INFO: [XFORM 203-602] Inlining function 'Ch' into 'hash1.1' (sha256.cpp:129) automatically.
INFO: [XFORM 203-602] Inlining function 'Maj' into 'hash1.1' (sha256.cpp:130) automatically.
INFO: [XFORM 203-602] Inlining function 'Sig0f' into 'hash1.1' (sha256.cpp:131) automatically.
INFO: [XFORM 203-602] Inlining function 'Sig1f' into 'hash1.1' (sha256.cpp:132) automatically.
INFO: [XFORM 203-602] Inlining function 'sig1' into 'hash1.1' (sha256.cpp:137) automatically.
INFO: [XFORM 203-602] Inlining function 'sig0' into 'hash1.1' (sha256.cpp:137) automatically.
INFO: [XFORM 203-602] Inlining function 'Ch' into 'hash1' (sha256.cpp:129) automatically.
INFO: [XFORM 203-602] Inlining function 'Maj' into 'hash1' (sha256.cpp:130) automatically.
INFO: [XFORM 203-602] Inlining function 'Sig0f' into 'hash1' (sha256.cpp:131) automatically.
INFO: [XFORM 203-602] Inlining function 'Sig1f' into 'hash1' (sha256.cpp:132) automatically.
INFO: [XFORM 203-602] Inlining function 'sig1' into 'hash1' (sha256.cpp:137) automatically.
INFO: [XFORM 203-602] Inlining function 'sig0' into 'hash1' (sha256.cpp:137) automatically.
INFO: [XFORM 203-602] Inlining function 'hashblock' into 'mineblock' (miner.cpp:65) automatically.
WARNING: [ANALYSIS 214-31] The program may have out of bound access of array variable 'input.V' in function 'hash1.1' (sha256.cpp:80:9).
WARNING: [ANALYSIS 214-31] The program may have out of bound access of array variable 'M.V' in function 'hash1.1' (sha256.cpp:135:17).
WARNING: [ANALYSIS 214-31] The program may have out of bound access of array variable 'input.V' in function 'hash1' (sha256.cpp:80:9).
WARNING: [ANALYSIS 214-31] The program may have out of bound access of array variable 'M.V' in function 'hash1' (sha256.cpp:135:17).
INFO: [XFORM 203-401] Performing if-conversion on hyperblock to (sha256.cpp:21:12) in function 'rotateInt'... converting 4 basic blocks.
INFO: [XFORM 203-602] Inlining function 'rotateInt' into 'hash1.1' (sha256.cpp:36->sha256.cpp:131) automatically.
INFO: [XFORM 203-602] Inlining function 'rotateInt' into 'hash1' (sha256.cpp:36->sha256.cpp:131) automatically.
INFO: [XFORM 203-11] Balancing expressions in function 'hash1.1' (sha256.cpp:16:32)...10 expression(s) balanced.
INFO: [XFORM 203-11] Balancing expressions in function 'hash1' (sha256.cpp:54)...10 expression(s) balanced.
INFO: [HLS 200-111] Finished Pre-synthesis Time (s): cpu = 00:00:34 ; elapsed = 00:00:38 . Memory (MB): peak = 1168.828 ; gain = 530.805 ; free physical = 5313 ; free virtual = 19125
INFO: [HLS 200-472] Inferring partial write operation for 'blockheader.V' (miner.cpp:29:5)
INFO: [HLS 200-472] Inferring partial write operation for 'blockheader.V' (miner.cpp:33:9)
INFO: [HLS 200-472] Inferring partial write operation for 'blockheader.V' (miner.cpp:38:9)
INFO: [HLS 200-472] Inferring partial write operation for 'blockheader.V' (miner.cpp:42:5)
INFO: [HLS 200-472] Inferring partial write operation for 'blockheader.V' (miner.cpp:45:5)
INFO: [HLS 200-472] Inferring partial write operation for 'blockheader.V' (miner.cpp:62:9)
INFO: [HLS 200-472] Inferring partial write operation for 'result.V' (miner.cpp:63:32)
INFO: [HLS 200-472] Inferring partial write operation for 'hash0.V' (miner.cpp:10:27)
INFO: [HLS 200-472] Inferring partial write operation for 'agg.result.hash.V' (miner.cpp:97:17)
INFO: [HLS 200-472] Inferring partial write operation for 'message.V' (sha256.cpp:77:33)
INFO: [HLS 200-472] Inferring partial write operation for 'message.V' (sha256.cpp:80:9)
INFO: [HLS 200-472] Inferring partial write operation for 'message.V' (sha256.cpp:85:9)
INFO: [HLS 200-472] Inferring partial write operation for 'message.V' (sha256.cpp:98:9)
INFO: [HLS 200-472] Inferring partial write operation for 'M.V' (sha256.cpp:102:28)
INFO: [HLS 200-472] Inferring partial write operation for 'M.V' (sha256.cpp:106:13)
INFO: [HLS 200-472] Inferring partial write operation for 'H.V' (sha256.cpp:108:27)
INFO: [HLS 200-472] Inferring partial write operation for 'H.V' (sha256.cpp:111:9)
INFO: [HLS 200-472] Inferring partial write operation for 'W.V' (sha256.cpp:135:17)
INFO: [HLS 200-472] Inferring partial write operation for 'W.V' (sha256.cpp:137:48)
INFO: [HLS 200-472] Inferring partial write operation for 'H.V' (sha256.cpp:151:19)
INFO: [HLS 200-472] Inferring partial write operation for 'H.V' (sha256.cpp:152:19)
