INFO: [XSIM 43-3496] Using init file passed via -initfile option "/opt/xilinx/Vivado/2019.2/data/xsim/ip/xsim_ip.ini".
Vivado Simulator 2019.2
Copyright 1986-1999, 2001-2019 Xilinx, Inc. All Rights Reserved.
Running: /opt/xilinx/Vivado/2019.2/bin/unwrapped/lnx64.o/xelab xil_defaultlib.apatb_hash1_top glbl -prj hash1.prj -L smartconnect_v1_0 -L axi_protocol_checker_v1_1_12 -L axi_protocol_checker_v1_1_13 -L axis_protocol_checker_v1_1_11 -L axis_protocol_checker_v1_1_12 -L xil_defaultlib -L unisims_ver -L xpm --initfile /opt/xilinx/Vivado/2019.2/data/xsim/ip/xsim_ip.ini --lib ieee_proposed=./ieee_proposed -s hash1 
Multi-threading is on. Using 6 slave threads.
INFO: [VRFC 10-2263] Analyzing SystemVerilog file "/home/ayl47/ece6775/hls-bitcoin-miner/ecelinux/sha.prj/solution1/sim/verilog/glbl.v" into library work
INFO: [VRFC 10-311] analyzing module glbl
INFO: [VRFC 10-2263] Analyzing SystemVerilog file "/home/ayl47/ece6775/hls-bitcoin-miner/ecelinux/sha.prj/solution1/sim/verilog/hash1.autotb.v" into library xil_defaultlib
INFO: [VRFC 10-311] analyzing module apatb_hash1_top
INFO: [VRFC 10-2263] Analyzing SystemVerilog file "/home/ayl47/ece6775/hls-bitcoin-miner/ecelinux/sha.prj/solution1/sim/verilog/AESL_automem_input_V.v" into library xil_defaultlib
INFO: [VRFC 10-311] analyzing module AESL_automem_input_V
INFO: [VRFC 10-2263] Analyzing SystemVerilog file "/home/ayl47/ece6775/hls-bitcoin-miner/ecelinux/sha.prj/solution1/sim/verilog/AESL_automem_outputlocation_V.v" into library xil_defaultlib
INFO: [VRFC 10-311] analyzing module AESL_automem_outputlocation_V
INFO: [VRFC 10-2263] Analyzing SystemVerilog file "/home/ayl47/ece6775/hls-bitcoin-miner/ecelinux/sha.prj/solution1/sim/verilog/AESL_deadlock_detection_unit.v" into library xil_defaultlib
INFO: [VRFC 10-311] analyzing module AESL_deadlock_detect_unit
INFO: [VRFC 10-2263] Analyzing SystemVerilog file "/home/ayl47/ece6775/hls-bitcoin-miner/ecelinux/sha.prj/solution1/sim/verilog/AESL_deadlock_report_unit.v" into library xil_defaultlib
INFO: [VRFC 10-311] analyzing module AESL_deadlock_report_unit
INFO: [VRFC 10-2263] Analyzing SystemVerilog file "/home/ayl47/ece6775/hls-bitcoin-miner/ecelinux/sha.prj/solution1/sim/verilog/AESL_deadlock_detector.v" into library xil_defaultlib
INFO: [VRFC 10-311] analyzing module AESL_deadlock_detector
INFO: [VRFC 10-2263] Analyzing SystemVerilog file "/home/ayl47/ece6775/hls-bitcoin-miner/ecelinux/sha.prj/solution1/sim/verilog/prepareMessage.v" into library xil_defaultlib
INFO: [VRFC 10-311] analyzing module prepareMessage
INFO: [VRFC 10-2263] Analyzing SystemVerilog file "/home/ayl47/ece6775/hls-bitcoin-miner/ecelinux/sha.prj/solution1/sim/verilog/computeHashRound.v" into library xil_defaultlib
INFO: [VRFC 10-311] analyzing module computeHashRound
INFO: [VRFC 10-2263] Analyzing SystemVerilog file "/home/ayl47/ece6775/hls-bitcoin-miner/ecelinux/sha.prj/solution1/sim/verilog/Loop_1_proc.v" into library xil_defaultlib
INFO: [VRFC 10-311] analyzing module Loop_1_proc
INFO: [VRFC 10-2263] Analyzing SystemVerilog file "/home/ayl47/ece6775/hls-bitcoin-miner/ecelinux/sha.prj/solution1/sim/verilog/Block_preheader_0_p.v" into library xil_defaultlib
INFO: [VRFC 10-311] analyzing module Block_preheader_0_p
INFO: [VRFC 10-2263] Analyzing SystemVerilog file "/home/ayl47/ece6775/hls-bitcoin-miner/ecelinux/sha.prj/solution1/sim/verilog/hash1.v" into library xil_defaultlib
INFO: [VRFC 10-311] analyzing module hash1
INFO: [VRFC 10-2263] Analyzing SystemVerilog file "/home/ayl47/ece6775/hls-bitcoin-miner/ecelinux/sha.prj/solution1/sim/verilog/prepareMessage_mebkb.v" into library xil_defaultlib
INFO: [VRFC 10-311] analyzing module prepareMessage_mebkb_ram
INFO: [VRFC 10-311] analyzing module prepareMessage_mebkb
INFO: [VRFC 10-2263] Analyzing SystemVerilog file "/home/ayl47/ece6775/hls-bitcoin-miner/ecelinux/sha.prj/solution1/sim/verilog/hash1_M_0_V_memcore.v" into library xil_defaultlib
INFO: [VRFC 10-311] analyzing module hash1_M_0_V_memcore_ram
INFO: [VRFC 10-311] analyzing module hash1_M_0_V_memcore
INFO: [VRFC 10-2263] Analyzing SystemVerilog file "/home/ayl47/ece6775/hls-bitcoin-miner/ecelinux/sha.prj/solution1/sim/verilog/hash1_M_0_V.v" into library xil_defaultlib
INFO: [VRFC 10-311] analyzing module hash1_M_0_V
INFO: [VRFC 10-2263] Analyzing SystemVerilog file "/home/ayl47/ece6775/hls-bitcoin-miner/ecelinux/sha.prj/solution1/sim/verilog/fifo_w32_d2_A.v" into library xil_defaultlib
INFO: [VRFC 10-311] analyzing module fifo_w32_d2_A_shiftReg
INFO: [VRFC 10-311] analyzing module fifo_w32_d2_A
Starting static elaboration
Pass Through NonSizing Optimizer
Completed static elaboration
Starting simulation data flow analysis
Completed simulation data flow analysis
Time Resolution for simulation is 1ps
Compiling module xil_defaultlib.hash1_M_0_V_memcore_ram
Compiling module xil_defaultlib.hash1_M_0_V_memcore
Compiling module xil_defaultlib.hash1_M_0_V
Compiling module xil_defaultlib.prepareMessage_mebkb_ram
Compiling module xil_defaultlib.prepareMessage_mebkb(DataWidth=3...
Compiling module xil_defaultlib.prepareMessage
Compiling module xil_defaultlib.computeHashRound
Compiling module xil_defaultlib.Loop_1_proc
Compiling module xil_defaultlib.Block_preheader_0_p
Compiling module xil_defaultlib.fifo_w32_d2_A_shiftReg
Compiling module xil_defaultlib.fifo_w32_d2_A
Compiling module xil_defaultlib.hash1
Compiling module xil_defaultlib.AESL_automem_input_V
Compiling module xil_defaultlib.AESL_automem_outputlocation_V
Compiling module xil_defaultlib.AESL_deadlock_detect_unit(PROC_N...
Compiling module xil_defaultlib.AESL_deadlock_detect_unit(PROC_N...
Compiling module xil_defaultlib.AESL_deadlock_report_unit(PROC_N...
Compiling module xil_defaultlib.AESL_deadlock_detector_1
Compiling module xil_defaultlib.apatb_hash1_top
Compiling module work.glbl
Built simulation snapshot hash1
