INFO: [SIM 2] *************** CSIM start ***************
INFO: [SIM 4] CSIM will launch GCC as the compiler.
   Compiling ../../../../main_tb.cpp in release mode
   Compiling ../../../../dut.cpp in release mode
   Compiling ../../../../sha256.cpp in release mode
   Compiling ../../../../util.cpp in release mode
   Compiling ../../../../miner.cpp in release mode
   Generating csim.exe
count = 1
count = 1
count = 2
count = 3
count = 1
count = 1
count = 2
count = 3
count = 1
count = 1
count = 1
count = 1
count = 2
count = 3
count = 1
count = 1
count = 1
count = 2
count = 3
count = 4
count = 1
count = 1
count = 2
count = 1
count = 1
count = 1
count = 1
count = 2
count = 1
count = 1
count = 2
count = 1
count = 2
count = 3
count = 4
count = 1
count = 2
count = 3
count = 4
count = 1
count = 1
count = 1
count = 2
count = 1
count = 1
count = 2
count = 3
count = 1
count = 2
count = 3
count = 4
count = 1
count = 2
count = 3
count = 1
count = 2
count = 1
count = 2
count = 1
count = 2
count = 1
count = 2
count = 3
count = 1
count = 1
count = 1
count = 2
count = 3
count = 4
count = 5
count = 6
count = 7
count = 8
Block solved! Nonce: 0x613
Block hash:
8 hash : 0x1291b9f1
7 hash : 0x430405fc
6 hash : 0x5778c53b
5 hash : 0x3d147396
4 hash : 0x372fbe74
3 hash : 0x2b33de61
2 hash : 0x2c73ea4
1 hash : 0x40abe49
SHA-256 Test        :      1 calls; 557.601 msecs total time
INFO: [SIM 1] CSim done with 0 errors.
INFO: [SIM 3] *************** CSIM finish ***************
