

================================================================
== Vivado HLS Report for 'Block_preheader_0_p'
================================================================
* Date:           Sun Dec  1 12:23:39 2024

* Version:        2019.2 (Build 2704478 on Wed Nov 06 22:10:23 MST 2019)
* Project:        sha.prj
* Solution:       solution1
* Product family: zynq
* Target device:  xc7z020-clg484-1


================================================================
== Performance Estimates
================================================================
+ Timing: 
    * Summary: 
    +--------+----------+----------+------------+
    |  Clock |  Target  | Estimated| Uncertainty|
    +--------+----------+----------+------------+
    |ap_clk  | 10.00 ns | 2.322 ns |   1.25 ns  |
    +--------+----------+----------+------------+

+ Latency: 
    * Summary: 
    +---------+---------+-----------+-----------+-----+-----+---------+
    |  Latency (cycles) |   Latency (absolute)  |  Interval | Pipeline|
    |   min   |   max   |    min    |    max    | min | max |   Type  |
    +---------+---------+-----------+-----------+-----+-----+---------+
    |        3|        3| 30.000 ns | 30.000 ns |    3|    3|   none  |
    +---------+---------+-----------+-----------+-----+-----+---------+

    + Detail: 
        * Instance: 
        N/A

        * Loop: 
        N/A

============================================================
+ Verbose Summary: Synthesis Manager
============================================================
InlineROM: 1
ExposeGlobal: 0
============================================================
+ Verbose Summary: CDFG Model
============================================================
IsTopModel: 0
ResetActiveHigh: 1
IsCombinational: 2
IsDatapathOnly: 0
HasWiredReturn: 1
HasMFsm: 0
HasVarLatency: 1
IsPipeline: 0
IsRtlPipelined: 0
IsInstanceOverlapped: 0
IsDontTouch: 0
HasImplIP: 0
IsGatedGlobalClock: 0


============================================================
+ Verbose Summary: Schedule
============================================================
* Number of FSM states : 4
* Pipeline : 0
* Dataflow Pipeline: 0

* FSM state transitions: 
1 --> 2 
2 --> 3 
3 --> 4 
4 --> 

* FSM state operations: 

State 1 <SV = 0> <Delay = 2.32>
ST_1 : Operation 5 [1/1] (0.00ns)   --->   "%p_read_7 = call i32 @_ssdm_op_Read.ap_auto.i32(i32 %p_read1)" [sha256.cpp:197]   --->   Operation 5 'read' 'p_read_7' <Predicate = true> <Delay = 0.00>
ST_1 : Operation 6 [1/1] (0.00ns)   --->   "%p_read_8 = call i32 @_ssdm_op_Read.ap_auto.i32(i32 %p_read)" [sha256.cpp:197]   --->   Operation 6 'read' 'p_read_8' <Predicate = true> <Delay = 0.00>
ST_1 : Operation 7 [1/1] (0.00ns)   --->   "%outputlocation_V_add = getelementptr [9 x i32]* %outputlocation_V, i64 0, i64 0" [sha256.cpp:197]   --->   Operation 7 'getelementptr' 'outputlocation_V_add' <Predicate = true> <Delay = 0.00>
ST_1 : Operation 8 [1/1] (2.32ns)   --->   "store i32 %p_read_8, i32* %outputlocation_V_add, align 4" [sha256.cpp:197]   --->   Operation 8 'store' <Predicate = true> <Delay = 2.32> <Core = "RAM">   --->   Core 37 'RAM' <Latency = 1> <II = 1> <Delay = 2.32> <Storage> <Opcode : 'load' 'store'> <Ports = 2> <Width = 32> <Depth = 9> <RAM>
ST_1 : Operation 9 [1/1] (0.00ns)   --->   "%outputlocation_V_add_1 = getelementptr [9 x i32]* %outputlocation_V, i64 0, i64 1" [sha256.cpp:197]   --->   Operation 9 'getelementptr' 'outputlocation_V_add_1' <Predicate = true> <Delay = 0.00>
ST_1 : Operation 10 [1/1] (2.32ns)   --->   "store i32 %p_read_7, i32* %outputlocation_V_add_1, align 4" [sha256.cpp:197]   --->   Operation 10 'store' <Predicate = true> <Delay = 2.32> <Core = "RAM">   --->   Core 37 'RAM' <Latency = 1> <II = 1> <Delay = 2.32> <Storage> <Opcode : 'load' 'store'> <Ports = 2> <Width = 32> <Depth = 9> <RAM>

State 2 <SV = 1> <Delay = 2.32>
ST_2 : Operation 11 [1/1] (0.00ns)   --->   "%p_read_5 = call i32 @_ssdm_op_Read.ap_auto.i32(i32 %p_read3)" [sha256.cpp:197]   --->   Operation 11 'read' 'p_read_5' <Predicate = true> <Delay = 0.00>
ST_2 : Operation 12 [1/1] (0.00ns)   --->   "%p_read_6 = call i32 @_ssdm_op_Read.ap_auto.i32(i32 %p_read2)" [sha256.cpp:197]   --->   Operation 12 'read' 'p_read_6' <Predicate = true> <Delay = 0.00>
ST_2 : Operation 13 [1/1] (0.00ns)   --->   "%outputlocation_V_add_2 = getelementptr [9 x i32]* %outputlocation_V, i64 0, i64 2" [sha256.cpp:197]   --->   Operation 13 'getelementptr' 'outputlocation_V_add_2' <Predicate = true> <Delay = 0.00>
ST_2 : Operation 14 [1/1] (2.32ns)   --->   "store i32 %p_read_6, i32* %outputlocation_V_add_2, align 4" [sha256.cpp:197]   --->   Operation 14 'store' <Predicate = true> <Delay = 2.32> <Core = "RAM">   --->   Core 37 'RAM' <Latency = 1> <II = 1> <Delay = 2.32> <Storage> <Opcode : 'load' 'store'> <Ports = 2> <Width = 32> <Depth = 9> <RAM>
ST_2 : Operation 15 [1/1] (0.00ns)   --->   "%outputlocation_V_add_3 = getelementptr [9 x i32]* %outputlocation_V, i64 0, i64 3" [sha256.cpp:197]   --->   Operation 15 'getelementptr' 'outputlocation_V_add_3' <Predicate = true> <Delay = 0.00>
ST_2 : Operation 16 [1/1] (2.32ns)   --->   "store i32 %p_read_5, i32* %outputlocation_V_add_3, align 4" [sha256.cpp:197]   --->   Operation 16 'store' <Predicate = true> <Delay = 2.32> <Core = "RAM">   --->   Core 37 'RAM' <Latency = 1> <II = 1> <Delay = 2.32> <Storage> <Opcode : 'load' 'store'> <Ports = 2> <Width = 32> <Depth = 9> <RAM>

State 3 <SV = 2> <Delay = 2.32>
ST_3 : Operation 17 [1/1] (0.00ns)   --->   "%p_read_3 = call i32 @_ssdm_op_Read.ap_auto.i32(i32 %p_read5)" [sha256.cpp:197]   --->   Operation 17 'read' 'p_read_3' <Predicate = true> <Delay = 0.00>
ST_3 : Operation 18 [1/1] (0.00ns)   --->   "%p_read_4 = call i32 @_ssdm_op_Read.ap_auto.i32(i32 %p_read4)" [sha256.cpp:197]   --->   Operation 18 'read' 'p_read_4' <Predicate = true> <Delay = 0.00>
ST_3 : Operation 19 [1/1] (0.00ns)   --->   "%outputlocation_V_add_4 = getelementptr [9 x i32]* %outputlocation_V, i64 0, i64 4" [sha256.cpp:197]   --->   Operation 19 'getelementptr' 'outputlocation_V_add_4' <Predicate = true> <Delay = 0.00>
ST_3 : Operation 20 [1/1] (2.32ns)   --->   "store i32 %p_read_4, i32* %outputlocation_V_add_4, align 4" [sha256.cpp:197]   --->   Operation 20 'store' <Predicate = true> <Delay = 2.32> <Core = "RAM">   --->   Core 37 'RAM' <Latency = 1> <II = 1> <Delay = 2.32> <Storage> <Opcode : 'load' 'store'> <Ports = 2> <Width = 32> <Depth = 9> <RAM>
ST_3 : Operation 21 [1/1] (0.00ns)   --->   "%outputlocation_V_add_5 = getelementptr [9 x i32]* %outputlocation_V, i64 0, i64 5" [sha256.cpp:197]   --->   Operation 21 'getelementptr' 'outputlocation_V_add_5' <Predicate = true> <Delay = 0.00>
ST_3 : Operation 22 [1/1] (2.32ns)   --->   "store i32 %p_read_3, i32* %outputlocation_V_add_5, align 4" [sha256.cpp:197]   --->   Operation 22 'store' <Predicate = true> <Delay = 2.32> <Core = "RAM">   --->   Core 37 'RAM' <Latency = 1> <II = 1> <Delay = 2.32> <Storage> <Opcode : 'load' 'store'> <Ports = 2> <Width = 32> <Depth = 9> <RAM>

State 4 <SV = 3> <Delay = 2.32>
ST_4 : Operation 23 [1/1] (0.00ns)   --->   "%p_read_1 = call i32 @_ssdm_op_Read.ap_auto.i32(i32 %p_read7)" [sha256.cpp:197]   --->   Operation 23 'read' 'p_read_1' <Predicate = true> <Delay = 0.00>
ST_4 : Operation 24 [1/1] (0.00ns)   --->   "%p_read_2 = call i32 @_ssdm_op_Read.ap_auto.i32(i32 %p_read6)" [sha256.cpp:197]   --->   Operation 24 'read' 'p_read_2' <Predicate = true> <Delay = 0.00>
ST_4 : Operation 25 [1/1] (0.00ns)   --->   "%outputlocation_V_add_6 = getelementptr [9 x i32]* %outputlocation_V, i64 0, i64 6" [sha256.cpp:197]   --->   Operation 25 'getelementptr' 'outputlocation_V_add_6' <Predicate = true> <Delay = 0.00>
ST_4 : Operation 26 [1/1] (2.32ns)   --->   "store i32 %p_read_2, i32* %outputlocation_V_add_6, align 4" [sha256.cpp:197]   --->   Operation 26 'store' <Predicate = true> <Delay = 2.32> <Core = "RAM">   --->   Core 37 'RAM' <Latency = 1> <II = 1> <Delay = 2.32> <Storage> <Opcode : 'load' 'store'> <Ports = 2> <Width = 32> <Depth = 9> <RAM>
ST_4 : Operation 27 [1/1] (0.00ns)   --->   "%outputlocation_V_add_7 = getelementptr [9 x i32]* %outputlocation_V, i64 0, i64 7" [sha256.cpp:197]   --->   Operation 27 'getelementptr' 'outputlocation_V_add_7' <Predicate = true> <Delay = 0.00>
ST_4 : Operation 28 [1/1] (2.32ns)   --->   "store i32 %p_read_1, i32* %outputlocation_V_add_7, align 4" [sha256.cpp:197]   --->   Operation 28 'store' <Predicate = true> <Delay = 2.32> <Core = "RAM">   --->   Core 37 'RAM' <Latency = 1> <II = 1> <Delay = 2.32> <Storage> <Opcode : 'load' 'store'> <Ports = 2> <Width = 32> <Depth = 9> <RAM>
ST_4 : Operation 29 [1/1] (0.00ns)   --->   "ret void"   --->   Operation 29 'ret' <Predicate = true> <Delay = 0.00>


============================================================
+ Verbose Summary: Timing violations
============================================================
Target clock period: 10ns, clock uncertainty: 1.25ns.

 <State 1>: 2.32ns
The critical path consists of the following:
	wire read on port 'p_read1' (sha256.cpp:197) [16]  (0 ns)
	'store' operation ('store_ln197', sha256.cpp:197) of variable 'p_read_7', sha256.cpp:197 on array 'outputlocation_V' [21]  (2.32 ns)

 <State 2>: 2.32ns
The critical path consists of the following:
	wire read on port 'p_read3' (sha256.cpp:197) [14]  (0 ns)
	'store' operation ('store_ln197', sha256.cpp:197) of variable 'p_read_5', sha256.cpp:197 on array 'outputlocation_V' [25]  (2.32 ns)

 <State 3>: 2.32ns
The critical path consists of the following:
	wire read on port 'p_read5' (sha256.cpp:197) [12]  (0 ns)
	'store' operation ('store_ln197', sha256.cpp:197) of variable 'p_read_3', sha256.cpp:197 on array 'outputlocation_V' [29]  (2.32 ns)

 <State 4>: 2.32ns
The critical path consists of the following:
	wire read on port 'p_read7' (sha256.cpp:197) [10]  (0 ns)
	'store' operation ('store_ln197', sha256.cpp:197) of variable 'p_read_1', sha256.cpp:197 on array 'outputlocation_V' [33]  (2.32 ns)


============================================================
+ Verbose Summary: Binding
============================================================
N/A
* FSMD analyzer results:
  - Output states:
 - Input state : 
  - Chain level:
	State 1
	State 2
	State 3
	State 4


============================================================
+ Verbose Summary: Datapath Resource usage 
============================================================
N/A
