

================================================================
== Vivado HLS Report for 'Block_preheader_0_p'
================================================================
* Date:           Sun Dec  1 12:23:39 2024

* Version:        2019.2 (Build 2704478 on Wed Nov 06 22:10:23 MST 2019)
* Project:        sha.prj
* Solution:       solution1
* Product family: zynq
* Target device:  xc7z020-clg484-1


================================================================
== Performance Estimates
================================================================
+ Timing: 
    * Summary: 
    +--------+----------+----------+------------+
    |  Clock |  Target  | Estimated| Uncertainty|
    +--------+----------+----------+------------+
    |ap_clk  | 10.00 ns | 2.322 ns |   1.25 ns  |
    +--------+----------+----------+------------+

+ Latency: 
    * Summary: 
    +---------+---------+-----------+-----------+-----+-----+---------+
    |  Latency (cycles) |   Latency (absolute)  |  Interval | Pipeline|
    |   min   |   max   |    min    |    max    | min | max |   Type  |
    +---------+---------+-----------+-----------+-----+-----+---------+
    |        3|        3| 30.000 ns | 30.000 ns |    3|    3|   none  |
    +---------+---------+-----------+-----------+-----+-----+---------+

    + Detail: 
        * Instance: 
        N/A

        * Loop: 
        N/A

============================================================
+ Verbose Summary: Synthesis Manager
============================================================
InlineROM: 1
ExposeGlobal: 0
============================================================
+ Verbose Summary: CDFG Model
============================================================
IsTopModel: 0
ResetActiveHigh: 1
IsCombinational: 2
IsDatapathOnly: 0
HasWiredReturn: 1
HasMFsm: 0
HasVarLatency: 1
IsPipeline: 0
IsRtlPipelined: 0
IsInstanceOverlapped: 0
IsDontTouch: 0
HasImplIP: 0
IsGatedGlobalClock: 0


============================================================
+ Verbose Summary: Schedule
============================================================
* Number of FSM states : 4
* Pipeline : 0
* Dataflow Pipeline: 0

* FSM state transitions: 
1 --> 2 
2 --> 3 
3 --> 4 
4 --> 

* FSM state operations: 

State 1 <SV = 0> <Delay = 2.32>
ST_1 : Operation 5 [1/1] (0.00ns)   --->   "%p_read_7 = call i32 @_ssdm_op_Read.ap_auto.i32(i32 %p_read1)" [sha256.cpp:197]   --->   Operation 5 'read' 'p_read_7' <Predicate = true> <Delay = 0.00>
ST_1 : Operation 6 [1/1] (0.00ns)   --->   "%p_read_8 = call i32 @_ssdm_op_Read.ap_auto.i32(i32 %p_read)" [sha256.cpp:197]   --->   Operation 6 'read' 'p_read_8' <Predicate = true> <Delay = 0.00>
ST_1 : Operation 7 [1/1] (0.00ns)   --->   "%outputlocation_V_add = getelementptr [9 x i32]* %outputlocation_V, i64 0, i64 0" [sha256.cpp:197]   --->   Operation 7 'getelementptr' 'outputlocation_V_add' <Predicate = true> <Delay = 0.00>
ST_1 : Operation 8 [1/1] (2.32ns)   --->   "store i32 %p_read_8, i32* %outputlocation_V_add, align 4" [sha256.cpp:197]   --->   Operation 8 'store' <Predicate = true> <Delay = 2.32> <Core = "RAM">   --->   Core 37 'RAM' <Latency = 1> <II = 1> <Delay = 2.32> <Storage> <Opcode : 'load' 'store'> <Ports = 2> <Width = 32> <Depth = 9> <RAM>
ST_1 : Operation 9 [1/1] (0.00ns)   --->   "%outputlocation_V_add_1 = getelementptr [9 x i32]* %outputlocation_V, i64 0, i64 1" [sha256.cpp:197]   --->   Operation 9 'getelementptr' 'outputlocation_V_add_1' <Predicate = true> <Delay = 0.00>
ST_1 : Operation 10 [1/1] (2.32ns)   --->   "store i32 %p_read_7, i32* %outputlocation_V_add_1, align 4" [sha256.cpp:197]   --->   Operation 10 'store' <Predicate = true> <Delay = 2.32> <Core = "RAM">   --->   Core 37 'RAM' <Latency = 1> <II = 1> <Delay = 2.32> <Storage> <Opcode : 'load' 'store'> <Ports = 2> <Width = 32> <Depth = 9> <RAM>

State 2 <SV = 1> <Delay = 2.32>
ST_2 : Operation 11 [1/1] (0.00ns)   --->   "%p_read_5 = call i32 @_ssdm_op_Read.ap_auto.i32(i32 %p_read3)" [sha256.cpp:197]   --->   Operation 11 'read' 'p_read_5' <Predicate = true> <Delay = 0.00>
ST_2 : Operation 12 [1/1] (0.00ns)   --->   "%p_read_6 = call i32 @_ssdm_op_Read.ap_auto.i32(i32 %p_read2)" [sha256.cpp:197]   --->   Operation 12 'read' 'p_read_6' <Predicate = true> <Delay = 0.00>
ST_2 : Operation 13 [1/1] (0.00ns)   --->   "%outputlocation_V_add_2 = getelementptr [9 x i32]* %outputlocation_V, i64 0, i64 2" [sha256.cpp:197]   --->   Operation 13 'getelementptr' 'outputlocation_V_add_2' <Predicate = true> <Delay = 0.00>
ST_2 : Operation 14 [1/1] (2.32ns)   --->   "store i32 %p_read_6, i32* %outputlocation_V_add_2, align 4" [sha256.cpp:197]   --->   Operation 14 'store' <Predicate = true> <Delay = 2.32> <Core = "RAM">   --->   Core 37 'RAM' <Latency = 1> <II = 1> <Delay = 2.32> <Storage> <Opcode : 'load' 'store'> <Ports = 2> <Width = 32> <Depth = 9> <RAM>
ST_2 : Operation 15 [1/1] (0.00ns)   --->   "%outputlocation_V_add_3 = getelementptr [9 x i32]* %outputlocation_V, i64 0, i64 3" [sha256.cpp:197]   --->   Operation 15 'getelementptr' 'outputlocation_V_add_3' <Predicate = true> <Delay = 0.00>
ST_2 : Operation 16 [1/1] (2.32ns)   --->   "store i32 %p_read_5, i32* %outputlocation_V_add_3, align 4" [sha256.cpp:197]   --->   Operation 16 'store' <Predicate = true> <Delay = 2.32> <Core = "RAM">   --->   Core 37 'RAM' <Latency = 1> <II = 1> <Delay = 2.32> <Storage> <Opcode : 'load' 'store'> <Ports = 2> <Width = 32> <Depth = 9> <RAM>

State 3 <SV = 2> <Delay = 2.32>
ST_3 : Operation 17 [1/1] (0.00ns)   --->   "%p_read_3 = call i32 @_ssdm_op_Read.ap_auto.i32(i32 %p_read5)" [sha256.cpp:197]   --->   Operation 17 'read' 'p_read_3' <Predicate = true> <Delay = 0.00>
ST_3 : Operation 18 [1/1] (0.00ns)   --->   "%p_read_4 = call i32 @_ssdm_op_Read.ap_auto.i32(i32 %p_read4)" [sha256.cpp:197]   --->   Operation 18 'read' 'p_read_4' <Predicate = true> <Delay = 0.00>
ST_3 : Operation 19 [1/1] (0.00ns)   --->   "%outputlocation_V_add_4 = getelementptr [9 x i32]* %outputlocation_V, i64 0, i64 4" [sha256.cpp:197]   --->   Operation 19 'getelementptr' 'outputlocation_V_add_4' <Predicate = true> <Delay = 0.00>
ST_3 : Operation 20 [1/1] (2.32ns)   --->   "store i32 %p_read_4, i32* %outputlocation_V_add_4, align 4" [sha256.cpp:197]   --->   Operation 20 'store' <Predicate = true> <Delay = 2.32> <Core = "RAM">   --->   Core 37 'RAM' <Latency = 1> <II = 1> <Delay = 2.32> <Storage> <Opcode : 'load' 'store'> <Ports = 2> <Width = 32> <Depth = 9> <RAM>
ST_3 : Operation 21 [1/1] (0.00ns)   --->   "%outputlocation_V_add_5 = getelementptr [9 x i32]* %outputlocation_V, i64 0, i64 5" [sha256.cpp:197]   --->   Operation 21 'getelementptr' 'outputlocation_V_add_5' <Predicate = true> <Delay = 0.00>
ST_3 : Operation 22 [1/1] (2.32ns)   --->   "store i32 %p_read_3, i32* %outputlocation_V_add_5, align 4" [sha256.cpp:197]   --->   Operation 22 'store' <Predicate = true> <Delay = 2.32> <Core = "RAM">   --->   Core 37 'RAM' <Latency = 1> <II = 1> <Delay = 2.32> <Storage> <Opcode : 'load' 'store'> <Ports = 2> <Width = 32> <Depth = 9> <RAM>

State 4 <SV = 3> <Delay = 2.32>
ST_4 : Operation 23 [1/1] (0.00ns)   --->   "%p_read_1 = call i32 @_ssdm_op_Read.ap_auto.i32(i32 %p_read7)" [sha256.cpp:197]   --->   Operation 23 'read' 'p_read_1' <Predicate = true> <Delay = 0.00>
ST_4 : Operation 24 [1/1] (0.00ns)   --->   "%p_read_2 = call i32 @_ssdm_op_Read.ap_auto.i32(i32 %p_read6)" [sha256.cpp:197]   --->   Operation 24 'read' 'p_read_2' <Predicate = true> <Delay = 0.00>
ST_4 : Operation 25 [1/1] (0.00ns)   --->   "%outputlocation_V_add_6 = getelementptr [9 x i32]* %outputlocation_V, i64 0, i64 6" [sha256.cpp:197]   --->   Operation 25 'getelementptr' 'outputlocation_V_add_6' <Predicate = true> <Delay = 0.00>
ST_4 : Operation 26 [1/1] (2.32ns)   --->   "store i32 %p_read_2, i32* %outputlocation_V_add_6, align 4" [sha256.cpp:197]   --->   Operation 26 'store' <Predicate = true> <Delay = 2.32> <Core = "RAM">   --->   Core 37 'RAM' <Latency = 1> <II = 1> <Delay = 2.32> <Storage> <Opcode : 'load' 'store'> <Ports = 2> <Width = 32> <Depth = 9> <RAM>
ST_4 : Operation 27 [1/1] (0.00ns)   --->   "%outputlocation_V_add_7 = getelementptr [9 x i32]* %outputlocation_V, i64 0, i64 7" [sha256.cpp:197]   --->   Operation 27 'getelementptr' 'outputlocation_V_add_7' <Predicate = true> <Delay = 0.00>
ST_4 : Operation 28 [1/1] (2.32ns)   --->   "store i32 %p_read_1, i32* %outputlocation_V_add_7, align 4" [sha256.cpp:197]   --->   Operation 28 'store' <Predicate = true> <Delay = 2.32> <Core = "RAM">   --->   Core 37 'RAM' <Latency = 1> <II = 1> <Delay = 2.32> <Storage> <Opcode : 'load' 'store'> <Ports = 2> <Width = 32> <Depth = 9> <RAM>
ST_4 : Operation 29 [1/1] (0.00ns)   --->   "ret void"   --->   Operation 29 'ret' <Predicate = true> <Delay = 0.00>


============================================================
+ Verbose Summary: Binding
============================================================
STG Binding: 
---------------- STG Properties BEGIN ----------------
- Is combinational: 0
- Is one-state seq: 0
- Is datapath-only: 0
- Is pipelined: 0
- Is top level: 0
Port [ Return ] is wired: 1; IO mode=ap_ctrl_hs:ce=0
Port [ outputlocation_V]:  wired=1; compound=1; hidden=0; nouse=0; global=0; static=0; extern=0; dir=1; type=1; pingpong=0; private_global=0; MemPort=[00]; IO mode=ap_memory:ce=0
Port [ p_read]:  wired=1; compound=0; hidden=0; nouse=0; global=0; static=0; extern=0; dir=0; type=0; pingpong=0; private_global=0; IO mode=ap_none:ce=0
Port [ p_read1]:  wired=1; compound=0; hidden=0; nouse=0; global=0; static=0; extern=0; dir=0; type=0; pingpong=0; private_global=0; IO mode=ap_none:ce=0
Port [ p_read2]:  wired=1; compound=0; hidden=0; nouse=0; global=0; static=0; extern=0; dir=0; type=0; pingpong=0; private_global=0; IO mode=ap_none:ce=0
Port [ p_read3]:  wired=1; compound=0; hidden=0; nouse=0; global=0; static=0; extern=0; dir=0; type=0; pingpong=0; private_global=0; IO mode=ap_none:ce=0
Port [ p_read4]:  wired=1; compound=0; hidden=0; nouse=0; global=0; static=0; extern=0; dir=0; type=0; pingpong=0; private_global=0; IO mode=ap_none:ce=0
Port [ p_read5]:  wired=1; compound=0; hidden=0; nouse=0; global=0; static=0; extern=0; dir=0; type=0; pingpong=0; private_global=0; IO mode=ap_none:ce=0
Port [ p_read6]:  wired=1; compound=0; hidden=0; nouse=0; global=0; static=0; extern=0; dir=0; type=0; pingpong=0; private_global=0; IO mode=ap_none:ce=0
Port [ p_read7]:  wired=1; compound=0; hidden=0; nouse=0; global=0; static=0; extern=0; dir=0; type=0; pingpong=0; private_global=0; IO mode=ap_none:ce=0
---------------- STG Properties END ------------------

---------------- Datapath Model BEGIN ----------------

<LifeTime>
<method=bitvector/>
p_read_7               (read         ) [ 00000]
p_read_8               (read         ) [ 00000]
outputlocation_V_add   (getelementptr) [ 00000]
store_ln197            (store        ) [ 00000]
outputlocation_V_add_1 (getelementptr) [ 00000]
store_ln197            (store        ) [ 00000]
p_read_5               (read         ) [ 00000]
p_read_6               (read         ) [ 00000]
outputlocation_V_add_2 (getelementptr) [ 00000]
store_ln197            (store        ) [ 00000]
outputlocation_V_add_3 (getelementptr) [ 00000]
store_ln197            (store        ) [ 00000]
p_read_3               (read         ) [ 00000]
p_read_4               (read         ) [ 00000]
outputlocation_V_add_4 (getelementptr) [ 00000]
store_ln197            (store        ) [ 00000]
outputlocation_V_add_5 (getelementptr) [ 00000]
store_ln197            (store        ) [ 00000]
p_read_1               (read         ) [ 00000]
p_read_2               (read         ) [ 00000]
outputlocation_V_add_6 (getelementptr) [ 00000]
store_ln197            (store        ) [ 00000]
outputlocation_V_add_7 (getelementptr) [ 00000]
store_ln197            (store        ) [ 00000]
ret_ln0                (ret          ) [ 00000]
</LifeTime>

<model>

<comp_list>
<comp id="0" class="1000" name="outputlocation_V">
<pin_list>
<pin id="1" dir="1" index="0" bw="1" slack="0"/>
</pin_list>
<bind>
<StgValue><ssdm name="outputlocation_V"/><MemPortTyVec>0 0 </MemPortTyVec>
</StgValue>
</bind>
</comp>

<comp id="2" class="1000" name="p_read">
<pin_list>
<pin id="3" dir="1" index="0" bw="1" slack="0"/>
</pin_list>
<bind>
<StgValue><ssdm name="p_read"/></StgValue>
</bind>
</comp>

<comp id="4" class="1000" name="p_read1">
<pin_list>
<pin id="5" dir="1" index="0" bw="1" slack="0"/>
</pin_list>
<bind>
<StgValue><ssdm name="p_read1"/></StgValue>
</bind>
</comp>

<comp id="6" class="1000" name="p_read2">
<pin_list>
<pin id="7" dir="1" index="0" bw="1" slack="0"/>
</pin_list>
<bind>
<StgValue><ssdm name="p_read2"/></StgValue>
</bind>
</comp>

<comp id="8" class="1000" name="p_read3">
<pin_list>
<pin id="9" dir="1" index="0" bw="1" slack="0"/>
</pin_list>
<bind>
<StgValue><ssdm name="p_read3"/></StgValue>
</bind>
</comp>

<comp id="10" class="1000" name="p_read4">
<pin_list>
<pin id="11" dir="1" index="0" bw="1" slack="0"/>
</pin_list>
<bind>
<StgValue><ssdm name="p_read4"/></StgValue>
</bind>
</comp>

<comp id="12" class="1000" name="p_read5">
<pin_list>
<pin id="13" dir="1" index="0" bw="1" slack="0"/>
</pin_list>
<bind>
<StgValue><ssdm name="p_read5"/></StgValue>
</bind>
</comp>

<comp id="14" class="1000" name="p_read6">
<pin_list>
<pin id="15" dir="1" index="0" bw="1" slack="0"/>
</pin_list>
<bind>
<StgValue><ssdm name="p_read6"/></StgValue>
</bind>
</comp>

<comp id="16" class="1000" name="p_read7">
<pin_list>
<pin id="17" dir="1" index="0" bw="1" slack="0"/>
</pin_list>
<bind>
<StgValue><ssdm name="p_read7"/></StgValue>
</bind>
</comp>

<comp id="18" class="1001" name="const_18">
<pin_list>
<pin id="19" dir="1" index="0" bw="1" slack="0"/>
</pin_list>
<bind>
<StgValue><ssdm name="_ssdm_op_Read.ap_auto.i32"/></StgValue>
</bind>
</comp>

<comp id="20" class="1001" name="const_20">
<pin_list>
<pin id="21" dir="1" index="0" bw="1" slack="0"/>
</pin_list>
<bind>
<StgValue><ssdm name=""/></StgValue>
</bind>
</comp>

<comp id="22" class="1001" name="const_22">
<pin_list>
<pin id="23" dir="1" index="0" bw="1" slack="0"/>
</pin_list>
<bind>
<StgValue><ssdm name=""/></StgValue>
</bind>
</comp>

<comp id="24" class="1001" name="const_24">
<pin_list>
<pin id="25" dir="1" index="0" bw="1" slack="0"/>
</pin_list>
<bind>
<StgValue><ssdm name=""/></StgValue>
</bind>
</comp>

<comp id="26" class="1001" name="const_26">
<pin_list>
<pin id="27" dir="1" index="0" bw="1" slack="0"/>
</pin_list>
<bind>
<StgValue><ssdm name=""/></StgValue>
</bind>
</comp>

<comp id="28" class="1001" name="const_28">
<pin_list>
<pin id="29" dir="1" index="0" bw="1" slack="0"/>
</pin_list>
<bind>
<StgValue><ssdm name=""/></StgValue>
</bind>
</comp>

<comp id="30" class="1001" name="const_30">
<pin_list>
<pin id="31" dir="1" index="0" bw="1" slack="0"/>
</pin_list>
<bind>
<StgValue><ssdm name=""/></StgValue>
</bind>
</comp>

<comp id="32" class="1001" name="const_32">
<pin_list>
<pin id="33" dir="1" index="0" bw="1" slack="0"/>
</pin_list>
<bind>
<StgValue><ssdm name=""/></StgValue>
</bind>
</comp>

<comp id="34" class="1001" name="const_34">
<pin_list>
<pin id="35" dir="1" index="0" bw="1" slack="0"/>
</pin_list>
<bind>
<StgValue><ssdm name=""/></StgValue>
</bind>
</comp>

<comp id="36" class="1004" name="p_read_7_read_fu_36">
<pin_list>
<pin id="37" dir="0" index="0" bw="32" slack="0"/>
<pin id="38" dir="0" index="1" bw="32" slack="0"/>
<pin id="39" dir="1" index="2" bw="32" slack="0"/>
</pin_list>
<bind>
<opcode="read(1150) " fcode="read"/>
<opset="p_read_7/1 "/>
</bind>
</comp>

<comp id="42" class="1004" name="p_read_8_read_fu_42">
<pin_list>
<pin id="43" dir="0" index="0" bw="32" slack="0"/>
<pin id="44" dir="0" index="1" bw="32" slack="0"/>
<pin id="45" dir="1" index="2" bw="32" slack="0"/>
</pin_list>
<bind>
<opcode="read(1150) " fcode="read"/>
<opset="p_read_8/1 "/>
</bind>
</comp>

<comp id="48" class="1004" name="p_read_5_read_fu_48">
<pin_list>
<pin id="49" dir="0" index="0" bw="32" slack="0"/>
<pin id="50" dir="0" index="1" bw="32" slack="0"/>
<pin id="51" dir="1" index="2" bw="32" slack="0"/>
</pin_list>
<bind>
<opcode="read(1150) " fcode="read"/>
<opset="p_read_5/2 "/>
</bind>
</comp>

<comp id="54" class="1004" name="p_read_6_read_fu_54">
<pin_list>
<pin id="55" dir="0" index="0" bw="32" slack="0"/>
<pin id="56" dir="0" index="1" bw="32" slack="0"/>
<pin id="57" dir="1" index="2" bw="32" slack="0"/>
</pin_list>
<bind>
<opcode="read(1150) " fcode="read"/>
<opset="p_read_6/2 "/>
</bind>
</comp>

<comp id="60" class="1004" name="p_read_3_read_fu_60">
<pin_list>
<pin id="61" dir="0" index="0" bw="32" slack="0"/>
<pin id="62" dir="0" index="1" bw="32" slack="0"/>
<pin id="63" dir="1" index="2" bw="32" slack="0"/>
</pin_list>
<bind>
<opcode="read(1150) " fcode="read"/>
<opset="p_read_3/3 "/>
</bind>
</comp>

<comp id="66" class="1004" name="p_read_4_read_fu_66">
<pin_list>
<pin id="67" dir="0" index="0" bw="32" slack="0"/>
<pin id="68" dir="0" index="1" bw="32" slack="0"/>
<pin id="69" dir="1" index="2" bw="32" slack="0"/>
</pin_list>
<bind>
<opcode="read(1150) " fcode="read"/>
<opset="p_read_4/3 "/>
</bind>
</comp>

<comp id="72" class="1004" name="p_read_1_read_fu_72">
<pin_list>
<pin id="73" dir="0" index="0" bw="32" slack="0"/>
<pin id="74" dir="0" index="1" bw="32" slack="0"/>
<pin id="75" dir="1" index="2" bw="32" slack="0"/>
</pin_list>
<bind>
<opcode="read(1150) " fcode="read"/>
<opset="p_read_1/4 "/>
</bind>
</comp>

<comp id="78" class="1004" name="p_read_2_read_fu_78">
<pin_list>
<pin id="79" dir="0" index="0" bw="32" slack="0"/>
<pin id="80" dir="0" index="1" bw="32" slack="0"/>
<pin id="81" dir="1" index="2" bw="32" slack="0"/>
</pin_list>
<bind>
<opcode="read(1150) " fcode="read"/>
<opset="p_read_2/4 "/>
</bind>
</comp>

<comp id="84" class="1004" name="outputlocation_V_add_gep_fu_84">
<pin_list>
<pin id="85" dir="0" index="0" bw="32" slack="0"/>
<pin id="86" dir="0" index="1" bw="1" slack="0"/>
<pin id="87" dir="0" index="2" bw="1" slack="0"/>
<pin id="88" dir="1" index="3" bw="4" slack="0"/>
</pin_list>
<bind>
<opcode="getelementptr(29) " fcode="getelementptr"/>
<opset="outputlocation_V_add/1 "/>
</bind>
</comp>

<comp id="92" class="1004" name="grp_access_fu_92">
<pin_list>
<pin id="93" dir="0" index="0" bw="4" slack="0"/>
<pin id="94" dir="0" index="1" bw="32" slack="0"/>
<pin id="95" dir="0" index="2" bw="0" slack="0"/>
<pin id="107" dir="0" index="4" bw="4" slack="0"/>
<pin id="108" dir="0" index="5" bw="32" slack="2147483647"/>
<pin id="109" dir="0" index="6" bw="0" slack="2147483647"/>
<pin id="96" dir="1" index="3" bw="32" slack="2147483647"/>
<pin id="110" dir="1" index="7" bw="32" slack="2147483647"/>
</pin_list>
<bind>
<opcode="store(28) " fcode="store"/>
<opset="store_ln197/1 store_ln197/1 store_ln197/2 store_ln197/2 store_ln197/3 store_ln197/3 store_ln197/4 store_ln197/4 "/>
</bind>
</comp>

<comp id="99" class="1004" name="outputlocation_V_add_1_gep_fu_99">
<pin_list>
<pin id="100" dir="0" index="0" bw="32" slack="0"/>
<pin id="101" dir="0" index="1" bw="1" slack="0"/>
<pin id="102" dir="0" index="2" bw="1" slack="0"/>
<pin id="103" dir="1" index="3" bw="4" slack="0"/>
</pin_list>
<bind>
<opcode="getelementptr(29) " fcode="getelementptr"/>
<opset="outputlocation_V_add_1/1 "/>
</bind>
</comp>

<comp id="113" class="1004" name="outputlocation_V_add_2_gep_fu_113">
<pin_list>
<pin id="114" dir="0" index="0" bw="32" slack="0"/>
<pin id="115" dir="0" index="1" bw="1" slack="0"/>
<pin id="116" dir="0" index="2" bw="3" slack="0"/>
<pin id="117" dir="1" index="3" bw="4" slack="0"/>
</pin_list>
<bind>
<opcode="getelementptr(29) " fcode="getelementptr"/>
<opset="outputlocation_V_add_2/2 "/>
</bind>
</comp>

<comp id="123" class="1004" name="outputlocation_V_add_3_gep_fu_123">
<pin_list>
<pin id="124" dir="0" index="0" bw="32" slack="0"/>
<pin id="125" dir="0" index="1" bw="1" slack="0"/>
<pin id="126" dir="0" index="2" bw="3" slack="0"/>
<pin id="127" dir="1" index="3" bw="4" slack="0"/>
</pin_list>
<bind>
<opcode="getelementptr(29) " fcode="getelementptr"/>
<opset="outputlocation_V_add_3/2 "/>
</bind>
</comp>

<comp id="133" class="1004" name="outputlocation_V_add_4_gep_fu_133">
<pin_list>
<pin id="134" dir="0" index="0" bw="32" slack="0"/>
<pin id="135" dir="0" index="1" bw="1" slack="0"/>
<pin id="136" dir="0" index="2" bw="4" slack="0"/>
<pin id="137" dir="1" index="3" bw="4" slack="0"/>
</pin_list>
<bind>
<opcode="getelementptr(29) " fcode="getelementptr"/>
<opset="outputlocation_V_add_4/3 "/>
</bind>
</comp>

<comp id="143" class="1004" name="outputlocation_V_add_5_gep_fu_143">
<pin_list>
<pin id="144" dir="0" index="0" bw="32" slack="0"/>
<pin id="145" dir="0" index="1" bw="1" slack="0"/>
<pin id="146" dir="0" index="2" bw="4" slack="0"/>
<pin id="147" dir="1" index="3" bw="4" slack="0"/>
</pin_list>
<bind>
<opcode="getelementptr(29) " fcode="getelementptr"/>
<opset="outputlocation_V_add_5/3 "/>
</bind>
</comp>

<comp id="153" class="1004" name="outputlocation_V_add_6_gep_fu_153">
<pin_list>
<pin id="154" dir="0" index="0" bw="32" slack="0"/>
<pin id="155" dir="0" index="1" bw="1" slack="0"/>
<pin id="156" dir="0" index="2" bw="4" slack="0"/>
<pin id="157" dir="1" index="3" bw="4" slack="0"/>
</pin_list>
<bind>
<opcode="getelementptr(29) " fcode="getelementptr"/>
<opset="outputlocation_V_add_6/4 "/>
</bind>
</comp>

<comp id="163" class="1004" name="outputlocation_V_add_7_gep_fu_163">
<pin_list>
<pin id="164" dir="0" index="0" bw="32" slack="0"/>
<pin id="165" dir="0" index="1" bw="1" slack="0"/>
<pin id="166" dir="0" index="2" bw="4" slack="0"/>
<pin id="167" dir="1" index="3" bw="4" slack="0"/>
</pin_list>
<bind>
<opcode="getelementptr(29) " fcode="getelementptr"/>
<opset="outputlocation_V_add_7/4 "/>
</bind>
</comp>

</comp_list>

<net_list>
<net id="40"><net_src comp="18" pin="0"/><net_sink comp="36" pin=0"/></net>

<net id="41"><net_src comp="4" pin="0"/><net_sink comp="36" pin=1"/></net>

<net id="46"><net_src comp="18" pin="0"/><net_sink comp="42" pin=0"/></net>

<net id="47"><net_src comp="2" pin="0"/><net_sink comp="42" pin=1"/></net>

<net id="52"><net_src comp="18" pin="0"/><net_sink comp="48" pin=0"/></net>

<net id="53"><net_src comp="8" pin="0"/><net_sink comp="48" pin=1"/></net>

<net id="58"><net_src comp="18" pin="0"/><net_sink comp="54" pin=0"/></net>

<net id="59"><net_src comp="6" pin="0"/><net_sink comp="54" pin=1"/></net>

<net id="64"><net_src comp="18" pin="0"/><net_sink comp="60" pin=0"/></net>

<net id="65"><net_src comp="12" pin="0"/><net_sink comp="60" pin=1"/></net>

<net id="70"><net_src comp="18" pin="0"/><net_sink comp="66" pin=0"/></net>

<net id="71"><net_src comp="10" pin="0"/><net_sink comp="66" pin=1"/></net>

<net id="76"><net_src comp="18" pin="0"/><net_sink comp="72" pin=0"/></net>

<net id="77"><net_src comp="16" pin="0"/><net_sink comp="72" pin=1"/></net>

<net id="82"><net_src comp="18" pin="0"/><net_sink comp="78" pin=0"/></net>

<net id="83"><net_src comp="14" pin="0"/><net_sink comp="78" pin=1"/></net>

<net id="89"><net_src comp="0" pin="0"/><net_sink comp="84" pin=0"/></net>

<net id="90"><net_src comp="20" pin="0"/><net_sink comp="84" pin=1"/></net>

<net id="91"><net_src comp="20" pin="0"/><net_sink comp="84" pin=2"/></net>

<net id="97"><net_src comp="42" pin="2"/><net_sink comp="92" pin=1"/></net>

<net id="98"><net_src comp="84" pin="3"/><net_sink comp="92" pin=0"/></net>

<net id="104"><net_src comp="0" pin="0"/><net_sink comp="99" pin=0"/></net>

<net id="105"><net_src comp="20" pin="0"/><net_sink comp="99" pin=1"/></net>

<net id="106"><net_src comp="22" pin="0"/><net_sink comp="99" pin=2"/></net>

<net id="111"><net_src comp="36" pin="2"/><net_sink comp="92" pin=4"/></net>

<net id="112"><net_src comp="99" pin="3"/><net_sink comp="92" pin=2"/></net>

<net id="118"><net_src comp="0" pin="0"/><net_sink comp="113" pin=0"/></net>

<net id="119"><net_src comp="20" pin="0"/><net_sink comp="113" pin=1"/></net>

<net id="120"><net_src comp="24" pin="0"/><net_sink comp="113" pin=2"/></net>

<net id="121"><net_src comp="54" pin="2"/><net_sink comp="92" pin=1"/></net>

<net id="122"><net_src comp="113" pin="3"/><net_sink comp="92" pin=0"/></net>

<net id="128"><net_src comp="0" pin="0"/><net_sink comp="123" pin=0"/></net>

<net id="129"><net_src comp="20" pin="0"/><net_sink comp="123" pin=1"/></net>

<net id="130"><net_src comp="26" pin="0"/><net_sink comp="123" pin=2"/></net>

<net id="131"><net_src comp="48" pin="2"/><net_sink comp="92" pin=4"/></net>

<net id="132"><net_src comp="123" pin="3"/><net_sink comp="92" pin=2"/></net>

<net id="138"><net_src comp="0" pin="0"/><net_sink comp="133" pin=0"/></net>

<net id="139"><net_src comp="20" pin="0"/><net_sink comp="133" pin=1"/></net>

<net id="140"><net_src comp="28" pin="0"/><net_sink comp="133" pin=2"/></net>

<net id="141"><net_src comp="66" pin="2"/><net_sink comp="92" pin=1"/></net>

<net id="142"><net_src comp="133" pin="3"/><net_sink comp="92" pin=0"/></net>

<net id="148"><net_src comp="0" pin="0"/><net_sink comp="143" pin=0"/></net>

<net id="149"><net_src comp="20" pin="0"/><net_sink comp="143" pin=1"/></net>

<net id="150"><net_src comp="30" pin="0"/><net_sink comp="143" pin=2"/></net>

<net id="151"><net_src comp="60" pin="2"/><net_sink comp="92" pin=4"/></net>

<net id="152"><net_src comp="143" pin="3"/><net_sink comp="92" pin=2"/></net>

<net id="158"><net_src comp="0" pin="0"/><net_sink comp="153" pin=0"/></net>

<net id="159"><net_src comp="20" pin="0"/><net_sink comp="153" pin=1"/></net>

<net id="160"><net_src comp="32" pin="0"/><net_sink comp="153" pin=2"/></net>

<net id="161"><net_src comp="78" pin="2"/><net_sink comp="92" pin=1"/></net>

<net id="162"><net_src comp="153" pin="3"/><net_sink comp="92" pin=0"/></net>

<net id="168"><net_src comp="0" pin="0"/><net_sink comp="163" pin=0"/></net>

<net id="169"><net_src comp="20" pin="0"/><net_sink comp="163" pin=1"/></net>

<net id="170"><net_src comp="34" pin="0"/><net_sink comp="163" pin=2"/></net>

<net id="171"><net_src comp="72" pin="2"/><net_sink comp="92" pin=4"/></net>

<net id="172"><net_src comp="163" pin="3"/><net_sink comp="92" pin=2"/></net>

</net_list>

</model> 
---------------- Datapath Model END ------------------

* FSMD analyzer results:
  - Output states:
	Port: outputlocation_V | {1 2 3 4 }
 - Input state : 
	Port: Block_.preheader.0_p : p_read | {1 }
	Port: Block_.preheader.0_p : p_read1 | {1 }
	Port: Block_.preheader.0_p : p_read2 | {2 }
	Port: Block_.preheader.0_p : p_read3 | {2 }
	Port: Block_.preheader.0_p : p_read4 | {3 }
	Port: Block_.preheader.0_p : p_read5 | {3 }
	Port: Block_.preheader.0_p : p_read6 | {4 }
	Port: Block_.preheader.0_p : p_read7 | {4 }
  - Chain level:
	State 1
		store_ln197 : 1
		store_ln197 : 1
	State 2
		store_ln197 : 1
		store_ln197 : 1
	State 3
		store_ln197 : 1
		store_ln197 : 1
	State 4
		store_ln197 : 1
		store_ln197 : 1


============================================================
+ Verbose Summary: Datapath Resource usage 
============================================================

* Functional unit list:
|----------|---------------------|
| Operation|   Functional Unit   |
|----------|---------------------|
|          | p_read_7_read_fu_36 |
|          | p_read_8_read_fu_42 |
|          | p_read_5_read_fu_48 |
|   read   | p_read_6_read_fu_54 |
|          | p_read_3_read_fu_60 |
|          | p_read_4_read_fu_66 |
|          | p_read_1_read_fu_72 |
|          | p_read_2_read_fu_78 |
|----------|---------------------|
|   Total  |                     |
|----------|---------------------|

Memories:
N/A

* Register list:
N/A

* Multiplexer (MUX) list: 
|------------------|------|------|------|--------||---------||---------|
|       Comp       |  Pin | Size |  BW  | S x BW ||  Delay  ||   LUT   |
|------------------|------|------|------|--------||---------||---------|
| grp_access_fu_92 |  p0  |   4  |   4  |   16   ||    21   |
| grp_access_fu_92 |  p1  |   4  |  32  |   128  ||    21   |
| grp_access_fu_92 |  p2  |   4  |   0  |    0   ||    21   |
| grp_access_fu_92 |  p4  |   4  |   4  |   16   ||    21   |
|------------------|------|------|------|--------||---------||---------|
|       Total      |      |      |      |   160  ||  7.442  ||    84   |
|------------------|------|------|------|--------||---------||---------|



* Summary:
+-----------+--------+--------+
|           |  Delay |   LUT  |
+-----------+--------+--------+
|  Function |    -   |    -   |
|   Memory  |    -   |    -   |
|Multiplexer|    7   |   84   |
|  Register |    -   |    -   |
+-----------+--------+--------+
|   Total   |    7   |   84   |
+-----------+--------+--------+
