

================================================================
== Vivado HLS Report for 'dut'
================================================================
* Date:           Tue Nov 19 12:49:20 2024

* Version:        2019.2 (Build 2704478 on Wed Nov 06 22:10:23 MST 2019)
* Project:        sha.prj
* Solution:       solution1
* Product family: zynq
* Target device:  xc7z020-clg484-1


================================================================
== Performance Estimates
================================================================
+ Timing: 
    * Summary: 
    +--------+----------+----------+------------+
    |  Clock |  Target  | Estimated| Uncertainty|
    +--------+----------+----------+------------+
    |ap_clk  | 10.00 ns | 7.625 ns |   1.25 ns  |
    +--------+----------+----------+------------+

+ Latency: 
    * Summary: 
    +---------+---------+----------+----------+-----+-----+---------+
    |  Latency (cycles) |  Latency (absolute) |  Interval | Pipeline|
    |   min   |   max   |    min   |    max   | min | max |   Type  |
    +---------+---------+----------+----------+-----+-----+---------+
    |      526|      590| 5.260 us | 5.900 us |  526|  590|   none  |
    +---------+---------+----------+----------+-----+-----+---------+

    + Detail: 
        * Instance: 
        +------------------+-------+---------+---------+----------+----------+-----+-----+---------+
        |                  |       |  Latency (cycles) |  Latency (absolute) |  Interval | Pipeline|
        |     Instance     | Module|   min   |   max   |    min   |    max   | min | max |   Type  |
        +------------------+-------+---------+---------+----------+----------+-----+-----+---------+
        |grp_hash1_fu_135  |hash1  |      515|      579| 5.150 us | 5.790 us |  515|  579|   none  |
        +------------------+-------+---------+---------+----------+----------+-----+-----+---------+

        * Loop: 
        N/A



================================================================
== Utilization Estimates
================================================================
* Summary: 
+-----------------+---------+-------+--------+-------+-----+
|       Name      | BRAM_18K| DSP48E|   FF   |  LUT  | URAM|
+-----------------+---------+-------+--------+-------+-----+
|DSP              |        -|      -|       -|      -|    -|
|Expression       |        -|      -|       0|      2|    -|
|FIFO             |        -|      -|       -|      -|    -|
|Instance         |       38|      -|     629|   1880|    0|
|Memory           |        0|      -|      64|      4|    0|
|Multiplexer      |        -|      -|       -|    169|    -|
|Register         |        -|      -|      77|      -|    -|
+-----------------+---------+-------+--------+-------+-----+
|Total            |       38|      0|     770|   2055|    0|
+-----------------+---------+-------+--------+-------+-----+
|Available        |      280|    220|  106400|  53200|    0|
+-----------------+---------+-------+--------+-------+-----+
|Utilization (%)  |       13|      0|   ~0   |      3|    0|
+-----------------+---------+-------+--------+-------+-----+

+ Detail: 
    * Instance: 
    +------------------+-------+---------+-------+-----+------+-----+
    |     Instance     | Module| BRAM_18K| DSP48E|  FF |  LUT | URAM|
    +------------------+-------+---------+-------+-----+------+-----+
    |grp_hash1_fu_135  |hash1  |       38|      0|  629|  1880|    0|
    +------------------+-------+---------+-------+-----+------+-----+
    |Total             |       |       38|      0|  629|  1880|    0|
    +------------------+-------+---------+-------+-----+------+-----+

    * DSP48E: 
    N/A

    * Memory: 
    +--------------------+----------------------+---------+----+----+-----+------+-----+------+-------------+
    |       Memory       |        Module        | BRAM_18K| FF | LUT| URAM| Words| Bits| Banks| W*Bits*Banks|
    +--------------------+----------------------+---------+----+----+-----+------+-----+------+-------------+
    |outputlocation_V_U  |dut_outputlocatiobkb  |        0|  64|   4|    0|     8|   32|     1|          256|
    +--------------------+----------------------+---------+----+----+-----+------+-----+------+-------------+
    |Total               |                      |        0|  64|   4|    0|     8|   32|     1|          256|
    +--------------------+----------------------+---------+----+----+-----+------+-----+------+-------------+

    * FIFO: 
    N/A

    * Expression: 
    +-----------------+----------+-------+---+----+------------+------------+
    |  Variable Name  | Operation| DSP48E| FF| LUT| Bitwidth P0| Bitwidth P1|
    +-----------------+----------+-------+---+----+------------+------------+
    |ap_block_state1  |    or    |      0|  0|   2|           1|           1|
    +-----------------+----------+-------+---+----+------------+------------+
    |Total            |          |      0|  0|   2|           1|           1|
    +-----------------+----------+-------+---+----+------------+------------+

    * Multiplexer: 
    +---------------------------+----+-----------+-----+-----------+
    |            Name           | LUT| Input Size| Bits| Total Bits|
    +---------------------------+----+-----------+-----+-----------+
    |ap_NS_fsm                  |  56|         13|    1|         13|
    |outputlocation_V_address0  |  50|         11|    3|         33|
    |outputlocation_V_ce0       |  15|          3|    1|          3|
    |outputlocation_V_d0        |  15|          3|   32|         96|
    |outputlocation_V_we0       |  15|          3|    1|          3|
    |strm_in_V_V_blk_n          |   9|          2|    1|          2|
    |strm_out_V_V_blk_n         |   9|          2|    1|          2|
    +---------------------------+----+-----------+-----+-----------+
    |Total                      | 169|         37|   40|        152|
    +---------------------------+----+-----------+-----+-----------+

    * Register: 
    +-------------------------------+----+----+-----+-----------+
    |              Name             | FF | LUT| Bits| Const Bits|
    +-------------------------------+----+----+-----+-----------+
    |ap_CS_fsm                      |  12|   0|   12|          0|
    |grp_hash1_fu_135_ap_start_reg  |   1|   0|    1|          0|
    |tmp_V_10_reg_155               |  32|   0|   32|          0|
    |tmp_V_9_reg_145                |  32|   0|   32|          0|
    +-------------------------------+----+----+-----+-----------+
    |Total                          |  77|   0|   77|          0|
    +-------------------------------+----+----+-----+-----------+



================================================================
== Interface
================================================================
* Summary: 
+---------------------+-----+-----+------------+--------------+--------------+
|      RTL Ports      | Dir | Bits|  Protocol  | Source Object|    C Type    |
+---------------------+-----+-----+------------+--------------+--------------+
|ap_clk               |  in |    1| ap_ctrl_hs |      dut     | return value |
|ap_rst               |  in |    1| ap_ctrl_hs |      dut     | return value |
|ap_start             |  in |    1| ap_ctrl_hs |      dut     | return value |
|ap_done              | out |    1| ap_ctrl_hs |      dut     | return value |
|ap_idle              | out |    1| ap_ctrl_hs |      dut     | return value |
|ap_ready             | out |    1| ap_ctrl_hs |      dut     | return value |
|strm_in_V_V_dout     |  in |   32|   ap_fifo  |  strm_in_V_V |    pointer   |
|strm_in_V_V_empty_n  |  in |    1|   ap_fifo  |  strm_in_V_V |    pointer   |
|strm_in_V_V_read     | out |    1|   ap_fifo  |  strm_in_V_V |    pointer   |
|strm_out_V_V_din     | out |   32|   ap_fifo  | strm_out_V_V |    pointer   |
|strm_out_V_V_full_n  |  in |    1|   ap_fifo  | strm_out_V_V |    pointer   |
|strm_out_V_V_write   | out |    1|   ap_fifo  | strm_out_V_V |    pointer   |
+---------------------+-----+-----+------------+--------------+--------------+

============================================================
+ Verbose Summary: Synthesis Manager
============================================================
InlineROM: 1
ExposeGlobal: 0
============================================================
+ Verbose Summary: CDFG Model
============================================================
IsTopModel: 1
ResetActiveHigh: 1
IsCombinational: 2
IsDatapathOnly: 2
HasWiredReturn: 1
HasMFsm: 0
HasVarLatency: 1
IsPipeline: 0
IsRtlPipelined: 0
IsInstanceOverlapped: 0
IsDontTouch: 0
HasImplIP: 0
IsGatedGlobalClock: 0


============================================================
+ Verbose Summary: Schedule
============================================================
* Number of FSM states : 12
* Pipeline : 0
* Dataflow Pipeline: 0

* FSM state transitions: 
1 --> 2 
2 --> 3 
3 --> 4 
4 --> 5 
5 --> 6 
6 --> 7 
7 --> 8 
8 --> 9 
9 --> 10 
10 --> 11 
11 --> 12 
12 --> 

* FSM state operations: 

State 1 <SV = 0> <Delay = 4.64>
ST_1 : Operation 13 [1/1] (2.32ns)   --->   "%outputlocation_V = alloca [8 x i32], align 4" [main.cpp:33]   --->   Operation 13 'alloca' 'outputlocation_V' <Predicate = true> <Delay = 2.32> <Core = "RAM">   --->   Core 37 'RAM' <Latency = 1> <II = 1> <Delay = 2.32> <Storage> <Opcode : 'load' 'store'> <Ports = 2> <Width = 32> <Depth = 8> <RAM>
ST_1 : Operation 14 [1/1] (3.63ns)   --->   "%tmp_V_9 = call i32 @_ssdm_op_Read.ap_fifo.volatile.i32P(i32* %strm_in_V_V)" [main.cpp:22]   --->   Operation 14 'read' 'tmp_V_9' <Predicate = true> <Delay = 3.63> <Core = "FIFO">   --->   Core 32 'FIFO' <Latency = 0> <II = 1> <Delay = 3.63> <Storage> <Opcode : 'read' 'write' 'nbread' 'nbwrite'> <Ports = 0> <Width = 32> <Depth = 0> <FIFO>
ST_1 : Operation 15 [1/1] (0.00ns)   --->   "%outputlocation_V_add = getelementptr [8 x i32]* %outputlocation_V, i64 0, i64 0" [main.cpp:33]   --->   Operation 15 'getelementptr' 'outputlocation_V_add' <Predicate = true> <Delay = 0.00>
ST_1 : Operation 16 [1/1] (2.32ns)   --->   "store i32 0, i32* %outputlocation_V_add, align 16" [main.cpp:33]   --->   Operation 16 'store' <Predicate = true> <Delay = 2.32> <Core = "RAM">   --->   Core 37 'RAM' <Latency = 1> <II = 1> <Delay = 2.32> <Storage> <Opcode : 'load' 'store'> <Ports = 2> <Width = 32> <Depth = 8> <RAM>

State 2 <SV = 1> <Delay = 3.63>
ST_2 : Operation 17 [1/1] (3.63ns)   --->   "%tmp_V_10 = call i32 @_ssdm_op_Read.ap_fifo.volatile.i32P(i32* %strm_in_V_V)" [main.cpp:23]   --->   Operation 17 'read' 'tmp_V_10' <Predicate = true> <Delay = 3.63> <Core = "FIFO">   --->   Core 32 'FIFO' <Latency = 0> <II = 1> <Delay = 3.63> <Storage> <Opcode : 'read' 'write' 'nbread' 'nbwrite'> <Ports = 0> <Width = 32> <Depth = 0> <FIFO>
ST_2 : Operation 18 [2/2] (0.00ns)   --->   "call fastcc void @hash1(i32 %tmp_V_9, i32 %tmp_V_10, [8 x i32]* %outputlocation_V)" [main.cpp:36]   --->   Operation 18 'call' <Predicate = true> <Delay = 0.00> <CoreType = "Generic">   --->   Core 0 '' <Latency = 0> <II = 1> <Delay = 1.00> <Generic> <Opcode : >

State 3 <SV = 2> <Delay = 0.00>
ST_3 : Operation 19 [1/2] (0.00ns)   --->   "call fastcc void @hash1(i32 %tmp_V_9, i32 %tmp_V_10, [8 x i32]* %outputlocation_V)" [main.cpp:36]   --->   Operation 19 'call' <Predicate = true> <Delay = 0.00> <CoreType = "Generic">   --->   Core 0 '' <Latency = 0> <II = 1> <Delay = 1.00> <Generic> <Opcode : >

State 4 <SV = 3> <Delay = 2.32>
ST_4 : Operation 20 [2/2] (2.32ns)   --->   "%tmp_V = load i32* %outputlocation_V_add, align 16" [main.cpp:39]   --->   Operation 20 'load' 'tmp_V' <Predicate = true> <Delay = 2.32> <Core = "RAM">   --->   Core 37 'RAM' <Latency = 1> <II = 1> <Delay = 2.32> <Storage> <Opcode : 'load' 'store'> <Ports = 2> <Width = 32> <Depth = 8> <RAM>

State 5 <SV = 4> <Delay = 5.95>
ST_5 : Operation 21 [1/2] (2.32ns)   --->   "%tmp_V = load i32* %outputlocation_V_add, align 16" [main.cpp:39]   --->   Operation 21 'load' 'tmp_V' <Predicate = true> <Delay = 2.32> <Core = "RAM">   --->   Core 37 'RAM' <Latency = 1> <II = 1> <Delay = 2.32> <Storage> <Opcode : 'load' 'store'> <Ports = 2> <Width = 32> <Depth = 8> <RAM>
ST_5 : Operation 22 [1/1] (3.63ns)   --->   "call void @_ssdm_op_Write.ap_fifo.volatile.i32P(i32* %strm_out_V_V, i32 %tmp_V)" [main.cpp:39]   --->   Operation 22 'write' <Predicate = true> <Delay = 3.63> <Core = "FIFO">   --->   Core 32 'FIFO' <Latency = 0> <II = 1> <Delay = 3.63> <Storage> <Opcode : 'read' 'write' 'nbread' 'nbwrite'> <Ports = 0> <Width = 32> <Depth = 0> <FIFO>
ST_5 : Operation 23 [1/1] (0.00ns)   --->   "%outputlocation_V_add_1 = getelementptr [8 x i32]* %outputlocation_V, i64 0, i64 1" [main.cpp:40]   --->   Operation 23 'getelementptr' 'outputlocation_V_add_1' <Predicate = true> <Delay = 0.00>
ST_5 : Operation 24 [2/2] (2.32ns)   --->   "%tmp_V_2 = load i32* %outputlocation_V_add_1, align 4" [main.cpp:40]   --->   Operation 24 'load' 'tmp_V_2' <Predicate = true> <Delay = 2.32> <Core = "RAM">   --->   Core 37 'RAM' <Latency = 1> <II = 1> <Delay = 2.32> <Storage> <Opcode : 'load' 'store'> <Ports = 2> <Width = 32> <Depth = 8> <RAM>

State 6 <SV = 5> <Delay = 5.95>
ST_6 : Operation 25 [1/2] (2.32ns)   --->   "%tmp_V_2 = load i32* %outputlocation_V_add_1, align 4" [main.cpp:40]   --->   Operation 25 'load' 'tmp_V_2' <Predicate = true> <Delay = 2.32> <Core = "RAM">   --->   Core 37 'RAM' <Latency = 1> <II = 1> <Delay = 2.32> <Storage> <Opcode : 'load' 'store'> <Ports = 2> <Width = 32> <Depth = 8> <RAM>
ST_6 : Operation 26 [1/1] (3.63ns)   --->   "call void @_ssdm_op_Write.ap_fifo.volatile.i32P(i32* %strm_out_V_V, i32 %tmp_V_2)" [main.cpp:40]   --->   Operation 26 'write' <Predicate = true> <Delay = 3.63> <Core = "FIFO">   --->   Core 32 'FIFO' <Latency = 0> <II = 1> <Delay = 3.63> <Storage> <Opcode : 'read' 'write' 'nbread' 'nbwrite'> <Ports = 0> <Width = 32> <Depth = 0> <FIFO>
ST_6 : Operation 27 [1/1] (0.00ns)   --->   "%outputlocation_V_add_2 = getelementptr [8 x i32]* %outputlocation_V, i64 0, i64 2" [main.cpp:41]   --->   Operation 27 'getelementptr' 'outputlocation_V_add_2' <Predicate = true> <Delay = 0.00>
ST_6 : Operation 28 [2/2] (2.32ns)   --->   "%tmp_V_3 = load i32* %outputlocation_V_add_2, align 8" [main.cpp:41]   --->   Operation 28 'load' 'tmp_V_3' <Predicate = true> <Delay = 2.32> <Core = "RAM">   --->   Core 37 'RAM' <Latency = 1> <II = 1> <Delay = 2.32> <Storage> <Opcode : 'load' 'store'> <Ports = 2> <Width = 32> <Depth = 8> <RAM>

State 7 <SV = 6> <Delay = 5.95>
ST_7 : Operation 29 [1/2] (2.32ns)   --->   "%tmp_V_3 = load i32* %outputlocation_V_add_2, align 8" [main.cpp:41]   --->   Operation 29 'load' 'tmp_V_3' <Predicate = true> <Delay = 2.32> <Core = "RAM">   --->   Core 37 'RAM' <Latency = 1> <II = 1> <Delay = 2.32> <Storage> <Opcode : 'load' 'store'> <Ports = 2> <Width = 32> <Depth = 8> <RAM>
ST_7 : Operation 30 [1/1] (3.63ns)   --->   "call void @_ssdm_op_Write.ap_fifo.volatile.i32P(i32* %strm_out_V_V, i32 %tmp_V_3)" [main.cpp:41]   --->   Operation 30 'write' <Predicate = true> <Delay = 3.63> <Core = "FIFO">   --->   Core 32 'FIFO' <Latency = 0> <II = 1> <Delay = 3.63> <Storage> <Opcode : 'read' 'write' 'nbread' 'nbwrite'> <Ports = 0> <Width = 32> <Depth = 0> <FIFO>
ST_7 : Operation 31 [1/1] (0.00ns)   --->   "%outputlocation_V_add_3 = getelementptr [8 x i32]* %outputlocation_V, i64 0, i64 3" [main.cpp:42]   --->   Operation 31 'getelementptr' 'outputlocation_V_add_3' <Predicate = true> <Delay = 0.00>
ST_7 : Operation 32 [2/2] (2.32ns)   --->   "%tmp_V_4 = load i32* %outputlocation_V_add_3, align 4" [main.cpp:42]   --->   Operation 32 'load' 'tmp_V_4' <Predicate = true> <Delay = 2.32> <Core = "RAM">   --->   Core 37 'RAM' <Latency = 1> <II = 1> <Delay = 2.32> <Storage> <Opcode : 'load' 'store'> <Ports = 2> <Width = 32> <Depth = 8> <RAM>

State 8 <SV = 7> <Delay = 5.95>
ST_8 : Operation 33 [1/2] (2.32ns)   --->   "%tmp_V_4 = load i32* %outputlocation_V_add_3, align 4" [main.cpp:42]   --->   Operation 33 'load' 'tmp_V_4' <Predicate = true> <Delay = 2.32> <Core = "RAM">   --->   Core 37 'RAM' <Latency = 1> <II = 1> <Delay = 2.32> <Storage> <Opcode : 'load' 'store'> <Ports = 2> <Width = 32> <Depth = 8> <RAM>
ST_8 : Operation 34 [1/1] (3.63ns)   --->   "call void @_ssdm_op_Write.ap_fifo.volatile.i32P(i32* %strm_out_V_V, i32 %tmp_V_4)" [main.cpp:42]   --->   Operation 34 'write' <Predicate = true> <Delay = 3.63> <Core = "FIFO">   --->   Core 32 'FIFO' <Latency = 0> <II = 1> <Delay = 3.63> <Storage> <Opcode : 'read' 'write' 'nbread' 'nbwrite'> <Ports = 0> <Width = 32> <Depth = 0> <FIFO>
ST_8 : Operation 35 [1/1] (0.00ns)   --->   "%outputlocation_V_add_4 = getelementptr [8 x i32]* %outputlocation_V, i64 0, i64 4" [main.cpp:43]   --->   Operation 35 'getelementptr' 'outputlocation_V_add_4' <Predicate = true> <Delay = 0.00>
ST_8 : Operation 36 [2/2] (2.32ns)   --->   "%tmp_V_5 = load i32* %outputlocation_V_add_4, align 16" [main.cpp:43]   --->   Operation 36 'load' 'tmp_V_5' <Predicate = true> <Delay = 2.32> <Core = "RAM">   --->   Core 37 'RAM' <Latency = 1> <II = 1> <Delay = 2.32> <Storage> <Opcode : 'load' 'store'> <Ports = 2> <Width = 32> <Depth = 8> <RAM>

State 9 <SV = 8> <Delay = 5.95>
ST_9 : Operation 37 [1/2] (2.32ns)   --->   "%tmp_V_5 = load i32* %outputlocation_V_add_4, align 16" [main.cpp:43]   --->   Operation 37 'load' 'tmp_V_5' <Predicate = true> <Delay = 2.32> <Core = "RAM">   --->   Core 37 'RAM' <Latency = 1> <II = 1> <Delay = 2.32> <Storage> <Opcode : 'load' 'store'> <Ports = 2> <Width = 32> <Depth = 8> <RAM>
ST_9 : Operation 38 [1/1] (3.63ns)   --->   "call void @_ssdm_op_Write.ap_fifo.volatile.i32P(i32* %strm_out_V_V, i32 %tmp_V_5)" [main.cpp:43]   --->   Operation 38 'write' <Predicate = true> <Delay = 3.63> <Core = "FIFO">   --->   Core 32 'FIFO' <Latency = 0> <II = 1> <Delay = 3.63> <Storage> <Opcode : 'read' 'write' 'nbread' 'nbwrite'> <Ports = 0> <Width = 32> <Depth = 0> <FIFO>
ST_9 : Operation 39 [1/1] (0.00ns)   --->   "%outputlocation_V_add_5 = getelementptr [8 x i32]* %outputlocation_V, i64 0, i64 5" [main.cpp:44]   --->   Operation 39 'getelementptr' 'outputlocation_V_add_5' <Predicate = true> <Delay = 0.00>
ST_9 : Operation 40 [2/2] (2.32ns)   --->   "%tmp_V_6 = load i32* %outputlocation_V_add_5, align 4" [main.cpp:44]   --->   Operation 40 'load' 'tmp_V_6' <Predicate = true> <Delay = 2.32> <Core = "RAM">   --->   Core 37 'RAM' <Latency = 1> <II = 1> <Delay = 2.32> <Storage> <Opcode : 'load' 'store'> <Ports = 2> <Width = 32> <Depth = 8> <RAM>

State 10 <SV = 9> <Delay = 5.95>
ST_10 : Operation 41 [1/2] (2.32ns)   --->   "%tmp_V_6 = load i32* %outputlocation_V_add_5, align 4" [main.cpp:44]   --->   Operation 41 'load' 'tmp_V_6' <Predicate = true> <Delay = 2.32> <Core = "RAM">   --->   Core 37 'RAM' <Latency = 1> <II = 1> <Delay = 2.32> <Storage> <Opcode : 'load' 'store'> <Ports = 2> <Width = 32> <Depth = 8> <RAM>
ST_10 : Operation 42 [1/1] (3.63ns)   --->   "call void @_ssdm_op_Write.ap_fifo.volatile.i32P(i32* %strm_out_V_V, i32 %tmp_V_6)" [main.cpp:44]   --->   Operation 42 'write' <Predicate = true> <Delay = 3.63> <Core = "FIFO">   --->   Core 32 'FIFO' <Latency = 0> <II = 1> <Delay = 3.63> <Storage> <Opcode : 'read' 'write' 'nbread' 'nbwrite'> <Ports = 0> <Width = 32> <Depth = 0> <FIFO>
ST_10 : Operation 43 [1/1] (0.00ns)   --->   "%outputlocation_V_add_6 = getelementptr [8 x i32]* %outputlocation_V, i64 0, i64 6" [main.cpp:45]   --->   Operation 43 'getelementptr' 'outputlocation_V_add_6' <Predicate = true> <Delay = 0.00>
ST_10 : Operation 44 [2/2] (2.32ns)   --->   "%tmp_V_7 = load i32* %outputlocation_V_add_6, align 8" [main.cpp:45]   --->   Operation 44 'load' 'tmp_V_7' <Predicate = true> <Delay = 2.32> <Core = "RAM">   --->   Core 37 'RAM' <Latency = 1> <II = 1> <Delay = 2.32> <Storage> <Opcode : 'load' 'store'> <Ports = 2> <Width = 32> <Depth = 8> <RAM>

State 11 <SV = 10> <Delay = 5.95>
ST_11 : Operation 45 [1/2] (2.32ns)   --->   "%tmp_V_7 = load i32* %outputlocation_V_add_6, align 8" [main.cpp:45]   --->   Operation 45 'load' 'tmp_V_7' <Predicate = true> <Delay = 2.32> <Core = "RAM">   --->   Core 37 'RAM' <Latency = 1> <II = 1> <Delay = 2.32> <Storage> <Opcode : 'load' 'store'> <Ports = 2> <Width = 32> <Depth = 8> <RAM>
ST_11 : Operation 46 [1/1] (3.63ns)   --->   "call void @_ssdm_op_Write.ap_fifo.volatile.i32P(i32* %strm_out_V_V, i32 %tmp_V_7)" [main.cpp:45]   --->   Operation 46 'write' <Predicate = true> <Delay = 3.63> <Core = "FIFO">   --->   Core 32 'FIFO' <Latency = 0> <II = 1> <Delay = 3.63> <Storage> <Opcode : 'read' 'write' 'nbread' 'nbwrite'> <Ports = 0> <Width = 32> <Depth = 0> <FIFO>
ST_11 : Operation 47 [1/1] (0.00ns)   --->   "%outputlocation_V_add_7 = getelementptr [8 x i32]* %outputlocation_V, i64 0, i64 7" [main.cpp:46]   --->   Operation 47 'getelementptr' 'outputlocation_V_add_7' <Predicate = true> <Delay = 0.00>
ST_11 : Operation 48 [2/2] (2.32ns)   --->   "%tmp_V_8 = load i32* %outputlocation_V_add_7, align 4" [main.cpp:46]   --->   Operation 48 'load' 'tmp_V_8' <Predicate = true> <Delay = 2.32> <Core = "RAM">   --->   Core 37 'RAM' <Latency = 1> <II = 1> <Delay = 2.32> <Storage> <Opcode : 'load' 'store'> <Ports = 2> <Width = 32> <Depth = 8> <RAM>

State 12 <SV = 11> <Delay = 5.95>
ST_12 : Operation 49 [1/1] (0.00ns)   --->   "%empty = call i32 (...)* @_ssdm_op_SpecInterface(i32* %strm_out_V_V, [8 x i8]* @ap_fifo_str, i32 0, i32 0, [1 x i8]* @p_str, i32 0, i32 0, [1 x i8]* @p_str, [1 x i8]* @p_str, [1 x i8]* @p_str, i32 2, i32 2, i32 16, i32 16, [1 x i8]* @p_str, [1 x i8]* @p_str)"   --->   Operation 49 'specinterface' 'empty' <Predicate = true> <Delay = 0.00>
ST_12 : Operation 50 [1/1] (0.00ns)   --->   "%empty_13 = call i32 (...)* @_ssdm_op_SpecInterface(i32* %strm_in_V_V, [8 x i8]* @ap_fifo_str, i32 0, i32 0, [1 x i8]* @p_str, i32 0, i32 0, [1 x i8]* @p_str, [1 x i8]* @p_str, [1 x i8]* @p_str, i32 2, i32 2, i32 16, i32 16, [1 x i8]* @p_str, [1 x i8]* @p_str)"   --->   Operation 50 'specinterface' 'empty_13' <Predicate = true> <Delay = 0.00>
ST_12 : Operation 51 [1/1] (0.00ns)   --->   "call void (...)* @_ssdm_op_SpecBitsMap(i32* %strm_in_V_V), !map !127"   --->   Operation 51 'specbitsmap' <Predicate = true> <Delay = 0.00>
ST_12 : Operation 52 [1/1] (0.00ns)   --->   "call void (...)* @_ssdm_op_SpecBitsMap(i32* %strm_out_V_V), !map !131"   --->   Operation 52 'specbitsmap' <Predicate = true> <Delay = 0.00>
ST_12 : Operation 53 [1/1] (0.00ns)   --->   "call void (...)* @_ssdm_op_SpecTopModule([4 x i8]* @dut_str) nounwind"   --->   Operation 53 'spectopmodule' <Predicate = true> <Delay = 0.00>
ST_12 : Operation 54 [1/2] (2.32ns)   --->   "%tmp_V_8 = load i32* %outputlocation_V_add_7, align 4" [main.cpp:46]   --->   Operation 54 'load' 'tmp_V_8' <Predicate = true> <Delay = 2.32> <Core = "RAM">   --->   Core 37 'RAM' <Latency = 1> <II = 1> <Delay = 2.32> <Storage> <Opcode : 'load' 'store'> <Ports = 2> <Width = 32> <Depth = 8> <RAM>
ST_12 : Operation 55 [1/1] (3.63ns)   --->   "call void @_ssdm_op_Write.ap_fifo.volatile.i32P(i32* %strm_out_V_V, i32 %tmp_V_8)" [main.cpp:46]   --->   Operation 55 'write' <Predicate = true> <Delay = 3.63> <Core = "FIFO">   --->   Core 32 'FIFO' <Latency = 0> <II = 1> <Delay = 3.63> <Storage> <Opcode : 'read' 'write' 'nbread' 'nbwrite'> <Ports = 0> <Width = 32> <Depth = 0> <FIFO>
ST_12 : Operation 56 [1/1] (0.00ns)   --->   "ret void" [main.cpp:47]   --->   Operation 56 'ret' <Predicate = true> <Delay = 0.00>


============================================================
+ Verbose Summary: Binding
============================================================
STG Binding: 
---------------- STG Properties BEGIN ----------------
- Is combinational: 0
- Is one-state seq: 0
- Is datapath-only: 0
- Is pipelined: 0
- Is top level: 1
Port [ Return ] is wired: 1; IO mode=ap_ctrl_hs:ce=0
Port [ strm_in_V_V]:  wired=1; compound=1; hidden=0; nouse=0; global=0; static=0; extern=0; dir=0; type=3; pingpong=0; private_global=0; IO mode=ap_fifo:ce=0
Port [ strm_out_V_V]:  wired=1; compound=1; hidden=0; nouse=0; global=0; static=0; extern=0; dir=1; type=3; pingpong=0; private_global=0; IO mode=ap_fifo:ce=0
Port [ K]:  wired=0; compound=1; hidden=1; nouse=1; global=1; static=1; extern=0; dir=0; type=1; pingpong=0; private_global=0; linkage=7; visibility=0; MemPort=[1]; IO mode=ap_memory:ce=0
---------------- STG Properties END ------------------

---------------- Datapath Model BEGIN ----------------

<LifeTime>
<method=bitvector/>
outputlocation_V       (alloca       ) [ 0011111111110]
tmp_V_9                (read         ) [ 0011000000000]
outputlocation_V_add   (getelementptr) [ 0011110000000]
store_ln33             (store        ) [ 0000000000000]
tmp_V_10               (read         ) [ 0001000000000]
call_ln36              (call         ) [ 0000000000000]
tmp_V                  (load         ) [ 0000000000000]
write_ln39             (write        ) [ 0000000000000]
outputlocation_V_add_1 (getelementptr) [ 0000001000000]
tmp_V_2                (load         ) [ 0000000000000]
write_ln40             (write        ) [ 0000000000000]
outputlocation_V_add_2 (getelementptr) [ 0000000100000]
tmp_V_3                (load         ) [ 0000000000000]
write_ln41             (write        ) [ 0000000000000]
outputlocation_V_add_3 (getelementptr) [ 0000000010000]
tmp_V_4                (load         ) [ 0000000000000]
write_ln42             (write        ) [ 0000000000000]
outputlocation_V_add_4 (getelementptr) [ 0000000001000]
tmp_V_5                (load         ) [ 0000000000000]
write_ln43             (write        ) [ 0000000000000]
outputlocation_V_add_5 (getelementptr) [ 0000000000100]
tmp_V_6                (load         ) [ 0000000000000]
write_ln44             (write        ) [ 0000000000000]
outputlocation_V_add_6 (getelementptr) [ 0000000000010]
tmp_V_7                (load         ) [ 0000000000000]
write_ln45             (write        ) [ 0000000000000]
outputlocation_V_add_7 (getelementptr) [ 0000000000001]
empty                  (specinterface) [ 0000000000000]
empty_13               (specinterface) [ 0000000000000]
specbitsmap_ln0        (specbitsmap  ) [ 0000000000000]
specbitsmap_ln0        (specbitsmap  ) [ 0000000000000]
spectopmodule_ln0      (spectopmodule) [ 0000000000000]
tmp_V_8                (load         ) [ 0000000000000]
write_ln46             (write        ) [ 0000000000000]
ret_ln47               (ret          ) [ 0000000000000]
</LifeTime>

<model>

<comp_list>
<comp id="0" class="1000" name="strm_in_V_V">
<pin_list>
<pin id="1" dir="1" index="0" bw="1" slack="0"/>
</pin_list>
<bind>
<StgValue><ssdm name="strm_in_V_V"/></StgValue>
</bind>
</comp>

<comp id="2" class="1000" name="strm_out_V_V">
<pin_list>
<pin id="3" dir="1" index="0" bw="1" slack="0"/>
</pin_list>
<bind>
<StgValue><ssdm name="strm_out_V_V"/></StgValue>
</bind>
</comp>

<comp id="4" class="1000" name="K">
<pin_list>
<pin id="5" dir="1" index="0" bw="1" slack="0"/>
</pin_list>
<bind>
<StgValue><ssdm name="K"/><MemPortTyVec>1 </MemPortTyVec>
</StgValue>
</bind>
</comp>

<comp id="6" class="1001" name="const_6">
<pin_list>
<pin id="7" dir="1" index="0" bw="1" slack="0"/>
</pin_list>
<bind>
<StgValue><ssdm name=""/></StgValue>
</bind>
</comp>

<comp id="8" class="1001" name="const_8">
<pin_list>
<pin id="9" dir="1" index="0" bw="1" slack="0"/>
</pin_list>
<bind>
<StgValue><ssdm name="_ssdm_op_Read.ap_fifo.volatile.i32P"/></StgValue>
</bind>
</comp>

<comp id="10" class="1001" name="const_10">
<pin_list>
<pin id="11" dir="1" index="0" bw="1" slack="0"/>
</pin_list>
<bind>
<StgValue><ssdm name=""/></StgValue>
</bind>
</comp>

<comp id="12" class="1001" name="const_12">
<pin_list>
<pin id="13" dir="1" index="0" bw="1" slack="0"/>
</pin_list>
<bind>
<StgValue><ssdm name=""/></StgValue>
</bind>
</comp>

<comp id="14" class="1001" name="const_14">
<pin_list>
<pin id="15" dir="1" index="0" bw="1" slack="0"/>
</pin_list>
<bind>
<StgValue><ssdm name="hash1"/></StgValue>
</bind>
</comp>

<comp id="16" class="1001" name="const_16">
<pin_list>
<pin id="17" dir="1" index="0" bw="1" slack="0"/>
</pin_list>
<bind>
<StgValue><ssdm name="_ssdm_op_Write.ap_fifo.volatile.i32P"/></StgValue>
</bind>
</comp>

<comp id="18" class="1001" name="const_18">
<pin_list>
<pin id="19" dir="1" index="0" bw="1" slack="0"/>
</pin_list>
<bind>
<StgValue><ssdm name=""/></StgValue>
</bind>
</comp>

<comp id="20" class="1001" name="const_20">
<pin_list>
<pin id="21" dir="1" index="0" bw="1" slack="0"/>
</pin_list>
<bind>
<StgValue><ssdm name=""/></StgValue>
</bind>
</comp>

<comp id="22" class="1001" name="const_22">
<pin_list>
<pin id="23" dir="1" index="0" bw="1" slack="0"/>
</pin_list>
<bind>
<StgValue><ssdm name=""/></StgValue>
</bind>
</comp>

<comp id="24" class="1001" name="const_24">
<pin_list>
<pin id="25" dir="1" index="0" bw="1" slack="0"/>
</pin_list>
<bind>
<StgValue><ssdm name=""/></StgValue>
</bind>
</comp>

<comp id="26" class="1001" name="const_26">
<pin_list>
<pin id="27" dir="1" index="0" bw="1" slack="0"/>
</pin_list>
<bind>
<StgValue><ssdm name=""/></StgValue>
</bind>
</comp>

<comp id="28" class="1001" name="const_28">
<pin_list>
<pin id="29" dir="1" index="0" bw="1" slack="0"/>
</pin_list>
<bind>
<StgValue><ssdm name=""/></StgValue>
</bind>
</comp>

<comp id="30" class="1001" name="const_30">
<pin_list>
<pin id="31" dir="1" index="0" bw="1" slack="2147483647"/>
</pin_list>
<bind>
<StgValue><ssdm name="_ssdm_op_SpecInterface"/></StgValue>
</bind>
</comp>

<comp id="32" class="1001" name="const_32">
<pin_list>
<pin id="33" dir="1" index="0" bw="1" slack="2147483647"/>
</pin_list>
<bind>
<StgValue><ssdm name="ap_fifo_str"/></StgValue>
</bind>
</comp>

<comp id="34" class="1001" name="const_34">
<pin_list>
<pin id="35" dir="1" index="0" bw="1" slack="2147483647"/>
</pin_list>
<bind>
<StgValue><ssdm name="p_str"/></StgValue>
</bind>
</comp>

<comp id="36" class="1001" name="const_36">
<pin_list>
<pin id="37" dir="1" index="0" bw="1" slack="2147483647"/>
</pin_list>
<bind>
<StgValue><ssdm name=""/></StgValue>
</bind>
</comp>

<comp id="38" class="1001" name="const_38">
<pin_list>
<pin id="39" dir="1" index="0" bw="1" slack="2147483647"/>
</pin_list>
<bind>
<StgValue><ssdm name=""/></StgValue>
</bind>
</comp>

<comp id="40" class="1001" name="const_40">
<pin_list>
<pin id="41" dir="1" index="0" bw="1" slack="2147483647"/>
</pin_list>
<bind>
<StgValue><ssdm name="_ssdm_op_SpecBitsMap"/></StgValue>
</bind>
</comp>

<comp id="42" class="1001" name="const_42">
<pin_list>
<pin id="43" dir="1" index="0" bw="1" slack="2147483647"/>
</pin_list>
<bind>
<StgValue><ssdm name="_ssdm_op_SpecTopModule"/></StgValue>
</bind>
</comp>

<comp id="44" class="1001" name="const_44">
<pin_list>
<pin id="45" dir="1" index="0" bw="1" slack="2147483647"/>
</pin_list>
<bind>
<StgValue><ssdm name="dut_str"/></StgValue>
</bind>
</comp>

<comp id="46" class="1004" name="outputlocation_V_alloca_fu_46">
<pin_list>
<pin id="47" dir="0" index="0" bw="1" slack="0"/>
<pin id="48" dir="1" index="1" bw="32" slack="0"/>
</pin_list>
<bind>
<opcode="alloca(26) " fcode="alloca"/>
<opset="outputlocation_V/1 "/>
</bind>
</comp>

<comp id="50" class="1004" name="grp_read_fu_50">
<pin_list>
<pin id="51" dir="0" index="0" bw="32" slack="0"/>
<pin id="52" dir="0" index="1" bw="32" slack="0"/>
<pin id="53" dir="1" index="2" bw="32" slack="0"/>
</pin_list>
<bind>
<opcode="read(1150) " fcode="read"/>
<opset="tmp_V_9/1 tmp_V_10/2 "/>
</bind>
</comp>

<comp id="56" class="1004" name="grp_write_fu_56">
<pin_list>
<pin id="57" dir="0" index="0" bw="0" slack="0"/>
<pin id="58" dir="0" index="1" bw="32" slack="0"/>
<pin id="59" dir="0" index="2" bw="32" slack="0"/>
<pin id="60" dir="1" index="3" bw="0" slack="2147483647"/>
</pin_list>
<bind>
<opcode="write(1151) " fcode="write"/>
<opset="write_ln39/5 write_ln40/6 write_ln41/7 write_ln42/8 write_ln43/9 write_ln44/10 write_ln45/11 write_ln46/12 "/>
</bind>
</comp>

<comp id="63" class="1004" name="outputlocation_V_add_gep_fu_63">
<pin_list>
<pin id="64" dir="0" index="0" bw="32" slack="0"/>
<pin id="65" dir="0" index="1" bw="1" slack="0"/>
<pin id="66" dir="0" index="2" bw="1" slack="0"/>
<pin id="67" dir="1" index="3" bw="3" slack="0"/>
</pin_list>
<bind>
<opcode="getelementptr(29) " fcode="getelementptr"/>
<opset="outputlocation_V_add/1 "/>
</bind>
</comp>

<comp id="71" class="1004" name="grp_access_fu_71">
<pin_list>
<pin id="72" dir="0" index="0" bw="3" slack="0"/>
<pin id="73" dir="0" index="1" bw="32" slack="0"/>
<pin id="74" dir="0" index="2" bw="0" slack="2147483647"/>
<pin id="75" dir="1" index="3" bw="32" slack="0"/>
</pin_list>
<bind>
<opcode="load(27) store(28) " fcode="load"/>
<opset="store_ln33/1 tmp_V/4 tmp_V_2/5 tmp_V_3/6 tmp_V_4/7 tmp_V_5/8 tmp_V_6/9 tmp_V_7/10 tmp_V_8/11 "/>
</bind>
</comp>

<comp id="79" class="1004" name="outputlocation_V_add_1_gep_fu_79">
<pin_list>
<pin id="80" dir="0" index="0" bw="32" slack="2147483647"/>
<pin id="81" dir="0" index="1" bw="1" slack="0"/>
<pin id="82" dir="0" index="2" bw="1" slack="0"/>
<pin id="83" dir="1" index="3" bw="3" slack="0"/>
</pin_list>
<bind>
<opcode="getelementptr(29) " fcode="getelementptr"/>
<opset="outputlocation_V_add_1/5 "/>
</bind>
</comp>

<comp id="87" class="1004" name="outputlocation_V_add_2_gep_fu_87">
<pin_list>
<pin id="88" dir="0" index="0" bw="32" slack="2147483647"/>
<pin id="89" dir="0" index="1" bw="1" slack="0"/>
<pin id="90" dir="0" index="2" bw="3" slack="0"/>
<pin id="91" dir="1" index="3" bw="3" slack="0"/>
</pin_list>
<bind>
<opcode="getelementptr(29) " fcode="getelementptr"/>
<opset="outputlocation_V_add_2/6 "/>
</bind>
</comp>

<comp id="95" class="1004" name="outputlocation_V_add_3_gep_fu_95">
<pin_list>
<pin id="96" dir="0" index="0" bw="32" slack="2147483647"/>
<pin id="97" dir="0" index="1" bw="1" slack="0"/>
<pin id="98" dir="0" index="2" bw="3" slack="0"/>
<pin id="99" dir="1" index="3" bw="3" slack="0"/>
</pin_list>
<bind>
<opcode="getelementptr(29) " fcode="getelementptr"/>
<opset="outputlocation_V_add_3/7 "/>
</bind>
</comp>

<comp id="103" class="1004" name="outputlocation_V_add_4_gep_fu_103">
<pin_list>
<pin id="104" dir="0" index="0" bw="32" slack="2147483647"/>
<pin id="105" dir="0" index="1" bw="1" slack="0"/>
<pin id="106" dir="0" index="2" bw="4" slack="0"/>
<pin id="107" dir="1" index="3" bw="3" slack="0"/>
</pin_list>
<bind>
<opcode="getelementptr(29) " fcode="getelementptr"/>
<opset="outputlocation_V_add_4/8 "/>
</bind>
</comp>

<comp id="111" class="1004" name="outputlocation_V_add_5_gep_fu_111">
<pin_list>
<pin id="112" dir="0" index="0" bw="32" slack="2147483647"/>
<pin id="113" dir="0" index="1" bw="1" slack="0"/>
<pin id="114" dir="0" index="2" bw="4" slack="0"/>
<pin id="115" dir="1" index="3" bw="3" slack="0"/>
</pin_list>
<bind>
<opcode="getelementptr(29) " fcode="getelementptr"/>
<opset="outputlocation_V_add_5/9 "/>
</bind>
</comp>

<comp id="119" class="1004" name="outputlocation_V_add_6_gep_fu_119">
<pin_list>
<pin id="120" dir="0" index="0" bw="32" slack="2147483647"/>
<pin id="121" dir="0" index="1" bw="1" slack="0"/>
<pin id="122" dir="0" index="2" bw="4" slack="0"/>
<pin id="123" dir="1" index="3" bw="3" slack="0"/>
</pin_list>
<bind>
<opcode="getelementptr(29) " fcode="getelementptr"/>
<opset="outputlocation_V_add_6/10 "/>
</bind>
</comp>

<comp id="127" class="1004" name="outputlocation_V_add_7_gep_fu_127">
<pin_list>
<pin id="128" dir="0" index="0" bw="32" slack="2147483647"/>
<pin id="129" dir="0" index="1" bw="1" slack="0"/>
<pin id="130" dir="0" index="2" bw="4" slack="0"/>
<pin id="131" dir="1" index="3" bw="3" slack="0"/>
</pin_list>
<bind>
<opcode="getelementptr(29) " fcode="getelementptr"/>
<opset="outputlocation_V_add_7/11 "/>
</bind>
</comp>

<comp id="135" class="1004" name="grp_hash1_fu_135">
<pin_list>
<pin id="136" dir="0" index="0" bw="0" slack="0"/>
<pin id="137" dir="0" index="1" bw="32" slack="1"/>
<pin id="138" dir="0" index="2" bw="32" slack="0"/>
<pin id="139" dir="0" index="3" bw="32" slack="2147483647"/>
<pin id="140" dir="0" index="4" bw="32" slack="0"/>
<pin id="141" dir="1" index="5" bw="0" slack="2147483647"/>
</pin_list>
<bind>
<opcode="call(48) " fcode="call"/>
<opset="call_ln36/2 "/>
</bind>
</comp>

<comp id="145" class="1005" name="tmp_V_9_reg_145">
<pin_list>
<pin id="146" dir="0" index="0" bw="32" slack="1"/>
<pin id="147" dir="1" index="1" bw="32" slack="1"/>
</pin_list>
<bind>
<opset="tmp_V_9 "/>
</bind>
</comp>

<comp id="150" class="1005" name="outputlocation_V_add_reg_150">
<pin_list>
<pin id="151" dir="0" index="0" bw="3" slack="3"/>
<pin id="152" dir="1" index="1" bw="3" slack="3"/>
</pin_list>
<bind>
<opset="outputlocation_V_add "/>
</bind>
</comp>

<comp id="155" class="1005" name="tmp_V_10_reg_155">
<pin_list>
<pin id="156" dir="0" index="0" bw="32" slack="1"/>
<pin id="157" dir="1" index="1" bw="32" slack="1"/>
</pin_list>
<bind>
<opset="tmp_V_10 "/>
</bind>
</comp>

<comp id="160" class="1005" name="outputlocation_V_add_1_reg_160">
<pin_list>
<pin id="161" dir="0" index="0" bw="3" slack="1"/>
<pin id="162" dir="1" index="1" bw="3" slack="1"/>
</pin_list>
<bind>
<opset="outputlocation_V_add_1 "/>
</bind>
</comp>

<comp id="165" class="1005" name="outputlocation_V_add_2_reg_165">
<pin_list>
<pin id="166" dir="0" index="0" bw="3" slack="1"/>
<pin id="167" dir="1" index="1" bw="3" slack="1"/>
</pin_list>
<bind>
<opset="outputlocation_V_add_2 "/>
</bind>
</comp>

<comp id="170" class="1005" name="outputlocation_V_add_3_reg_170">
<pin_list>
<pin id="171" dir="0" index="0" bw="3" slack="1"/>
<pin id="172" dir="1" index="1" bw="3" slack="1"/>
</pin_list>
<bind>
<opset="outputlocation_V_add_3 "/>
</bind>
</comp>

<comp id="175" class="1005" name="outputlocation_V_add_4_reg_175">
<pin_list>
<pin id="176" dir="0" index="0" bw="3" slack="1"/>
<pin id="177" dir="1" index="1" bw="3" slack="1"/>
</pin_list>
<bind>
<opset="outputlocation_V_add_4 "/>
</bind>
</comp>

<comp id="180" class="1005" name="outputlocation_V_add_5_reg_180">
<pin_list>
<pin id="181" dir="0" index="0" bw="3" slack="1"/>
<pin id="182" dir="1" index="1" bw="3" slack="1"/>
</pin_list>
<bind>
<opset="outputlocation_V_add_5 "/>
</bind>
</comp>

<comp id="185" class="1005" name="outputlocation_V_add_6_reg_185">
<pin_list>
<pin id="186" dir="0" index="0" bw="3" slack="1"/>
<pin id="187" dir="1" index="1" bw="3" slack="1"/>
</pin_list>
<bind>
<opset="outputlocation_V_add_6 "/>
</bind>
</comp>

<comp id="190" class="1005" name="outputlocation_V_add_7_reg_190">
<pin_list>
<pin id="191" dir="0" index="0" bw="3" slack="1"/>
<pin id="192" dir="1" index="1" bw="3" slack="1"/>
</pin_list>
<bind>
<opset="outputlocation_V_add_7 "/>
</bind>
</comp>

</comp_list>

<net_list>
<net id="49"><net_src comp="6" pin="0"/><net_sink comp="46" pin=0"/></net>

<net id="54"><net_src comp="8" pin="0"/><net_sink comp="50" pin=0"/></net>

<net id="55"><net_src comp="0" pin="0"/><net_sink comp="50" pin=1"/></net>

<net id="61"><net_src comp="16" pin="0"/><net_sink comp="56" pin=0"/></net>

<net id="62"><net_src comp="2" pin="0"/><net_sink comp="56" pin=1"/></net>

<net id="68"><net_src comp="46" pin="1"/><net_sink comp="63" pin=0"/></net>

<net id="69"><net_src comp="10" pin="0"/><net_sink comp="63" pin=1"/></net>

<net id="70"><net_src comp="10" pin="0"/><net_sink comp="63" pin=2"/></net>

<net id="76"><net_src comp="12" pin="0"/><net_sink comp="71" pin=1"/></net>

<net id="77"><net_src comp="63" pin="3"/><net_sink comp="71" pin=0"/></net>

<net id="78"><net_src comp="71" pin="3"/><net_sink comp="56" pin=2"/></net>

<net id="84"><net_src comp="10" pin="0"/><net_sink comp="79" pin=1"/></net>

<net id="85"><net_src comp="6" pin="0"/><net_sink comp="79" pin=2"/></net>

<net id="86"><net_src comp="79" pin="3"/><net_sink comp="71" pin=0"/></net>

<net id="92"><net_src comp="10" pin="0"/><net_sink comp="87" pin=1"/></net>

<net id="93"><net_src comp="18" pin="0"/><net_sink comp="87" pin=2"/></net>

<net id="94"><net_src comp="87" pin="3"/><net_sink comp="71" pin=0"/></net>

<net id="100"><net_src comp="10" pin="0"/><net_sink comp="95" pin=1"/></net>

<net id="101"><net_src comp="20" pin="0"/><net_sink comp="95" pin=2"/></net>

<net id="102"><net_src comp="95" pin="3"/><net_sink comp="71" pin=0"/></net>

<net id="108"><net_src comp="10" pin="0"/><net_sink comp="103" pin=1"/></net>

<net id="109"><net_src comp="22" pin="0"/><net_sink comp="103" pin=2"/></net>

<net id="110"><net_src comp="103" pin="3"/><net_sink comp="71" pin=0"/></net>

<net id="116"><net_src comp="10" pin="0"/><net_sink comp="111" pin=1"/></net>

<net id="117"><net_src comp="24" pin="0"/><net_sink comp="111" pin=2"/></net>

<net id="118"><net_src comp="111" pin="3"/><net_sink comp="71" pin=0"/></net>

<net id="124"><net_src comp="10" pin="0"/><net_sink comp="119" pin=1"/></net>

<net id="125"><net_src comp="26" pin="0"/><net_sink comp="119" pin=2"/></net>

<net id="126"><net_src comp="119" pin="3"/><net_sink comp="71" pin=0"/></net>

<net id="132"><net_src comp="10" pin="0"/><net_sink comp="127" pin=1"/></net>

<net id="133"><net_src comp="28" pin="0"/><net_sink comp="127" pin=2"/></net>

<net id="134"><net_src comp="127" pin="3"/><net_sink comp="71" pin=0"/></net>

<net id="142"><net_src comp="14" pin="0"/><net_sink comp="135" pin=0"/></net>

<net id="143"><net_src comp="50" pin="2"/><net_sink comp="135" pin=2"/></net>

<net id="144"><net_src comp="4" pin="0"/><net_sink comp="135" pin=4"/></net>

<net id="148"><net_src comp="50" pin="2"/><net_sink comp="145" pin=0"/></net>

<net id="149"><net_src comp="145" pin="1"/><net_sink comp="135" pin=1"/></net>

<net id="153"><net_src comp="63" pin="3"/><net_sink comp="150" pin=0"/></net>

<net id="154"><net_src comp="150" pin="1"/><net_sink comp="71" pin=0"/></net>

<net id="158"><net_src comp="50" pin="2"/><net_sink comp="155" pin=0"/></net>

<net id="159"><net_src comp="155" pin="1"/><net_sink comp="135" pin=2"/></net>

<net id="163"><net_src comp="79" pin="3"/><net_sink comp="160" pin=0"/></net>

<net id="164"><net_src comp="160" pin="1"/><net_sink comp="71" pin=0"/></net>

<net id="168"><net_src comp="87" pin="3"/><net_sink comp="165" pin=0"/></net>

<net id="169"><net_src comp="165" pin="1"/><net_sink comp="71" pin=0"/></net>

<net id="173"><net_src comp="95" pin="3"/><net_sink comp="170" pin=0"/></net>

<net id="174"><net_src comp="170" pin="1"/><net_sink comp="71" pin=0"/></net>

<net id="178"><net_src comp="103" pin="3"/><net_sink comp="175" pin=0"/></net>

<net id="179"><net_src comp="175" pin="1"/><net_sink comp="71" pin=0"/></net>

<net id="183"><net_src comp="111" pin="3"/><net_sink comp="180" pin=0"/></net>

<net id="184"><net_src comp="180" pin="1"/><net_sink comp="71" pin=0"/></net>

<net id="188"><net_src comp="119" pin="3"/><net_sink comp="185" pin=0"/></net>

<net id="189"><net_src comp="185" pin="1"/><net_sink comp="71" pin=0"/></net>

<net id="193"><net_src comp="127" pin="3"/><net_sink comp="190" pin=0"/></net>

<net id="194"><net_src comp="190" pin="1"/><net_sink comp="71" pin=0"/></net>

</net_list>

</model> 
---------------- Datapath Model END ------------------

* FSMD analyzer results:
  - Output states:
	Port: strm_out_V_V | {5 6 7 8 9 10 11 12 }
 - Input state : 
	Port: dut : strm_in_V_V | {1 2 }
	Port: dut : K | {2 3 }
  - Chain level:
	State 1
		outputlocation_V_add : 1
		store_ln33 : 2
	State 2
	State 3
	State 4
	State 5
		write_ln39 : 1
		tmp_V_2 : 1
	State 6
		write_ln40 : 1
		tmp_V_3 : 1
	State 7
		write_ln41 : 1
		tmp_V_4 : 1
	State 8
		write_ln42 : 1
		tmp_V_5 : 1
	State 9
		write_ln43 : 1
		tmp_V_6 : 1
	State 10
		write_ln44 : 1
		tmp_V_7 : 1
	State 11
		write_ln45 : 1
		tmp_V_8 : 1
	State 12
		write_ln46 : 1


============================================================
+ Verbose Summary: Datapath Resource usage 
============================================================

* Functional unit list:
|----------|------------------|---------|---------|---------|---------|---------|
| Operation|  Functional Unit |   BRAM  |  Delay  |    FF   |   LUT   |   URAM  |
|----------|------------------|---------|---------|---------|---------|---------|
|   call   | grp_hash1_fu_135 |    37   | 39.8119 |   925   |   1738  |    0    |
|----------|------------------|---------|---------|---------|---------|---------|
|   read   |  grp_read_fu_50  |    0    |    0    |    0    |    0    |    0    |
|----------|------------------|---------|---------|---------|---------|---------|
|   write  |  grp_write_fu_56 |    0    |    0    |    0    |    0    |    0    |
|----------|------------------|---------|---------|---------|---------|---------|
|   Total  |                  |    37   | 39.8119 |   925   |   1738  |    0    |
|----------|------------------|---------|---------|---------|---------|---------|

Memories:
+----------------+--------+--------+--------+--------+
|                |  BRAM  |   FF   |   LUT  |  URAM  |
+----------------+--------+--------+--------+--------+
|        K       |    1   |    0   |    0   |    -   |
|outputlocation_V|    0   |   64   |    4   |    0   |
+----------------+--------+--------+--------+--------+
|      Total     |    1   |   64   |    4   |    0   |
+----------------+--------+--------+--------+--------+

* Register list:
+------------------------------+--------+
|                              |   FF   |
+------------------------------+--------+
|outputlocation_V_add_1_reg_160|    3   |
|outputlocation_V_add_2_reg_165|    3   |
|outputlocation_V_add_3_reg_170|    3   |
|outputlocation_V_add_4_reg_175|    3   |
|outputlocation_V_add_5_reg_180|    3   |
|outputlocation_V_add_6_reg_185|    3   |
|outputlocation_V_add_7_reg_190|    3   |
| outputlocation_V_add_reg_150 |    3   |
|       tmp_V_10_reg_155       |   32   |
|        tmp_V_9_reg_145       |   32   |
+------------------------------+--------+
|             Total            |   88   |
+------------------------------+--------+

* Multiplexer (MUX) list: 
|------------------|------|------|------|--------||---------||---------|
|       Comp       |  Pin | Size |  BW  | S x BW ||  Delay  ||   LUT   |
|------------------|------|------|------|--------||---------||---------|
| grp_access_fu_71 |  p0  |  16  |   3  |   48   ||    65   |
| grp_hash1_fu_135 |  p2  |   2  |  32  |   64   ||    9    |
|------------------|------|------|------|--------||---------||---------|
|       Total      |      |      |      |   112  ||  3.968  ||    74   |
|------------------|------|------|------|--------||---------||---------|



* Summary:
+-----------+--------+--------+--------+--------+--------+
|           |  BRAM  |  Delay |   FF   |   LUT  |  URAM  |
+-----------+--------+--------+--------+--------+--------+
|  Function |   37   |   39   |   925  |  1738  |    0   |
|   Memory  |    1   |    -   |   64   |    4   |    0   |
|Multiplexer|    -   |    3   |    -   |   74   |    -   |
|  Register |    -   |    -   |   88   |    -   |    -   |
+-----------+--------+--------+--------+--------+--------+
|   Total   |   38   |   43   |  1077  |  1816  |    0   |
+-----------+--------+--------+--------+--------+--------+
