

================================================================
== Vivado HLS Report for 'dut'
================================================================
* Date:           Mon Nov 25 03:46:06 2024

* Version:        2019.2 (Build 2704478 on Wed Nov 06 22:10:23 MST 2019)
* Project:        sha.prj
* Solution:       solution1
* Product family: zynq
* Target device:  xc7z020-clg484-1


================================================================
== Performance Estimates
================================================================
+ Timing: 
    * Summary: 
    +--------+----------+----------+------------+
    |  Clock |  Target  | Estimated| Uncertainty|
    +--------+----------+----------+------------+
    |ap_clk  | 10.00 ns | 7.625 ns |   1.25 ns  |
    +--------+----------+----------+------------+

+ Latency: 
    * Summary: 
    +---------+---------+----------+----------+-----+-----+---------+
    |  Latency (cycles) |  Latency (absolute) |  Interval | Pipeline|
    |   min   |   max   |    min   |    max   | min | max |   Type  |
    +---------+---------+----------+----------+-----+-----+---------+
    |        ?|        ?|         ?|         ?|    ?|    ?|   none  |
    +---------+---------+----------+----------+-----+-----+---------+

    + Detail: 
        * Instance: 
        N/A

        * Loop: 
        +----------+---------+---------+----------+-----------+-----------+------+----------+
        |          |  Latency (cycles) | Iteration|  Initiation Interval  | Trip |          |
        | Loop Name|   min   |   max   |  Latency |  achieved |   target  | Count| Pipelined|
        +----------+---------+---------+----------+-----------+-----------+------+----------+
        |- Loop 1  |        8|        8|         1|          -|          -|     8|    no    |
        |- Loop 2  |        8|        8|         1|          -|          -|     8|    no    |
        |- Loop 3  |       16|       16|         2|          -|          -|     8|    no    |
        +----------+---------+---------+----------+-----------+-----------+------+----------+

============================================================
+ Verbose Summary: Synthesis Manager
============================================================
InlineROM: 1
ExposeGlobal: 0
============================================================
+ Verbose Summary: CDFG Model
============================================================
IsTopModel: 1
ResetActiveHigh: 1
IsCombinational: 0
IsDatapathOnly: 0
HasWiredReturn: 1
HasMFsm: 0
HasVarLatency: 1
IsPipeline: 0
IsRtlPipelined: 0
IsInstanceOverlapped: 0
IsDontTouch: 0
HasImplIP: 0
IsGatedGlobalClock: 0


============================================================
+ Verbose Summary: Schedule
============================================================
* Number of FSM states : 16
* Pipeline : 0
* Dataflow Pipeline: 0

* FSM state transitions: 
1 --> 2 
2 --> 3 
3 --> 3 4 
4 --> 5 4 
5 --> 6 
6 --> 7 
7 --> 8 9 
8 --> 7 
9 --> 10 
10 --> 11 
11 --> 12 
12 --> 13 
13 --> 14 
14 --> 15 
15 --> 16 
16 --> 

* FSM state operations: 

State 1 <SV = 0> <Delay = 3.63>
ST_1 : Operation 17 [1/1] (0.00ns)   --->   "%prevhash_V = alloca [8 x i32], align 4" [dut.cpp:36]   --->   Operation 17 'alloca' 'prevhash_V' <Predicate = true> <Delay = 0.00> <Core = "RAM">   --->   Core 37 'RAM' <Latency = 1> <II = 1> <Delay = 2.32> <Storage> <Opcode : 'load' 'store'> <Ports = 2> <Width = 32> <Depth = 8> <RAM>
ST_1 : Operation 18 [1/1] (0.00ns)   --->   "%merkle_root_V = alloca [8 x i32], align 4" [dut.cpp:42]   --->   Operation 18 'alloca' 'merkle_root_V' <Predicate = true> <Delay = 0.00> <Core = "RAM">   --->   Core 37 'RAM' <Latency = 1> <II = 1> <Delay = 2.32> <Storage> <Opcode : 'load' 'store'> <Ports = 2> <Width = 32> <Depth = 8> <RAM>
ST_1 : Operation 19 [1/1] (0.00ns)   --->   "%output_hash_V = alloca [8 x i32], align 4" [dut.cpp:61]   --->   Operation 19 'alloca' 'output_hash_V' <Predicate = true> <Delay = 0.00> <Core = "RAM">   --->   Core 37 'RAM' <Latency = 1> <II = 1> <Delay = 2.32> <Storage> <Opcode : 'load' 'store'> <Ports = 2> <Width = 32> <Depth = 8> <RAM>
ST_1 : Operation 20 [1/1] (0.00ns)   --->   "%p_1 = alloca [8 x i32], align 4"   --->   Operation 20 'alloca' 'p_1' <Predicate = true> <Delay = 0.00> <Core = "RAM">   --->   Core 37 'RAM' <Latency = 1> <II = 1> <Delay = 2.32> <Storage> <Opcode : 'load' 'store'> <Ports = 2> <Width = 32> <Depth = 8> <RAM>
ST_1 : Operation 21 [1/1] (3.63ns)   --->   "%tmp_V = call i32 @_ssdm_op_Read.ap_fifo.volatile.i32P(i32* %strm_in_V_V)" [dut.cpp:27]   --->   Operation 21 'read' 'tmp_V' <Predicate = true> <Delay = 3.63> <Core = "FIFO">   --->   Core 32 'FIFO' <Latency = 0> <II = 1> <Delay = 3.63> <Storage> <Opcode : 'read' 'write' 'nbread' 'nbwrite'> <Ports = 0> <Width = 32> <Depth = 0> <FIFO>

State 2 <SV = 1> <Delay = 3.63>
ST_2 : Operation 22 [1/1] (0.00ns)   --->   "%empty = call i32 (...)* @_ssdm_op_SpecInterface(i32* %strm_out_V_V, [8 x i8]* @ap_fifo_str, i32 0, i32 0, [1 x i8]* @p_str, i32 0, i32 0, [1 x i8]* @p_str, [1 x i8]* @p_str, [1 x i8]* @p_str, i32 2, i32 2, i32 16, i32 16, [1 x i8]* @p_str, [1 x i8]* @p_str)"   --->   Operation 22 'specinterface' 'empty' <Predicate = true> <Delay = 0.00>
ST_2 : Operation 23 [1/1] (0.00ns)   --->   "%empty_23 = call i32 (...)* @_ssdm_op_SpecInterface(i32* %strm_in_V_V, [8 x i8]* @ap_fifo_str, i32 0, i32 0, [1 x i8]* @p_str, i32 0, i32 0, [1 x i8]* @p_str, [1 x i8]* @p_str, [1 x i8]* @p_str, i32 2, i32 2, i32 16, i32 16, [1 x i8]* @p_str, [1 x i8]* @p_str)"   --->   Operation 23 'specinterface' 'empty_23' <Predicate = true> <Delay = 0.00>
ST_2 : Operation 24 [1/1] (0.00ns)   --->   "call void (...)* @_ssdm_op_SpecBitsMap(i32* %strm_in_V_V), !map !156"   --->   Operation 24 'specbitsmap' <Predicate = true> <Delay = 0.00>
ST_2 : Operation 25 [1/1] (0.00ns)   --->   "call void (...)* @_ssdm_op_SpecBitsMap(i32* %strm_out_V_V), !map !160"   --->   Operation 25 'specbitsmap' <Predicate = true> <Delay = 0.00>
ST_2 : Operation 26 [1/1] (0.00ns)   --->   "call void (...)* @_ssdm_op_SpecTopModule([4 x i8]* @dut_str) nounwind"   --->   Operation 26 'spectopmodule' <Predicate = true> <Delay = 0.00>
ST_2 : Operation 27 [1/1] (3.63ns)   --->   "%tmp_V_15 = call i32 @_ssdm_op_Read.ap_fifo.volatile.i32P(i32* %strm_in_V_V)" [dut.cpp:32]   --->   Operation 27 'read' 'tmp_V_15' <Predicate = true> <Delay = 3.63> <Core = "FIFO">   --->   Core 32 'FIFO' <Latency = 0> <II = 1> <Delay = 3.63> <Storage> <Opcode : 'read' 'write' 'nbread' 'nbwrite'> <Ports = 0> <Width = 32> <Depth = 0> <FIFO>
ST_2 : Operation 28 [1/1] (1.76ns)   --->   "br label %.preheader73" [dut.cpp:37]   --->   Operation 28 'br' <Predicate = true> <Delay = 1.76>

State 3 <SV = 2> <Delay = 5.95>
ST_3 : Operation 29 [1/1] (0.00ns)   --->   "%i2_0 = phi i4 [ %i, %0 ], [ 0, %.preheader74.preheader ]"   --->   Operation 29 'phi' 'i2_0' <Predicate = true> <Delay = 0.00>
ST_3 : Operation 30 [1/1] (1.30ns)   --->   "%icmp_ln37 = icmp eq i4 %i2_0, -8" [dut.cpp:37]   --->   Operation 30 'icmp' 'icmp_ln37' <Predicate = true> <Delay = 1.30> <Core = "Cmp">   --->   Core 25 'Cmp' <Latency = 0> <II = 1> <Delay = 1.30> <FuncUnit> <Opcode : 'icmp'> <InPorts = 2> <OutPorts = 1>
ST_3 : Operation 31 [1/1] (0.00ns)   --->   "%empty_24 = call i32 (...)* @_ssdm_op_SpecLoopTripCount(i64 8, i64 8, i64 8)"   --->   Operation 31 'speclooptripcount' 'empty_24' <Predicate = true> <Delay = 0.00>
ST_3 : Operation 32 [1/1] (1.73ns)   --->   "%i = add i4 %i2_0, 1" [dut.cpp:37]   --->   Operation 32 'add' 'i' <Predicate = true> <Delay = 1.73> <Core = "AddSub">   --->   Core 14 'AddSub' <Latency = 0> <II = 1> <Delay = 1.73> <FuncUnit> <Opcode : 'add' 'sub'> <InPorts = 2> <OutPorts = 1>
ST_3 : Operation 33 [1/1] (0.00ns)   --->   "br i1 %icmp_ln37, label %.preheader72.preheader, label %0" [dut.cpp:37]   --->   Operation 33 'br' <Predicate = true> <Delay = 0.00>
ST_3 : Operation 34 [1/1] (0.00ns)   --->   "%zext_ln38 = zext i4 %i2_0 to i64" [dut.cpp:38]   --->   Operation 34 'zext' 'zext_ln38' <Predicate = (!icmp_ln37)> <Delay = 0.00>
ST_3 : Operation 35 [1/1] (3.63ns)   --->   "%tmp_V_2 = call i32 @_ssdm_op_Read.ap_fifo.volatile.i32P(i32* %strm_in_V_V)" [dut.cpp:38]   --->   Operation 35 'read' 'tmp_V_2' <Predicate = (!icmp_ln37)> <Delay = 3.63> <Core = "FIFO">   --->   Core 32 'FIFO' <Latency = 0> <II = 1> <Delay = 3.63> <Storage> <Opcode : 'read' 'write' 'nbread' 'nbwrite'> <Ports = 0> <Width = 32> <Depth = 0> <FIFO>
ST_3 : Operation 36 [1/1] (0.00ns)   --->   "%prevhash_V_addr = getelementptr [8 x i32]* %prevhash_V, i64 0, i64 %zext_ln38" [dut.cpp:38]   --->   Operation 36 'getelementptr' 'prevhash_V_addr' <Predicate = (!icmp_ln37)> <Delay = 0.00>
ST_3 : Operation 37 [1/1] (2.32ns)   --->   "store i32 %tmp_V_2, i32* %prevhash_V_addr, align 4" [dut.cpp:38]   --->   Operation 37 'store' <Predicate = (!icmp_ln37)> <Delay = 2.32> <Core = "RAM">   --->   Core 37 'RAM' <Latency = 1> <II = 1> <Delay = 2.32> <Storage> <Opcode : 'load' 'store'> <Ports = 2> <Width = 32> <Depth = 8> <RAM>
ST_3 : Operation 38 [1/1] (0.00ns)   --->   "br label %.preheader73" [dut.cpp:37]   --->   Operation 38 'br' <Predicate = (!icmp_ln37)> <Delay = 0.00>
ST_3 : Operation 39 [1/1] (1.76ns)   --->   "br label %.preheader72" [dut.cpp:43]   --->   Operation 39 'br' <Predicate = (icmp_ln37)> <Delay = 1.76>

State 4 <SV = 3> <Delay = 5.95>
ST_4 : Operation 40 [1/1] (0.00ns)   --->   "%i4_0 = phi i4 [ %i_15, %1 ], [ 0, %.preheader72.preheader ]"   --->   Operation 40 'phi' 'i4_0' <Predicate = true> <Delay = 0.00>
ST_4 : Operation 41 [1/1] (1.30ns)   --->   "%icmp_ln43 = icmp eq i4 %i4_0, -8" [dut.cpp:43]   --->   Operation 41 'icmp' 'icmp_ln43' <Predicate = true> <Delay = 1.30> <Core = "Cmp">   --->   Core 25 'Cmp' <Latency = 0> <II = 1> <Delay = 1.30> <FuncUnit> <Opcode : 'icmp'> <InPorts = 2> <OutPorts = 1>
ST_4 : Operation 42 [1/1] (0.00ns)   --->   "%empty_25 = call i32 (...)* @_ssdm_op_SpecLoopTripCount(i64 8, i64 8, i64 8)"   --->   Operation 42 'speclooptripcount' 'empty_25' <Predicate = true> <Delay = 0.00>
ST_4 : Operation 43 [1/1] (1.73ns)   --->   "%i_15 = add i4 %i4_0, 1" [dut.cpp:43]   --->   Operation 43 'add' 'i_15' <Predicate = true> <Delay = 1.73> <Core = "AddSub">   --->   Core 14 'AddSub' <Latency = 0> <II = 1> <Delay = 1.73> <FuncUnit> <Opcode : 'add' 'sub'> <InPorts = 2> <OutPorts = 1>
ST_4 : Operation 44 [1/1] (0.00ns)   --->   "br i1 %icmp_ln43, label %.preheader71.0, label %1" [dut.cpp:43]   --->   Operation 44 'br' <Predicate = true> <Delay = 0.00>
ST_4 : Operation 45 [1/1] (0.00ns)   --->   "%zext_ln44 = zext i4 %i4_0 to i64" [dut.cpp:44]   --->   Operation 45 'zext' 'zext_ln44' <Predicate = (!icmp_ln43)> <Delay = 0.00>
ST_4 : Operation 46 [1/1] (3.63ns)   --->   "%tmp_V_5 = call i32 @_ssdm_op_Read.ap_fifo.volatile.i32P(i32* %strm_in_V_V)" [dut.cpp:44]   --->   Operation 46 'read' 'tmp_V_5' <Predicate = (!icmp_ln43)> <Delay = 3.63> <Core = "FIFO">   --->   Core 32 'FIFO' <Latency = 0> <II = 1> <Delay = 3.63> <Storage> <Opcode : 'read' 'write' 'nbread' 'nbwrite'> <Ports = 0> <Width = 32> <Depth = 0> <FIFO>
ST_4 : Operation 47 [1/1] (0.00ns)   --->   "%merkle_root_V_addr = getelementptr [8 x i32]* %merkle_root_V, i64 0, i64 %zext_ln44" [dut.cpp:44]   --->   Operation 47 'getelementptr' 'merkle_root_V_addr' <Predicate = (!icmp_ln43)> <Delay = 0.00>
ST_4 : Operation 48 [1/1] (2.32ns)   --->   "store i32 %tmp_V_5, i32* %merkle_root_V_addr, align 4" [dut.cpp:44]   --->   Operation 48 'store' <Predicate = (!icmp_ln43)> <Delay = 2.32> <Core = "RAM">   --->   Core 37 'RAM' <Latency = 1> <II = 1> <Delay = 2.32> <Storage> <Opcode : 'load' 'store'> <Ports = 2> <Width = 32> <Depth = 8> <RAM>
ST_4 : Operation 49 [1/1] (0.00ns)   --->   "br label %.preheader72" [dut.cpp:43]   --->   Operation 49 'br' <Predicate = (!icmp_ln43)> <Delay = 0.00>
ST_4 : Operation 50 [1/1] (3.63ns)   --->   "%tmp_V_16 = call i32 @_ssdm_op_Read.ap_fifo.volatile.i32P(i32* %strm_in_V_V)" [dut.cpp:50]   --->   Operation 50 'read' 'tmp_V_16' <Predicate = (icmp_ln43)> <Delay = 3.63> <Core = "FIFO">   --->   Core 32 'FIFO' <Latency = 0> <II = 1> <Delay = 3.63> <Storage> <Opcode : 'read' 'write' 'nbread' 'nbwrite'> <Ports = 0> <Width = 32> <Depth = 0> <FIFO>

State 5 <SV = 4> <Delay = 6.18>
ST_5 : Operation 51 [1/1] (3.63ns)   --->   "%tmp_V_17 = call i32 @_ssdm_op_Read.ap_fifo.volatile.i32P(i32* %strm_in_V_V)" [dut.cpp:56]   --->   Operation 51 'read' 'tmp_V_17' <Predicate = true> <Delay = 3.63> <Core = "FIFO">   --->   Core 32 'FIFO' <Latency = 0> <II = 1> <Delay = 3.63> <Storage> <Opcode : 'read' 'write' 'nbread' 'nbwrite'> <Ports = 0> <Width = 32> <Depth = 0> <FIFO>
ST_5 : Operation 52 [2/2] (2.55ns)   --->   "%output_nonce_V = call fastcc i32 @mineblock([8 x i32]* %p_1, i32 %tmp_V, i32 %tmp_V_15, [8 x i32]* %prevhash_V, [8 x i32]* %merkle_root_V, i32 %tmp_V_16, i32 %tmp_V_17)" [dut.cpp:67]   --->   Operation 52 'call' 'output_nonce_V' <Predicate = true> <Delay = 2.55> <CoreType = "Generic">   --->   Core 0 '' <Latency = 0> <II = 1> <Delay = 1.00> <Generic> <Opcode : >

State 6 <SV = 5> <Delay = 1.76>
ST_6 : Operation 53 [1/2] (0.00ns)   --->   "%output_nonce_V = call fastcc i32 @mineblock([8 x i32]* %p_1, i32 %tmp_V, i32 %tmp_V_15, [8 x i32]* %prevhash_V, [8 x i32]* %merkle_root_V, i32 %tmp_V_16, i32 %tmp_V_17)" [dut.cpp:67]   --->   Operation 53 'call' 'output_nonce_V' <Predicate = true> <Delay = 0.00> <CoreType = "Generic">   --->   Core 0 '' <Latency = 0> <II = 1> <Delay = 1.00> <Generic> <Opcode : >
ST_6 : Operation 54 [1/1] (1.76ns)   --->   "br label %2" [./typedefs.h:24->dut.cpp:67]   --->   Operation 54 'br' <Predicate = true> <Delay = 1.76>

State 7 <SV = 6> <Delay = 3.63>
ST_7 : Operation 55 [1/1] (0.00ns)   --->   "%p_i0_0_i = phi i4 [ 0, %.preheader71.0 ], [ %p_i0, %3 ]"   --->   Operation 55 'phi' 'p_i0_0_i' <Predicate = true> <Delay = 0.00>
ST_7 : Operation 56 [1/1] (0.00ns)   --->   "%zext_ln24 = zext i4 %p_i0_0_i to i64" [./typedefs.h:24->dut.cpp:67]   --->   Operation 56 'zext' 'zext_ln24' <Predicate = true> <Delay = 0.00>
ST_7 : Operation 57 [1/1] (1.30ns)   --->   "%icmp_ln24 = icmp eq i4 %p_i0_0_i, -8" [./typedefs.h:24->dut.cpp:67]   --->   Operation 57 'icmp' 'icmp_ln24' <Predicate = true> <Delay = 1.30> <Core = "Cmp">   --->   Core 25 'Cmp' <Latency = 0> <II = 1> <Delay = 1.30> <FuncUnit> <Opcode : 'icmp'> <InPorts = 2> <OutPorts = 1>
ST_7 : Operation 58 [1/1] (0.00ns)   --->   "%empty_26 = call i32 (...)* @_ssdm_op_SpecLoopTripCount(i64 8, i64 8, i64 8)"   --->   Operation 58 'speclooptripcount' 'empty_26' <Predicate = true> <Delay = 0.00>
ST_7 : Operation 59 [1/1] (1.73ns)   --->   "%p_i0 = add i4 %p_i0_0_i, 1" [./typedefs.h:24->dut.cpp:67]   --->   Operation 59 'add' 'p_i0' <Predicate = true> <Delay = 1.73> <Core = "AddSub">   --->   Core 14 'AddSub' <Latency = 0> <II = 1> <Delay = 1.73> <FuncUnit> <Opcode : 'add' 'sub'> <InPorts = 2> <OutPorts = 1>
ST_7 : Operation 60 [1/1] (0.00ns)   --->   "br i1 %icmp_ln24, label %"operator=.exit", label %3" [./typedefs.h:24->dut.cpp:67]   --->   Operation 60 'br' <Predicate = true> <Delay = 0.00>
ST_7 : Operation 61 [1/1] (0.00ns)   --->   "%p_1_addr = getelementptr [8 x i32]* %p_1, i64 0, i64 %zext_ln24" [./typedefs.h:24->dut.cpp:67]   --->   Operation 61 'getelementptr' 'p_1_addr' <Predicate = (!icmp_ln24)> <Delay = 0.00>
ST_7 : Operation 62 [2/2] (2.32ns)   --->   "%p_1_load = load i32* %p_1_addr, align 4" [./typedefs.h:24->dut.cpp:67]   --->   Operation 62 'load' 'p_1_load' <Predicate = (!icmp_ln24)> <Delay = 2.32> <Core = "RAM">   --->   Core 37 'RAM' <Latency = 1> <II = 1> <Delay = 2.32> <Storage> <Opcode : 'load' 'store'> <Ports = 2> <Width = 32> <Depth = 8> <RAM>
ST_7 : Operation 63 [1/1] (3.63ns)   --->   "call void @_ssdm_op_Write.ap_fifo.volatile.i32P(i32* %strm_out_V_V, i32 %output_nonce_V)" [dut.cpp:70]   --->   Operation 63 'write' <Predicate = (icmp_ln24)> <Delay = 3.63> <Core = "FIFO">   --->   Core 32 'FIFO' <Latency = 0> <II = 1> <Delay = 3.63> <Storage> <Opcode : 'read' 'write' 'nbread' 'nbwrite'> <Ports = 0> <Width = 32> <Depth = 0> <FIFO>
ST_7 : Operation 64 [1/1] (0.00ns)   --->   "%output_hash_V_addr = getelementptr [8 x i32]* %output_hash_V, i64 0, i64 7" [dut.cpp:71]   --->   Operation 64 'getelementptr' 'output_hash_V_addr' <Predicate = (icmp_ln24)> <Delay = 0.00>
ST_7 : Operation 65 [2/2] (2.32ns)   --->   "%tmp_V_7 = load i32* %output_hash_V_addr, align 4" [dut.cpp:71]   --->   Operation 65 'load' 'tmp_V_7' <Predicate = (icmp_ln24)> <Delay = 2.32> <Core = "RAM">   --->   Core 37 'RAM' <Latency = 1> <II = 1> <Delay = 2.32> <Storage> <Opcode : 'load' 'store'> <Ports = 2> <Width = 32> <Depth = 8> <RAM>

State 8 <SV = 7> <Delay = 4.64>
ST_8 : Operation 66 [1/2] (2.32ns)   --->   "%p_1_load = load i32* %p_1_addr, align 4" [./typedefs.h:24->dut.cpp:67]   --->   Operation 66 'load' 'p_1_load' <Predicate = true> <Delay = 2.32> <Core = "RAM">   --->   Core 37 'RAM' <Latency = 1> <II = 1> <Delay = 2.32> <Storage> <Opcode : 'load' 'store'> <Ports = 2> <Width = 32> <Depth = 8> <RAM>
ST_8 : Operation 67 [1/1] (0.00ns)   --->   "%output_hash_V_addr_8 = getelementptr [8 x i32]* %output_hash_V, i64 0, i64 %zext_ln24" [./typedefs.h:24->dut.cpp:67]   --->   Operation 67 'getelementptr' 'output_hash_V_addr_8' <Predicate = true> <Delay = 0.00>
ST_8 : Operation 68 [1/1] (2.32ns)   --->   "store i32 %p_1_load, i32* %output_hash_V_addr_8, align 4" [./typedefs.h:24->dut.cpp:67]   --->   Operation 68 'store' <Predicate = true> <Delay = 2.32> <Core = "RAM">   --->   Core 37 'RAM' <Latency = 1> <II = 1> <Delay = 2.32> <Storage> <Opcode : 'load' 'store'> <Ports = 2> <Width = 32> <Depth = 8> <RAM>
ST_8 : Operation 69 [1/1] (0.00ns)   --->   "br label %2" [./typedefs.h:24->dut.cpp:67]   --->   Operation 69 'br' <Predicate = true> <Delay = 0.00>

State 9 <SV = 7> <Delay = 5.95>
ST_9 : Operation 70 [1/2] (2.32ns)   --->   "%tmp_V_7 = load i32* %output_hash_V_addr, align 4" [dut.cpp:71]   --->   Operation 70 'load' 'tmp_V_7' <Predicate = true> <Delay = 2.32> <Core = "RAM">   --->   Core 37 'RAM' <Latency = 1> <II = 1> <Delay = 2.32> <Storage> <Opcode : 'load' 'store'> <Ports = 2> <Width = 32> <Depth = 8> <RAM>
ST_9 : Operation 71 [1/1] (3.63ns)   --->   "call void @_ssdm_op_Write.ap_fifo.volatile.i32P(i32* %strm_out_V_V, i32 %tmp_V_7)" [dut.cpp:71]   --->   Operation 71 'write' <Predicate = true> <Delay = 3.63> <Core = "FIFO">   --->   Core 32 'FIFO' <Latency = 0> <II = 1> <Delay = 3.63> <Storage> <Opcode : 'read' 'write' 'nbread' 'nbwrite'> <Ports = 0> <Width = 32> <Depth = 0> <FIFO>
ST_9 : Operation 72 [1/1] (0.00ns)   --->   "%output_hash_V_addr_1 = getelementptr [8 x i32]* %output_hash_V, i64 0, i64 6" [dut.cpp:72]   --->   Operation 72 'getelementptr' 'output_hash_V_addr_1' <Predicate = true> <Delay = 0.00>
ST_9 : Operation 73 [2/2] (2.32ns)   --->   "%tmp_V_8 = load i32* %output_hash_V_addr_1, align 4" [dut.cpp:72]   --->   Operation 73 'load' 'tmp_V_8' <Predicate = true> <Delay = 2.32> <Core = "RAM">   --->   Core 37 'RAM' <Latency = 1> <II = 1> <Delay = 2.32> <Storage> <Opcode : 'load' 'store'> <Ports = 2> <Width = 32> <Depth = 8> <RAM>

State 10 <SV = 8> <Delay = 5.95>
ST_10 : Operation 74 [1/2] (2.32ns)   --->   "%tmp_V_8 = load i32* %output_hash_V_addr_1, align 4" [dut.cpp:72]   --->   Operation 74 'load' 'tmp_V_8' <Predicate = true> <Delay = 2.32> <Core = "RAM">   --->   Core 37 'RAM' <Latency = 1> <II = 1> <Delay = 2.32> <Storage> <Opcode : 'load' 'store'> <Ports = 2> <Width = 32> <Depth = 8> <RAM>
ST_10 : Operation 75 [1/1] (3.63ns)   --->   "call void @_ssdm_op_Write.ap_fifo.volatile.i32P(i32* %strm_out_V_V, i32 %tmp_V_8)" [dut.cpp:72]   --->   Operation 75 'write' <Predicate = true> <Delay = 3.63> <Core = "FIFO">   --->   Core 32 'FIFO' <Latency = 0> <II = 1> <Delay = 3.63> <Storage> <Opcode : 'read' 'write' 'nbread' 'nbwrite'> <Ports = 0> <Width = 32> <Depth = 0> <FIFO>
ST_10 : Operation 76 [1/1] (0.00ns)   --->   "%output_hash_V_addr_2 = getelementptr [8 x i32]* %output_hash_V, i64 0, i64 5" [dut.cpp:73]   --->   Operation 76 'getelementptr' 'output_hash_V_addr_2' <Predicate = true> <Delay = 0.00>
ST_10 : Operation 77 [2/2] (2.32ns)   --->   "%tmp_V_9 = load i32* %output_hash_V_addr_2, align 4" [dut.cpp:73]   --->   Operation 77 'load' 'tmp_V_9' <Predicate = true> <Delay = 2.32> <Core = "RAM">   --->   Core 37 'RAM' <Latency = 1> <II = 1> <Delay = 2.32> <Storage> <Opcode : 'load' 'store'> <Ports = 2> <Width = 32> <Depth = 8> <RAM>

State 11 <SV = 9> <Delay = 5.95>
ST_11 : Operation 78 [1/2] (2.32ns)   --->   "%tmp_V_9 = load i32* %output_hash_V_addr_2, align 4" [dut.cpp:73]   --->   Operation 78 'load' 'tmp_V_9' <Predicate = true> <Delay = 2.32> <Core = "RAM">   --->   Core 37 'RAM' <Latency = 1> <II = 1> <Delay = 2.32> <Storage> <Opcode : 'load' 'store'> <Ports = 2> <Width = 32> <Depth = 8> <RAM>
ST_11 : Operation 79 [1/1] (3.63ns)   --->   "call void @_ssdm_op_Write.ap_fifo.volatile.i32P(i32* %strm_out_V_V, i32 %tmp_V_9)" [dut.cpp:73]   --->   Operation 79 'write' <Predicate = true> <Delay = 3.63> <Core = "FIFO">   --->   Core 32 'FIFO' <Latency = 0> <II = 1> <Delay = 3.63> <Storage> <Opcode : 'read' 'write' 'nbread' 'nbwrite'> <Ports = 0> <Width = 32> <Depth = 0> <FIFO>
ST_11 : Operation 80 [1/1] (0.00ns)   --->   "%output_hash_V_addr_3 = getelementptr [8 x i32]* %output_hash_V, i64 0, i64 4" [dut.cpp:74]   --->   Operation 80 'getelementptr' 'output_hash_V_addr_3' <Predicate = true> <Delay = 0.00>
ST_11 : Operation 81 [2/2] (2.32ns)   --->   "%tmp_V_10 = load i32* %output_hash_V_addr_3, align 4" [dut.cpp:74]   --->   Operation 81 'load' 'tmp_V_10' <Predicate = true> <Delay = 2.32> <Core = "RAM">   --->   Core 37 'RAM' <Latency = 1> <II = 1> <Delay = 2.32> <Storage> <Opcode : 'load' 'store'> <Ports = 2> <Width = 32> <Depth = 8> <RAM>

State 12 <SV = 10> <Delay = 5.95>
ST_12 : Operation 82 [1/2] (2.32ns)   --->   "%tmp_V_10 = load i32* %output_hash_V_addr_3, align 4" [dut.cpp:74]   --->   Operation 82 'load' 'tmp_V_10' <Predicate = true> <Delay = 2.32> <Core = "RAM">   --->   Core 37 'RAM' <Latency = 1> <II = 1> <Delay = 2.32> <Storage> <Opcode : 'load' 'store'> <Ports = 2> <Width = 32> <Depth = 8> <RAM>
ST_12 : Operation 83 [1/1] (3.63ns)   --->   "call void @_ssdm_op_Write.ap_fifo.volatile.i32P(i32* %strm_out_V_V, i32 %tmp_V_10)" [dut.cpp:74]   --->   Operation 83 'write' <Predicate = true> <Delay = 3.63> <Core = "FIFO">   --->   Core 32 'FIFO' <Latency = 0> <II = 1> <Delay = 3.63> <Storage> <Opcode : 'read' 'write' 'nbread' 'nbwrite'> <Ports = 0> <Width = 32> <Depth = 0> <FIFO>
ST_12 : Operation 84 [1/1] (0.00ns)   --->   "%output_hash_V_addr_4 = getelementptr [8 x i32]* %output_hash_V, i64 0, i64 3" [dut.cpp:75]   --->   Operation 84 'getelementptr' 'output_hash_V_addr_4' <Predicate = true> <Delay = 0.00>
ST_12 : Operation 85 [2/2] (2.32ns)   --->   "%tmp_V_11 = load i32* %output_hash_V_addr_4, align 4" [dut.cpp:75]   --->   Operation 85 'load' 'tmp_V_11' <Predicate = true> <Delay = 2.32> <Core = "RAM">   --->   Core 37 'RAM' <Latency = 1> <II = 1> <Delay = 2.32> <Storage> <Opcode : 'load' 'store'> <Ports = 2> <Width = 32> <Depth = 8> <RAM>

State 13 <SV = 11> <Delay = 5.95>
ST_13 : Operation 86 [1/2] (2.32ns)   --->   "%tmp_V_11 = load i32* %output_hash_V_addr_4, align 4" [dut.cpp:75]   --->   Operation 86 'load' 'tmp_V_11' <Predicate = true> <Delay = 2.32> <Core = "RAM">   --->   Core 37 'RAM' <Latency = 1> <II = 1> <Delay = 2.32> <Storage> <Opcode : 'load' 'store'> <Ports = 2> <Width = 32> <Depth = 8> <RAM>
ST_13 : Operation 87 [1/1] (3.63ns)   --->   "call void @_ssdm_op_Write.ap_fifo.volatile.i32P(i32* %strm_out_V_V, i32 %tmp_V_11)" [dut.cpp:75]   --->   Operation 87 'write' <Predicate = true> <Delay = 3.63> <Core = "FIFO">   --->   Core 32 'FIFO' <Latency = 0> <II = 1> <Delay = 3.63> <Storage> <Opcode : 'read' 'write' 'nbread' 'nbwrite'> <Ports = 0> <Width = 32> <Depth = 0> <FIFO>
ST_13 : Operation 88 [1/1] (0.00ns)   --->   "%output_hash_V_addr_5 = getelementptr [8 x i32]* %output_hash_V, i64 0, i64 2" [dut.cpp:76]   --->   Operation 88 'getelementptr' 'output_hash_V_addr_5' <Predicate = true> <Delay = 0.00>
ST_13 : Operation 89 [2/2] (2.32ns)   --->   "%tmp_V_12 = load i32* %output_hash_V_addr_5, align 4" [dut.cpp:76]   --->   Operation 89 'load' 'tmp_V_12' <Predicate = true> <Delay = 2.32> <Core = "RAM">   --->   Core 37 'RAM' <Latency = 1> <II = 1> <Delay = 2.32> <Storage> <Opcode : 'load' 'store'> <Ports = 2> <Width = 32> <Depth = 8> <RAM>

State 14 <SV = 12> <Delay = 5.95>
ST_14 : Operation 90 [1/2] (2.32ns)   --->   "%tmp_V_12 = load i32* %output_hash_V_addr_5, align 4" [dut.cpp:76]   --->   Operation 90 'load' 'tmp_V_12' <Predicate = true> <Delay = 2.32> <Core = "RAM">   --->   Core 37 'RAM' <Latency = 1> <II = 1> <Delay = 2.32> <Storage> <Opcode : 'load' 'store'> <Ports = 2> <Width = 32> <Depth = 8> <RAM>
ST_14 : Operation 91 [1/1] (3.63ns)   --->   "call void @_ssdm_op_Write.ap_fifo.volatile.i32P(i32* %strm_out_V_V, i32 %tmp_V_12)" [dut.cpp:76]   --->   Operation 91 'write' <Predicate = true> <Delay = 3.63> <Core = "FIFO">   --->   Core 32 'FIFO' <Latency = 0> <II = 1> <Delay = 3.63> <Storage> <Opcode : 'read' 'write' 'nbread' 'nbwrite'> <Ports = 0> <Width = 32> <Depth = 0> <FIFO>
ST_14 : Operation 92 [1/1] (0.00ns)   --->   "%output_hash_V_addr_6 = getelementptr [8 x i32]* %output_hash_V, i64 0, i64 1" [dut.cpp:77]   --->   Operation 92 'getelementptr' 'output_hash_V_addr_6' <Predicate = true> <Delay = 0.00>
ST_14 : Operation 93 [2/2] (2.32ns)   --->   "%tmp_V_13 = load i32* %output_hash_V_addr_6, align 4" [dut.cpp:77]   --->   Operation 93 'load' 'tmp_V_13' <Predicate = true> <Delay = 2.32> <Core = "RAM">   --->   Core 37 'RAM' <Latency = 1> <II = 1> <Delay = 2.32> <Storage> <Opcode : 'load' 'store'> <Ports = 2> <Width = 32> <Depth = 8> <RAM>

State 15 <SV = 13> <Delay = 5.95>
ST_15 : Operation 94 [1/2] (2.32ns)   --->   "%tmp_V_13 = load i32* %output_hash_V_addr_6, align 4" [dut.cpp:77]   --->   Operation 94 'load' 'tmp_V_13' <Predicate = true> <Delay = 2.32> <Core = "RAM">   --->   Core 37 'RAM' <Latency = 1> <II = 1> <Delay = 2.32> <Storage> <Opcode : 'load' 'store'> <Ports = 2> <Width = 32> <Depth = 8> <RAM>
ST_15 : Operation 95 [1/1] (3.63ns)   --->   "call void @_ssdm_op_Write.ap_fifo.volatile.i32P(i32* %strm_out_V_V, i32 %tmp_V_13)" [dut.cpp:77]   --->   Operation 95 'write' <Predicate = true> <Delay = 3.63> <Core = "FIFO">   --->   Core 32 'FIFO' <Latency = 0> <II = 1> <Delay = 3.63> <Storage> <Opcode : 'read' 'write' 'nbread' 'nbwrite'> <Ports = 0> <Width = 32> <Depth = 0> <FIFO>
ST_15 : Operation 96 [1/1] (0.00ns)   --->   "%output_hash_V_addr_7 = getelementptr [8 x i32]* %output_hash_V, i64 0, i64 0" [dut.cpp:78]   --->   Operation 96 'getelementptr' 'output_hash_V_addr_7' <Predicate = true> <Delay = 0.00>
ST_15 : Operation 97 [2/2] (2.32ns)   --->   "%tmp_V_14 = load i32* %output_hash_V_addr_7, align 4" [dut.cpp:78]   --->   Operation 97 'load' 'tmp_V_14' <Predicate = true> <Delay = 2.32> <Core = "RAM">   --->   Core 37 'RAM' <Latency = 1> <II = 1> <Delay = 2.32> <Storage> <Opcode : 'load' 'store'> <Ports = 2> <Width = 32> <Depth = 8> <RAM>

State 16 <SV = 14> <Delay = 5.95>
ST_16 : Operation 98 [1/2] (2.32ns)   --->   "%tmp_V_14 = load i32* %output_hash_V_addr_7, align 4" [dut.cpp:78]   --->   Operation 98 'load' 'tmp_V_14' <Predicate = true> <Delay = 2.32> <Core = "RAM">   --->   Core 37 'RAM' <Latency = 1> <II = 1> <Delay = 2.32> <Storage> <Opcode : 'load' 'store'> <Ports = 2> <Width = 32> <Depth = 8> <RAM>
ST_16 : Operation 99 [1/1] (3.63ns)   --->   "call void @_ssdm_op_Write.ap_fifo.volatile.i32P(i32* %strm_out_V_V, i32 %tmp_V_14)" [dut.cpp:78]   --->   Operation 99 'write' <Predicate = true> <Delay = 3.63> <Core = "FIFO">   --->   Core 32 'FIFO' <Latency = 0> <II = 1> <Delay = 3.63> <Storage> <Opcode : 'read' 'write' 'nbread' 'nbwrite'> <Ports = 0> <Width = 32> <Depth = 0> <FIFO>
ST_16 : Operation 100 [1/1] (0.00ns)   --->   "ret void" [dut.cpp:79]   --->   Operation 100 'ret' <Predicate = true> <Delay = 0.00>


============================================================
+ Verbose Summary: Timing violations
============================================================
Target clock period: 10ns, clock uncertainty: 1.25ns.

 <State 1>: 3.63ns
The critical path consists of the following:
	fifo read on port 'strm_in_V_V' (dut.cpp:27) [18]  (3.63 ns)

 <State 2>: 3.63ns
The critical path consists of the following:
	fifo read on port 'strm_in_V_V' (dut.cpp:32) [19]  (3.63 ns)

 <State 3>: 5.96ns
The critical path consists of the following:
	fifo read on port 'strm_in_V_V' (dut.cpp:38) [29]  (3.63 ns)
	'store' operation ('store_ln38', dut.cpp:38) of variable 'tmp.V', dut.cpp:38 on array 'prevhash.V', dut.cpp:36 [31]  (2.32 ns)

 <State 4>: 5.96ns
The critical path consists of the following:
	fifo read on port 'strm_in_V_V' (dut.cpp:44) [43]  (3.63 ns)
	'store' operation ('store_ln44', dut.cpp:44) of variable 'tmp.V', dut.cpp:44 on array 'merkle_root.V', dut.cpp:42 [45]  (2.32 ns)

 <State 5>: 6.19ns
The critical path consists of the following:
	fifo read on port 'strm_in_V_V' (dut.cpp:56) [49]  (3.63 ns)
	'call' operation ('output.nonce.V', dut.cpp:67) to 'mineblock' [50]  (2.55 ns)

 <State 6>: 1.77ns
The critical path consists of the following:
	multiplexor before 'phi' operation ('__i0') with incoming values : ('__i0', ./typedefs.h:24->dut.cpp:67) [53]  (1.77 ns)

 <State 7>: 3.63ns
The critical path consists of the following:
	fifo write on port 'strm_out_V_V' (dut.cpp:70) [66]  (3.63 ns)

 <State 8>: 4.64ns
The critical path consists of the following:
	'load' operation ('p_1_load', ./typedefs.h:24->dut.cpp:67) on array 'p_1' [61]  (2.32 ns)
	'store' operation ('store_ln24', ./typedefs.h:24->dut.cpp:67) of variable 'p_1_load', ./typedefs.h:24->dut.cpp:67 on array 'output.hash.V', dut.cpp:61 [63]  (2.32 ns)

 <State 9>: 5.96ns
The critical path consists of the following:
	'load' operation ('tmp.V', dut.cpp:71) on array 'output.hash.V', dut.cpp:61 [68]  (2.32 ns)
	fifo write on port 'strm_out_V_V' (dut.cpp:71) [69]  (3.63 ns)

 <State 10>: 5.96ns
The critical path consists of the following:
	'load' operation ('tmp.V', dut.cpp:72) on array 'output.hash.V', dut.cpp:61 [71]  (2.32 ns)
	fifo write on port 'strm_out_V_V' (dut.cpp:72) [72]  (3.63 ns)

 <State 11>: 5.96ns
The critical path consists of the following:
	'load' operation ('tmp.V', dut.cpp:73) on array 'output.hash.V', dut.cpp:61 [74]  (2.32 ns)
	fifo write on port 'strm_out_V_V' (dut.cpp:73) [75]  (3.63 ns)

 <State 12>: 5.96ns
The critical path consists of the following:
	'load' operation ('tmp.V', dut.cpp:74) on array 'output.hash.V', dut.cpp:61 [77]  (2.32 ns)
	fifo write on port 'strm_out_V_V' (dut.cpp:74) [78]  (3.63 ns)

 <State 13>: 5.96ns
The critical path consists of the following:
	'load' operation ('tmp.V', dut.cpp:75) on array 'output.hash.V', dut.cpp:61 [80]  (2.32 ns)
	fifo write on port 'strm_out_V_V' (dut.cpp:75) [81]  (3.63 ns)

 <State 14>: 5.96ns
The critical path consists of the following:
	'load' operation ('tmp.V', dut.cpp:76) on array 'output.hash.V', dut.cpp:61 [83]  (2.32 ns)
	fifo write on port 'strm_out_V_V' (dut.cpp:76) [84]  (3.63 ns)

 <State 15>: 5.96ns
The critical path consists of the following:
	'load' operation ('tmp.V', dut.cpp:77) on array 'output.hash.V', dut.cpp:61 [86]  (2.32 ns)
	fifo write on port 'strm_out_V_V' (dut.cpp:77) [87]  (3.63 ns)

 <State 16>: 5.96ns
The critical path consists of the following:
	'load' operation ('tmp.V', dut.cpp:78) on array 'output.hash.V', dut.cpp:61 [89]  (2.32 ns)
	fifo write on port 'strm_out_V_V' (dut.cpp:78) [90]  (3.63 ns)


============================================================
+ Verbose Summary: Binding
============================================================
N/A
* FSMD analyzer results:
  - Output states:
 - Input state : 
  - Chain level:
	State 1
	State 2
	State 3
	State 4
	State 5
	State 6
	State 7
	State 8
	State 9
	State 10
	State 11
	State 12
	State 13
	State 14
	State 15
	State 16


============================================================
+ Verbose Summary: Datapath Resource usage 
============================================================
N/A
