

================================================================
== Vivado HLS Report for 'dut'
================================================================
* Date:           Thu Nov 21 20:50:34 2024

* Version:        2019.2 (Build 2704478 on Wed Nov 06 22:10:23 MST 2019)
* Project:        sha.prj
* Solution:       solution1
* Product family: zynq
* Target device:  xc7z020-clg484-1


================================================================
== Performance Estimates
================================================================
+ Timing: 
    * Summary: 
    +--------+----------+----------+------------+
    |  Clock |  Target  | Estimated| Uncertainty|
    +--------+----------+----------+------------+
    |ap_clk  | 10.00 ns | 7.625 ns |   1.25 ns  |
    +--------+----------+----------+------------+

+ Latency: 
    * Summary: 
    +---------+---------+----------+----------+-----+-----+---------+
    |  Latency (cycles) |  Latency (absolute) |  Interval | Pipeline|
    |   min   |   max   |    min   |    max   | min | max |   Type  |
    +---------+---------+----------+----------+-----+-----+---------+
    |        ?|        ?|         ?|         ?|    ?|    ?|   none  |
    +---------+---------+----------+----------+-----+-----+---------+

    + Detail: 
        * Instance: 
        +----------------------+-----------+---------+---------+----------+----------+-----+-----+---------+
        |                      |           |  Latency (cycles) |  Latency (absolute) |  Interval | Pipeline|
        |       Instance       |   Module  |   min   |   max   |    min   |    max   | min | max |   Type  |
        +----------------------+-----------+---------+---------+----------+----------+-----+-----+---------+
        |grp_mineblock_fu_238  |mineblock  |        ?|        ?|         ?|         ?|    ?|    ?|   none  |
        +----------------------+-----------+---------+---------+----------+----------+-----+-----+---------+

        * Loop: 
        +----------+---------+---------+----------+-----------+-----------+------+----------+
        |          |  Latency (cycles) | Iteration|  Initiation Interval  | Trip |          |
        | Loop Name|   min   |   max   |  Latency |  achieved |   target  | Count| Pipelined|
        +----------+---------+---------+----------+-----------+-----------+------+----------+
        |- Loop 1  |        8|        8|         1|          -|          -|     8|    no    |
        |- Loop 2  |        8|        8|         1|          -|          -|     8|    no    |
        |- Loop 3  |       16|       16|         2|          -|          -|     8|    no    |
        +----------+---------+---------+----------+-----------+-----------+------+----------+

============================================================
+ Verbose Summary: Synthesis Manager
============================================================
InlineROM: 1
ExposeGlobal: 0
============================================================
+ Verbose Summary: CDFG Model
============================================================
IsTopModel: 1
ResetActiveHigh: 1
IsCombinational: 0
IsDatapathOnly: 0
HasWiredReturn: 1
HasMFsm: 0
HasVarLatency: 1
IsPipeline: 0
IsRtlPipelined: 0
IsInstanceOverlapped: 0
IsDontTouch: 0
HasImplIP: 0
IsGatedGlobalClock: 0


============================================================
+ Verbose Summary: Schedule
============================================================
* Number of FSM states : 16
* Pipeline : 0
* Dataflow Pipeline: 0

* FSM state transitions: 
1 --> 2 
2 --> 3 
3 --> 3 4 
4 --> 5 4 
5 --> 6 
6 --> 7 
7 --> 8 9 
8 --> 7 
9 --> 10 
10 --> 11 
11 --> 12 
12 --> 13 
13 --> 14 
14 --> 15 
15 --> 16 
16 --> 

* FSM state operations: 

State 1 <SV = 0> <Delay = 3.63>
ST_1 : Operation 17 [1/1] (2.32ns)   --->   "%prevhash_V = alloca [8 x i32], align 4" [dut.cpp:36]   --->   Operation 17 'alloca' 'prevhash_V' <Predicate = true> <Delay = 2.32> <Core = "RAM">   --->   Core 37 'RAM' <Latency = 1> <II = 1> <Delay = 2.32> <Storage> <Opcode : 'load' 'store'> <Ports = 2> <Width = 32> <Depth = 8> <RAM>
ST_1 : Operation 18 [1/1] (2.32ns)   --->   "%merkle_root_V = alloca [8 x i32], align 4" [dut.cpp:42]   --->   Operation 18 'alloca' 'merkle_root_V' <Predicate = true> <Delay = 2.32> <Core = "RAM">   --->   Core 37 'RAM' <Latency = 1> <II = 1> <Delay = 2.32> <Storage> <Opcode : 'load' 'store'> <Ports = 2> <Width = 32> <Depth = 8> <RAM>
ST_1 : Operation 19 [1/1] (2.32ns)   --->   "%output_hash_V = alloca [8 x i32], align 4" [dut.cpp:61]   --->   Operation 19 'alloca' 'output_hash_V' <Predicate = true> <Delay = 2.32> <Core = "RAM">   --->   Core 37 'RAM' <Latency = 1> <II = 1> <Delay = 2.32> <Storage> <Opcode : 'load' 'store'> <Ports = 2> <Width = 32> <Depth = 8> <RAM>
ST_1 : Operation 20 [1/1] (2.32ns)   --->   "%p_1 = alloca [8 x i32], align 4"   --->   Operation 20 'alloca' 'p_1' <Predicate = true> <Delay = 2.32> <Core = "RAM">   --->   Core 37 'RAM' <Latency = 1> <II = 1> <Delay = 2.32> <Storage> <Opcode : 'load' 'store'> <Ports = 2> <Width = 32> <Depth = 8> <RAM>
ST_1 : Operation 21 [1/1] (3.63ns)   --->   "%tmp_V = call i32 @_ssdm_op_Read.ap_fifo.volatile.i32P(i32* %strm_in_V_V)" [dut.cpp:27]   --->   Operation 21 'read' 'tmp_V' <Predicate = true> <Delay = 3.63> <Core = "FIFO">   --->   Core 32 'FIFO' <Latency = 0> <II = 1> <Delay = 3.63> <Storage> <Opcode : 'read' 'write' 'nbread' 'nbwrite'> <Ports = 0> <Width = 32> <Depth = 0> <FIFO>

State 2 <SV = 1> <Delay = 3.63>
ST_2 : Operation 22 [1/1] (0.00ns)   --->   "%empty = call i32 (...)* @_ssdm_op_SpecInterface(i32* %strm_out_V_V, [8 x i8]* @ap_fifo_str, i32 0, i32 0, [1 x i8]* @p_str, i32 0, i32 0, [1 x i8]* @p_str, [1 x i8]* @p_str, [1 x i8]* @p_str, i32 2, i32 2, i32 16, i32 16, [1 x i8]* @p_str, [1 x i8]* @p_str)"   --->   Operation 22 'specinterface' 'empty' <Predicate = true> <Delay = 0.00>
ST_2 : Operation 23 [1/1] (0.00ns)   --->   "%empty_23 = call i32 (...)* @_ssdm_op_SpecInterface(i32* %strm_in_V_V, [8 x i8]* @ap_fifo_str, i32 0, i32 0, [1 x i8]* @p_str, i32 0, i32 0, [1 x i8]* @p_str, [1 x i8]* @p_str, [1 x i8]* @p_str, i32 2, i32 2, i32 16, i32 16, [1 x i8]* @p_str, [1 x i8]* @p_str)"   --->   Operation 23 'specinterface' 'empty_23' <Predicate = true> <Delay = 0.00>
ST_2 : Operation 24 [1/1] (0.00ns)   --->   "call void (...)* @_ssdm_op_SpecBitsMap(i32* %strm_in_V_V), !map !156"   --->   Operation 24 'specbitsmap' <Predicate = true> <Delay = 0.00>
ST_2 : Operation 25 [1/1] (0.00ns)   --->   "call void (...)* @_ssdm_op_SpecBitsMap(i32* %strm_out_V_V), !map !160"   --->   Operation 25 'specbitsmap' <Predicate = true> <Delay = 0.00>
ST_2 : Operation 26 [1/1] (0.00ns)   --->   "call void (...)* @_ssdm_op_SpecTopModule([4 x i8]* @dut_str) nounwind"   --->   Operation 26 'spectopmodule' <Predicate = true> <Delay = 0.00>
ST_2 : Operation 27 [1/1] (3.63ns)   --->   "%tmp_V_15 = call i32 @_ssdm_op_Read.ap_fifo.volatile.i32P(i32* %strm_in_V_V)" [dut.cpp:32]   --->   Operation 27 'read' 'tmp_V_15' <Predicate = true> <Delay = 3.63> <Core = "FIFO">   --->   Core 32 'FIFO' <Latency = 0> <II = 1> <Delay = 3.63> <Storage> <Opcode : 'read' 'write' 'nbread' 'nbwrite'> <Ports = 0> <Width = 32> <Depth = 0> <FIFO>
ST_2 : Operation 28 [1/1] (1.76ns)   --->   "br label %.preheader73" [dut.cpp:37]   --->   Operation 28 'br' <Predicate = true> <Delay = 1.76>

State 3 <SV = 2> <Delay = 5.95>
ST_3 : Operation 29 [1/1] (0.00ns)   --->   "%i2_0 = phi i4 [ %i, %0 ], [ 0, %.preheader74.preheader ]"   --->   Operation 29 'phi' 'i2_0' <Predicate = true> <Delay = 0.00>
ST_3 : Operation 30 [1/1] (1.30ns)   --->   "%icmp_ln37 = icmp eq i4 %i2_0, -8" [dut.cpp:37]   --->   Operation 30 'icmp' 'icmp_ln37' <Predicate = true> <Delay = 1.30> <Core = "Cmp">   --->   Core 25 'Cmp' <Latency = 0> <II = 1> <Delay = 1.30> <FuncUnit> <Opcode : 'icmp'> <InPorts = 2> <OutPorts = 1>
ST_3 : Operation 31 [1/1] (0.00ns)   --->   "%empty_24 = call i32 (...)* @_ssdm_op_SpecLoopTripCount(i64 8, i64 8, i64 8)"   --->   Operation 31 'speclooptripcount' 'empty_24' <Predicate = true> <Delay = 0.00>
ST_3 : Operation 32 [1/1] (1.73ns)   --->   "%i = add i4 %i2_0, 1" [dut.cpp:37]   --->   Operation 32 'add' 'i' <Predicate = true> <Delay = 1.73> <Core = "AddSub">   --->   Core 14 'AddSub' <Latency = 0> <II = 1> <Delay = 1.73> <FuncUnit> <Opcode : 'add' 'sub'> <InPorts = 2> <OutPorts = 1>
ST_3 : Operation 33 [1/1] (0.00ns)   --->   "br i1 %icmp_ln37, label %.preheader72.preheader, label %0" [dut.cpp:37]   --->   Operation 33 'br' <Predicate = true> <Delay = 0.00>
ST_3 : Operation 34 [1/1] (0.00ns)   --->   "%zext_ln38 = zext i4 %i2_0 to i64" [dut.cpp:38]   --->   Operation 34 'zext' 'zext_ln38' <Predicate = (!icmp_ln37)> <Delay = 0.00>
ST_3 : Operation 35 [1/1] (3.63ns)   --->   "%tmp_V_2 = call i32 @_ssdm_op_Read.ap_fifo.volatile.i32P(i32* %strm_in_V_V)" [dut.cpp:38]   --->   Operation 35 'read' 'tmp_V_2' <Predicate = (!icmp_ln37)> <Delay = 3.63> <Core = "FIFO">   --->   Core 32 'FIFO' <Latency = 0> <II = 1> <Delay = 3.63> <Storage> <Opcode : 'read' 'write' 'nbread' 'nbwrite'> <Ports = 0> <Width = 32> <Depth = 0> <FIFO>
ST_3 : Operation 36 [1/1] (0.00ns)   --->   "%prevhash_V_addr = getelementptr [8 x i32]* %prevhash_V, i64 0, i64 %zext_ln38" [dut.cpp:38]   --->   Operation 36 'getelementptr' 'prevhash_V_addr' <Predicate = (!icmp_ln37)> <Delay = 0.00>
ST_3 : Operation 37 [1/1] (2.32ns)   --->   "store i32 %tmp_V_2, i32* %prevhash_V_addr, align 4" [dut.cpp:38]   --->   Operation 37 'store' <Predicate = (!icmp_ln37)> <Delay = 2.32> <Core = "RAM">   --->   Core 37 'RAM' <Latency = 1> <II = 1> <Delay = 2.32> <Storage> <Opcode : 'load' 'store'> <Ports = 2> <Width = 32> <Depth = 8> <RAM>
ST_3 : Operation 38 [1/1] (0.00ns)   --->   "br label %.preheader73" [dut.cpp:37]   --->   Operation 38 'br' <Predicate = (!icmp_ln37)> <Delay = 0.00>
ST_3 : Operation 39 [1/1] (1.76ns)   --->   "br label %.preheader72" [dut.cpp:43]   --->   Operation 39 'br' <Predicate = (icmp_ln37)> <Delay = 1.76>

State 4 <SV = 3> <Delay = 5.95>
ST_4 : Operation 40 [1/1] (0.00ns)   --->   "%i4_0 = phi i4 [ %i_15, %1 ], [ 0, %.preheader72.preheader ]"   --->   Operation 40 'phi' 'i4_0' <Predicate = true> <Delay = 0.00>
ST_4 : Operation 41 [1/1] (1.30ns)   --->   "%icmp_ln43 = icmp eq i4 %i4_0, -8" [dut.cpp:43]   --->   Operation 41 'icmp' 'icmp_ln43' <Predicate = true> <Delay = 1.30> <Core = "Cmp">   --->   Core 25 'Cmp' <Latency = 0> <II = 1> <Delay = 1.30> <FuncUnit> <Opcode : 'icmp'> <InPorts = 2> <OutPorts = 1>
ST_4 : Operation 42 [1/1] (0.00ns)   --->   "%empty_25 = call i32 (...)* @_ssdm_op_SpecLoopTripCount(i64 8, i64 8, i64 8)"   --->   Operation 42 'speclooptripcount' 'empty_25' <Predicate = true> <Delay = 0.00>
ST_4 : Operation 43 [1/1] (1.73ns)   --->   "%i_15 = add i4 %i4_0, 1" [dut.cpp:43]   --->   Operation 43 'add' 'i_15' <Predicate = true> <Delay = 1.73> <Core = "AddSub">   --->   Core 14 'AddSub' <Latency = 0> <II = 1> <Delay = 1.73> <FuncUnit> <Opcode : 'add' 'sub'> <InPorts = 2> <OutPorts = 1>
ST_4 : Operation 44 [1/1] (0.00ns)   --->   "br i1 %icmp_ln43, label %.preheader71.0, label %1" [dut.cpp:43]   --->   Operation 44 'br' <Predicate = true> <Delay = 0.00>
ST_4 : Operation 45 [1/1] (0.00ns)   --->   "%zext_ln44 = zext i4 %i4_0 to i64" [dut.cpp:44]   --->   Operation 45 'zext' 'zext_ln44' <Predicate = (!icmp_ln43)> <Delay = 0.00>
ST_4 : Operation 46 [1/1] (3.63ns)   --->   "%tmp_V_5 = call i32 @_ssdm_op_Read.ap_fifo.volatile.i32P(i32* %strm_in_V_V)" [dut.cpp:44]   --->   Operation 46 'read' 'tmp_V_5' <Predicate = (!icmp_ln43)> <Delay = 3.63> <Core = "FIFO">   --->   Core 32 'FIFO' <Latency = 0> <II = 1> <Delay = 3.63> <Storage> <Opcode : 'read' 'write' 'nbread' 'nbwrite'> <Ports = 0> <Width = 32> <Depth = 0> <FIFO>
ST_4 : Operation 47 [1/1] (0.00ns)   --->   "%merkle_root_V_addr = getelementptr [8 x i32]* %merkle_root_V, i64 0, i64 %zext_ln44" [dut.cpp:44]   --->   Operation 47 'getelementptr' 'merkle_root_V_addr' <Predicate = (!icmp_ln43)> <Delay = 0.00>
ST_4 : Operation 48 [1/1] (2.32ns)   --->   "store i32 %tmp_V_5, i32* %merkle_root_V_addr, align 4" [dut.cpp:44]   --->   Operation 48 'store' <Predicate = (!icmp_ln43)> <Delay = 2.32> <Core = "RAM">   --->   Core 37 'RAM' <Latency = 1> <II = 1> <Delay = 2.32> <Storage> <Opcode : 'load' 'store'> <Ports = 2> <Width = 32> <Depth = 8> <RAM>
ST_4 : Operation 49 [1/1] (0.00ns)   --->   "br label %.preheader72" [dut.cpp:43]   --->   Operation 49 'br' <Predicate = (!icmp_ln43)> <Delay = 0.00>
ST_4 : Operation 50 [1/1] (3.63ns)   --->   "%tmp_V_16 = call i32 @_ssdm_op_Read.ap_fifo.volatile.i32P(i32* %strm_in_V_V)" [dut.cpp:50]   --->   Operation 50 'read' 'tmp_V_16' <Predicate = (icmp_ln43)> <Delay = 3.63> <Core = "FIFO">   --->   Core 32 'FIFO' <Latency = 0> <II = 1> <Delay = 3.63> <Storage> <Opcode : 'read' 'write' 'nbread' 'nbwrite'> <Ports = 0> <Width = 32> <Depth = 0> <FIFO>

State 5 <SV = 4> <Delay = 6.18>
ST_5 : Operation 51 [1/1] (3.63ns)   --->   "%tmp_V_17 = call i32 @_ssdm_op_Read.ap_fifo.volatile.i32P(i32* %strm_in_V_V)" [dut.cpp:56]   --->   Operation 51 'read' 'tmp_V_17' <Predicate = true> <Delay = 3.63> <Core = "FIFO">   --->   Core 32 'FIFO' <Latency = 0> <II = 1> <Delay = 3.63> <Storage> <Opcode : 'read' 'write' 'nbread' 'nbwrite'> <Ports = 0> <Width = 32> <Depth = 0> <FIFO>
ST_5 : Operation 52 [2/2] (2.55ns)   --->   "%output_nonce_V = call fastcc i32 @mineblock([8 x i32]* %p_1, i32 %tmp_V, i32 %tmp_V_15, [8 x i32]* %prevhash_V, [8 x i32]* %merkle_root_V, i32 %tmp_V_16, i32 %tmp_V_17)" [dut.cpp:65]   --->   Operation 52 'call' 'output_nonce_V' <Predicate = true> <Delay = 2.55> <CoreType = "Generic">   --->   Core 0 '' <Latency = 0> <II = 1> <Delay = 1.00> <Generic> <Opcode : >

State 6 <SV = 5> <Delay = 1.76>
ST_6 : Operation 53 [1/2] (0.00ns)   --->   "%output_nonce_V = call fastcc i32 @mineblock([8 x i32]* %p_1, i32 %tmp_V, i32 %tmp_V_15, [8 x i32]* %prevhash_V, [8 x i32]* %merkle_root_V, i32 %tmp_V_16, i32 %tmp_V_17)" [dut.cpp:65]   --->   Operation 53 'call' 'output_nonce_V' <Predicate = true> <Delay = 0.00> <CoreType = "Generic">   --->   Core 0 '' <Latency = 0> <II = 1> <Delay = 1.00> <Generic> <Opcode : >
ST_6 : Operation 54 [1/1] (1.76ns)   --->   "br label %2" [./typedefs.h:24->dut.cpp:65]   --->   Operation 54 'br' <Predicate = true> <Delay = 1.76>

State 7 <SV = 6> <Delay = 3.63>
ST_7 : Operation 55 [1/1] (0.00ns)   --->   "%p_i0_0_i = phi i4 [ 0, %.preheader71.0 ], [ %p_i0, %3 ]"   --->   Operation 55 'phi' 'p_i0_0_i' <Predicate = true> <Delay = 0.00>
ST_7 : Operation 56 [1/1] (0.00ns)   --->   "%zext_ln24 = zext i4 %p_i0_0_i to i64" [./typedefs.h:24->dut.cpp:65]   --->   Operation 56 'zext' 'zext_ln24' <Predicate = true> <Delay = 0.00>
ST_7 : Operation 57 [1/1] (1.30ns)   --->   "%icmp_ln24 = icmp eq i4 %p_i0_0_i, -8" [./typedefs.h:24->dut.cpp:65]   --->   Operation 57 'icmp' 'icmp_ln24' <Predicate = true> <Delay = 1.30> <Core = "Cmp">   --->   Core 25 'Cmp' <Latency = 0> <II = 1> <Delay = 1.30> <FuncUnit> <Opcode : 'icmp'> <InPorts = 2> <OutPorts = 1>
ST_7 : Operation 58 [1/1] (0.00ns)   --->   "%empty_26 = call i32 (...)* @_ssdm_op_SpecLoopTripCount(i64 8, i64 8, i64 8)"   --->   Operation 58 'speclooptripcount' 'empty_26' <Predicate = true> <Delay = 0.00>
ST_7 : Operation 59 [1/1] (1.73ns)   --->   "%p_i0 = add i4 %p_i0_0_i, 1" [./typedefs.h:24->dut.cpp:65]   --->   Operation 59 'add' 'p_i0' <Predicate = true> <Delay = 1.73> <Core = "AddSub">   --->   Core 14 'AddSub' <Latency = 0> <II = 1> <Delay = 1.73> <FuncUnit> <Opcode : 'add' 'sub'> <InPorts = 2> <OutPorts = 1>
ST_7 : Operation 60 [1/1] (0.00ns)   --->   "br i1 %icmp_ln24, label %"operator=.exit", label %3" [./typedefs.h:24->dut.cpp:65]   --->   Operation 60 'br' <Predicate = true> <Delay = 0.00>
ST_7 : Operation 61 [1/1] (0.00ns)   --->   "%p_1_addr = getelementptr [8 x i32]* %p_1, i64 0, i64 %zext_ln24" [./typedefs.h:24->dut.cpp:65]   --->   Operation 61 'getelementptr' 'p_1_addr' <Predicate = (!icmp_ln24)> <Delay = 0.00>
ST_7 : Operation 62 [2/2] (2.32ns)   --->   "%p_1_load = load i32* %p_1_addr, align 4" [./typedefs.h:24->dut.cpp:65]   --->   Operation 62 'load' 'p_1_load' <Predicate = (!icmp_ln24)> <Delay = 2.32> <Core = "RAM">   --->   Core 37 'RAM' <Latency = 1> <II = 1> <Delay = 2.32> <Storage> <Opcode : 'load' 'store'> <Ports = 2> <Width = 32> <Depth = 8> <RAM>
ST_7 : Operation 63 [1/1] (3.63ns)   --->   "call void @_ssdm_op_Write.ap_fifo.volatile.i32P(i32* %strm_out_V_V, i32 %output_nonce_V)" [dut.cpp:68]   --->   Operation 63 'write' <Predicate = (icmp_ln24)> <Delay = 3.63> <Core = "FIFO">   --->   Core 32 'FIFO' <Latency = 0> <II = 1> <Delay = 3.63> <Storage> <Opcode : 'read' 'write' 'nbread' 'nbwrite'> <Ports = 0> <Width = 32> <Depth = 0> <FIFO>
ST_7 : Operation 64 [1/1] (0.00ns)   --->   "%output_hash_V_addr = getelementptr [8 x i32]* %output_hash_V, i64 0, i64 7" [dut.cpp:69]   --->   Operation 64 'getelementptr' 'output_hash_V_addr' <Predicate = (icmp_ln24)> <Delay = 0.00>
ST_7 : Operation 65 [2/2] (2.32ns)   --->   "%tmp_V_7 = load i32* %output_hash_V_addr, align 4" [dut.cpp:69]   --->   Operation 65 'load' 'tmp_V_7' <Predicate = (icmp_ln24)> <Delay = 2.32> <Core = "RAM">   --->   Core 37 'RAM' <Latency = 1> <II = 1> <Delay = 2.32> <Storage> <Opcode : 'load' 'store'> <Ports = 2> <Width = 32> <Depth = 8> <RAM>

State 8 <SV = 7> <Delay = 4.64>
ST_8 : Operation 66 [1/2] (2.32ns)   --->   "%p_1_load = load i32* %p_1_addr, align 4" [./typedefs.h:24->dut.cpp:65]   --->   Operation 66 'load' 'p_1_load' <Predicate = true> <Delay = 2.32> <Core = "RAM">   --->   Core 37 'RAM' <Latency = 1> <II = 1> <Delay = 2.32> <Storage> <Opcode : 'load' 'store'> <Ports = 2> <Width = 32> <Depth = 8> <RAM>
ST_8 : Operation 67 [1/1] (0.00ns)   --->   "%output_hash_V_addr_8 = getelementptr [8 x i32]* %output_hash_V, i64 0, i64 %zext_ln24" [./typedefs.h:24->dut.cpp:65]   --->   Operation 67 'getelementptr' 'output_hash_V_addr_8' <Predicate = true> <Delay = 0.00>
ST_8 : Operation 68 [1/1] (2.32ns)   --->   "store i32 %p_1_load, i32* %output_hash_V_addr_8, align 4" [./typedefs.h:24->dut.cpp:65]   --->   Operation 68 'store' <Predicate = true> <Delay = 2.32> <Core = "RAM">   --->   Core 37 'RAM' <Latency = 1> <II = 1> <Delay = 2.32> <Storage> <Opcode : 'load' 'store'> <Ports = 2> <Width = 32> <Depth = 8> <RAM>
ST_8 : Operation 69 [1/1] (0.00ns)   --->   "br label %2" [./typedefs.h:24->dut.cpp:65]   --->   Operation 69 'br' <Predicate = true> <Delay = 0.00>

State 9 <SV = 7> <Delay = 5.95>
ST_9 : Operation 70 [1/2] (2.32ns)   --->   "%tmp_V_7 = load i32* %output_hash_V_addr, align 4" [dut.cpp:69]   --->   Operation 70 'load' 'tmp_V_7' <Predicate = true> <Delay = 2.32> <Core = "RAM">   --->   Core 37 'RAM' <Latency = 1> <II = 1> <Delay = 2.32> <Storage> <Opcode : 'load' 'store'> <Ports = 2> <Width = 32> <Depth = 8> <RAM>
ST_9 : Operation 71 [1/1] (3.63ns)   --->   "call void @_ssdm_op_Write.ap_fifo.volatile.i32P(i32* %strm_out_V_V, i32 %tmp_V_7)" [dut.cpp:69]   --->   Operation 71 'write' <Predicate = true> <Delay = 3.63> <Core = "FIFO">   --->   Core 32 'FIFO' <Latency = 0> <II = 1> <Delay = 3.63> <Storage> <Opcode : 'read' 'write' 'nbread' 'nbwrite'> <Ports = 0> <Width = 32> <Depth = 0> <FIFO>
ST_9 : Operation 72 [1/1] (0.00ns)   --->   "%output_hash_V_addr_1 = getelementptr [8 x i32]* %output_hash_V, i64 0, i64 6" [dut.cpp:70]   --->   Operation 72 'getelementptr' 'output_hash_V_addr_1' <Predicate = true> <Delay = 0.00>
ST_9 : Operation 73 [2/2] (2.32ns)   --->   "%tmp_V_8 = load i32* %output_hash_V_addr_1, align 4" [dut.cpp:70]   --->   Operation 73 'load' 'tmp_V_8' <Predicate = true> <Delay = 2.32> <Core = "RAM">   --->   Core 37 'RAM' <Latency = 1> <II = 1> <Delay = 2.32> <Storage> <Opcode : 'load' 'store'> <Ports = 2> <Width = 32> <Depth = 8> <RAM>

State 10 <SV = 8> <Delay = 5.95>
ST_10 : Operation 74 [1/2] (2.32ns)   --->   "%tmp_V_8 = load i32* %output_hash_V_addr_1, align 4" [dut.cpp:70]   --->   Operation 74 'load' 'tmp_V_8' <Predicate = true> <Delay = 2.32> <Core = "RAM">   --->   Core 37 'RAM' <Latency = 1> <II = 1> <Delay = 2.32> <Storage> <Opcode : 'load' 'store'> <Ports = 2> <Width = 32> <Depth = 8> <RAM>
ST_10 : Operation 75 [1/1] (3.63ns)   --->   "call void @_ssdm_op_Write.ap_fifo.volatile.i32P(i32* %strm_out_V_V, i32 %tmp_V_8)" [dut.cpp:70]   --->   Operation 75 'write' <Predicate = true> <Delay = 3.63> <Core = "FIFO">   --->   Core 32 'FIFO' <Latency = 0> <II = 1> <Delay = 3.63> <Storage> <Opcode : 'read' 'write' 'nbread' 'nbwrite'> <Ports = 0> <Width = 32> <Depth = 0> <FIFO>
ST_10 : Operation 76 [1/1] (0.00ns)   --->   "%output_hash_V_addr_2 = getelementptr [8 x i32]* %output_hash_V, i64 0, i64 5" [dut.cpp:71]   --->   Operation 76 'getelementptr' 'output_hash_V_addr_2' <Predicate = true> <Delay = 0.00>
ST_10 : Operation 77 [2/2] (2.32ns)   --->   "%tmp_V_9 = load i32* %output_hash_V_addr_2, align 4" [dut.cpp:71]   --->   Operation 77 'load' 'tmp_V_9' <Predicate = true> <Delay = 2.32> <Core = "RAM">   --->   Core 37 'RAM' <Latency = 1> <II = 1> <Delay = 2.32> <Storage> <Opcode : 'load' 'store'> <Ports = 2> <Width = 32> <Depth = 8> <RAM>

State 11 <SV = 9> <Delay = 5.95>
ST_11 : Operation 78 [1/2] (2.32ns)   --->   "%tmp_V_9 = load i32* %output_hash_V_addr_2, align 4" [dut.cpp:71]   --->   Operation 78 'load' 'tmp_V_9' <Predicate = true> <Delay = 2.32> <Core = "RAM">   --->   Core 37 'RAM' <Latency = 1> <II = 1> <Delay = 2.32> <Storage> <Opcode : 'load' 'store'> <Ports = 2> <Width = 32> <Depth = 8> <RAM>
ST_11 : Operation 79 [1/1] (3.63ns)   --->   "call void @_ssdm_op_Write.ap_fifo.volatile.i32P(i32* %strm_out_V_V, i32 %tmp_V_9)" [dut.cpp:71]   --->   Operation 79 'write' <Predicate = true> <Delay = 3.63> <Core = "FIFO">   --->   Core 32 'FIFO' <Latency = 0> <II = 1> <Delay = 3.63> <Storage> <Opcode : 'read' 'write' 'nbread' 'nbwrite'> <Ports = 0> <Width = 32> <Depth = 0> <FIFO>
ST_11 : Operation 80 [1/1] (0.00ns)   --->   "%output_hash_V_addr_3 = getelementptr [8 x i32]* %output_hash_V, i64 0, i64 4" [dut.cpp:72]   --->   Operation 80 'getelementptr' 'output_hash_V_addr_3' <Predicate = true> <Delay = 0.00>
ST_11 : Operation 81 [2/2] (2.32ns)   --->   "%tmp_V_10 = load i32* %output_hash_V_addr_3, align 4" [dut.cpp:72]   --->   Operation 81 'load' 'tmp_V_10' <Predicate = true> <Delay = 2.32> <Core = "RAM">   --->   Core 37 'RAM' <Latency = 1> <II = 1> <Delay = 2.32> <Storage> <Opcode : 'load' 'store'> <Ports = 2> <Width = 32> <Depth = 8> <RAM>

State 12 <SV = 10> <Delay = 5.95>
ST_12 : Operation 82 [1/2] (2.32ns)   --->   "%tmp_V_10 = load i32* %output_hash_V_addr_3, align 4" [dut.cpp:72]   --->   Operation 82 'load' 'tmp_V_10' <Predicate = true> <Delay = 2.32> <Core = "RAM">   --->   Core 37 'RAM' <Latency = 1> <II = 1> <Delay = 2.32> <Storage> <Opcode : 'load' 'store'> <Ports = 2> <Width = 32> <Depth = 8> <RAM>
ST_12 : Operation 83 [1/1] (3.63ns)   --->   "call void @_ssdm_op_Write.ap_fifo.volatile.i32P(i32* %strm_out_V_V, i32 %tmp_V_10)" [dut.cpp:72]   --->   Operation 83 'write' <Predicate = true> <Delay = 3.63> <Core = "FIFO">   --->   Core 32 'FIFO' <Latency = 0> <II = 1> <Delay = 3.63> <Storage> <Opcode : 'read' 'write' 'nbread' 'nbwrite'> <Ports = 0> <Width = 32> <Depth = 0> <FIFO>
ST_12 : Operation 84 [1/1] (0.00ns)   --->   "%output_hash_V_addr_4 = getelementptr [8 x i32]* %output_hash_V, i64 0, i64 3" [dut.cpp:73]   --->   Operation 84 'getelementptr' 'output_hash_V_addr_4' <Predicate = true> <Delay = 0.00>
ST_12 : Operation 85 [2/2] (2.32ns)   --->   "%tmp_V_11 = load i32* %output_hash_V_addr_4, align 4" [dut.cpp:73]   --->   Operation 85 'load' 'tmp_V_11' <Predicate = true> <Delay = 2.32> <Core = "RAM">   --->   Core 37 'RAM' <Latency = 1> <II = 1> <Delay = 2.32> <Storage> <Opcode : 'load' 'store'> <Ports = 2> <Width = 32> <Depth = 8> <RAM>

State 13 <SV = 11> <Delay = 5.95>
ST_13 : Operation 86 [1/2] (2.32ns)   --->   "%tmp_V_11 = load i32* %output_hash_V_addr_4, align 4" [dut.cpp:73]   --->   Operation 86 'load' 'tmp_V_11' <Predicate = true> <Delay = 2.32> <Core = "RAM">   --->   Core 37 'RAM' <Latency = 1> <II = 1> <Delay = 2.32> <Storage> <Opcode : 'load' 'store'> <Ports = 2> <Width = 32> <Depth = 8> <RAM>
ST_13 : Operation 87 [1/1] (3.63ns)   --->   "call void @_ssdm_op_Write.ap_fifo.volatile.i32P(i32* %strm_out_V_V, i32 %tmp_V_11)" [dut.cpp:73]   --->   Operation 87 'write' <Predicate = true> <Delay = 3.63> <Core = "FIFO">   --->   Core 32 'FIFO' <Latency = 0> <II = 1> <Delay = 3.63> <Storage> <Opcode : 'read' 'write' 'nbread' 'nbwrite'> <Ports = 0> <Width = 32> <Depth = 0> <FIFO>
ST_13 : Operation 88 [1/1] (0.00ns)   --->   "%output_hash_V_addr_5 = getelementptr [8 x i32]* %output_hash_V, i64 0, i64 2" [dut.cpp:74]   --->   Operation 88 'getelementptr' 'output_hash_V_addr_5' <Predicate = true> <Delay = 0.00>
ST_13 : Operation 89 [2/2] (2.32ns)   --->   "%tmp_V_12 = load i32* %output_hash_V_addr_5, align 4" [dut.cpp:74]   --->   Operation 89 'load' 'tmp_V_12' <Predicate = true> <Delay = 2.32> <Core = "RAM">   --->   Core 37 'RAM' <Latency = 1> <II = 1> <Delay = 2.32> <Storage> <Opcode : 'load' 'store'> <Ports = 2> <Width = 32> <Depth = 8> <RAM>

State 14 <SV = 12> <Delay = 5.95>
ST_14 : Operation 90 [1/2] (2.32ns)   --->   "%tmp_V_12 = load i32* %output_hash_V_addr_5, align 4" [dut.cpp:74]   --->   Operation 90 'load' 'tmp_V_12' <Predicate = true> <Delay = 2.32> <Core = "RAM">   --->   Core 37 'RAM' <Latency = 1> <II = 1> <Delay = 2.32> <Storage> <Opcode : 'load' 'store'> <Ports = 2> <Width = 32> <Depth = 8> <RAM>
ST_14 : Operation 91 [1/1] (3.63ns)   --->   "call void @_ssdm_op_Write.ap_fifo.volatile.i32P(i32* %strm_out_V_V, i32 %tmp_V_12)" [dut.cpp:74]   --->   Operation 91 'write' <Predicate = true> <Delay = 3.63> <Core = "FIFO">   --->   Core 32 'FIFO' <Latency = 0> <II = 1> <Delay = 3.63> <Storage> <Opcode : 'read' 'write' 'nbread' 'nbwrite'> <Ports = 0> <Width = 32> <Depth = 0> <FIFO>
ST_14 : Operation 92 [1/1] (0.00ns)   --->   "%output_hash_V_addr_6 = getelementptr [8 x i32]* %output_hash_V, i64 0, i64 1" [dut.cpp:75]   --->   Operation 92 'getelementptr' 'output_hash_V_addr_6' <Predicate = true> <Delay = 0.00>
ST_14 : Operation 93 [2/2] (2.32ns)   --->   "%tmp_V_13 = load i32* %output_hash_V_addr_6, align 4" [dut.cpp:75]   --->   Operation 93 'load' 'tmp_V_13' <Predicate = true> <Delay = 2.32> <Core = "RAM">   --->   Core 37 'RAM' <Latency = 1> <II = 1> <Delay = 2.32> <Storage> <Opcode : 'load' 'store'> <Ports = 2> <Width = 32> <Depth = 8> <RAM>

State 15 <SV = 13> <Delay = 5.95>
ST_15 : Operation 94 [1/2] (2.32ns)   --->   "%tmp_V_13 = load i32* %output_hash_V_addr_6, align 4" [dut.cpp:75]   --->   Operation 94 'load' 'tmp_V_13' <Predicate = true> <Delay = 2.32> <Core = "RAM">   --->   Core 37 'RAM' <Latency = 1> <II = 1> <Delay = 2.32> <Storage> <Opcode : 'load' 'store'> <Ports = 2> <Width = 32> <Depth = 8> <RAM>
ST_15 : Operation 95 [1/1] (3.63ns)   --->   "call void @_ssdm_op_Write.ap_fifo.volatile.i32P(i32* %strm_out_V_V, i32 %tmp_V_13)" [dut.cpp:75]   --->   Operation 95 'write' <Predicate = true> <Delay = 3.63> <Core = "FIFO">   --->   Core 32 'FIFO' <Latency = 0> <II = 1> <Delay = 3.63> <Storage> <Opcode : 'read' 'write' 'nbread' 'nbwrite'> <Ports = 0> <Width = 32> <Depth = 0> <FIFO>
ST_15 : Operation 96 [1/1] (0.00ns)   --->   "%output_hash_V_addr_7 = getelementptr [8 x i32]* %output_hash_V, i64 0, i64 0" [dut.cpp:76]   --->   Operation 96 'getelementptr' 'output_hash_V_addr_7' <Predicate = true> <Delay = 0.00>
ST_15 : Operation 97 [2/2] (2.32ns)   --->   "%tmp_V_14 = load i32* %output_hash_V_addr_7, align 4" [dut.cpp:76]   --->   Operation 97 'load' 'tmp_V_14' <Predicate = true> <Delay = 2.32> <Core = "RAM">   --->   Core 37 'RAM' <Latency = 1> <II = 1> <Delay = 2.32> <Storage> <Opcode : 'load' 'store'> <Ports = 2> <Width = 32> <Depth = 8> <RAM>

State 16 <SV = 14> <Delay = 5.95>
ST_16 : Operation 98 [1/2] (2.32ns)   --->   "%tmp_V_14 = load i32* %output_hash_V_addr_7, align 4" [dut.cpp:76]   --->   Operation 98 'load' 'tmp_V_14' <Predicate = true> <Delay = 2.32> <Core = "RAM">   --->   Core 37 'RAM' <Latency = 1> <II = 1> <Delay = 2.32> <Storage> <Opcode : 'load' 'store'> <Ports = 2> <Width = 32> <Depth = 8> <RAM>
ST_16 : Operation 99 [1/1] (3.63ns)   --->   "call void @_ssdm_op_Write.ap_fifo.volatile.i32P(i32* %strm_out_V_V, i32 %tmp_V_14)" [dut.cpp:76]   --->   Operation 99 'write' <Predicate = true> <Delay = 3.63> <Core = "FIFO">   --->   Core 32 'FIFO' <Latency = 0> <II = 1> <Delay = 3.63> <Storage> <Opcode : 'read' 'write' 'nbread' 'nbwrite'> <Ports = 0> <Width = 32> <Depth = 0> <FIFO>
ST_16 : Operation 100 [1/1] (0.00ns)   --->   "ret void" [dut.cpp:77]   --->   Operation 100 'ret' <Predicate = true> <Delay = 0.00>


============================================================
+ Verbose Summary: Binding
============================================================
STG Binding: 
---------------- STG Properties BEGIN ----------------
- Is combinational: 0
- Is one-state seq: 0
- Is datapath-only: 0
- Is pipelined: 0
- Is top level: 1
Port [ Return ] is wired: 1; IO mode=ap_ctrl_hs:ce=0
Port [ strm_in_V_V]:  wired=1; compound=1; hidden=0; nouse=0; global=0; static=0; extern=0; dir=0; type=3; pingpong=0; private_global=0; IO mode=ap_fifo:ce=0
Port [ strm_out_V_V]:  wired=1; compound=1; hidden=0; nouse=0; global=0; static=0; extern=0; dir=1; type=3; pingpong=0; private_global=0; IO mode=ap_fifo:ce=0
Port [ H_0_V]:  wired=0; compound=1; hidden=1; nouse=1; global=1; static=1; extern=0; dir=0; type=1; pingpong=0; private_global=0; linkage=7; visibility=0; MemPort=[1]; IO mode=ap_memory:ce=0
Port [ K]:  wired=0; compound=1; hidden=1; nouse=1; global=1; static=1; extern=0; dir=0; type=1; pingpong=0; private_global=0; linkage=7; visibility=0; MemPort=[1]; IO mode=ap_memory:ce=0
Port [ difficulty_V]:  wired=0; compound=1; hidden=1; nouse=1; global=1; static=1; extern=0; dir=0; type=1; pingpong=0; private_global=0; linkage=7; visibility=0; MemPort=[1]; IO mode=ap_memory:ce=0
---------------- STG Properties END ------------------

---------------- Datapath Model BEGIN ----------------

<LifeTime>
<method=bitvector/>
prevhash_V           (alloca           ) [ 00111110000000000]
merkle_root_V        (alloca           ) [ 00111110000000000]
output_hash_V        (alloca           ) [ 00111111111111110]
p_1                  (alloca           ) [ 00111111100000000]
tmp_V                (read             ) [ 00111110000000000]
empty                (specinterface    ) [ 00000000000000000]
empty_23             (specinterface    ) [ 00000000000000000]
specbitsmap_ln0      (specbitsmap      ) [ 00000000000000000]
specbitsmap_ln0      (specbitsmap      ) [ 00000000000000000]
spectopmodule_ln0    (spectopmodule    ) [ 00000000000000000]
tmp_V_15             (read             ) [ 00011110000000000]
br_ln37              (br               ) [ 00110000000000000]
i2_0                 (phi              ) [ 00010000000000000]
icmp_ln37            (icmp             ) [ 00010000000000000]
empty_24             (speclooptripcount) [ 00000000000000000]
i                    (add              ) [ 00110000000000000]
br_ln37              (br               ) [ 00000000000000000]
zext_ln38            (zext             ) [ 00000000000000000]
tmp_V_2              (read             ) [ 00000000000000000]
prevhash_V_addr      (getelementptr    ) [ 00000000000000000]
store_ln38           (store            ) [ 00000000000000000]
br_ln37              (br               ) [ 00110000000000000]
br_ln43              (br               ) [ 00011000000000000]
i4_0                 (phi              ) [ 00001000000000000]
icmp_ln43            (icmp             ) [ 00001000000000000]
empty_25             (speclooptripcount) [ 00000000000000000]
i_15                 (add              ) [ 00011000000000000]
br_ln43              (br               ) [ 00000000000000000]
zext_ln44            (zext             ) [ 00000000000000000]
tmp_V_5              (read             ) [ 00000000000000000]
merkle_root_V_addr   (getelementptr    ) [ 00000000000000000]
store_ln44           (store            ) [ 00000000000000000]
br_ln43              (br               ) [ 00011000000000000]
tmp_V_16             (read             ) [ 00000110000000000]
tmp_V_17             (read             ) [ 00000010000000000]
output_nonce_V       (call             ) [ 00000001100000000]
br_ln24              (br               ) [ 00000011100000000]
p_i0_0_i             (phi              ) [ 00000001000000000]
zext_ln24            (zext             ) [ 00000000100000000]
icmp_ln24            (icmp             ) [ 00000001100000000]
empty_26             (speclooptripcount) [ 00000000000000000]
p_i0                 (add              ) [ 00000011100000000]
br_ln24              (br               ) [ 00000000000000000]
p_1_addr             (getelementptr    ) [ 00000000100000000]
write_ln68           (write            ) [ 00000000000000000]
output_hash_V_addr   (getelementptr    ) [ 00000000010000000]
p_1_load             (load             ) [ 00000000000000000]
output_hash_V_addr_8 (getelementptr    ) [ 00000000000000000]
store_ln24           (store            ) [ 00000000000000000]
br_ln24              (br               ) [ 00000011100000000]
tmp_V_7              (load             ) [ 00000000000000000]
write_ln69           (write            ) [ 00000000000000000]
output_hash_V_addr_1 (getelementptr    ) [ 00000000001000000]
tmp_V_8              (load             ) [ 00000000000000000]
write_ln70           (write            ) [ 00000000000000000]
output_hash_V_addr_2 (getelementptr    ) [ 00000000000100000]
tmp_V_9              (load             ) [ 00000000000000000]
write_ln71           (write            ) [ 00000000000000000]
output_hash_V_addr_3 (getelementptr    ) [ 00000000000010000]
tmp_V_10             (load             ) [ 00000000000000000]
write_ln72           (write            ) [ 00000000000000000]
output_hash_V_addr_4 (getelementptr    ) [ 00000000000001000]
tmp_V_11             (load             ) [ 00000000000000000]
write_ln73           (write            ) [ 00000000000000000]
output_hash_V_addr_5 (getelementptr    ) [ 00000000000000100]
tmp_V_12             (load             ) [ 00000000000000000]
write_ln74           (write            ) [ 00000000000000000]
output_hash_V_addr_6 (getelementptr    ) [ 00000000000000010]
tmp_V_13             (load             ) [ 00000000000000000]
write_ln75           (write            ) [ 00000000000000000]
output_hash_V_addr_7 (getelementptr    ) [ 00000000000000001]
tmp_V_14             (load             ) [ 00000000000000000]
write_ln76           (write            ) [ 00000000000000000]
ret_ln77             (ret              ) [ 00000000000000000]
</LifeTime>

<model>

<comp_list>
<comp id="0" class="1000" name="strm_in_V_V">
<pin_list>
<pin id="1" dir="1" index="0" bw="1" slack="0"/>
</pin_list>
<bind>
<StgValue><ssdm name="strm_in_V_V"/></StgValue>
</bind>
</comp>

<comp id="2" class="1000" name="strm_out_V_V">
<pin_list>
<pin id="3" dir="1" index="0" bw="1" slack="0"/>
</pin_list>
<bind>
<StgValue><ssdm name="strm_out_V_V"/></StgValue>
</bind>
</comp>

<comp id="4" class="1000" name="H_0_V">
<pin_list>
<pin id="5" dir="1" index="0" bw="1" slack="0"/>
</pin_list>
<bind>
<StgValue><ssdm name="H_0_V"/><MemPortTyVec>1 </MemPortTyVec>
</StgValue>
</bind>
</comp>

<comp id="6" class="1000" name="K">
<pin_list>
<pin id="7" dir="1" index="0" bw="1" slack="0"/>
</pin_list>
<bind>
<StgValue><ssdm name="K"/><MemPortTyVec>1 </MemPortTyVec>
</StgValue>
</bind>
</comp>

<comp id="8" class="1000" name="difficulty_V">
<pin_list>
<pin id="9" dir="1" index="0" bw="1" slack="0"/>
</pin_list>
<bind>
<StgValue><ssdm name="difficulty_V"/><MemPortTyVec>1 </MemPortTyVec>
</StgValue>
</bind>
</comp>

<comp id="10" class="1001" name="const_10">
<pin_list>
<pin id="11" dir="1" index="0" bw="1" slack="0"/>
</pin_list>
<bind>
<StgValue><ssdm name=""/></StgValue>
</bind>
</comp>

<comp id="12" class="1001" name="const_12">
<pin_list>
<pin id="13" dir="1" index="0" bw="1" slack="0"/>
</pin_list>
<bind>
<StgValue><ssdm name="_ssdm_op_Read.ap_fifo.volatile.i32P"/></StgValue>
</bind>
</comp>

<comp id="14" class="1001" name="const_14">
<pin_list>
<pin id="15" dir="1" index="0" bw="1" slack="2147483647"/>
</pin_list>
<bind>
<StgValue><ssdm name="_ssdm_op_SpecInterface"/></StgValue>
</bind>
</comp>

<comp id="16" class="1001" name="const_16">
<pin_list>
<pin id="17" dir="1" index="0" bw="1" slack="2147483647"/>
</pin_list>
<bind>
<StgValue><ssdm name="ap_fifo_str"/></StgValue>
</bind>
</comp>

<comp id="18" class="1001" name="const_18">
<pin_list>
<pin id="19" dir="1" index="0" bw="1" slack="2147483647"/>
</pin_list>
<bind>
<StgValue><ssdm name=""/></StgValue>
</bind>
</comp>

<comp id="20" class="1001" name="const_20">
<pin_list>
<pin id="21" dir="1" index="0" bw="1" slack="2147483647"/>
</pin_list>
<bind>
<StgValue><ssdm name="p_str"/></StgValue>
</bind>
</comp>

<comp id="22" class="1001" name="const_22">
<pin_list>
<pin id="23" dir="1" index="0" bw="1" slack="2147483647"/>
</pin_list>
<bind>
<StgValue><ssdm name=""/></StgValue>
</bind>
</comp>

<comp id="24" class="1001" name="const_24">
<pin_list>
<pin id="25" dir="1" index="0" bw="1" slack="2147483647"/>
</pin_list>
<bind>
<StgValue><ssdm name=""/></StgValue>
</bind>
</comp>

<comp id="26" class="1001" name="const_26">
<pin_list>
<pin id="27" dir="1" index="0" bw="1" slack="2147483647"/>
</pin_list>
<bind>
<StgValue><ssdm name="_ssdm_op_SpecBitsMap"/></StgValue>
</bind>
</comp>

<comp id="28" class="1001" name="const_28">
<pin_list>
<pin id="29" dir="1" index="0" bw="1" slack="2147483647"/>
</pin_list>
<bind>
<StgValue><ssdm name="_ssdm_op_SpecTopModule"/></StgValue>
</bind>
</comp>

<comp id="30" class="1001" name="const_30">
<pin_list>
<pin id="31" dir="1" index="0" bw="1" slack="2147483647"/>
</pin_list>
<bind>
<StgValue><ssdm name="dut_str"/></StgValue>
</bind>
</comp>

<comp id="32" class="1001" name="const_32">
<pin_list>
<pin id="33" dir="1" index="0" bw="1" slack="1"/>
</pin_list>
<bind>
<StgValue><ssdm name=""/></StgValue>
</bind>
</comp>

<comp id="34" class="1001" name="const_34">
<pin_list>
<pin id="35" dir="1" index="0" bw="1" slack="0"/>
</pin_list>
<bind>
<StgValue><ssdm name=""/></StgValue>
</bind>
</comp>

<comp id="36" class="1001" name="const_36">
<pin_list>
<pin id="37" dir="1" index="0" bw="1" slack="2147483647"/>
</pin_list>
<bind>
<StgValue><ssdm name="_ssdm_op_SpecLoopTripCount"/></StgValue>
</bind>
</comp>

<comp id="38" class="1001" name="const_38">
<pin_list>
<pin id="39" dir="1" index="0" bw="1" slack="2147483647"/>
</pin_list>
<bind>
<StgValue><ssdm name=""/></StgValue>
</bind>
</comp>

<comp id="40" class="1001" name="const_40">
<pin_list>
<pin id="41" dir="1" index="0" bw="1" slack="0"/>
</pin_list>
<bind>
<StgValue><ssdm name=""/></StgValue>
</bind>
</comp>

<comp id="42" class="1001" name="const_42">
<pin_list>
<pin id="43" dir="1" index="0" bw="1" slack="0"/>
</pin_list>
<bind>
<StgValue><ssdm name=""/></StgValue>
</bind>
</comp>

<comp id="44" class="1001" name="const_44">
<pin_list>
<pin id="45" dir="1" index="0" bw="1" slack="0"/>
</pin_list>
<bind>
<StgValue><ssdm name="mineblock"/></StgValue>
</bind>
</comp>

<comp id="46" class="1001" name="const_46">
<pin_list>
<pin id="47" dir="1" index="0" bw="1" slack="0"/>
</pin_list>
<bind>
<StgValue><ssdm name="_ssdm_op_Write.ap_fifo.volatile.i32P"/></StgValue>
</bind>
</comp>

<comp id="48" class="1001" name="const_48">
<pin_list>
<pin id="49" dir="1" index="0" bw="1" slack="0"/>
</pin_list>
<bind>
<StgValue><ssdm name=""/></StgValue>
</bind>
</comp>

<comp id="50" class="1001" name="const_50">
<pin_list>
<pin id="51" dir="1" index="0" bw="1" slack="0"/>
</pin_list>
<bind>
<StgValue><ssdm name=""/></StgValue>
</bind>
</comp>

<comp id="52" class="1001" name="const_52">
<pin_list>
<pin id="53" dir="1" index="0" bw="1" slack="0"/>
</pin_list>
<bind>
<StgValue><ssdm name=""/></StgValue>
</bind>
</comp>

<comp id="54" class="1001" name="const_54">
<pin_list>
<pin id="55" dir="1" index="0" bw="1" slack="0"/>
</pin_list>
<bind>
<StgValue><ssdm name=""/></StgValue>
</bind>
</comp>

<comp id="56" class="1001" name="const_56">
<pin_list>
<pin id="57" dir="1" index="0" bw="1" slack="0"/>
</pin_list>
<bind>
<StgValue><ssdm name=""/></StgValue>
</bind>
</comp>

<comp id="58" class="1001" name="const_58">
<pin_list>
<pin id="59" dir="1" index="0" bw="1" slack="0"/>
</pin_list>
<bind>
<StgValue><ssdm name=""/></StgValue>
</bind>
</comp>

<comp id="60" class="1004" name="prevhash_V_alloca_fu_60">
<pin_list>
<pin id="61" dir="0" index="0" bw="1" slack="0"/>
<pin id="62" dir="1" index="1" bw="32" slack="2147483647"/>
</pin_list>
<bind>
<opcode="alloca(26) " fcode="alloca"/>
<opset="prevhash_V/1 "/>
</bind>
</comp>

<comp id="64" class="1004" name="merkle_root_V_alloca_fu_64">
<pin_list>
<pin id="65" dir="0" index="0" bw="1" slack="0"/>
<pin id="66" dir="1" index="1" bw="32" slack="2147483647"/>
</pin_list>
<bind>
<opcode="alloca(26) " fcode="alloca"/>
<opset="merkle_root_V/1 "/>
</bind>
</comp>

<comp id="68" class="1004" name="output_hash_V_alloca_fu_68">
<pin_list>
<pin id="69" dir="0" index="0" bw="1" slack="0"/>
<pin id="70" dir="1" index="1" bw="32" slack="2147483647"/>
</pin_list>
<bind>
<opcode="alloca(26) " fcode="alloca"/>
<opset="output_hash_V/1 "/>
</bind>
</comp>

<comp id="72" class="1004" name="p_1_alloca_fu_72">
<pin_list>
<pin id="73" dir="0" index="0" bw="1" slack="0"/>
<pin id="74" dir="1" index="1" bw="32" slack="2147483647"/>
</pin_list>
<bind>
<opcode="alloca(26) " fcode="alloca"/>
<opset="p_1/1 "/>
</bind>
</comp>

<comp id="76" class="1004" name="grp_read_fu_76">
<pin_list>
<pin id="77" dir="0" index="0" bw="32" slack="0"/>
<pin id="78" dir="0" index="1" bw="32" slack="0"/>
<pin id="79" dir="1" index="2" bw="32" slack="0"/>
</pin_list>
<bind>
<opcode="read(1150) " fcode="read"/>
<opset="tmp_V/1 tmp_V_15/2 tmp_V_2/3 tmp_V_5/4 tmp_V_16/4 tmp_V_17/5 "/>
</bind>
</comp>

<comp id="82" class="1004" name="grp_write_fu_82">
<pin_list>
<pin id="83" dir="0" index="0" bw="0" slack="0"/>
<pin id="84" dir="0" index="1" bw="32" slack="0"/>
<pin id="85" dir="0" index="2" bw="32" slack="0"/>
<pin id="86" dir="1" index="3" bw="0" slack="2147483647"/>
</pin_list>
<bind>
<opcode="write(1151) " fcode="write"/>
<opset="write_ln68/7 write_ln69/9 write_ln70/10 write_ln71/11 write_ln72/12 write_ln73/13 write_ln74/14 write_ln75/15 write_ln76/16 "/>
</bind>
</comp>

<comp id="89" class="1004" name="prevhash_V_addr_gep_fu_89">
<pin_list>
<pin id="90" dir="0" index="0" bw="32" slack="2147483647"/>
<pin id="91" dir="0" index="1" bw="1" slack="0"/>
<pin id="92" dir="0" index="2" bw="4" slack="0"/>
<pin id="93" dir="1" index="3" bw="3" slack="0"/>
</pin_list>
<bind>
<opcode="getelementptr(29) " fcode="getelementptr"/>
<opset="prevhash_V_addr/3 "/>
</bind>
</comp>

<comp id="95" class="1004" name="store_ln38_access_fu_95">
<pin_list>
<pin id="96" dir="0" index="0" bw="3" slack="0"/>
<pin id="97" dir="0" index="1" bw="32" slack="0"/>
<pin id="98" dir="0" index="2" bw="0" slack="2147483647"/>
<pin id="99" dir="1" index="3" bw="32" slack="2147483647"/>
</pin_list>
<bind>
<opcode="store(28) " fcode="store"/>
<opset="store_ln38/3 "/>
</bind>
</comp>

<comp id="102" class="1004" name="merkle_root_V_addr_gep_fu_102">
<pin_list>
<pin id="103" dir="0" index="0" bw="32" slack="2147483647"/>
<pin id="104" dir="0" index="1" bw="1" slack="0"/>
<pin id="105" dir="0" index="2" bw="4" slack="0"/>
<pin id="106" dir="1" index="3" bw="3" slack="0"/>
</pin_list>
<bind>
<opcode="getelementptr(29) " fcode="getelementptr"/>
<opset="merkle_root_V_addr/4 "/>
</bind>
</comp>

<comp id="108" class="1004" name="store_ln44_access_fu_108">
<pin_list>
<pin id="109" dir="0" index="0" bw="3" slack="0"/>
<pin id="110" dir="0" index="1" bw="32" slack="0"/>
<pin id="111" dir="0" index="2" bw="0" slack="2147483647"/>
<pin id="112" dir="1" index="3" bw="32" slack="2147483647"/>
</pin_list>
<bind>
<opcode="store(28) " fcode="store"/>
<opset="store_ln44/4 "/>
</bind>
</comp>

<comp id="115" class="1004" name="p_1_addr_gep_fu_115">
<pin_list>
<pin id="116" dir="0" index="0" bw="32" slack="2147483647"/>
<pin id="117" dir="0" index="1" bw="1" slack="0"/>
<pin id="118" dir="0" index="2" bw="4" slack="0"/>
<pin id="119" dir="1" index="3" bw="3" slack="0"/>
</pin_list>
<bind>
<opcode="getelementptr(29) " fcode="getelementptr"/>
<opset="p_1_addr/7 "/>
</bind>
</comp>

<comp id="121" class="1004" name="grp_access_fu_121">
<pin_list>
<pin id="122" dir="0" index="0" bw="3" slack="0"/>
<pin id="123" dir="0" index="1" bw="32" slack="2147483647"/>
<pin id="124" dir="0" index="2" bw="0" slack="2147483647"/>
<pin id="125" dir="1" index="3" bw="32" slack="0"/>
</pin_list>
<bind>
<opcode="load(27) " fcode="load"/>
<opset="p_1_load/7 "/>
</bind>
</comp>

<comp id="127" class="1004" name="output_hash_V_addr_gep_fu_127">
<pin_list>
<pin id="128" dir="0" index="0" bw="32" slack="2147483647"/>
<pin id="129" dir="0" index="1" bw="1" slack="0"/>
<pin id="130" dir="0" index="2" bw="4" slack="0"/>
<pin id="131" dir="1" index="3" bw="3" slack="0"/>
</pin_list>
<bind>
<opcode="getelementptr(29) " fcode="getelementptr"/>
<opset="output_hash_V_addr/7 "/>
</bind>
</comp>

<comp id="134" class="1004" name="grp_access_fu_134">
<pin_list>
<pin id="135" dir="0" index="0" bw="3" slack="0"/>
<pin id="136" dir="0" index="1" bw="32" slack="0"/>
<pin id="137" dir="0" index="2" bw="0" slack="2147483647"/>
<pin id="138" dir="1" index="3" bw="32" slack="0"/>
</pin_list>
<bind>
<opcode="load(27) store(28) " fcode="load"/>
<opset="tmp_V_7/7 store_ln24/8 tmp_V_8/9 tmp_V_9/10 tmp_V_10/11 tmp_V_11/12 tmp_V_12/13 tmp_V_13/14 tmp_V_14/15 "/>
</bind>
</comp>

<comp id="141" class="1004" name="output_hash_V_addr_8_gep_fu_141">
<pin_list>
<pin id="142" dir="0" index="0" bw="32" slack="2147483647"/>
<pin id="143" dir="0" index="1" bw="1" slack="0"/>
<pin id="144" dir="0" index="2" bw="4" slack="1"/>
<pin id="145" dir="1" index="3" bw="3" slack="0"/>
</pin_list>
<bind>
<opcode="getelementptr(29) " fcode="getelementptr"/>
<opset="output_hash_V_addr_8/8 "/>
</bind>
</comp>

<comp id="149" class="1004" name="output_hash_V_addr_1_gep_fu_149">
<pin_list>
<pin id="150" dir="0" index="0" bw="32" slack="2147483647"/>
<pin id="151" dir="0" index="1" bw="1" slack="0"/>
<pin id="152" dir="0" index="2" bw="4" slack="0"/>
<pin id="153" dir="1" index="3" bw="3" slack="0"/>
</pin_list>
<bind>
<opcode="getelementptr(29) " fcode="getelementptr"/>
<opset="output_hash_V_addr_1/9 "/>
</bind>
</comp>

<comp id="157" class="1004" name="output_hash_V_addr_2_gep_fu_157">
<pin_list>
<pin id="158" dir="0" index="0" bw="32" slack="2147483647"/>
<pin id="159" dir="0" index="1" bw="1" slack="0"/>
<pin id="160" dir="0" index="2" bw="4" slack="0"/>
<pin id="161" dir="1" index="3" bw="3" slack="0"/>
</pin_list>
<bind>
<opcode="getelementptr(29) " fcode="getelementptr"/>
<opset="output_hash_V_addr_2/10 "/>
</bind>
</comp>

<comp id="165" class="1004" name="output_hash_V_addr_3_gep_fu_165">
<pin_list>
<pin id="166" dir="0" index="0" bw="32" slack="2147483647"/>
<pin id="167" dir="0" index="1" bw="1" slack="0"/>
<pin id="168" dir="0" index="2" bw="4" slack="0"/>
<pin id="169" dir="1" index="3" bw="3" slack="0"/>
</pin_list>
<bind>
<opcode="getelementptr(29) " fcode="getelementptr"/>
<opset="output_hash_V_addr_3/11 "/>
</bind>
</comp>

<comp id="173" class="1004" name="output_hash_V_addr_4_gep_fu_173">
<pin_list>
<pin id="174" dir="0" index="0" bw="32" slack="2147483647"/>
<pin id="175" dir="0" index="1" bw="1" slack="0"/>
<pin id="176" dir="0" index="2" bw="3" slack="0"/>
<pin id="177" dir="1" index="3" bw="3" slack="0"/>
</pin_list>
<bind>
<opcode="getelementptr(29) " fcode="getelementptr"/>
<opset="output_hash_V_addr_4/12 "/>
</bind>
</comp>

<comp id="181" class="1004" name="output_hash_V_addr_5_gep_fu_181">
<pin_list>
<pin id="182" dir="0" index="0" bw="32" slack="2147483647"/>
<pin id="183" dir="0" index="1" bw="1" slack="0"/>
<pin id="184" dir="0" index="2" bw="3" slack="0"/>
<pin id="185" dir="1" index="3" bw="3" slack="0"/>
</pin_list>
<bind>
<opcode="getelementptr(29) " fcode="getelementptr"/>
<opset="output_hash_V_addr_5/13 "/>
</bind>
</comp>

<comp id="189" class="1004" name="output_hash_V_addr_6_gep_fu_189">
<pin_list>
<pin id="190" dir="0" index="0" bw="32" slack="2147483647"/>
<pin id="191" dir="0" index="1" bw="1" slack="0"/>
<pin id="192" dir="0" index="2" bw="1" slack="0"/>
<pin id="193" dir="1" index="3" bw="3" slack="0"/>
</pin_list>
<bind>
<opcode="getelementptr(29) " fcode="getelementptr"/>
<opset="output_hash_V_addr_6/14 "/>
</bind>
</comp>

<comp id="197" class="1004" name="output_hash_V_addr_7_gep_fu_197">
<pin_list>
<pin id="198" dir="0" index="0" bw="32" slack="2147483647"/>
<pin id="199" dir="0" index="1" bw="1" slack="0"/>
<pin id="200" dir="0" index="2" bw="1" slack="0"/>
<pin id="201" dir="1" index="3" bw="3" slack="0"/>
</pin_list>
<bind>
<opcode="getelementptr(29) " fcode="getelementptr"/>
<opset="output_hash_V_addr_7/15 "/>
</bind>
</comp>

<comp id="205" class="1005" name="i2_0_reg_205">
<pin_list>
<pin id="206" dir="0" index="0" bw="4" slack="1"/>
<pin id="207" dir="1" index="1" bw="4" slack="1"/>
</pin_list>
<bind>
<opset="i2_0 (phireg) "/>
</bind>
</comp>

<comp id="209" class="1004" name="i2_0_phi_fu_209">
<pin_list>
<pin id="210" dir="0" index="0" bw="4" slack="0"/>
<pin id="211" dir="0" index="1" bw="0" slack="2147483647"/>
<pin id="212" dir="0" index="2" bw="1" slack="1"/>
<pin id="213" dir="0" index="3" bw="0" slack="2147483647"/>
<pin id="214" dir="1" index="4" bw="4" slack="0"/>
</pin_list>
<bind>
<opcode="phi(47) " fcode="phi"/>
<opset="i2_0/3 "/>
</bind>
</comp>

<comp id="216" class="1005" name="i4_0_reg_216">
<pin_list>
<pin id="217" dir="0" index="0" bw="4" slack="1"/>
<pin id="218" dir="1" index="1" bw="4" slack="1"/>
</pin_list>
<bind>
<opset="i4_0 (phireg) "/>
</bind>
</comp>

<comp id="220" class="1004" name="i4_0_phi_fu_220">
<pin_list>
<pin id="221" dir="0" index="0" bw="4" slack="0"/>
<pin id="222" dir="0" index="1" bw="0" slack="2147483647"/>
<pin id="223" dir="0" index="2" bw="1" slack="1"/>
<pin id="224" dir="0" index="3" bw="0" slack="2147483647"/>
<pin id="225" dir="1" index="4" bw="4" slack="0"/>
</pin_list>
<bind>
<opcode="phi(47) " fcode="phi"/>
<opset="i4_0/4 "/>
</bind>
</comp>

<comp id="227" class="1005" name="p_i0_0_i_reg_227">
<pin_list>
<pin id="228" dir="0" index="0" bw="4" slack="1"/>
<pin id="229" dir="1" index="1" bw="4" slack="1"/>
</pin_list>
<bind>
<opset="p_i0_0_i (phireg) "/>
</bind>
</comp>

<comp id="231" class="1004" name="p_i0_0_i_phi_fu_231">
<pin_list>
<pin id="232" dir="0" index="0" bw="1" slack="1"/>
<pin id="233" dir="0" index="1" bw="0" slack="2147483647"/>
<pin id="234" dir="0" index="2" bw="4" slack="0"/>
<pin id="235" dir="0" index="3" bw="0" slack="2147483647"/>
<pin id="236" dir="1" index="4" bw="4" slack="0"/>
</pin_list>
<bind>
<opcode="phi(47) " fcode="phi"/>
<opset="p_i0_0_i/7 "/>
</bind>
</comp>

<comp id="238" class="1004" name="grp_mineblock_fu_238">
<pin_list>
<pin id="239" dir="0" index="0" bw="32" slack="0"/>
<pin id="240" dir="0" index="1" bw="32" slack="2147483647"/>
<pin id="241" dir="0" index="2" bw="32" slack="4"/>
<pin id="242" dir="0" index="3" bw="32" slack="3"/>
<pin id="243" dir="0" index="4" bw="32" slack="2147483647"/>
<pin id="244" dir="0" index="5" bw="32" slack="2147483647"/>
<pin id="245" dir="0" index="6" bw="32" slack="1"/>
<pin id="246" dir="0" index="7" bw="32" slack="0"/>
<pin id="247" dir="0" index="8" bw="32" slack="0"/>
<pin id="248" dir="0" index="9" bw="32" slack="0"/>
<pin id="249" dir="0" index="10" bw="1" slack="0"/>
<pin id="250" dir="1" index="11" bw="32" slack="1"/>
</pin_list>
<bind>
<opcode="call(48) " fcode="call"/>
<opset="output_nonce_V/5 "/>
</bind>
</comp>

<comp id="256" class="1004" name="icmp_ln37_fu_256">
<pin_list>
<pin id="257" dir="0" index="0" bw="4" slack="0"/>
<pin id="258" dir="0" index="1" bw="4" slack="0"/>
<pin id="259" dir="1" index="2" bw="1" slack="2147483647"/>
</pin_list>
<bind>
<opcode="icmp(45) " fcode="icmp"/>
<opset="icmp_ln37/3 "/>
</bind>
</comp>

<comp id="262" class="1004" name="i_fu_262">
<pin_list>
<pin id="263" dir="0" index="0" bw="4" slack="0"/>
<pin id="264" dir="0" index="1" bw="1" slack="0"/>
<pin id="265" dir="1" index="2" bw="4" slack="0"/>
</pin_list>
<bind>
<opcode="add(8) " fcode="add"/>
<opset="i/3 "/>
</bind>
</comp>

<comp id="268" class="1004" name="zext_ln38_fu_268">
<pin_list>
<pin id="269" dir="0" index="0" bw="4" slack="0"/>
<pin id="270" dir="1" index="1" bw="64" slack="0"/>
</pin_list>
<bind>
<opcode="zext(34) " fcode="zext"/>
<opset="zext_ln38/3 "/>
</bind>
</comp>

<comp id="273" class="1004" name="icmp_ln43_fu_273">
<pin_list>
<pin id="274" dir="0" index="0" bw="4" slack="0"/>
<pin id="275" dir="0" index="1" bw="4" slack="0"/>
<pin id="276" dir="1" index="2" bw="1" slack="2147483647"/>
</pin_list>
<bind>
<opcode="icmp(45) " fcode="icmp"/>
<opset="icmp_ln43/4 "/>
</bind>
</comp>

<comp id="279" class="1004" name="i_15_fu_279">
<pin_list>
<pin id="280" dir="0" index="0" bw="4" slack="0"/>
<pin id="281" dir="0" index="1" bw="1" slack="0"/>
<pin id="282" dir="1" index="2" bw="4" slack="0"/>
</pin_list>
<bind>
<opcode="add(8) " fcode="add"/>
<opset="i_15/4 "/>
</bind>
</comp>

<comp id="285" class="1004" name="zext_ln44_fu_285">
<pin_list>
<pin id="286" dir="0" index="0" bw="4" slack="0"/>
<pin id="287" dir="1" index="1" bw="64" slack="0"/>
</pin_list>
<bind>
<opcode="zext(34) " fcode="zext"/>
<opset="zext_ln44/4 "/>
</bind>
</comp>

<comp id="290" class="1004" name="zext_ln24_fu_290">
<pin_list>
<pin id="291" dir="0" index="0" bw="4" slack="0"/>
<pin id="292" dir="1" index="1" bw="64" slack="0"/>
</pin_list>
<bind>
<opcode="zext(34) " fcode="zext"/>
<opset="zext_ln24/7 "/>
</bind>
</comp>

<comp id="295" class="1004" name="icmp_ln24_fu_295">
<pin_list>
<pin id="296" dir="0" index="0" bw="4" slack="0"/>
<pin id="297" dir="0" index="1" bw="4" slack="0"/>
<pin id="298" dir="1" index="2" bw="1" slack="2147483647"/>
</pin_list>
<bind>
<opcode="icmp(45) " fcode="icmp"/>
<opset="icmp_ln24/7 "/>
</bind>
</comp>

<comp id="301" class="1004" name="p_i0_fu_301">
<pin_list>
<pin id="302" dir="0" index="0" bw="4" slack="0"/>
<pin id="303" dir="0" index="1" bw="1" slack="0"/>
<pin id="304" dir="1" index="2" bw="4" slack="0"/>
</pin_list>
<bind>
<opcode="add(8) " fcode="add"/>
<opset="p_i0/7 "/>
</bind>
</comp>

<comp id="307" class="1005" name="tmp_V_reg_307">
<pin_list>
<pin id="308" dir="0" index="0" bw="32" slack="4"/>
<pin id="309" dir="1" index="1" bw="32" slack="4"/>
</pin_list>
<bind>
<opset="tmp_V "/>
</bind>
</comp>

<comp id="312" class="1005" name="tmp_V_15_reg_312">
<pin_list>
<pin id="313" dir="0" index="0" bw="32" slack="3"/>
<pin id="314" dir="1" index="1" bw="32" slack="3"/>
</pin_list>
<bind>
<opset="tmp_V_15 "/>
</bind>
</comp>

<comp id="320" class="1005" name="i_reg_320">
<pin_list>
<pin id="321" dir="0" index="0" bw="4" slack="0"/>
<pin id="322" dir="1" index="1" bw="4" slack="0"/>
</pin_list>
<bind>
<opset="i "/>
</bind>
</comp>

<comp id="328" class="1005" name="i_15_reg_328">
<pin_list>
<pin id="329" dir="0" index="0" bw="4" slack="0"/>
<pin id="330" dir="1" index="1" bw="4" slack="0"/>
</pin_list>
<bind>
<opset="i_15 "/>
</bind>
</comp>

<comp id="333" class="1005" name="tmp_V_16_reg_333">
<pin_list>
<pin id="334" dir="0" index="0" bw="32" slack="1"/>
<pin id="335" dir="1" index="1" bw="32" slack="1"/>
</pin_list>
<bind>
<opset="tmp_V_16 "/>
</bind>
</comp>

<comp id="338" class="1005" name="tmp_V_17_reg_338">
<pin_list>
<pin id="339" dir="0" index="0" bw="32" slack="1"/>
<pin id="340" dir="1" index="1" bw="32" slack="1"/>
</pin_list>
<bind>
<opset="tmp_V_17 "/>
</bind>
</comp>

<comp id="343" class="1005" name="output_nonce_V_reg_343">
<pin_list>
<pin id="344" dir="0" index="0" bw="32" slack="1"/>
<pin id="345" dir="1" index="1" bw="32" slack="1"/>
</pin_list>
<bind>
<opset="output_nonce_V "/>
</bind>
</comp>

<comp id="348" class="1005" name="zext_ln24_reg_348">
<pin_list>
<pin id="349" dir="0" index="0" bw="64" slack="1"/>
<pin id="350" dir="1" index="1" bw="64" slack="1"/>
</pin_list>
<bind>
<opset="zext_ln24 "/>
</bind>
</comp>

<comp id="356" class="1005" name="p_i0_reg_356">
<pin_list>
<pin id="357" dir="0" index="0" bw="4" slack="0"/>
<pin id="358" dir="1" index="1" bw="4" slack="0"/>
</pin_list>
<bind>
<opset="p_i0 "/>
</bind>
</comp>

<comp id="361" class="1005" name="p_1_addr_reg_361">
<pin_list>
<pin id="362" dir="0" index="0" bw="3" slack="1"/>
<pin id="363" dir="1" index="1" bw="3" slack="1"/>
</pin_list>
<bind>
<opset="p_1_addr "/>
</bind>
</comp>

<comp id="366" class="1005" name="output_hash_V_addr_reg_366">
<pin_list>
<pin id="367" dir="0" index="0" bw="3" slack="1"/>
<pin id="368" dir="1" index="1" bw="3" slack="1"/>
</pin_list>
<bind>
<opset="output_hash_V_addr "/>
</bind>
</comp>

<comp id="371" class="1005" name="output_hash_V_addr_1_reg_371">
<pin_list>
<pin id="372" dir="0" index="0" bw="3" slack="1"/>
<pin id="373" dir="1" index="1" bw="3" slack="1"/>
</pin_list>
<bind>
<opset="output_hash_V_addr_1 "/>
</bind>
</comp>

<comp id="376" class="1005" name="output_hash_V_addr_2_reg_376">
<pin_list>
<pin id="377" dir="0" index="0" bw="3" slack="1"/>
<pin id="378" dir="1" index="1" bw="3" slack="1"/>
</pin_list>
<bind>
<opset="output_hash_V_addr_2 "/>
</bind>
</comp>

<comp id="381" class="1005" name="output_hash_V_addr_3_reg_381">
<pin_list>
<pin id="382" dir="0" index="0" bw="3" slack="1"/>
<pin id="383" dir="1" index="1" bw="3" slack="1"/>
</pin_list>
<bind>
<opset="output_hash_V_addr_3 "/>
</bind>
</comp>

<comp id="386" class="1005" name="output_hash_V_addr_4_reg_386">
<pin_list>
<pin id="387" dir="0" index="0" bw="3" slack="1"/>
<pin id="388" dir="1" index="1" bw="3" slack="1"/>
</pin_list>
<bind>
<opset="output_hash_V_addr_4 "/>
</bind>
</comp>

<comp id="391" class="1005" name="output_hash_V_addr_5_reg_391">
<pin_list>
<pin id="392" dir="0" index="0" bw="3" slack="1"/>
<pin id="393" dir="1" index="1" bw="3" slack="1"/>
</pin_list>
<bind>
<opset="output_hash_V_addr_5 "/>
</bind>
</comp>

<comp id="396" class="1005" name="output_hash_V_addr_6_reg_396">
<pin_list>
<pin id="397" dir="0" index="0" bw="3" slack="1"/>
<pin id="398" dir="1" index="1" bw="3" slack="1"/>
</pin_list>
<bind>
<opset="output_hash_V_addr_6 "/>
</bind>
</comp>

<comp id="401" class="1005" name="output_hash_V_addr_7_reg_401">
<pin_list>
<pin id="402" dir="0" index="0" bw="3" slack="1"/>
<pin id="403" dir="1" index="1" bw="3" slack="1"/>
</pin_list>
<bind>
<opset="output_hash_V_addr_7 "/>
</bind>
</comp>

</comp_list>

<net_list>
<net id="63"><net_src comp="10" pin="0"/><net_sink comp="60" pin=0"/></net>

<net id="67"><net_src comp="10" pin="0"/><net_sink comp="64" pin=0"/></net>

<net id="71"><net_src comp="10" pin="0"/><net_sink comp="68" pin=0"/></net>

<net id="75"><net_src comp="10" pin="0"/><net_sink comp="72" pin=0"/></net>

<net id="80"><net_src comp="12" pin="0"/><net_sink comp="76" pin=0"/></net>

<net id="81"><net_src comp="0" pin="0"/><net_sink comp="76" pin=1"/></net>

<net id="87"><net_src comp="46" pin="0"/><net_sink comp="82" pin=0"/></net>

<net id="88"><net_src comp="2" pin="0"/><net_sink comp="82" pin=1"/></net>

<net id="94"><net_src comp="42" pin="0"/><net_sink comp="89" pin=1"/></net>

<net id="100"><net_src comp="76" pin="2"/><net_sink comp="95" pin=1"/></net>

<net id="101"><net_src comp="89" pin="3"/><net_sink comp="95" pin=0"/></net>

<net id="107"><net_src comp="42" pin="0"/><net_sink comp="102" pin=1"/></net>

<net id="113"><net_src comp="76" pin="2"/><net_sink comp="108" pin=1"/></net>

<net id="114"><net_src comp="102" pin="3"/><net_sink comp="108" pin=0"/></net>

<net id="120"><net_src comp="42" pin="0"/><net_sink comp="115" pin=1"/></net>

<net id="126"><net_src comp="115" pin="3"/><net_sink comp="121" pin=0"/></net>

<net id="132"><net_src comp="42" pin="0"/><net_sink comp="127" pin=1"/></net>

<net id="133"><net_src comp="48" pin="0"/><net_sink comp="127" pin=2"/></net>

<net id="139"><net_src comp="134" pin="3"/><net_sink comp="82" pin=2"/></net>

<net id="140"><net_src comp="127" pin="3"/><net_sink comp="134" pin=0"/></net>

<net id="146"><net_src comp="42" pin="0"/><net_sink comp="141" pin=1"/></net>

<net id="147"><net_src comp="121" pin="3"/><net_sink comp="134" pin=1"/></net>

<net id="148"><net_src comp="141" pin="3"/><net_sink comp="134" pin=0"/></net>

<net id="154"><net_src comp="42" pin="0"/><net_sink comp="149" pin=1"/></net>

<net id="155"><net_src comp="50" pin="0"/><net_sink comp="149" pin=2"/></net>

<net id="156"><net_src comp="149" pin="3"/><net_sink comp="134" pin=0"/></net>

<net id="162"><net_src comp="42" pin="0"/><net_sink comp="157" pin=1"/></net>

<net id="163"><net_src comp="52" pin="0"/><net_sink comp="157" pin=2"/></net>

<net id="164"><net_src comp="157" pin="3"/><net_sink comp="134" pin=0"/></net>

<net id="170"><net_src comp="42" pin="0"/><net_sink comp="165" pin=1"/></net>

<net id="171"><net_src comp="54" pin="0"/><net_sink comp="165" pin=2"/></net>

<net id="172"><net_src comp="165" pin="3"/><net_sink comp="134" pin=0"/></net>

<net id="178"><net_src comp="42" pin="0"/><net_sink comp="173" pin=1"/></net>

<net id="179"><net_src comp="56" pin="0"/><net_sink comp="173" pin=2"/></net>

<net id="180"><net_src comp="173" pin="3"/><net_sink comp="134" pin=0"/></net>

<net id="186"><net_src comp="42" pin="0"/><net_sink comp="181" pin=1"/></net>

<net id="187"><net_src comp="58" pin="0"/><net_sink comp="181" pin=2"/></net>

<net id="188"><net_src comp="181" pin="3"/><net_sink comp="134" pin=0"/></net>

<net id="194"><net_src comp="42" pin="0"/><net_sink comp="189" pin=1"/></net>

<net id="195"><net_src comp="10" pin="0"/><net_sink comp="189" pin=2"/></net>

<net id="196"><net_src comp="189" pin="3"/><net_sink comp="134" pin=0"/></net>

<net id="202"><net_src comp="42" pin="0"/><net_sink comp="197" pin=1"/></net>

<net id="203"><net_src comp="42" pin="0"/><net_sink comp="197" pin=2"/></net>

<net id="204"><net_src comp="197" pin="3"/><net_sink comp="134" pin=0"/></net>

<net id="208"><net_src comp="32" pin="0"/><net_sink comp="205" pin=0"/></net>

<net id="215"><net_src comp="205" pin="1"/><net_sink comp="209" pin=2"/></net>

<net id="219"><net_src comp="32" pin="0"/><net_sink comp="216" pin=0"/></net>

<net id="226"><net_src comp="216" pin="1"/><net_sink comp="220" pin=2"/></net>

<net id="230"><net_src comp="32" pin="0"/><net_sink comp="227" pin=0"/></net>

<net id="237"><net_src comp="227" pin="1"/><net_sink comp="231" pin=0"/></net>

<net id="251"><net_src comp="44" pin="0"/><net_sink comp="238" pin=0"/></net>

<net id="252"><net_src comp="76" pin="2"/><net_sink comp="238" pin=7"/></net>

<net id="253"><net_src comp="4" pin="0"/><net_sink comp="238" pin=8"/></net>

<net id="254"><net_src comp="6" pin="0"/><net_sink comp="238" pin=9"/></net>

<net id="255"><net_src comp="8" pin="0"/><net_sink comp="238" pin=10"/></net>

<net id="260"><net_src comp="209" pin="4"/><net_sink comp="256" pin=0"/></net>

<net id="261"><net_src comp="34" pin="0"/><net_sink comp="256" pin=1"/></net>

<net id="266"><net_src comp="209" pin="4"/><net_sink comp="262" pin=0"/></net>

<net id="267"><net_src comp="40" pin="0"/><net_sink comp="262" pin=1"/></net>

<net id="271"><net_src comp="209" pin="4"/><net_sink comp="268" pin=0"/></net>

<net id="272"><net_src comp="268" pin="1"/><net_sink comp="89" pin=2"/></net>

<net id="277"><net_src comp="220" pin="4"/><net_sink comp="273" pin=0"/></net>

<net id="278"><net_src comp="34" pin="0"/><net_sink comp="273" pin=1"/></net>

<net id="283"><net_src comp="220" pin="4"/><net_sink comp="279" pin=0"/></net>

<net id="284"><net_src comp="40" pin="0"/><net_sink comp="279" pin=1"/></net>

<net id="288"><net_src comp="220" pin="4"/><net_sink comp="285" pin=0"/></net>

<net id="289"><net_src comp="285" pin="1"/><net_sink comp="102" pin=2"/></net>

<net id="293"><net_src comp="231" pin="4"/><net_sink comp="290" pin=0"/></net>

<net id="294"><net_src comp="290" pin="1"/><net_sink comp="115" pin=2"/></net>

<net id="299"><net_src comp="231" pin="4"/><net_sink comp="295" pin=0"/></net>

<net id="300"><net_src comp="34" pin="0"/><net_sink comp="295" pin=1"/></net>

<net id="305"><net_src comp="231" pin="4"/><net_sink comp="301" pin=0"/></net>

<net id="306"><net_src comp="40" pin="0"/><net_sink comp="301" pin=1"/></net>

<net id="310"><net_src comp="76" pin="2"/><net_sink comp="307" pin=0"/></net>

<net id="311"><net_src comp="307" pin="1"/><net_sink comp="238" pin=2"/></net>

<net id="315"><net_src comp="76" pin="2"/><net_sink comp="312" pin=0"/></net>

<net id="316"><net_src comp="312" pin="1"/><net_sink comp="238" pin=3"/></net>

<net id="323"><net_src comp="262" pin="2"/><net_sink comp="320" pin=0"/></net>

<net id="324"><net_src comp="320" pin="1"/><net_sink comp="209" pin=0"/></net>

<net id="331"><net_src comp="279" pin="2"/><net_sink comp="328" pin=0"/></net>

<net id="332"><net_src comp="328" pin="1"/><net_sink comp="220" pin=0"/></net>

<net id="336"><net_src comp="76" pin="2"/><net_sink comp="333" pin=0"/></net>

<net id="337"><net_src comp="333" pin="1"/><net_sink comp="238" pin=6"/></net>

<net id="341"><net_src comp="76" pin="2"/><net_sink comp="338" pin=0"/></net>

<net id="342"><net_src comp="338" pin="1"/><net_sink comp="238" pin=7"/></net>

<net id="346"><net_src comp="238" pin="11"/><net_sink comp="343" pin=0"/></net>

<net id="347"><net_src comp="343" pin="1"/><net_sink comp="82" pin=2"/></net>

<net id="351"><net_src comp="290" pin="1"/><net_sink comp="348" pin=0"/></net>

<net id="352"><net_src comp="348" pin="1"/><net_sink comp="141" pin=2"/></net>

<net id="359"><net_src comp="301" pin="2"/><net_sink comp="356" pin=0"/></net>

<net id="360"><net_src comp="356" pin="1"/><net_sink comp="231" pin=2"/></net>

<net id="364"><net_src comp="115" pin="3"/><net_sink comp="361" pin=0"/></net>

<net id="365"><net_src comp="361" pin="1"/><net_sink comp="121" pin=0"/></net>

<net id="369"><net_src comp="127" pin="3"/><net_sink comp="366" pin=0"/></net>

<net id="370"><net_src comp="366" pin="1"/><net_sink comp="134" pin=0"/></net>

<net id="374"><net_src comp="149" pin="3"/><net_sink comp="371" pin=0"/></net>

<net id="375"><net_src comp="371" pin="1"/><net_sink comp="134" pin=0"/></net>

<net id="379"><net_src comp="157" pin="3"/><net_sink comp="376" pin=0"/></net>

<net id="380"><net_src comp="376" pin="1"/><net_sink comp="134" pin=0"/></net>

<net id="384"><net_src comp="165" pin="3"/><net_sink comp="381" pin=0"/></net>

<net id="385"><net_src comp="381" pin="1"/><net_sink comp="134" pin=0"/></net>

<net id="389"><net_src comp="173" pin="3"/><net_sink comp="386" pin=0"/></net>

<net id="390"><net_src comp="386" pin="1"/><net_sink comp="134" pin=0"/></net>

<net id="394"><net_src comp="181" pin="3"/><net_sink comp="391" pin=0"/></net>

<net id="395"><net_src comp="391" pin="1"/><net_sink comp="134" pin=0"/></net>

<net id="399"><net_src comp="189" pin="3"/><net_sink comp="396" pin=0"/></net>

<net id="400"><net_src comp="396" pin="1"/><net_sink comp="134" pin=0"/></net>

<net id="404"><net_src comp="197" pin="3"/><net_sink comp="401" pin=0"/></net>

<net id="405"><net_src comp="401" pin="1"/><net_sink comp="134" pin=0"/></net>

</net_list>

</model> 
---------------- Datapath Model END ------------------

* FSMD analyzer results:
  - Output states:
	Port: strm_out_V_V | {7 9 10 11 12 13 14 15 16 }
 - Input state : 
	Port: dut : strm_in_V_V | {1 2 3 4 5 }
	Port: dut : H_0_V | {5 6 }
	Port: dut : K | {5 6 }
	Port: dut : difficulty_V | {5 6 }
  - Chain level:
	State 1
	State 2
	State 3
		icmp_ln37 : 1
		i : 1
		br_ln37 : 2
		zext_ln38 : 1
		prevhash_V_addr : 2
		store_ln38 : 3
	State 4
		icmp_ln43 : 1
		i_15 : 1
		br_ln43 : 2
		zext_ln44 : 1
		merkle_root_V_addr : 2
		store_ln44 : 3
	State 5
	State 6
	State 7
		zext_ln24 : 1
		icmp_ln24 : 1
		p_i0 : 1
		br_ln24 : 2
		p_1_addr : 2
		p_1_load : 3
		tmp_V_7 : 1
	State 8
		store_ln24 : 1
	State 9
		write_ln69 : 1
		tmp_V_8 : 1
	State 10
		write_ln70 : 1
		tmp_V_9 : 1
	State 11
		write_ln71 : 1
		tmp_V_10 : 1
	State 12
		write_ln72 : 1
		tmp_V_11 : 1
	State 13
		write_ln73 : 1
		tmp_V_12 : 1
	State 14
		write_ln74 : 1
		tmp_V_13 : 1
	State 15
		write_ln75 : 1
		tmp_V_14 : 1
	State 16
		write_ln76 : 1


============================================================
+ Verbose Summary: Datapath Resource usage 
============================================================

* Functional unit list:
|----------|----------------------|---------|---------|---------|---------|---------|
| Operation|    Functional Unit   |   BRAM  |  Delay  |    FF   |   LUT   |   URAM  |
|----------|----------------------|---------|---------|---------|---------|---------|
|   call   | grp_mineblock_fu_238 |    76   | 79.1449 |   3242  |   3930  |    0    |
|----------|----------------------|---------|---------|---------|---------|---------|
|          |       i_fu_262       |    0    |    0    |    0    |    13   |    0    |
|    add   |      i_15_fu_279     |    0    |    0    |    0    |    13   |    0    |
|          |      p_i0_fu_301     |    0    |    0    |    0    |    13   |    0    |
|----------|----------------------|---------|---------|---------|---------|---------|
|          |   icmp_ln37_fu_256   |    0    |    0    |    0    |    9    |    0    |
|   icmp   |   icmp_ln43_fu_273   |    0    |    0    |    0    |    9    |    0    |
|          |   icmp_ln24_fu_295   |    0    |    0    |    0    |    9    |    0    |
|----------|----------------------|---------|---------|---------|---------|---------|
|   read   |    grp_read_fu_76    |    0    |    0    |    0    |    0    |    0    |
|----------|----------------------|---------|---------|---------|---------|---------|
|   write  |    grp_write_fu_82   |    0    |    0    |    0    |    0    |    0    |
|----------|----------------------|---------|---------|---------|---------|---------|
|          |   zext_ln38_fu_268   |    0    |    0    |    0    |    0    |    0    |
|   zext   |   zext_ln44_fu_285   |    0    |    0    |    0    |    0    |    0    |
|          |   zext_ln24_fu_290   |    0    |    0    |    0    |    0    |    0    |
|----------|----------------------|---------|---------|---------|---------|---------|
|   Total  |                      |    76   | 79.1449 |   3242  |   3996  |    0    |
|----------|----------------------|---------|---------|---------|---------|---------|

Memories:
+-------------+--------+--------+--------+--------+
|             |  BRAM  |   FF   |   LUT  |  URAM  |
+-------------+--------+--------+--------+--------+
|    H_0_V    |    0   |   32   |    4   |    -   |
|      K      |    1   |    0   |    0   |    -   |
| difficulty_V|    0   |    1   |    1   |    -   |
|merkle_root_V|    0   |   64   |    4   |    0   |
|output_hash_V|    0   |   64   |    4   |    0   |
|     p_1     |    0   |   64   |    4   |    0   |
|  prevhash_V |    0   |   64   |    4   |    0   |
+-------------+--------+--------+--------+--------+
|    Total    |    1   |   289  |   21   |    0   |
+-------------+--------+--------+--------+--------+

* Register list:
+----------------------------+--------+
|                            |   FF   |
+----------------------------+--------+
|        i2_0_reg_205        |    4   |
|        i4_0_reg_216        |    4   |
|        i_15_reg_328        |    4   |
|          i_reg_320         |    4   |
|output_hash_V_addr_1_reg_371|    3   |
|output_hash_V_addr_2_reg_376|    3   |
|output_hash_V_addr_3_reg_381|    3   |
|output_hash_V_addr_4_reg_386|    3   |
|output_hash_V_addr_5_reg_391|    3   |
|output_hash_V_addr_6_reg_396|    3   |
|output_hash_V_addr_7_reg_401|    3   |
| output_hash_V_addr_reg_366 |    3   |
|   output_nonce_V_reg_343   |   32   |
|      p_1_addr_reg_361      |    3   |
|      p_i0_0_i_reg_227      |    4   |
|        p_i0_reg_356        |    4   |
|      tmp_V_15_reg_312      |   32   |
|      tmp_V_16_reg_333      |   32   |
|      tmp_V_17_reg_338      |   32   |
|        tmp_V_reg_307       |   32   |
|      zext_ln24_reg_348     |   64   |
+----------------------------+--------+
|            Total           |   275  |
+----------------------------+--------+

* Multiplexer (MUX) list: 
|----------------------|------|------|------|--------||---------||---------|
|         Comp         |  Pin | Size |  BW  | S x BW ||  Delay  ||   LUT   |
|----------------------|------|------|------|--------||---------||---------|
|    grp_write_fu_82   |  p2  |   2  |  32  |   64   ||    9    |
|   grp_access_fu_121  |  p0  |   2  |   3  |    6   ||    9    |
|   grp_access_fu_134  |  p0  |  17  |   3  |   51   ||    85   |
| grp_mineblock_fu_238 |  p7  |   2  |  32  |   64   ||    9    |
|----------------------|------|------|------|--------||---------||---------|
|         Total        |      |      |      |   185  ||  7.5395 ||   112   |
|----------------------|------|------|------|--------||---------||---------|



* Summary:
+-----------+--------+--------+--------+--------+--------+
|           |  BRAM  |  Delay |   FF   |   LUT  |  URAM  |
+-----------+--------+--------+--------+--------+--------+
|  Function |   76   |   79   |  3242  |  3996  |    0   |
|   Memory  |    1   |    -   |   289  |   21   |    0   |
|Multiplexer|    -   |    7   |    -   |   112  |    -   |
|  Register |    -   |    -   |   275  |    -   |    -   |
+-----------+--------+--------+--------+--------+--------+
|   Total   |   77   |   86   |  3806  |  4129  |    0   |
+-----------+--------+--------+--------+--------+--------+
