

================================================================
== Vivado HLS Report for 'dut'
================================================================
* Date:           Tue Nov 19 12:49:20 2024

* Version:        2019.2 (Build 2704478 on Wed Nov 06 22:10:23 MST 2019)
* Project:        sha.prj
* Solution:       solution1
* Product family: zynq
* Target device:  xc7z020-clg484-1


================================================================
== Performance Estimates
================================================================
+ Timing: 
    * Summary: 
    +--------+----------+----------+------------+
    |  Clock |  Target  | Estimated| Uncertainty|
    +--------+----------+----------+------------+
    |ap_clk  | 10.00 ns | 7.625 ns |   1.25 ns  |
    +--------+----------+----------+------------+

+ Latency: 
    * Summary: 
    +---------+---------+----------+----------+-----+-----+---------+
    |  Latency (cycles) |  Latency (absolute) |  Interval | Pipeline|
    |   min   |   max   |    min   |    max   | min | max |   Type  |
    +---------+---------+----------+----------+-----+-----+---------+
    |      526|      590| 5.260 us | 5.900 us |  526|  590|   none  |
    +---------+---------+----------+----------+-----+-----+---------+

    + Detail: 
        * Instance: 
        N/A

        * Loop: 
        N/A

============================================================
+ Verbose Summary: Synthesis Manager
============================================================
InlineROM: 1
ExposeGlobal: 0
============================================================
+ Verbose Summary: CDFG Model
============================================================
IsTopModel: 1
ResetActiveHigh: 1
IsCombinational: 0
IsDatapathOnly: 0
HasWiredReturn: 1
HasMFsm: 0
HasVarLatency: 1
IsPipeline: 0
IsRtlPipelined: 0
IsInstanceOverlapped: 0
IsDontTouch: 0
HasImplIP: 0
IsGatedGlobalClock: 0


============================================================
+ Verbose Summary: Schedule
============================================================
* Number of FSM states : 12
* Pipeline : 0
* Dataflow Pipeline: 0

* FSM state transitions: 
1 --> 2 
2 --> 3 
3 --> 4 
4 --> 5 
5 --> 6 
6 --> 7 
7 --> 8 
8 --> 9 
9 --> 10 
10 --> 11 
11 --> 12 
12 --> 

* FSM state operations: 

State 1 <SV = 0> <Delay = 3.63>
ST_1 : Operation 13 [1/1] (0.00ns)   --->   "%outputlocation_V = alloca [8 x i32], align 4" [main.cpp:33]   --->   Operation 13 'alloca' 'outputlocation_V' <Predicate = true> <Delay = 0.00> <Core = "RAM">   --->   Core 37 'RAM' <Latency = 1> <II = 1> <Delay = 2.32> <Storage> <Opcode : 'load' 'store'> <Ports = 2> <Width = 32> <Depth = 8> <RAM>
ST_1 : Operation 14 [1/1] (3.63ns)   --->   "%tmp_V_9 = call i32 @_ssdm_op_Read.ap_fifo.volatile.i32P(i32* %strm_in_V_V)" [main.cpp:22]   --->   Operation 14 'read' 'tmp_V_9' <Predicate = true> <Delay = 3.63> <Core = "FIFO">   --->   Core 32 'FIFO' <Latency = 0> <II = 1> <Delay = 3.63> <Storage> <Opcode : 'read' 'write' 'nbread' 'nbwrite'> <Ports = 0> <Width = 32> <Depth = 0> <FIFO>
ST_1 : Operation 15 [1/1] (0.00ns)   --->   "%outputlocation_V_add = getelementptr [8 x i32]* %outputlocation_V, i64 0, i64 0" [main.cpp:33]   --->   Operation 15 'getelementptr' 'outputlocation_V_add' <Predicate = true> <Delay = 0.00>
ST_1 : Operation 16 [1/1] (2.32ns)   --->   "store i32 0, i32* %outputlocation_V_add, align 16" [main.cpp:33]   --->   Operation 16 'store' <Predicate = true> <Delay = 2.32> <Core = "RAM">   --->   Core 37 'RAM' <Latency = 1> <II = 1> <Delay = 2.32> <Storage> <Opcode : 'load' 'store'> <Ports = 2> <Width = 32> <Depth = 8> <RAM>

State 2 <SV = 1> <Delay = 3.63>
ST_2 : Operation 17 [1/1] (3.63ns)   --->   "%tmp_V_10 = call i32 @_ssdm_op_Read.ap_fifo.volatile.i32P(i32* %strm_in_V_V)" [main.cpp:23]   --->   Operation 17 'read' 'tmp_V_10' <Predicate = true> <Delay = 3.63> <Core = "FIFO">   --->   Core 32 'FIFO' <Latency = 0> <II = 1> <Delay = 3.63> <Storage> <Opcode : 'read' 'write' 'nbread' 'nbwrite'> <Ports = 0> <Width = 32> <Depth = 0> <FIFO>
ST_2 : Operation 18 [2/2] (0.00ns)   --->   "call fastcc void @hash1(i32 %tmp_V_9, i32 %tmp_V_10, [8 x i32]* %outputlocation_V)" [main.cpp:36]   --->   Operation 18 'call' <Predicate = true> <Delay = 0.00> <CoreType = "Generic">   --->   Core 0 '' <Latency = 0> <II = 1> <Delay = 1.00> <Generic> <Opcode : >

State 3 <SV = 2> <Delay = 0.00>
ST_3 : Operation 19 [1/2] (0.00ns)   --->   "call fastcc void @hash1(i32 %tmp_V_9, i32 %tmp_V_10, [8 x i32]* %outputlocation_V)" [main.cpp:36]   --->   Operation 19 'call' <Predicate = true> <Delay = 0.00> <CoreType = "Generic">   --->   Core 0 '' <Latency = 0> <II = 1> <Delay = 1.00> <Generic> <Opcode : >

State 4 <SV = 3> <Delay = 2.32>
ST_4 : Operation 20 [2/2] (2.32ns)   --->   "%tmp_V = load i32* %outputlocation_V_add, align 16" [main.cpp:39]   --->   Operation 20 'load' 'tmp_V' <Predicate = true> <Delay = 2.32> <Core = "RAM">   --->   Core 37 'RAM' <Latency = 1> <II = 1> <Delay = 2.32> <Storage> <Opcode : 'load' 'store'> <Ports = 2> <Width = 32> <Depth = 8> <RAM>

State 5 <SV = 4> <Delay = 5.95>
ST_5 : Operation 21 [1/2] (2.32ns)   --->   "%tmp_V = load i32* %outputlocation_V_add, align 16" [main.cpp:39]   --->   Operation 21 'load' 'tmp_V' <Predicate = true> <Delay = 2.32> <Core = "RAM">   --->   Core 37 'RAM' <Latency = 1> <II = 1> <Delay = 2.32> <Storage> <Opcode : 'load' 'store'> <Ports = 2> <Width = 32> <Depth = 8> <RAM>
ST_5 : Operation 22 [1/1] (3.63ns)   --->   "call void @_ssdm_op_Write.ap_fifo.volatile.i32P(i32* %strm_out_V_V, i32 %tmp_V)" [main.cpp:39]   --->   Operation 22 'write' <Predicate = true> <Delay = 3.63> <Core = "FIFO">   --->   Core 32 'FIFO' <Latency = 0> <II = 1> <Delay = 3.63> <Storage> <Opcode : 'read' 'write' 'nbread' 'nbwrite'> <Ports = 0> <Width = 32> <Depth = 0> <FIFO>
ST_5 : Operation 23 [1/1] (0.00ns)   --->   "%outputlocation_V_add_1 = getelementptr [8 x i32]* %outputlocation_V, i64 0, i64 1" [main.cpp:40]   --->   Operation 23 'getelementptr' 'outputlocation_V_add_1' <Predicate = true> <Delay = 0.00>
ST_5 : Operation 24 [2/2] (2.32ns)   --->   "%tmp_V_2 = load i32* %outputlocation_V_add_1, align 4" [main.cpp:40]   --->   Operation 24 'load' 'tmp_V_2' <Predicate = true> <Delay = 2.32> <Core = "RAM">   --->   Core 37 'RAM' <Latency = 1> <II = 1> <Delay = 2.32> <Storage> <Opcode : 'load' 'store'> <Ports = 2> <Width = 32> <Depth = 8> <RAM>

State 6 <SV = 5> <Delay = 5.95>
ST_6 : Operation 25 [1/2] (2.32ns)   --->   "%tmp_V_2 = load i32* %outputlocation_V_add_1, align 4" [main.cpp:40]   --->   Operation 25 'load' 'tmp_V_2' <Predicate = true> <Delay = 2.32> <Core = "RAM">   --->   Core 37 'RAM' <Latency = 1> <II = 1> <Delay = 2.32> <Storage> <Opcode : 'load' 'store'> <Ports = 2> <Width = 32> <Depth = 8> <RAM>
ST_6 : Operation 26 [1/1] (3.63ns)   --->   "call void @_ssdm_op_Write.ap_fifo.volatile.i32P(i32* %strm_out_V_V, i32 %tmp_V_2)" [main.cpp:40]   --->   Operation 26 'write' <Predicate = true> <Delay = 3.63> <Core = "FIFO">   --->   Core 32 'FIFO' <Latency = 0> <II = 1> <Delay = 3.63> <Storage> <Opcode : 'read' 'write' 'nbread' 'nbwrite'> <Ports = 0> <Width = 32> <Depth = 0> <FIFO>
ST_6 : Operation 27 [1/1] (0.00ns)   --->   "%outputlocation_V_add_2 = getelementptr [8 x i32]* %outputlocation_V, i64 0, i64 2" [main.cpp:41]   --->   Operation 27 'getelementptr' 'outputlocation_V_add_2' <Predicate = true> <Delay = 0.00>
ST_6 : Operation 28 [2/2] (2.32ns)   --->   "%tmp_V_3 = load i32* %outputlocation_V_add_2, align 8" [main.cpp:41]   --->   Operation 28 'load' 'tmp_V_3' <Predicate = true> <Delay = 2.32> <Core = "RAM">   --->   Core 37 'RAM' <Latency = 1> <II = 1> <Delay = 2.32> <Storage> <Opcode : 'load' 'store'> <Ports = 2> <Width = 32> <Depth = 8> <RAM>

State 7 <SV = 6> <Delay = 5.95>
ST_7 : Operation 29 [1/2] (2.32ns)   --->   "%tmp_V_3 = load i32* %outputlocation_V_add_2, align 8" [main.cpp:41]   --->   Operation 29 'load' 'tmp_V_3' <Predicate = true> <Delay = 2.32> <Core = "RAM">   --->   Core 37 'RAM' <Latency = 1> <II = 1> <Delay = 2.32> <Storage> <Opcode : 'load' 'store'> <Ports = 2> <Width = 32> <Depth = 8> <RAM>
ST_7 : Operation 30 [1/1] (3.63ns)   --->   "call void @_ssdm_op_Write.ap_fifo.volatile.i32P(i32* %strm_out_V_V, i32 %tmp_V_3)" [main.cpp:41]   --->   Operation 30 'write' <Predicate = true> <Delay = 3.63> <Core = "FIFO">   --->   Core 32 'FIFO' <Latency = 0> <II = 1> <Delay = 3.63> <Storage> <Opcode : 'read' 'write' 'nbread' 'nbwrite'> <Ports = 0> <Width = 32> <Depth = 0> <FIFO>
ST_7 : Operation 31 [1/1] (0.00ns)   --->   "%outputlocation_V_add_3 = getelementptr [8 x i32]* %outputlocation_V, i64 0, i64 3" [main.cpp:42]   --->   Operation 31 'getelementptr' 'outputlocation_V_add_3' <Predicate = true> <Delay = 0.00>
ST_7 : Operation 32 [2/2] (2.32ns)   --->   "%tmp_V_4 = load i32* %outputlocation_V_add_3, align 4" [main.cpp:42]   --->   Operation 32 'load' 'tmp_V_4' <Predicate = true> <Delay = 2.32> <Core = "RAM">   --->   Core 37 'RAM' <Latency = 1> <II = 1> <Delay = 2.32> <Storage> <Opcode : 'load' 'store'> <Ports = 2> <Width = 32> <Depth = 8> <RAM>

State 8 <SV = 7> <Delay = 5.95>
ST_8 : Operation 33 [1/2] (2.32ns)   --->   "%tmp_V_4 = load i32* %outputlocation_V_add_3, align 4" [main.cpp:42]   --->   Operation 33 'load' 'tmp_V_4' <Predicate = true> <Delay = 2.32> <Core = "RAM">   --->   Core 37 'RAM' <Latency = 1> <II = 1> <Delay = 2.32> <Storage> <Opcode : 'load' 'store'> <Ports = 2> <Width = 32> <Depth = 8> <RAM>
ST_8 : Operation 34 [1/1] (3.63ns)   --->   "call void @_ssdm_op_Write.ap_fifo.volatile.i32P(i32* %strm_out_V_V, i32 %tmp_V_4)" [main.cpp:42]   --->   Operation 34 'write' <Predicate = true> <Delay = 3.63> <Core = "FIFO">   --->   Core 32 'FIFO' <Latency = 0> <II = 1> <Delay = 3.63> <Storage> <Opcode : 'read' 'write' 'nbread' 'nbwrite'> <Ports = 0> <Width = 32> <Depth = 0> <FIFO>
ST_8 : Operation 35 [1/1] (0.00ns)   --->   "%outputlocation_V_add_4 = getelementptr [8 x i32]* %outputlocation_V, i64 0, i64 4" [main.cpp:43]   --->   Operation 35 'getelementptr' 'outputlocation_V_add_4' <Predicate = true> <Delay = 0.00>
ST_8 : Operation 36 [2/2] (2.32ns)   --->   "%tmp_V_5 = load i32* %outputlocation_V_add_4, align 16" [main.cpp:43]   --->   Operation 36 'load' 'tmp_V_5' <Predicate = true> <Delay = 2.32> <Core = "RAM">   --->   Core 37 'RAM' <Latency = 1> <II = 1> <Delay = 2.32> <Storage> <Opcode : 'load' 'store'> <Ports = 2> <Width = 32> <Depth = 8> <RAM>

State 9 <SV = 8> <Delay = 5.95>
ST_9 : Operation 37 [1/2] (2.32ns)   --->   "%tmp_V_5 = load i32* %outputlocation_V_add_4, align 16" [main.cpp:43]   --->   Operation 37 'load' 'tmp_V_5' <Predicate = true> <Delay = 2.32> <Core = "RAM">   --->   Core 37 'RAM' <Latency = 1> <II = 1> <Delay = 2.32> <Storage> <Opcode : 'load' 'store'> <Ports = 2> <Width = 32> <Depth = 8> <RAM>
ST_9 : Operation 38 [1/1] (3.63ns)   --->   "call void @_ssdm_op_Write.ap_fifo.volatile.i32P(i32* %strm_out_V_V, i32 %tmp_V_5)" [main.cpp:43]   --->   Operation 38 'write' <Predicate = true> <Delay = 3.63> <Core = "FIFO">   --->   Core 32 'FIFO' <Latency = 0> <II = 1> <Delay = 3.63> <Storage> <Opcode : 'read' 'write' 'nbread' 'nbwrite'> <Ports = 0> <Width = 32> <Depth = 0> <FIFO>
ST_9 : Operation 39 [1/1] (0.00ns)   --->   "%outputlocation_V_add_5 = getelementptr [8 x i32]* %outputlocation_V, i64 0, i64 5" [main.cpp:44]   --->   Operation 39 'getelementptr' 'outputlocation_V_add_5' <Predicate = true> <Delay = 0.00>
ST_9 : Operation 40 [2/2] (2.32ns)   --->   "%tmp_V_6 = load i32* %outputlocation_V_add_5, align 4" [main.cpp:44]   --->   Operation 40 'load' 'tmp_V_6' <Predicate = true> <Delay = 2.32> <Core = "RAM">   --->   Core 37 'RAM' <Latency = 1> <II = 1> <Delay = 2.32> <Storage> <Opcode : 'load' 'store'> <Ports = 2> <Width = 32> <Depth = 8> <RAM>

State 10 <SV = 9> <Delay = 5.95>
ST_10 : Operation 41 [1/2] (2.32ns)   --->   "%tmp_V_6 = load i32* %outputlocation_V_add_5, align 4" [main.cpp:44]   --->   Operation 41 'load' 'tmp_V_6' <Predicate = true> <Delay = 2.32> <Core = "RAM">   --->   Core 37 'RAM' <Latency = 1> <II = 1> <Delay = 2.32> <Storage> <Opcode : 'load' 'store'> <Ports = 2> <Width = 32> <Depth = 8> <RAM>
ST_10 : Operation 42 [1/1] (3.63ns)   --->   "call void @_ssdm_op_Write.ap_fifo.volatile.i32P(i32* %strm_out_V_V, i32 %tmp_V_6)" [main.cpp:44]   --->   Operation 42 'write' <Predicate = true> <Delay = 3.63> <Core = "FIFO">   --->   Core 32 'FIFO' <Latency = 0> <II = 1> <Delay = 3.63> <Storage> <Opcode : 'read' 'write' 'nbread' 'nbwrite'> <Ports = 0> <Width = 32> <Depth = 0> <FIFO>
ST_10 : Operation 43 [1/1] (0.00ns)   --->   "%outputlocation_V_add_6 = getelementptr [8 x i32]* %outputlocation_V, i64 0, i64 6" [main.cpp:45]   --->   Operation 43 'getelementptr' 'outputlocation_V_add_6' <Predicate = true> <Delay = 0.00>
ST_10 : Operation 44 [2/2] (2.32ns)   --->   "%tmp_V_7 = load i32* %outputlocation_V_add_6, align 8" [main.cpp:45]   --->   Operation 44 'load' 'tmp_V_7' <Predicate = true> <Delay = 2.32> <Core = "RAM">   --->   Core 37 'RAM' <Latency = 1> <II = 1> <Delay = 2.32> <Storage> <Opcode : 'load' 'store'> <Ports = 2> <Width = 32> <Depth = 8> <RAM>

State 11 <SV = 10> <Delay = 5.95>
ST_11 : Operation 45 [1/2] (2.32ns)   --->   "%tmp_V_7 = load i32* %outputlocation_V_add_6, align 8" [main.cpp:45]   --->   Operation 45 'load' 'tmp_V_7' <Predicate = true> <Delay = 2.32> <Core = "RAM">   --->   Core 37 'RAM' <Latency = 1> <II = 1> <Delay = 2.32> <Storage> <Opcode : 'load' 'store'> <Ports = 2> <Width = 32> <Depth = 8> <RAM>
ST_11 : Operation 46 [1/1] (3.63ns)   --->   "call void @_ssdm_op_Write.ap_fifo.volatile.i32P(i32* %strm_out_V_V, i32 %tmp_V_7)" [main.cpp:45]   --->   Operation 46 'write' <Predicate = true> <Delay = 3.63> <Core = "FIFO">   --->   Core 32 'FIFO' <Latency = 0> <II = 1> <Delay = 3.63> <Storage> <Opcode : 'read' 'write' 'nbread' 'nbwrite'> <Ports = 0> <Width = 32> <Depth = 0> <FIFO>
ST_11 : Operation 47 [1/1] (0.00ns)   --->   "%outputlocation_V_add_7 = getelementptr [8 x i32]* %outputlocation_V, i64 0, i64 7" [main.cpp:46]   --->   Operation 47 'getelementptr' 'outputlocation_V_add_7' <Predicate = true> <Delay = 0.00>
ST_11 : Operation 48 [2/2] (2.32ns)   --->   "%tmp_V_8 = load i32* %outputlocation_V_add_7, align 4" [main.cpp:46]   --->   Operation 48 'load' 'tmp_V_8' <Predicate = true> <Delay = 2.32> <Core = "RAM">   --->   Core 37 'RAM' <Latency = 1> <II = 1> <Delay = 2.32> <Storage> <Opcode : 'load' 'store'> <Ports = 2> <Width = 32> <Depth = 8> <RAM>

State 12 <SV = 11> <Delay = 5.95>
ST_12 : Operation 49 [1/1] (0.00ns)   --->   "%empty = call i32 (...)* @_ssdm_op_SpecInterface(i32* %strm_out_V_V, [8 x i8]* @ap_fifo_str, i32 0, i32 0, [1 x i8]* @p_str, i32 0, i32 0, [1 x i8]* @p_str, [1 x i8]* @p_str, [1 x i8]* @p_str, i32 2, i32 2, i32 16, i32 16, [1 x i8]* @p_str, [1 x i8]* @p_str)"   --->   Operation 49 'specinterface' 'empty' <Predicate = true> <Delay = 0.00>
ST_12 : Operation 50 [1/1] (0.00ns)   --->   "%empty_13 = call i32 (...)* @_ssdm_op_SpecInterface(i32* %strm_in_V_V, [8 x i8]* @ap_fifo_str, i32 0, i32 0, [1 x i8]* @p_str, i32 0, i32 0, [1 x i8]* @p_str, [1 x i8]* @p_str, [1 x i8]* @p_str, i32 2, i32 2, i32 16, i32 16, [1 x i8]* @p_str, [1 x i8]* @p_str)"   --->   Operation 50 'specinterface' 'empty_13' <Predicate = true> <Delay = 0.00>
ST_12 : Operation 51 [1/1] (0.00ns)   --->   "call void (...)* @_ssdm_op_SpecBitsMap(i32* %strm_in_V_V), !map !127"   --->   Operation 51 'specbitsmap' <Predicate = true> <Delay = 0.00>
ST_12 : Operation 52 [1/1] (0.00ns)   --->   "call void (...)* @_ssdm_op_SpecBitsMap(i32* %strm_out_V_V), !map !131"   --->   Operation 52 'specbitsmap' <Predicate = true> <Delay = 0.00>
ST_12 : Operation 53 [1/1] (0.00ns)   --->   "call void (...)* @_ssdm_op_SpecTopModule([4 x i8]* @dut_str) nounwind"   --->   Operation 53 'spectopmodule' <Predicate = true> <Delay = 0.00>
ST_12 : Operation 54 [1/2] (2.32ns)   --->   "%tmp_V_8 = load i32* %outputlocation_V_add_7, align 4" [main.cpp:46]   --->   Operation 54 'load' 'tmp_V_8' <Predicate = true> <Delay = 2.32> <Core = "RAM">   --->   Core 37 'RAM' <Latency = 1> <II = 1> <Delay = 2.32> <Storage> <Opcode : 'load' 'store'> <Ports = 2> <Width = 32> <Depth = 8> <RAM>
ST_12 : Operation 55 [1/1] (3.63ns)   --->   "call void @_ssdm_op_Write.ap_fifo.volatile.i32P(i32* %strm_out_V_V, i32 %tmp_V_8)" [main.cpp:46]   --->   Operation 55 'write' <Predicate = true> <Delay = 3.63> <Core = "FIFO">   --->   Core 32 'FIFO' <Latency = 0> <II = 1> <Delay = 3.63> <Storage> <Opcode : 'read' 'write' 'nbread' 'nbwrite'> <Ports = 0> <Width = 32> <Depth = 0> <FIFO>
ST_12 : Operation 56 [1/1] (0.00ns)   --->   "ret void" [main.cpp:47]   --->   Operation 56 'ret' <Predicate = true> <Delay = 0.00>


============================================================
+ Verbose Summary: Timing violations
============================================================
Target clock period: 10ns, clock uncertainty: 1.25ns.

 <State 1>: 3.63ns
The critical path consists of the following:
	fifo read on port 'strm_in_V_V' (main.cpp:22) [11]  (3.63 ns)

 <State 2>: 3.63ns
The critical path consists of the following:
	fifo read on port 'strm_in_V_V' (main.cpp:23) [12]  (3.63 ns)

 <State 3>: 0ns
The critical path consists of the following:

 <State 4>: 2.32ns
The critical path consists of the following:
	'load' operation ('tmp.V', main.cpp:39) on array 'outputlocation.V', main.cpp:33 [16]  (2.32 ns)

 <State 5>: 5.96ns
The critical path consists of the following:
	'load' operation ('tmp.V', main.cpp:39) on array 'outputlocation.V', main.cpp:33 [16]  (2.32 ns)
	fifo write on port 'strm_out_V_V' (main.cpp:39) [17]  (3.63 ns)

 <State 6>: 5.96ns
The critical path consists of the following:
	'load' operation ('tmp.V', main.cpp:40) on array 'outputlocation.V', main.cpp:33 [19]  (2.32 ns)
	fifo write on port 'strm_out_V_V' (main.cpp:40) [20]  (3.63 ns)

 <State 7>: 5.96ns
The critical path consists of the following:
	'load' operation ('tmp.V', main.cpp:41) on array 'outputlocation.V', main.cpp:33 [22]  (2.32 ns)
	fifo write on port 'strm_out_V_V' (main.cpp:41) [23]  (3.63 ns)

 <State 8>: 5.96ns
The critical path consists of the following:
	'load' operation ('tmp.V', main.cpp:42) on array 'outputlocation.V', main.cpp:33 [25]  (2.32 ns)
	fifo write on port 'strm_out_V_V' (main.cpp:42) [26]  (3.63 ns)

 <State 9>: 5.96ns
The critical path consists of the following:
	'load' operation ('tmp.V', main.cpp:43) on array 'outputlocation.V', main.cpp:33 [28]  (2.32 ns)
	fifo write on port 'strm_out_V_V' (main.cpp:43) [29]  (3.63 ns)

 <State 10>: 5.96ns
The critical path consists of the following:
	'load' operation ('tmp.V', main.cpp:44) on array 'outputlocation.V', main.cpp:33 [31]  (2.32 ns)
	fifo write on port 'strm_out_V_V' (main.cpp:44) [32]  (3.63 ns)

 <State 11>: 5.96ns
The critical path consists of the following:
	'load' operation ('tmp.V', main.cpp:45) on array 'outputlocation.V', main.cpp:33 [34]  (2.32 ns)
	fifo write on port 'strm_out_V_V' (main.cpp:45) [35]  (3.63 ns)

 <State 12>: 5.96ns
The critical path consists of the following:
	'load' operation ('tmp.V', main.cpp:46) on array 'outputlocation.V', main.cpp:33 [37]  (2.32 ns)
	fifo write on port 'strm_out_V_V' (main.cpp:46) [38]  (3.63 ns)


============================================================
+ Verbose Summary: Binding
============================================================
N/A
* FSMD analyzer results:
  - Output states:
 - Input state : 
  - Chain level:
	State 1
	State 2
	State 3
	State 4
	State 5
	State 6
	State 7
	State 8
	State 9
	State 10
	State 11
	State 12


============================================================
+ Verbose Summary: Datapath Resource usage 
============================================================
N/A
