

================================================================
== Vivado HLS Report for 'hash1'
================================================================
* Date:           Mon Nov 25 03:46:05 2024

* Version:        2019.2 (Build 2704478 on Wed Nov 06 22:10:23 MST 2019)
* Project:        sha.prj
* Solution:       solution1
* Product family: zynq
* Target device:  xc7z020-clg484-1


================================================================
== Performance Estimates
================================================================
+ Timing: 
    * Summary: 
    +--------+----------+----------+------------+
    |  Clock |  Target  | Estimated| Uncertainty|
    +--------+----------+----------+------------+
    |ap_clk  | 10.00 ns | 7.625 ns |   1.25 ns  |
    +--------+----------+----------+------------+

+ Latency: 
    * Summary: 
    +---------+---------+----------+----------+-----+-----+---------+
    |  Latency (cycles) |  Latency (absolute) |  Interval | Pipeline|
    |   min   |   max   |    min   |    max   | min | max |   Type  |
    +---------+---------+----------+----------+-----+-----+---------+
    |      544|      608| 5.440 us | 6.080 us |  544|  608|   none  |
    +---------+---------+----------+----------+-----+-----+---------+

    + Detail: 
        * Instance: 
        N/A

        * Loop: 
        +-------------+---------+---------+-----------+-----------+-----------+------+----------+
        |             |  Latency (cycles) | Iteration |  Initiation Interval  | Trip |          |
        |  Loop Name  |   min   |   max   |  Latency  |  achieved |   target  | Count| Pipelined|
        +-------------+---------+---------+-----------+-----------+-----------+------+----------+
        |- Loop 1     |       18|       18|          2|          -|          -|     9|    no    |
        |- Loop 2     |       96|       96|          6|          -|          -|    16|    no    |
        | + Loop 2.1  |        4|        4|          2|          -|          -|     2|    no    |
        |- Loop 3     |       16|       16|          2|          -|          -|     8|    no    |
        |- Loop 4     |      393|      457| 393 ~ 457 |          -|          -|     1|    no    |
        | + Loop 4.1  |      384|      448|   6 ~ 7   |          -|          -|    64|    no    |
        |- Loop 5     |       16|       16|          2|          -|          -|     8|    no    |
        +-------------+---------+---------+-----------+-----------+-----------+------+----------+

============================================================
+ Verbose Summary: Synthesis Manager
============================================================
InlineROM: 1
ExposeGlobal: 0
============================================================
+ Verbose Summary: CDFG Model
============================================================
IsTopModel: 0
ResetActiveHigh: 1
IsCombinational: 0
IsDatapathOnly: 0
HasWiredReturn: 1
HasMFsm: 0
HasVarLatency: 1
IsPipeline: 0
IsRtlPipelined: 0
IsInstanceOverlapped: 0
IsDontTouch: 0
HasImplIP: 0
IsGatedGlobalClock: 0


============================================================
+ Verbose Summary: Schedule
============================================================
* Number of FSM states : 26
* Pipeline : 0
* Dataflow Pipeline: 0

* FSM state transitions: 
1 --> 2 
2 --> 3 4 
3 --> 2 
4 --> 5 7 
5 --> 6 4 
6 --> 5 
7 --> 8 9 
8 --> 7 
9 --> 10 25 
10 --> 11 
11 --> 12 
12 --> 13 
13 --> 14 
14 --> 22 15 18 
15 --> 16 
16 --> 17 
17 --> 19 
18 --> 17 
19 --> 20 
20 --> 21 
21 --> 14 
22 --> 23 
23 --> 24 
24 --> 9 
25 --> 26 
26 --> 25 

* FSM state operations: 

State 1 <SV = 0> <Delay = 3.25>
ST_1 : Operation 27 [1/1] (0.00ns)   --->   "%message_V = alloca [10000 x i32], align 4" [sha256.cpp:77]   --->   Operation 27 'alloca' 'message_V' <Predicate = true> <Delay = 0.00> <Core = "RAM">   --->   Core 37 'RAM' <Latency = 1> <II = 1> <Delay = 2.32> <Storage> <Opcode : 'load' 'store'> <Ports = 2> <Width = 32> <Depth = 8> <RAM>
ST_1 : Operation 28 [1/1] (0.00ns)   --->   "%M_V = alloca [512 x i32], align 4" [sha256.cpp:102]   --->   Operation 28 'alloca' 'M_V' <Predicate = true> <Delay = 0.00> <Core = "RAM">   --->   Core 37 'RAM' <Latency = 1> <II = 1> <Delay = 2.32> <Storage> <Opcode : 'load' 'store'> <Ports = 2> <Width = 32> <Depth = 8> <RAM>
ST_1 : Operation 29 [1/1] (0.00ns)   --->   "%M_V_addr = getelementptr [512 x i32]* %M_V, i64 0, i64 0" [sha256.cpp:102]   --->   Operation 29 'getelementptr' 'M_V_addr' <Predicate = true> <Delay = 0.00>
ST_1 : Operation 30 [1/1] (0.00ns)   --->   "%H_V = alloca [256 x i32], align 4" [sha256.cpp:108]   --->   Operation 30 'alloca' 'H_V' <Predicate = true> <Delay = 0.00> <Core = "RAM">   --->   Core 37 'RAM' <Latency = 1> <II = 1> <Delay = 2.32> <Storage> <Opcode : 'load' 'store'> <Ports = 2> <Width = 32> <Depth = 8> <RAM>
ST_1 : Operation 31 [1/1] (0.00ns)   --->   "%H_V_addr = getelementptr [256 x i32]* %H_V, i64 0, i64 0" [sha256.cpp:108]   --->   Operation 31 'getelementptr' 'H_V_addr' <Predicate = true> <Delay = 0.00>
ST_1 : Operation 32 [1/1] (0.00ns)   --->   "%W_V = alloca [64 x i32], align 4" [sha256.cpp:125]   --->   Operation 32 'alloca' 'W_V' <Predicate = true> <Delay = 0.00> <Core = "RAM">   --->   Core 37 'RAM' <Latency = 1> <II = 1> <Delay = 2.32> <Storage> <Opcode : 'load' 'store'> <Ports = 2> <Width = 32> <Depth = 8> <RAM>
ST_1 : Operation 33 [1/1] (0.00ns)   --->   "%message_V_addr = getelementptr [10000 x i32]* %message_V, i64 0, i64 0" [sha256.cpp:77]   --->   Operation 33 'getelementptr' 'message_V_addr' <Predicate = true> <Delay = 0.00>
ST_1 : Operation 34 [1/1] (3.25ns)   --->   "store i32 0, i32* %message_V_addr, align 16" [sha256.cpp:77]   --->   Operation 34 'store' <Predicate = true> <Delay = 3.25> <Core = "RAM">   --->   Core 37 'RAM' <Latency = 1> <II = 1> <Delay = 2.32> <Storage> <Opcode : 'load' 'store'> <Ports = 2> <Width = 32> <Depth = 8> <RAM>
ST_1 : Operation 35 [1/1] (1.76ns)   --->   "br label %.preheader1349" [sha256.cpp:79]   --->   Operation 35 'br' <Predicate = true> <Delay = 1.76>

State 2 <SV = 1> <Delay = 3.25>
ST_2 : Operation 36 [1/1] (0.00ns)   --->   "%i_0 = phi i4 [ %i, %0 ], [ 0, %.preheader1349.preheader ]"   --->   Operation 36 'phi' 'i_0' <Predicate = true> <Delay = 0.00>
ST_2 : Operation 37 [1/1] (0.00ns)   --->   "%empty = call i32 (...)* @_ssdm_op_SpecLoopTripCount(i64 9, i64 9, i64 9)"   --->   Operation 37 'speclooptripcount' 'empty' <Predicate = true> <Delay = 0.00>
ST_2 : Operation 38 [1/1] (1.30ns)   --->   "%icmp_ln79 = icmp eq i4 %i_0, -7" [sha256.cpp:79]   --->   Operation 38 'icmp' 'icmp_ln79' <Predicate = true> <Delay = 1.30> <Core = "Cmp">   --->   Core 25 'Cmp' <Latency = 0> <II = 1> <Delay = 1.30> <FuncUnit> <Opcode : 'icmp'> <InPorts = 2> <OutPorts = 1>
ST_2 : Operation 39 [1/1] (1.73ns)   --->   "%i = add i4 %i_0, 1" [sha256.cpp:79]   --->   Operation 39 'add' 'i' <Predicate = true> <Delay = 1.73> <Core = "AddSub">   --->   Core 14 'AddSub' <Latency = 0> <II = 1> <Delay = 1.73> <FuncUnit> <Opcode : 'add' 'sub'> <InPorts = 2> <OutPorts = 1>
ST_2 : Operation 40 [1/1] (0.00ns)   --->   "br i1 %icmp_ln79, label %.preheader1348.preheader, label %0" [sha256.cpp:79]   --->   Operation 40 'br' <Predicate = true> <Delay = 0.00>
ST_2 : Operation 41 [1/1] (0.00ns)   --->   "%zext_ln80 = zext i4 %i_0 to i64" [sha256.cpp:80]   --->   Operation 41 'zext' 'zext_ln80' <Predicate = (!icmp_ln79)> <Delay = 0.00>
ST_2 : Operation 42 [1/1] (0.00ns)   --->   "%input_V_addr = getelementptr [8 x i32]* %input_V, i64 0, i64 %zext_ln80" [sha256.cpp:80]   --->   Operation 42 'getelementptr' 'input_V_addr' <Predicate = (!icmp_ln79)> <Delay = 0.00>
ST_2 : Operation 43 [2/2] (2.32ns)   --->   "%input_V_load = load i32* %input_V_addr, align 4" [sha256.cpp:80]   --->   Operation 43 'load' 'input_V_load' <Predicate = (!icmp_ln79)> <Delay = 2.32> <Core = "RAM">   --->   Core 37 'RAM' <Latency = 1> <II = 1> <Delay = 2.32> <Storage> <Opcode : 'load' 'store'> <Ports = 2> <Width = 32> <Depth = 8> <RAM>
ST_2 : Operation 44 [1/1] (0.00ns)   --->   "%message_V_addr_2 = getelementptr [10000 x i32]* %message_V, i64 0, i64 8" [sha256.cpp:85]   --->   Operation 44 'getelementptr' 'message_V_addr_2' <Predicate = (icmp_ln79)> <Delay = 0.00>
ST_2 : Operation 45 [1/1] (3.25ns)   --->   "store i32 -2147483648, i32* %message_V_addr_2, align 4" [sha256.cpp:85]   --->   Operation 45 'store' <Predicate = (icmp_ln79)> <Delay = 3.25> <Core = "RAM">   --->   Core 37 'RAM' <Latency = 1> <II = 1> <Delay = 2.32> <Storage> <Opcode : 'load' 'store'> <Ports = 2> <Width = 32> <Depth = 8> <RAM>
ST_2 : Operation 46 [1/1] (0.00ns)   --->   "%message_V_addr_5 = getelementptr [10000 x i32]* %message_V, i64 0, i64 15" [sha256.cpp:98]   --->   Operation 46 'getelementptr' 'message_V_addr_5' <Predicate = (icmp_ln79)> <Delay = 0.00>
ST_2 : Operation 47 [1/1] (3.25ns)   --->   "store i32 256, i32* %message_V_addr_5, align 4" [sha256.cpp:98]   --->   Operation 47 'store' <Predicate = (icmp_ln79)> <Delay = 3.25> <Core = "RAM">   --->   Core 37 'RAM' <Latency = 1> <II = 1> <Delay = 2.32> <Storage> <Opcode : 'load' 'store'> <Ports = 2> <Width = 32> <Depth = 8> <RAM>
ST_2 : Operation 48 [1/1] (3.25ns)   --->   "store i32 0, i32* %M_V_addr, align 16" [sha256.cpp:102]   --->   Operation 48 'store' <Predicate = (icmp_ln79)> <Delay = 3.25> <Core = "RAM">   --->   Core 37 'RAM' <Latency = 1> <II = 1> <Delay = 2.32> <Storage> <Opcode : 'load' 'store'> <Ports = 2> <Width = 32> <Depth = 8> <RAM>
ST_2 : Operation 49 [1/1] (1.76ns)   --->   "br label %.loopexit" [sha256.cpp:104]   --->   Operation 49 'br' <Predicate = (icmp_ln79)> <Delay = 1.76>

State 3 <SV = 2> <Delay = 5.57>
ST_3 : Operation 50 [1/2] (2.32ns)   --->   "%input_V_load = load i32* %input_V_addr, align 4" [sha256.cpp:80]   --->   Operation 50 'load' 'input_V_load' <Predicate = true> <Delay = 2.32> <Core = "RAM">   --->   Core 37 'RAM' <Latency = 1> <II = 1> <Delay = 2.32> <Storage> <Opcode : 'load' 'store'> <Ports = 2> <Width = 32> <Depth = 8> <RAM>
ST_3 : Operation 51 [1/1] (0.00ns)   --->   "%message_V_addr_1 = getelementptr [10000 x i32]* %message_V, i64 0, i64 %zext_ln80" [sha256.cpp:80]   --->   Operation 51 'getelementptr' 'message_V_addr_1' <Predicate = true> <Delay = 0.00>
ST_3 : Operation 52 [1/1] (3.25ns)   --->   "store i32 %input_V_load, i32* %message_V_addr_1, align 4" [sha256.cpp:80]   --->   Operation 52 'store' <Predicate = true> <Delay = 3.25> <Core = "RAM">   --->   Core 37 'RAM' <Latency = 1> <II = 1> <Delay = 2.32> <Storage> <Opcode : 'load' 'store'> <Ports = 2> <Width = 32> <Depth = 8> <RAM>
ST_3 : Operation 53 [1/1] (0.00ns)   --->   "br label %.preheader1349" [sha256.cpp:79]   --->   Operation 53 'br' <Predicate = true> <Delay = 0.00>

State 4 <SV = 2> <Delay = 3.25>
ST_4 : Operation 54 [1/1] (0.00ns)   --->   "%i1_0 = phi i5 [ 0, %.preheader1348.preheader ], [ %i_11, %.loopexit.loopexit ]"   --->   Operation 54 'phi' 'i1_0' <Predicate = true> <Delay = 0.00>
ST_4 : Operation 55 [1/1] (1.36ns)   --->   "%icmp_ln104 = icmp eq i5 %i1_0, -16" [sha256.cpp:104]   --->   Operation 55 'icmp' 'icmp_ln104' <Predicate = true> <Delay = 1.36> <Core = "Cmp">   --->   Core 25 'Cmp' <Latency = 0> <II = 1> <Delay = 1.30> <FuncUnit> <Opcode : 'icmp'> <InPorts = 2> <OutPorts = 1>
ST_4 : Operation 56 [1/1] (0.00ns)   --->   "%empty_17 = call i32 (...)* @_ssdm_op_SpecLoopTripCount(i64 16, i64 16, i64 16)"   --->   Operation 56 'speclooptripcount' 'empty_17' <Predicate = true> <Delay = 0.00>
ST_4 : Operation 57 [1/1] (1.78ns)   --->   "%i_11 = add i5 %i1_0, 1" [sha256.cpp:104]   --->   Operation 57 'add' 'i_11' <Predicate = true> <Delay = 1.78> <Core = "AddSub">   --->   Core 14 'AddSub' <Latency = 0> <II = 1> <Delay = 1.73> <FuncUnit> <Opcode : 'add' 'sub'> <InPorts = 2> <OutPorts = 1>
ST_4 : Operation 58 [1/1] (0.00ns)   --->   "br i1 %icmp_ln104, label %.preheader1346.preheader, label %.preheader1347.preheader" [sha256.cpp:104]   --->   Operation 58 'br' <Predicate = true> <Delay = 0.00>
ST_4 : Operation 59 [1/1] (0.00ns)   --->   "%zext_ln1598 = zext i5 %i1_0 to i7" [sha256.cpp:105]   --->   Operation 59 'zext' 'zext_ln1598' <Predicate = (!icmp_ln104)> <Delay = 0.00>
ST_4 : Operation 60 [1/1] (1.76ns)   --->   "br label %.preheader1347" [sha256.cpp:105]   --->   Operation 60 'br' <Predicate = (!icmp_ln104)> <Delay = 1.76>
ST_4 : Operation 61 [1/1] (3.25ns)   --->   "store i32 0, i32* %H_V_addr, align 16" [sha256.cpp:108]   --->   Operation 61 'store' <Predicate = (icmp_ln104)> <Delay = 3.25> <Core = "RAM">   --->   Core 37 'RAM' <Latency = 1> <II = 1> <Delay = 2.32> <Storage> <Opcode : 'load' 'store'> <Ports = 2> <Width = 32> <Depth = 8> <RAM>
ST_4 : Operation 62 [1/1] (1.76ns)   --->   "br label %.preheader1345" [sha256.cpp:110]   --->   Operation 62 'br' <Predicate = (icmp_ln104)> <Delay = 1.76>

State 5 <SV = 3> <Delay = 5.03>
ST_5 : Operation 63 [1/1] (0.00ns)   --->   "%i_op_assign = phi i2 [ %j, %1 ], [ 0, %.preheader1347.preheader ]"   --->   Operation 63 'phi' 'i_op_assign' <Predicate = true> <Delay = 0.00>
ST_5 : Operation 64 [1/1] (0.95ns)   --->   "%icmp_ln105 = icmp eq i2 %i_op_assign, -2" [sha256.cpp:105]   --->   Operation 64 'icmp' 'icmp_ln105' <Predicate = true> <Delay = 0.95> <Core = "Cmp">   --->   Core 25 'Cmp' <Latency = 0> <II = 1> <Delay = 1.30> <FuncUnit> <Opcode : 'icmp'> <InPorts = 2> <OutPorts = 1>
ST_5 : Operation 65 [1/1] (0.00ns)   --->   "%empty_18 = call i32 (...)* @_ssdm_op_SpecLoopTripCount(i64 2, i64 2, i64 2)"   --->   Operation 65 'speclooptripcount' 'empty_18' <Predicate = true> <Delay = 0.00>
ST_5 : Operation 66 [1/1] (1.56ns)   --->   "%j = add i2 %i_op_assign, 1" [sha256.cpp:105]   --->   Operation 66 'add' 'j' <Predicate = true> <Delay = 1.56> <Core = "AddSub">   --->   Core 14 'AddSub' <Latency = 0> <II = 1> <Delay = 1.73> <FuncUnit> <Opcode : 'add' 'sub'> <InPorts = 2> <OutPorts = 1>
ST_5 : Operation 67 [1/1] (0.00ns)   --->   "br i1 %icmp_ln105, label %.loopexit.loopexit, label %1" [sha256.cpp:105]   --->   Operation 67 'br' <Predicate = true> <Delay = 0.00>
ST_5 : Operation 68 [1/1] (0.00ns)   --->   "%tmp = call i6 @_ssdm_op_BitConcatenate.i6.i2.i4(i2 %i_op_assign, i4 0)" [sha256.cpp:106]   --->   Operation 68 'bitconcatenate' 'tmp' <Predicate = (!icmp_ln105)> <Delay = 0.00>
ST_5 : Operation 69 [1/1] (0.00ns)   --->   "%zext_ln321 = zext i6 %tmp to i7" [sha256.cpp:106]   --->   Operation 69 'zext' 'zext_ln321' <Predicate = (!icmp_ln105)> <Delay = 0.00>
ST_5 : Operation 70 [1/1] (1.82ns)   --->   "%add_ln321 = add i7 %zext_ln321, %zext_ln1598" [sha256.cpp:106]   --->   Operation 70 'add' 'add_ln321' <Predicate = (!icmp_ln105)> <Delay = 1.82> <Core = "AddSub">   --->   Core 14 'AddSub' <Latency = 0> <II = 1> <Delay = 1.73> <FuncUnit> <Opcode : 'add' 'sub'> <InPorts = 2> <OutPorts = 1>
ST_5 : Operation 71 [1/1] (0.00ns)   --->   "%trunc_ln106 = trunc i2 %i_op_assign to i1" [sha256.cpp:106]   --->   Operation 71 'trunc' 'trunc_ln106' <Predicate = (!icmp_ln105)> <Delay = 0.00>
ST_5 : Operation 72 [1/1] (0.00ns)   --->   "%shl_ln = call i5 @_ssdm_op_BitConcatenate.i5.i1.i4(i1 %trunc_ln106, i4 0)" [sha256.cpp:106]   --->   Operation 72 'bitconcatenate' 'shl_ln' <Predicate = (!icmp_ln105)> <Delay = 0.00>
ST_5 : Operation 73 [1/1] (1.78ns)   --->   "%add_ln106 = add i5 %shl_ln, %i1_0" [sha256.cpp:106]   --->   Operation 73 'add' 'add_ln106' <Predicate = (!icmp_ln105)> <Delay = 1.78> <Core = "AddSub">   --->   Core 14 'AddSub' <Latency = 0> <II = 1> <Delay = 1.73> <FuncUnit> <Opcode : 'add' 'sub'> <InPorts = 2> <OutPorts = 1>
ST_5 : Operation 74 [1/1] (0.00ns)   --->   "%zext_ln106 = zext i5 %add_ln106 to i64" [sha256.cpp:106]   --->   Operation 74 'zext' 'zext_ln106' <Predicate = (!icmp_ln105)> <Delay = 0.00>
ST_5 : Operation 75 [1/1] (0.00ns)   --->   "%message_V_addr_6 = getelementptr [10000 x i32]* %message_V, i64 0, i64 %zext_ln106" [sha256.cpp:106]   --->   Operation 75 'getelementptr' 'message_V_addr_6' <Predicate = (!icmp_ln105)> <Delay = 0.00>
ST_5 : Operation 76 [2/2] (3.25ns)   --->   "%message_V_load = load i32* %message_V_addr_6, align 4" [sha256.cpp:106]   --->   Operation 76 'load' 'message_V_load' <Predicate = (!icmp_ln105)> <Delay = 3.25> <Core = "RAM">   --->   Core 37 'RAM' <Latency = 1> <II = 1> <Delay = 2.32> <Storage> <Opcode : 'load' 'store'> <Ports = 2> <Width = 32> <Depth = 8> <RAM>
ST_5 : Operation 77 [1/1] (0.00ns)   --->   "br label %.loopexit"   --->   Operation 77 'br' <Predicate = (icmp_ln105)> <Delay = 0.00>

State 6 <SV = 4> <Delay = 6.50>
ST_6 : Operation 78 [1/1] (0.00ns)   --->   "%zext_ln321_5 = zext i7 %add_ln321 to i64" [sha256.cpp:106]   --->   Operation 78 'zext' 'zext_ln321_5' <Predicate = true> <Delay = 0.00>
ST_6 : Operation 79 [1/1] (0.00ns)   --->   "%M_V_addr_1 = getelementptr [512 x i32]* %M_V, i64 0, i64 %zext_ln321_5" [sha256.cpp:106]   --->   Operation 79 'getelementptr' 'M_V_addr_1' <Predicate = true> <Delay = 0.00>
ST_6 : Operation 80 [1/2] (3.25ns)   --->   "%message_V_load = load i32* %message_V_addr_6, align 4" [sha256.cpp:106]   --->   Operation 80 'load' 'message_V_load' <Predicate = true> <Delay = 3.25> <Core = "RAM">   --->   Core 37 'RAM' <Latency = 1> <II = 1> <Delay = 2.32> <Storage> <Opcode : 'load' 'store'> <Ports = 2> <Width = 32> <Depth = 8> <RAM>
ST_6 : Operation 81 [1/1] (3.25ns)   --->   "store i32 %message_V_load, i32* %M_V_addr_1, align 4" [sha256.cpp:106]   --->   Operation 81 'store' <Predicate = true> <Delay = 3.25> <Core = "RAM">   --->   Core 37 'RAM' <Latency = 1> <II = 1> <Delay = 2.32> <Storage> <Opcode : 'load' 'store'> <Ports = 2> <Width = 32> <Depth = 8> <RAM>
ST_6 : Operation 82 [1/1] (0.00ns)   --->   "br label %.preheader1347" [sha256.cpp:105]   --->   Operation 82 'br' <Predicate = true> <Delay = 0.00>

State 7 <SV = 3> <Delay = 3.25>
ST_7 : Operation 83 [1/1] (0.00ns)   --->   "%i3_0 = phi i4 [ %i_12, %2 ], [ 0, %.preheader1346.preheader ]"   --->   Operation 83 'phi' 'i3_0' <Predicate = true> <Delay = 0.00>
ST_7 : Operation 84 [1/1] (1.30ns)   --->   "%icmp_ln110 = icmp eq i4 %i3_0, -8" [sha256.cpp:110]   --->   Operation 84 'icmp' 'icmp_ln110' <Predicate = true> <Delay = 1.30> <Core = "Cmp">   --->   Core 25 'Cmp' <Latency = 0> <II = 1> <Delay = 1.30> <FuncUnit> <Opcode : 'icmp'> <InPorts = 2> <OutPorts = 1>
ST_7 : Operation 85 [1/1] (0.00ns)   --->   "%empty_19 = call i32 (...)* @_ssdm_op_SpecLoopTripCount(i64 8, i64 8, i64 8)"   --->   Operation 85 'speclooptripcount' 'empty_19' <Predicate = true> <Delay = 0.00>
ST_7 : Operation 86 [1/1] (1.73ns)   --->   "%i_12 = add i4 %i3_0, 1" [sha256.cpp:110]   --->   Operation 86 'add' 'i_12' <Predicate = true> <Delay = 1.73> <Core = "AddSub">   --->   Core 14 'AddSub' <Latency = 0> <II = 1> <Delay = 1.73> <FuncUnit> <Opcode : 'add' 'sub'> <InPorts = 2> <OutPorts = 1>
ST_7 : Operation 87 [1/1] (0.00ns)   --->   "br i1 %icmp_ln110, label %.preheader9.preheader, label %2" [sha256.cpp:110]   --->   Operation 87 'br' <Predicate = true> <Delay = 0.00>
ST_7 : Operation 88 [1/1] (0.00ns)   --->   "%zext_ln111 = zext i4 %i3_0 to i64" [sha256.cpp:111]   --->   Operation 88 'zext' 'zext_ln111' <Predicate = (!icmp_ln110)> <Delay = 0.00>
ST_7 : Operation 89 [1/1] (0.00ns)   --->   "%H_0_V_addr = getelementptr [8 x i32]* @H_0_V, i64 0, i64 %zext_ln111" [sha256.cpp:111]   --->   Operation 89 'getelementptr' 'H_0_V_addr' <Predicate = (!icmp_ln110)> <Delay = 0.00>
ST_7 : Operation 90 [2/2] (3.25ns)   --->   "%H_0_V_load = load i32* %H_0_V_addr, align 4" [sha256.cpp:111]   --->   Operation 90 'load' 'H_0_V_load' <Predicate = (!icmp_ln110)> <Delay = 3.25> <Core = "ROM_nP">   --->   Core 52 'ROM_nP' <Latency = 1> <II = 1> <Delay = 3.25> <Storage> <Opcode : 'load'> <Ports = 0> <Width = 32> <Depth = 64> <ROM>
ST_7 : Operation 91 [1/1] (1.76ns)   --->   "br label %.preheader9" [sha256.cpp:114]   --->   Operation 91 'br' <Predicate = (icmp_ln110)> <Delay = 1.76>

State 8 <SV = 4> <Delay = 6.50>
ST_8 : Operation 92 [1/1] (0.00ns)   --->   "%H_V_addr_1 = getelementptr [256 x i32]* %H_V, i64 0, i64 %zext_ln111" [sha256.cpp:111]   --->   Operation 92 'getelementptr' 'H_V_addr_1' <Predicate = true> <Delay = 0.00>
ST_8 : Operation 93 [1/2] (3.25ns)   --->   "%H_0_V_load = load i32* %H_0_V_addr, align 4" [sha256.cpp:111]   --->   Operation 93 'load' 'H_0_V_load' <Predicate = true> <Delay = 3.25> <Core = "ROM_nP">   --->   Core 52 'ROM_nP' <Latency = 1> <II = 1> <Delay = 3.25> <Storage> <Opcode : 'load'> <Ports = 0> <Width = 32> <Depth = 64> <ROM>
ST_8 : Operation 94 [1/1] (3.25ns)   --->   "store i32 %H_0_V_load, i32* %H_V_addr_1, align 4" [sha256.cpp:111]   --->   Operation 94 'store' <Predicate = true> <Delay = 3.25> <Core = "RAM">   --->   Core 37 'RAM' <Latency = 1> <II = 1> <Delay = 2.32> <Storage> <Opcode : 'load' 'store'> <Ports = 2> <Width = 32> <Depth = 8> <RAM>
ST_8 : Operation 95 [1/1] (0.00ns)   --->   "br label %.preheader1345" [sha256.cpp:110]   --->   Operation 95 'br' <Predicate = true> <Delay = 0.00>

State 9 <SV = 4> <Delay = 4.81>
ST_9 : Operation 96 [1/1] (0.00ns)   --->   "%i_op_assign_2 = phi i2 [ %i_14, %7 ], [ 1, %.preheader9.preheader ]"   --->   Operation 96 'phi' 'i_op_assign_2' <Predicate = true> <Delay = 0.00>
ST_9 : Operation 97 [1/1] (0.95ns)   --->   "%icmp_ln114 = icmp eq i2 %i_op_assign_2, -2" [sha256.cpp:114]   --->   Operation 97 'icmp' 'icmp_ln114' <Predicate = true> <Delay = 0.95> <Core = "Cmp">   --->   Core 25 'Cmp' <Latency = 0> <II = 1> <Delay = 1.30> <FuncUnit> <Opcode : 'icmp'> <InPorts = 2> <OutPorts = 1>
ST_9 : Operation 98 [1/1] (0.00ns)   --->   "%empty_20 = call i32 (...)* @_ssdm_op_SpecLoopTripCount(i64 1, i64 1, i64 1)"   --->   Operation 98 'speclooptripcount' 'empty_20' <Predicate = true> <Delay = 0.00>
ST_9 : Operation 99 [1/1] (0.00ns)   --->   "br i1 %icmp_ln114, label %.preheader.preheader, label %.preheader1344.preheader" [sha256.cpp:114]   --->   Operation 99 'br' <Predicate = true> <Delay = 0.00>
ST_9 : Operation 100 [1/1] (1.56ns)   --->   "%add_ln116 = add i2 %i_op_assign_2, -1" [sha256.cpp:116]   --->   Operation 100 'add' 'add_ln116' <Predicate = (!icmp_ln114)> <Delay = 1.56> <Core = "AddSub">   --->   Core 14 'AddSub' <Latency = 0> <II = 1> <Delay = 1.73> <FuncUnit> <Opcode : 'add' 'sub'> <InPorts = 2> <OutPorts = 1>
ST_9 : Operation 101 [1/1] (0.00ns)   --->   "%tmp_18 = call i5 @_ssdm_op_BitConcatenate.i5.i2.i3(i2 %add_ln116, i3 0)" [sha256.cpp:116]   --->   Operation 101 'bitconcatenate' 'tmp_18' <Predicate = (!icmp_ln114)> <Delay = 0.00>
ST_9 : Operation 102 [1/1] (0.00ns)   --->   "%zext_ln116 = zext i5 %tmp_18 to i64" [sha256.cpp:116]   --->   Operation 102 'zext' 'zext_ln116' <Predicate = (!icmp_ln114)> <Delay = 0.00>
ST_9 : Operation 103 [1/1] (0.00ns)   --->   "%H_V_addr_2 = getelementptr [256 x i32]* %H_V, i64 0, i64 %zext_ln116" [sha256.cpp:116]   --->   Operation 103 'getelementptr' 'H_V_addr_2' <Predicate = (!icmp_ln114)> <Delay = 0.00>
ST_9 : Operation 104 [1/1] (0.00ns)   --->   "%or_ln117 = or i5 %tmp_18, 1" [sha256.cpp:117]   --->   Operation 104 'or' 'or_ln117' <Predicate = (!icmp_ln114)> <Delay = 0.00>
ST_9 : Operation 105 [1/1] (0.00ns)   --->   "%tmp_19 = call i64 @_ssdm_op_BitConcatenate.i64.i59.i5(i59 0, i5 %or_ln117)" [sha256.cpp:117]   --->   Operation 105 'bitconcatenate' 'tmp_19' <Predicate = (!icmp_ln114)> <Delay = 0.00>
ST_9 : Operation 106 [1/1] (0.00ns)   --->   "%H_V_addr_3 = getelementptr [256 x i32]* %H_V, i64 0, i64 %tmp_19" [sha256.cpp:117]   --->   Operation 106 'getelementptr' 'H_V_addr_3' <Predicate = (!icmp_ln114)> <Delay = 0.00>
ST_9 : Operation 107 [2/2] (3.25ns)   --->   "%a_V = load i32* %H_V_addr_2, align 16" [sha256.cpp:116]   --->   Operation 107 'load' 'a_V' <Predicate = (!icmp_ln114)> <Delay = 3.25> <Core = "RAM">   --->   Core 37 'RAM' <Latency = 1> <II = 1> <Delay = 2.32> <Storage> <Opcode : 'load' 'store'> <Ports = 2> <Width = 32> <Depth = 8> <RAM>
ST_9 : Operation 108 [2/2] (3.25ns)   --->   "%b_V = load i32* %H_V_addr_3, align 4" [sha256.cpp:117]   --->   Operation 108 'load' 'b_V' <Predicate = (!icmp_ln114)> <Delay = 3.25> <Core = "RAM">   --->   Core 37 'RAM' <Latency = 1> <II = 1> <Delay = 2.32> <Storage> <Opcode : 'load' 'store'> <Ports = 2> <Width = 32> <Depth = 8> <RAM>
ST_9 : Operation 109 [1/1] (1.76ns)   --->   "br label %.preheader" [sha256.cpp:161]   --->   Operation 109 'br' <Predicate = (icmp_ln114)> <Delay = 1.76>

State 10 <SV = 5> <Delay = 3.25>
ST_10 : Operation 110 [1/1] (0.00ns)   --->   "%or_ln118 = or i5 %tmp_18, 2" [sha256.cpp:118]   --->   Operation 110 'or' 'or_ln118' <Predicate = true> <Delay = 0.00>
ST_10 : Operation 111 [1/1] (0.00ns)   --->   "%tmp_20 = call i64 @_ssdm_op_BitConcatenate.i64.i59.i5(i59 0, i5 %or_ln118)" [sha256.cpp:118]   --->   Operation 111 'bitconcatenate' 'tmp_20' <Predicate = true> <Delay = 0.00>
ST_10 : Operation 112 [1/1] (0.00ns)   --->   "%H_V_addr_4 = getelementptr [256 x i32]* %H_V, i64 0, i64 %tmp_20" [sha256.cpp:118]   --->   Operation 112 'getelementptr' 'H_V_addr_4' <Predicate = true> <Delay = 0.00>
ST_10 : Operation 113 [1/1] (0.00ns)   --->   "%or_ln119 = or i5 %tmp_18, 3" [sha256.cpp:119]   --->   Operation 113 'or' 'or_ln119' <Predicate = true> <Delay = 0.00>
ST_10 : Operation 114 [1/1] (0.00ns)   --->   "%tmp_21 = call i64 @_ssdm_op_BitConcatenate.i64.i59.i5(i59 0, i5 %or_ln119)" [sha256.cpp:119]   --->   Operation 114 'bitconcatenate' 'tmp_21' <Predicate = true> <Delay = 0.00>
ST_10 : Operation 115 [1/1] (0.00ns)   --->   "%H_V_addr_5 = getelementptr [256 x i32]* %H_V, i64 0, i64 %tmp_21" [sha256.cpp:119]   --->   Operation 115 'getelementptr' 'H_V_addr_5' <Predicate = true> <Delay = 0.00>
ST_10 : Operation 116 [1/2] (3.25ns)   --->   "%a_V = load i32* %H_V_addr_2, align 16" [sha256.cpp:116]   --->   Operation 116 'load' 'a_V' <Predicate = true> <Delay = 3.25> <Core = "RAM">   --->   Core 37 'RAM' <Latency = 1> <II = 1> <Delay = 2.32> <Storage> <Opcode : 'load' 'store'> <Ports = 2> <Width = 32> <Depth = 8> <RAM>
ST_10 : Operation 117 [1/2] (3.25ns)   --->   "%b_V = load i32* %H_V_addr_3, align 4" [sha256.cpp:117]   --->   Operation 117 'load' 'b_V' <Predicate = true> <Delay = 3.25> <Core = "RAM">   --->   Core 37 'RAM' <Latency = 1> <II = 1> <Delay = 2.32> <Storage> <Opcode : 'load' 'store'> <Ports = 2> <Width = 32> <Depth = 8> <RAM>
ST_10 : Operation 118 [2/2] (3.25ns)   --->   "%c_V = load i32* %H_V_addr_4, align 8" [sha256.cpp:118]   --->   Operation 118 'load' 'c_V' <Predicate = true> <Delay = 3.25> <Core = "RAM">   --->   Core 37 'RAM' <Latency = 1> <II = 1> <Delay = 2.32> <Storage> <Opcode : 'load' 'store'> <Ports = 2> <Width = 32> <Depth = 8> <RAM>
ST_10 : Operation 119 [2/2] (3.25ns)   --->   "%d_V = load i32* %H_V_addr_5, align 4" [sha256.cpp:119]   --->   Operation 119 'load' 'd_V' <Predicate = true> <Delay = 3.25> <Core = "RAM">   --->   Core 37 'RAM' <Latency = 1> <II = 1> <Delay = 2.32> <Storage> <Opcode : 'load' 'store'> <Ports = 2> <Width = 32> <Depth = 8> <RAM>

State 11 <SV = 6> <Delay = 3.25>
ST_11 : Operation 120 [1/1] (0.00ns)   --->   "%or_ln120 = or i5 %tmp_18, 4" [sha256.cpp:120]   --->   Operation 120 'or' 'or_ln120' <Predicate = true> <Delay = 0.00>
ST_11 : Operation 121 [1/1] (0.00ns)   --->   "%tmp_22 = call i64 @_ssdm_op_BitConcatenate.i64.i59.i5(i59 0, i5 %or_ln120)" [sha256.cpp:120]   --->   Operation 121 'bitconcatenate' 'tmp_22' <Predicate = true> <Delay = 0.00>
ST_11 : Operation 122 [1/1] (0.00ns)   --->   "%H_V_addr_6 = getelementptr [256 x i32]* %H_V, i64 0, i64 %tmp_22" [sha256.cpp:120]   --->   Operation 122 'getelementptr' 'H_V_addr_6' <Predicate = true> <Delay = 0.00>
ST_11 : Operation 123 [1/1] (0.00ns)   --->   "%or_ln121 = or i5 %tmp_18, 5" [sha256.cpp:121]   --->   Operation 123 'or' 'or_ln121' <Predicate = true> <Delay = 0.00>
ST_11 : Operation 124 [1/1] (0.00ns)   --->   "%tmp_23 = call i64 @_ssdm_op_BitConcatenate.i64.i59.i5(i59 0, i5 %or_ln121)" [sha256.cpp:121]   --->   Operation 124 'bitconcatenate' 'tmp_23' <Predicate = true> <Delay = 0.00>
ST_11 : Operation 125 [1/1] (0.00ns)   --->   "%H_V_addr_7 = getelementptr [256 x i32]* %H_V, i64 0, i64 %tmp_23" [sha256.cpp:121]   --->   Operation 125 'getelementptr' 'H_V_addr_7' <Predicate = true> <Delay = 0.00>
ST_11 : Operation 126 [1/2] (3.25ns)   --->   "%c_V = load i32* %H_V_addr_4, align 8" [sha256.cpp:118]   --->   Operation 126 'load' 'c_V' <Predicate = true> <Delay = 3.25> <Core = "RAM">   --->   Core 37 'RAM' <Latency = 1> <II = 1> <Delay = 2.32> <Storage> <Opcode : 'load' 'store'> <Ports = 2> <Width = 32> <Depth = 8> <RAM>
ST_11 : Operation 127 [1/2] (3.25ns)   --->   "%d_V = load i32* %H_V_addr_5, align 4" [sha256.cpp:119]   --->   Operation 127 'load' 'd_V' <Predicate = true> <Delay = 3.25> <Core = "RAM">   --->   Core 37 'RAM' <Latency = 1> <II = 1> <Delay = 2.32> <Storage> <Opcode : 'load' 'store'> <Ports = 2> <Width = 32> <Depth = 8> <RAM>
ST_11 : Operation 128 [2/2] (3.25ns)   --->   "%e_V = load i32* %H_V_addr_6, align 16" [sha256.cpp:120]   --->   Operation 128 'load' 'e_V' <Predicate = true> <Delay = 3.25> <Core = "RAM">   --->   Core 37 'RAM' <Latency = 1> <II = 1> <Delay = 2.32> <Storage> <Opcode : 'load' 'store'> <Ports = 2> <Width = 32> <Depth = 8> <RAM>
ST_11 : Operation 129 [2/2] (3.25ns)   --->   "%f_V = load i32* %H_V_addr_7, align 4" [sha256.cpp:121]   --->   Operation 129 'load' 'f_V' <Predicate = true> <Delay = 3.25> <Core = "RAM">   --->   Core 37 'RAM' <Latency = 1> <II = 1> <Delay = 2.32> <Storage> <Opcode : 'load' 'store'> <Ports = 2> <Width = 32> <Depth = 8> <RAM>

State 12 <SV = 7> <Delay = 3.25>
ST_12 : Operation 130 [1/1] (0.00ns)   --->   "%or_ln122 = or i5 %tmp_18, 6" [sha256.cpp:122]   --->   Operation 130 'or' 'or_ln122' <Predicate = true> <Delay = 0.00>
ST_12 : Operation 131 [1/1] (0.00ns)   --->   "%tmp_24 = call i64 @_ssdm_op_BitConcatenate.i64.i59.i5(i59 0, i5 %or_ln122)" [sha256.cpp:122]   --->   Operation 131 'bitconcatenate' 'tmp_24' <Predicate = true> <Delay = 0.00>
ST_12 : Operation 132 [1/1] (0.00ns)   --->   "%H_V_addr_8 = getelementptr [256 x i32]* %H_V, i64 0, i64 %tmp_24" [sha256.cpp:122]   --->   Operation 132 'getelementptr' 'H_V_addr_8' <Predicate = true> <Delay = 0.00>
ST_12 : Operation 133 [1/1] (0.00ns)   --->   "%or_ln123 = or i5 %tmp_18, 7" [sha256.cpp:123]   --->   Operation 133 'or' 'or_ln123' <Predicate = true> <Delay = 0.00>
ST_12 : Operation 134 [1/1] (0.00ns)   --->   "%tmp_25 = call i64 @_ssdm_op_BitConcatenate.i64.i59.i5(i59 0, i5 %or_ln123)" [sha256.cpp:123]   --->   Operation 134 'bitconcatenate' 'tmp_25' <Predicate = true> <Delay = 0.00>
ST_12 : Operation 135 [1/1] (0.00ns)   --->   "%H_V_addr_9 = getelementptr [256 x i32]* %H_V, i64 0, i64 %tmp_25" [sha256.cpp:123]   --->   Operation 135 'getelementptr' 'H_V_addr_9' <Predicate = true> <Delay = 0.00>
ST_12 : Operation 136 [1/2] (3.25ns)   --->   "%e_V = load i32* %H_V_addr_6, align 16" [sha256.cpp:120]   --->   Operation 136 'load' 'e_V' <Predicate = true> <Delay = 3.25> <Core = "RAM">   --->   Core 37 'RAM' <Latency = 1> <II = 1> <Delay = 2.32> <Storage> <Opcode : 'load' 'store'> <Ports = 2> <Width = 32> <Depth = 8> <RAM>
ST_12 : Operation 137 [1/2] (3.25ns)   --->   "%f_V = load i32* %H_V_addr_7, align 4" [sha256.cpp:121]   --->   Operation 137 'load' 'f_V' <Predicate = true> <Delay = 3.25> <Core = "RAM">   --->   Core 37 'RAM' <Latency = 1> <II = 1> <Delay = 2.32> <Storage> <Opcode : 'load' 'store'> <Ports = 2> <Width = 32> <Depth = 8> <RAM>
ST_12 : Operation 138 [2/2] (3.25ns)   --->   "%g_V = load i32* %H_V_addr_8, align 8" [sha256.cpp:122]   --->   Operation 138 'load' 'g_V' <Predicate = true> <Delay = 3.25> <Core = "RAM">   --->   Core 37 'RAM' <Latency = 1> <II = 1> <Delay = 2.32> <Storage> <Opcode : 'load' 'store'> <Ports = 2> <Width = 32> <Depth = 8> <RAM>
ST_12 : Operation 139 [2/2] (3.25ns)   --->   "%h_V = load i32* %H_V_addr_9, align 4" [sha256.cpp:123]   --->   Operation 139 'load' 'h_V' <Predicate = true> <Delay = 3.25> <Core = "RAM">   --->   Core 37 'RAM' <Latency = 1> <II = 1> <Delay = 2.32> <Storage> <Opcode : 'load' 'store'> <Ports = 2> <Width = 32> <Depth = 8> <RAM>

State 13 <SV = 8> <Delay = 3.25>
ST_13 : Operation 140 [1/1] (0.00ns)   --->   "%tmp_s = call i6 @_ssdm_op_BitConcatenate.i6.i2.i4(i2 %add_ln116, i4 0)" [sha256.cpp:135]   --->   Operation 140 'bitconcatenate' 'tmp_s' <Predicate = true> <Delay = 0.00>
ST_13 : Operation 141 [1/1] (0.00ns)   --->   "%zext_ln116_2 = zext i6 %tmp_s to i7" [sha256.cpp:116]   --->   Operation 141 'zext' 'zext_ln116_2' <Predicate = true> <Delay = 0.00>
ST_13 : Operation 142 [1/2] (3.25ns)   --->   "%g_V = load i32* %H_V_addr_8, align 8" [sha256.cpp:122]   --->   Operation 142 'load' 'g_V' <Predicate = true> <Delay = 3.25> <Core = "RAM">   --->   Core 37 'RAM' <Latency = 1> <II = 1> <Delay = 2.32> <Storage> <Opcode : 'load' 'store'> <Ports = 2> <Width = 32> <Depth = 8> <RAM>
ST_13 : Operation 143 [1/2] (3.25ns)   --->   "%h_V = load i32* %H_V_addr_9, align 4" [sha256.cpp:123]   --->   Operation 143 'load' 'h_V' <Predicate = true> <Delay = 3.25> <Core = "RAM">   --->   Core 37 'RAM' <Latency = 1> <II = 1> <Delay = 2.32> <Storage> <Opcode : 'load' 'store'> <Ports = 2> <Width = 32> <Depth = 8> <RAM>
ST_13 : Operation 144 [1/1] (1.76ns)   --->   "br label %.preheader1344" [sha256.cpp:127]   --->   Operation 144 'br' <Predicate = true> <Delay = 1.76>

State 14 <SV = 9> <Delay = 5.80>
ST_14 : Operation 145 [1/1] (0.00ns)   --->   "%b_V_2 = phi i32 [ %a_V_2, %6 ], [ %a_V, %.preheader1344.preheader ]"   --->   Operation 145 'phi' 'b_V_2' <Predicate = true> <Delay = 0.00>
ST_14 : Operation 146 [1/1] (0.00ns)   --->   "%c_V_2 = phi i32 [ %b_V_2, %6 ], [ %b_V, %.preheader1344.preheader ]"   --->   Operation 146 'phi' 'c_V_2' <Predicate = true> <Delay = 0.00>
ST_14 : Operation 147 [1/1] (0.00ns)   --->   "%d_V_2 = phi i32 [ %c_V_2, %6 ], [ %c_V, %.preheader1344.preheader ]"   --->   Operation 147 'phi' 'd_V_2' <Predicate = true> <Delay = 0.00>
ST_14 : Operation 148 [1/1] (0.00ns)   --->   "%p_0792_0 = phi i32 [ %d_V_2, %6 ], [ %d_V, %.preheader1344.preheader ]"   --->   Operation 148 'phi' 'p_0792_0' <Predicate = true> <Delay = 0.00>
ST_14 : Operation 149 [1/1] (0.00ns)   --->   "%f_V_2 = phi i32 [ %e_V_2, %6 ], [ %e_V, %.preheader1344.preheader ]"   --->   Operation 149 'phi' 'f_V_2' <Predicate = true> <Delay = 0.00>
ST_14 : Operation 150 [1/1] (0.00ns)   --->   "%g_V_2 = phi i32 [ %f_V_2, %6 ], [ %f_V, %.preheader1344.preheader ]"   --->   Operation 150 'phi' 'g_V_2' <Predicate = true> <Delay = 0.00>
ST_14 : Operation 151 [1/1] (0.00ns)   --->   "%h_V_2 = phi i32 [ %g_V_2, %6 ], [ %g_V, %.preheader1344.preheader ]"   --->   Operation 151 'phi' 'h_V_2' <Predicate = true> <Delay = 0.00>
ST_14 : Operation 152 [1/1] (0.00ns)   --->   "%p_0625_0 = phi i32 [ %h_V_2, %6 ], [ %h_V, %.preheader1344.preheader ]"   --->   Operation 152 'phi' 'p_0625_0' <Predicate = true> <Delay = 0.00>
ST_14 : Operation 153 [1/1] (0.00ns)   --->   "%j6_0 = phi i7 [ %j_2, %6 ], [ 0, %.preheader1344.preheader ]"   --->   Operation 153 'phi' 'j6_0' <Predicate = true> <Delay = 0.00>
ST_14 : Operation 154 [1/1] (1.48ns)   --->   "%icmp_ln127 = icmp eq i7 %j6_0, -64" [sha256.cpp:127]   --->   Operation 154 'icmp' 'icmp_ln127' <Predicate = true> <Delay = 1.48> <Core = "Cmp">   --->   Core 25 'Cmp' <Latency = 0> <II = 1> <Delay = 1.30> <FuncUnit> <Opcode : 'icmp'> <InPorts = 2> <OutPorts = 1>
ST_14 : Operation 155 [1/1] (0.00ns)   --->   "%empty_21 = call i32 (...)* @_ssdm_op_SpecLoopTripCount(i64 64, i64 64, i64 64)"   --->   Operation 155 'speclooptripcount' 'empty_21' <Predicate = true> <Delay = 0.00>
ST_14 : Operation 156 [1/1] (1.87ns)   --->   "%j_2 = add i7 %j6_0, 1" [sha256.cpp:127]   --->   Operation 156 'add' 'j_2' <Predicate = true> <Delay = 1.87> <Core = "AddSub">   --->   Core 14 'AddSub' <Latency = 0> <II = 1> <Delay = 1.73> <FuncUnit> <Opcode : 'add' 'sub'> <InPorts = 2> <OutPorts = 1>
ST_14 : Operation 157 [1/1] (0.00ns)   --->   "br i1 %icmp_ln127, label %7, label %3" [sha256.cpp:127]   --->   Operation 157 'br' <Predicate = true> <Delay = 0.00>
ST_14 : Operation 158 [1/1] (0.00ns) (grouped into LUT with out node ch_V)   --->   "%and_ln26 = and i32 %g_V_2, %f_V_2" [sha256.cpp:26->sha256.cpp:129]   --->   Operation 158 'and' 'and_ln26' <Predicate = (!icmp_ln127)> <Delay = 0.00> <Core = "LogicGate">   --->   Core 27 'LogicGate' <Latency = 0> <II = 1> <Delay = 0.97> <FuncUnit> <Opcode : 'and' 'or' 'xor'> <InPorts = 2> <OutPorts = 1>
ST_14 : Operation 159 [1/1] (0.00ns) (grouped into LUT with out node ch_V)   --->   "%xor_ln26 = xor i32 %f_V_2, -1" [sha256.cpp:26->sha256.cpp:129]   --->   Operation 159 'xor' 'xor_ln26' <Predicate = (!icmp_ln127)> <Delay = 0.00> <Core = "LogicGate">   --->   Core 27 'LogicGate' <Latency = 0> <II = 1> <Delay = 0.97> <FuncUnit> <Opcode : 'and' 'or' 'xor'> <InPorts = 2> <OutPorts = 1>
ST_14 : Operation 160 [1/1] (0.00ns) (grouped into LUT with out node ch_V)   --->   "%and_ln26_2 = and i32 %h_V_2, %xor_ln26" [sha256.cpp:26->sha256.cpp:129]   --->   Operation 160 'and' 'and_ln26_2' <Predicate = (!icmp_ln127)> <Delay = 0.00> <Core = "LogicGate">   --->   Core 27 'LogicGate' <Latency = 0> <II = 1> <Delay = 0.97> <FuncUnit> <Opcode : 'and' 'or' 'xor'> <InPorts = 2> <OutPorts = 1>
ST_14 : Operation 161 [1/1] (0.99ns) (out node of the LUT)   --->   "%ch_V = xor i32 %and_ln26_2, %and_ln26" [sha256.cpp:26->sha256.cpp:129]   --->   Operation 161 'xor' 'ch_V' <Predicate = (!icmp_ln127)> <Delay = 0.99> <Core = "LogicGate">   --->   Core 27 'LogicGate' <Latency = 0> <II = 1> <Delay = 0.97> <FuncUnit> <Opcode : 'and' 'or' 'xor'> <InPorts = 2> <OutPorts = 1>
ST_14 : Operation 162 [1/1] (0.00ns) (grouped into LUT with out node maj_V)   --->   "%xor_ln31 = xor i32 %d_V_2, %c_V_2" [sha256.cpp:31->sha256.cpp:130]   --->   Operation 162 'xor' 'xor_ln31' <Predicate = (!icmp_ln127)> <Delay = 0.00> <Core = "LogicGate">   --->   Core 27 'LogicGate' <Latency = 0> <II = 1> <Delay = 0.97> <FuncUnit> <Opcode : 'and' 'or' 'xor'> <InPorts = 2> <OutPorts = 1>
ST_14 : Operation 163 [1/1] (0.00ns) (grouped into LUT with out node maj_V)   --->   "%and_ln31 = and i32 %xor_ln31, %b_V_2" [sha256.cpp:31->sha256.cpp:130]   --->   Operation 163 'and' 'and_ln31' <Predicate = (!icmp_ln127)> <Delay = 0.00> <Core = "LogicGate">   --->   Core 27 'LogicGate' <Latency = 0> <II = 1> <Delay = 0.97> <FuncUnit> <Opcode : 'and' 'or' 'xor'> <InPorts = 2> <OutPorts = 1>
ST_14 : Operation 164 [1/1] (0.00ns) (grouped into LUT with out node maj_V)   --->   "%and_ln31_2 = and i32 %d_V_2, %c_V_2" [sha256.cpp:31->sha256.cpp:130]   --->   Operation 164 'and' 'and_ln31_2' <Predicate = (!icmp_ln127)> <Delay = 0.00> <Core = "LogicGate">   --->   Core 27 'LogicGate' <Latency = 0> <II = 1> <Delay = 0.97> <FuncUnit> <Opcode : 'and' 'or' 'xor'> <InPorts = 2> <OutPorts = 1>
ST_14 : Operation 165 [1/1] (0.99ns) (out node of the LUT)   --->   "%maj_V = xor i32 %and_ln31, %and_ln31_2" [sha256.cpp:31->sha256.cpp:130]   --->   Operation 165 'xor' 'maj_V' <Predicate = (!icmp_ln127)> <Delay = 0.99> <Core = "LogicGate">   --->   Core 27 'LogicGate' <Latency = 0> <II = 1> <Delay = 0.97> <FuncUnit> <Opcode : 'and' 'or' 'xor'> <InPorts = 2> <OutPorts = 1>
ST_14 : Operation 166 [1/1] (0.00ns) (grouped into LUT with out node ret_V_42)   --->   "%r_V = call i30 @_ssdm_op_PartSelect.i30.i32.i32.i32(i32 %b_V_2, i32 2, i32 31)" [sha256.cpp:16->sha256.cpp:36->sha256.cpp:131]   --->   Operation 166 'partselect' 'r_V' <Predicate = (!icmp_ln127)> <Delay = 0.00>
ST_14 : Operation 167 [1/1] (0.00ns) (grouped into LUT with out node ret_V_42)   --->   "%trunc_ln1503 = trunc i32 %b_V_2 to i2" [sha256.cpp:19->sha256.cpp:36->sha256.cpp:131]   --->   Operation 167 'trunc' 'trunc_ln1503' <Predicate = (!icmp_ln127)> <Delay = 0.00>
ST_14 : Operation 168 [1/1] (0.00ns) (grouped into LUT with out node ret_V_42)   --->   "%ret_V_39 = call i32 @_ssdm_op_BitConcatenate.i32.i2.i30(i2 %trunc_ln1503, i30 %r_V)" [sha256.cpp:21->sha256.cpp:36->sha256.cpp:131]   --->   Operation 168 'bitconcatenate' 'ret_V_39' <Predicate = (!icmp_ln127)> <Delay = 0.00>
ST_14 : Operation 169 [1/1] (0.00ns) (grouped into LUT with out node ret_V_42)   --->   "%r_V_s = call i19 @_ssdm_op_PartSelect.i19.i32.i32.i32(i32 %b_V_2, i32 13, i32 31)" [sha256.cpp:16->sha256.cpp:36->sha256.cpp:131]   --->   Operation 169 'partselect' 'r_V_s' <Predicate = (!icmp_ln127)> <Delay = 0.00>
ST_14 : Operation 170 [1/1] (0.00ns) (grouped into LUT with out node ret_V_42)   --->   "%trunc_ln1503_10 = trunc i32 %b_V_2 to i13" [sha256.cpp:19->sha256.cpp:36->sha256.cpp:131]   --->   Operation 170 'trunc' 'trunc_ln1503_10' <Predicate = (!icmp_ln127)> <Delay = 0.00>
ST_14 : Operation 171 [1/1] (0.00ns) (grouped into LUT with out node ret_V_42)   --->   "%ret_V_40 = call i32 @_ssdm_op_BitConcatenate.i32.i13.i19(i13 %trunc_ln1503_10, i19 %r_V_s)" [sha256.cpp:21->sha256.cpp:36->sha256.cpp:131]   --->   Operation 171 'bitconcatenate' 'ret_V_40' <Predicate = (!icmp_ln127)> <Delay = 0.00>
ST_14 : Operation 172 [1/1] (0.00ns) (grouped into LUT with out node ret_V_42)   --->   "%r_V_11 = call i10 @_ssdm_op_PartSelect.i10.i32.i32.i32(i32 %b_V_2, i32 22, i32 31)" [sha256.cpp:16->sha256.cpp:36->sha256.cpp:131]   --->   Operation 172 'partselect' 'r_V_11' <Predicate = (!icmp_ln127)> <Delay = 0.00>
ST_14 : Operation 173 [1/1] (0.00ns) (grouped into LUT with out node ret_V_42)   --->   "%trunc_ln1503_11 = trunc i32 %b_V_2 to i22" [sha256.cpp:19->sha256.cpp:36->sha256.cpp:131]   --->   Operation 173 'trunc' 'trunc_ln1503_11' <Predicate = (!icmp_ln127)> <Delay = 0.00>
ST_14 : Operation 174 [1/1] (0.00ns) (grouped into LUT with out node ret_V_42)   --->   "%ret_V_41 = call i32 @_ssdm_op_BitConcatenate.i32.i22.i10(i22 %trunc_ln1503_11, i10 %r_V_11)" [sha256.cpp:21->sha256.cpp:36->sha256.cpp:131]   --->   Operation 174 'bitconcatenate' 'ret_V_41' <Predicate = (!icmp_ln127)> <Delay = 0.00>
ST_14 : Operation 175 [1/1] (0.00ns) (grouped into LUT with out node ret_V_42)   --->   "%xor_ln1357 = xor i32 %ret_V_39, %ret_V_41" [sha256.cpp:36->sha256.cpp:131]   --->   Operation 175 'xor' 'xor_ln1357' <Predicate = (!icmp_ln127)> <Delay = 0.00> <Core = "LogicGate">   --->   Core 27 'LogicGate' <Latency = 0> <II = 1> <Delay = 0.97> <FuncUnit> <Opcode : 'and' 'or' 'xor'> <InPorts = 2> <OutPorts = 1>
ST_14 : Operation 176 [1/1] (0.99ns) (out node of the LUT)   --->   "%ret_V_42 = xor i32 %xor_ln1357, %ret_V_40" [sha256.cpp:36->sha256.cpp:131]   --->   Operation 176 'xor' 'ret_V_42' <Predicate = (!icmp_ln127)> <Delay = 0.99> <Core = "LogicGate">   --->   Core 27 'LogicGate' <Latency = 0> <II = 1> <Delay = 0.97> <FuncUnit> <Opcode : 'and' 'or' 'xor'> <InPorts = 2> <OutPorts = 1>
ST_14 : Operation 177 [1/1] (0.00ns) (grouped into LUT with out node ret_V_46)   --->   "%r_V_12 = call i26 @_ssdm_op_PartSelect.i26.i32.i32.i32(i32 %f_V_2, i32 6, i32 31)" [sha256.cpp:16->sha256.cpp:41->sha256.cpp:132]   --->   Operation 177 'partselect' 'r_V_12' <Predicate = (!icmp_ln127)> <Delay = 0.00>
ST_14 : Operation 178 [1/1] (0.00ns) (grouped into LUT with out node ret_V_46)   --->   "%trunc_ln1503_12 = trunc i32 %f_V_2 to i6" [sha256.cpp:19->sha256.cpp:41->sha256.cpp:132]   --->   Operation 178 'trunc' 'trunc_ln1503_12' <Predicate = (!icmp_ln127)> <Delay = 0.00>
ST_14 : Operation 179 [1/1] (0.00ns) (grouped into LUT with out node ret_V_46)   --->   "%ret_V_43 = call i32 @_ssdm_op_BitConcatenate.i32.i6.i26(i6 %trunc_ln1503_12, i26 %r_V_12)" [sha256.cpp:21->sha256.cpp:41->sha256.cpp:132]   --->   Operation 179 'bitconcatenate' 'ret_V_43' <Predicate = (!icmp_ln127)> <Delay = 0.00>
ST_14 : Operation 180 [1/1] (0.00ns) (grouped into LUT with out node ret_V_46)   --->   "%r_V_13 = call i21 @_ssdm_op_PartSelect.i21.i32.i32.i32(i32 %f_V_2, i32 11, i32 31)" [sha256.cpp:16->sha256.cpp:41->sha256.cpp:132]   --->   Operation 180 'partselect' 'r_V_13' <Predicate = (!icmp_ln127)> <Delay = 0.00>
ST_14 : Operation 181 [1/1] (0.00ns) (grouped into LUT with out node ret_V_46)   --->   "%trunc_ln1503_13 = trunc i32 %f_V_2 to i11" [sha256.cpp:19->sha256.cpp:41->sha256.cpp:132]   --->   Operation 181 'trunc' 'trunc_ln1503_13' <Predicate = (!icmp_ln127)> <Delay = 0.00>
ST_14 : Operation 182 [1/1] (0.00ns) (grouped into LUT with out node ret_V_46)   --->   "%ret_V_44 = call i32 @_ssdm_op_BitConcatenate.i32.i11.i21(i11 %trunc_ln1503_13, i21 %r_V_13)" [sha256.cpp:21->sha256.cpp:41->sha256.cpp:132]   --->   Operation 182 'bitconcatenate' 'ret_V_44' <Predicate = (!icmp_ln127)> <Delay = 0.00>
ST_14 : Operation 183 [1/1] (0.00ns) (grouped into LUT with out node ret_V_46)   --->   "%r_V_14 = call i7 @_ssdm_op_PartSelect.i7.i32.i32.i32(i32 %f_V_2, i32 25, i32 31)" [sha256.cpp:16->sha256.cpp:41->sha256.cpp:132]   --->   Operation 183 'partselect' 'r_V_14' <Predicate = (!icmp_ln127)> <Delay = 0.00>
ST_14 : Operation 184 [1/1] (0.00ns) (grouped into LUT with out node ret_V_46)   --->   "%trunc_ln1503_14 = trunc i32 %f_V_2 to i25" [sha256.cpp:19->sha256.cpp:41->sha256.cpp:132]   --->   Operation 184 'trunc' 'trunc_ln1503_14' <Predicate = (!icmp_ln127)> <Delay = 0.00>
ST_14 : Operation 185 [1/1] (0.00ns) (grouped into LUT with out node ret_V_46)   --->   "%ret_V_45 = call i32 @_ssdm_op_BitConcatenate.i32.i25.i7(i25 %trunc_ln1503_14, i7 %r_V_14)" [sha256.cpp:21->sha256.cpp:41->sha256.cpp:132]   --->   Operation 185 'bitconcatenate' 'ret_V_45' <Predicate = (!icmp_ln127)> <Delay = 0.00>
ST_14 : Operation 186 [1/1] (0.00ns) (grouped into LUT with out node ret_V_46)   --->   "%xor_ln1357_9 = xor i32 %ret_V_43, %ret_V_45" [sha256.cpp:41->sha256.cpp:132]   --->   Operation 186 'xor' 'xor_ln1357_9' <Predicate = (!icmp_ln127)> <Delay = 0.00> <Core = "LogicGate">   --->   Core 27 'LogicGate' <Latency = 0> <II = 1> <Delay = 0.97> <FuncUnit> <Opcode : 'and' 'or' 'xor'> <InPorts = 2> <OutPorts = 1>
ST_14 : Operation 187 [1/1] (0.99ns) (out node of the LUT)   --->   "%ret_V_46 = xor i32 %xor_ln1357_9, %ret_V_44" [sha256.cpp:41->sha256.cpp:132]   --->   Operation 187 'xor' 'ret_V_46' <Predicate = (!icmp_ln127)> <Delay = 0.99> <Core = "LogicGate">   --->   Core 27 'LogicGate' <Latency = 0> <II = 1> <Delay = 0.97> <FuncUnit> <Opcode : 'and' 'or' 'xor'> <InPorts = 2> <OutPorts = 1>
ST_14 : Operation 188 [1/1] (0.00ns)   --->   "%tmp_34 = call i3 @_ssdm_op_PartSelect.i3.i7.i32.i32(i7 %j6_0, i32 4, i32 6)" [sha256.cpp:134]   --->   Operation 188 'partselect' 'tmp_34' <Predicate = (!icmp_ln127)> <Delay = 0.00>
ST_14 : Operation 189 [1/1] (1.13ns)   --->   "%icmp_ln134 = icmp eq i3 %tmp_34, 0" [sha256.cpp:134]   --->   Operation 189 'icmp' 'icmp_ln134' <Predicate = (!icmp_ln127)> <Delay = 1.13> <Core = "Cmp">   --->   Core 25 'Cmp' <Latency = 0> <II = 1> <Delay = 1.30> <FuncUnit> <Opcode : 'icmp'> <InPorts = 2> <OutPorts = 1>
ST_14 : Operation 190 [1/1] (0.00ns)   --->   "%zext_ln135 = zext i7 %j6_0 to i64" [sha256.cpp:135]   --->   Operation 190 'zext' 'zext_ln135' <Predicate = (!icmp_ln127)> <Delay = 0.00>
ST_14 : Operation 191 [1/1] (1.87ns)   --->   "%add_ln321_2 = add i7 %zext_ln116_2, %j6_0" [sha256.cpp:135]   --->   Operation 191 'add' 'add_ln321_2' <Predicate = (!icmp_ln127)> <Delay = 1.87> <Core = "AddSub">   --->   Core 14 'AddSub' <Latency = 0> <II = 1> <Delay = 1.73> <FuncUnit> <Opcode : 'add' 'sub'> <InPorts = 2> <OutPorts = 1>
ST_14 : Operation 192 [1/1] (0.00ns)   --->   "%zext_ln321_7 = zext i7 %add_ln321_2 to i64" [sha256.cpp:135]   --->   Operation 192 'zext' 'zext_ln321_7' <Predicate = (!icmp_ln127)> <Delay = 0.00>
ST_14 : Operation 193 [1/1] (0.00ns)   --->   "%M_V_addr_2 = getelementptr [512 x i32]* %M_V, i64 0, i64 %zext_ln321_7" [sha256.cpp:135]   --->   Operation 193 'getelementptr' 'M_V_addr_2' <Predicate = (!icmp_ln127)> <Delay = 0.00>
ST_14 : Operation 194 [1/1] (0.00ns)   --->   "br i1 %icmp_ln134, label %4, label %5" [sha256.cpp:134]   --->   Operation 194 'br' <Predicate = (!icmp_ln127)> <Delay = 0.00>
ST_14 : Operation 195 [1/1] (1.87ns)   --->   "%add_ln137 = add i7 -2, %j6_0" [sha256.cpp:137]   --->   Operation 195 'add' 'add_ln137' <Predicate = (!icmp_ln127 & !icmp_ln134)> <Delay = 1.87> <Core = "AddSub">   --->   Core 14 'AddSub' <Latency = 0> <II = 1> <Delay = 1.73> <FuncUnit> <Opcode : 'add' 'sub'> <InPorts = 2> <OutPorts = 1>
ST_14 : Operation 196 [1/1] (0.00ns)   --->   "%zext_ln137 = zext i7 %add_ln137 to i64" [sha256.cpp:137]   --->   Operation 196 'zext' 'zext_ln137' <Predicate = (!icmp_ln127 & !icmp_ln134)> <Delay = 0.00>
ST_14 : Operation 197 [1/1] (0.00ns)   --->   "%W_V_addr_1 = getelementptr [64 x i32]* %W_V, i64 0, i64 %zext_ln137" [sha256.cpp:137]   --->   Operation 197 'getelementptr' 'W_V_addr_1' <Predicate = (!icmp_ln127 & !icmp_ln134)> <Delay = 0.00>
ST_14 : Operation 198 [2/2] (3.25ns)   --->   "%tempWord_V = load i32* %W_V_addr_1, align 4" [sha256.cpp:137]   --->   Operation 198 'load' 'tempWord_V' <Predicate = (!icmp_ln127 & !icmp_ln134)> <Delay = 3.25> <Core = "RAM">   --->   Core 37 'RAM' <Latency = 1> <II = 1> <Delay = 2.32> <Storage> <Opcode : 'load' 'store'> <Ports = 2> <Width = 32> <Depth = 8> <RAM>
ST_14 : Operation 199 [1/1] (1.87ns)   --->   "%add_ln137_1 = add i7 -7, %j6_0" [sha256.cpp:137]   --->   Operation 199 'add' 'add_ln137_1' <Predicate = (!icmp_ln127 & !icmp_ln134)> <Delay = 1.87> <Core = "AddSub">   --->   Core 14 'AddSub' <Latency = 0> <II = 1> <Delay = 1.73> <FuncUnit> <Opcode : 'add' 'sub'> <InPorts = 2> <OutPorts = 1>
ST_14 : Operation 200 [1/1] (0.00ns)   --->   "%zext_ln137_4 = zext i7 %add_ln137_1 to i64" [sha256.cpp:137]   --->   Operation 200 'zext' 'zext_ln137_4' <Predicate = (!icmp_ln127 & !icmp_ln134)> <Delay = 0.00>
ST_14 : Operation 201 [1/1] (0.00ns)   --->   "%W_V_addr_2 = getelementptr [64 x i32]* %W_V, i64 0, i64 %zext_ln137_4" [sha256.cpp:137]   --->   Operation 201 'getelementptr' 'W_V_addr_2' <Predicate = (!icmp_ln127 & !icmp_ln134)> <Delay = 0.00>
ST_14 : Operation 202 [2/2] (3.25ns)   --->   "%W_V_load_1 = load i32* %W_V_addr_2, align 4" [sha256.cpp:137]   --->   Operation 202 'load' 'W_V_load_1' <Predicate = (!icmp_ln127 & !icmp_ln134)> <Delay = 3.25> <Core = "RAM">   --->   Core 37 'RAM' <Latency = 1> <II = 1> <Delay = 2.32> <Storage> <Opcode : 'load' 'store'> <Ports = 2> <Width = 32> <Depth = 8> <RAM>
ST_14 : Operation 203 [2/2] (3.25ns)   --->   "%M_V_load = load i32* %M_V_addr_2, align 4" [sha256.cpp:135]   --->   Operation 203 'load' 'M_V_load' <Predicate = (!icmp_ln127 & icmp_ln134)> <Delay = 3.25> <Core = "RAM">   --->   Core 37 'RAM' <Latency = 1> <II = 1> <Delay = 2.32> <Storage> <Opcode : 'load' 'store'> <Ports = 2> <Width = 32> <Depth = 8> <RAM>
ST_14 : Operation 204 [1/1] (0.00ns)   --->   "%tmp_26 = call i5 @_ssdm_op_BitConcatenate.i5.i2.i3(i2 %i_op_assign_2, i3 0)" [sha256.cpp:151]   --->   Operation 204 'bitconcatenate' 'tmp_26' <Predicate = (icmp_ln127)> <Delay = 0.00>
ST_14 : Operation 205 [1/1] (0.00ns)   --->   "%zext_ln321_4 = zext i5 %tmp_26 to i64" [sha256.cpp:151]   --->   Operation 205 'zext' 'zext_ln321_4' <Predicate = (icmp_ln127)> <Delay = 0.00>
ST_14 : Operation 206 [1/1] (0.00ns)   --->   "%H_V_addr_11 = getelementptr [256 x i32]* %H_V, i64 0, i64 %zext_ln321_4" [sha256.cpp:151]   --->   Operation 206 'getelementptr' 'H_V_addr_11' <Predicate = (icmp_ln127)> <Delay = 0.00>
ST_14 : Operation 207 [1/1] (0.00ns)   --->   "%or_ln321 = or i5 %tmp_26, 1" [sha256.cpp:152]   --->   Operation 207 'or' 'or_ln321' <Predicate = (icmp_ln127)> <Delay = 0.00>
ST_14 : Operation 208 [1/1] (0.00ns)   --->   "%tmp_27 = call i64 @_ssdm_op_BitConcatenate.i64.i59.i5(i59 0, i5 %or_ln321)" [sha256.cpp:152]   --->   Operation 208 'bitconcatenate' 'tmp_27' <Predicate = (icmp_ln127)> <Delay = 0.00>
ST_14 : Operation 209 [1/1] (0.00ns)   --->   "%H_V_addr_12 = getelementptr [256 x i32]* %H_V, i64 0, i64 %tmp_27" [sha256.cpp:152]   --->   Operation 209 'getelementptr' 'H_V_addr_12' <Predicate = (icmp_ln127)> <Delay = 0.00>
ST_14 : Operation 210 [1/1] (2.55ns)   --->   "%add_ln209 = add i32 %b_V_2, %a_V" [sha256.cpp:151]   --->   Operation 210 'add' 'add_ln209' <Predicate = (icmp_ln127)> <Delay = 2.55> <Core = "AddSub">   --->   Core 14 'AddSub' <Latency = 0> <II = 1> <Delay = 1.73> <FuncUnit> <Opcode : 'add' 'sub'> <InPorts = 2> <OutPorts = 1>
ST_14 : Operation 211 [1/1] (3.25ns)   --->   "store i32 %add_ln209, i32* %H_V_addr_11, align 16" [sha256.cpp:151]   --->   Operation 211 'store' <Predicate = (icmp_ln127)> <Delay = 3.25> <Core = "RAM">   --->   Core 37 'RAM' <Latency = 1> <II = 1> <Delay = 2.32> <Storage> <Opcode : 'load' 'store'> <Ports = 2> <Width = 32> <Depth = 8> <RAM>
ST_14 : Operation 212 [1/1] (2.55ns)   --->   "%add_ln209_1 = add i32 %c_V_2, %b_V" [sha256.cpp:152]   --->   Operation 212 'add' 'add_ln209_1' <Predicate = (icmp_ln127)> <Delay = 2.55> <Core = "AddSub">   --->   Core 14 'AddSub' <Latency = 0> <II = 1> <Delay = 1.73> <FuncUnit> <Opcode : 'add' 'sub'> <InPorts = 2> <OutPorts = 1>
ST_14 : Operation 213 [1/1] (3.25ns)   --->   "store i32 %add_ln209_1, i32* %H_V_addr_12, align 4" [sha256.cpp:152]   --->   Operation 213 'store' <Predicate = (icmp_ln127)> <Delay = 3.25> <Core = "RAM">   --->   Core 37 'RAM' <Latency = 1> <II = 1> <Delay = 2.32> <Storage> <Opcode : 'load' 'store'> <Ports = 2> <Width = 32> <Depth = 8> <RAM>
ST_14 : Operation 214 [1/1] (2.55ns)   --->   "%add_ln209_2 = add i32 %d_V_2, %c_V" [sha256.cpp:153]   --->   Operation 214 'add' 'add_ln209_2' <Predicate = (icmp_ln127)> <Delay = 2.55> <Core = "AddSub">   --->   Core 14 'AddSub' <Latency = 0> <II = 1> <Delay = 1.73> <FuncUnit> <Opcode : 'add' 'sub'> <InPorts = 2> <OutPorts = 1>
ST_14 : Operation 215 [1/1] (2.55ns)   --->   "%add_ln209_4 = add i32 %f_V_2, %e_V" [sha256.cpp:155]   --->   Operation 215 'add' 'add_ln209_4' <Predicate = (icmp_ln127)> <Delay = 2.55> <Core = "AddSub">   --->   Core 14 'AddSub' <Latency = 0> <II = 1> <Delay = 1.73> <FuncUnit> <Opcode : 'add' 'sub'> <InPorts = 2> <OutPorts = 1>
ST_14 : Operation 216 [1/1] (2.55ns)   --->   "%add_ln209_5 = add i32 %g_V_2, %f_V" [sha256.cpp:156]   --->   Operation 216 'add' 'add_ln209_5' <Predicate = (icmp_ln127)> <Delay = 2.55> <Core = "AddSub">   --->   Core 14 'AddSub' <Latency = 0> <II = 1> <Delay = 1.73> <FuncUnit> <Opcode : 'add' 'sub'> <InPorts = 2> <OutPorts = 1>
ST_14 : Operation 217 [1/1] (2.55ns)   --->   "%add_ln209_6 = add i32 %h_V_2, %g_V" [sha256.cpp:157]   --->   Operation 217 'add' 'add_ln209_6' <Predicate = (icmp_ln127)> <Delay = 2.55> <Core = "AddSub">   --->   Core 14 'AddSub' <Latency = 0> <II = 1> <Delay = 1.73> <FuncUnit> <Opcode : 'add' 'sub'> <InPorts = 2> <OutPorts = 1>
ST_14 : Operation 218 [1/1] (1.56ns)   --->   "%i_14 = add i2 %i_op_assign_2, 1" [sha256.cpp:114]   --->   Operation 218 'add' 'i_14' <Predicate = (icmp_ln127)> <Delay = 1.56> <Core = "AddSub">   --->   Core 14 'AddSub' <Latency = 0> <II = 1> <Delay = 1.73> <FuncUnit> <Opcode : 'add' 'sub'> <InPorts = 2> <OutPorts = 1>

State 15 <SV = 10> <Delay = 5.12>
ST_15 : Operation 219 [1/2] (3.25ns)   --->   "%tempWord_V = load i32* %W_V_addr_1, align 4" [sha256.cpp:137]   --->   Operation 219 'load' 'tempWord_V' <Predicate = true> <Delay = 3.25> <Core = "RAM">   --->   Core 37 'RAM' <Latency = 1> <II = 1> <Delay = 2.32> <Storage> <Opcode : 'load' 'store'> <Ports = 2> <Width = 32> <Depth = 8> <RAM>
ST_15 : Operation 220 [1/2] (3.25ns)   --->   "%W_V_load_1 = load i32* %W_V_addr_2, align 4" [sha256.cpp:137]   --->   Operation 220 'load' 'W_V_load_1' <Predicate = true> <Delay = 3.25> <Core = "RAM">   --->   Core 37 'RAM' <Latency = 1> <II = 1> <Delay = 2.32> <Storage> <Opcode : 'load' 'store'> <Ports = 2> <Width = 32> <Depth = 8> <RAM>
ST_15 : Operation 221 [1/1] (1.87ns)   --->   "%add_ln137_2 = add i7 -15, %j6_0" [sha256.cpp:137]   --->   Operation 221 'add' 'add_ln137_2' <Predicate = true> <Delay = 1.87> <Core = "AddSub">   --->   Core 14 'AddSub' <Latency = 0> <II = 1> <Delay = 1.73> <FuncUnit> <Opcode : 'add' 'sub'> <InPorts = 2> <OutPorts = 1>
ST_15 : Operation 222 [1/1] (0.00ns)   --->   "%zext_ln137_5 = zext i7 %add_ln137_2 to i64" [sha256.cpp:137]   --->   Operation 222 'zext' 'zext_ln137_5' <Predicate = true> <Delay = 0.00>
ST_15 : Operation 223 [1/1] (0.00ns)   --->   "%W_V_addr_3 = getelementptr [64 x i32]* %W_V, i64 0, i64 %zext_ln137_5" [sha256.cpp:137]   --->   Operation 223 'getelementptr' 'W_V_addr_3' <Predicate = true> <Delay = 0.00>
ST_15 : Operation 224 [2/2] (3.25ns)   --->   "%tempWord_V_6 = load i32* %W_V_addr_3, align 4" [sha256.cpp:137]   --->   Operation 224 'load' 'tempWord_V_6' <Predicate = true> <Delay = 3.25> <Core = "RAM">   --->   Core 37 'RAM' <Latency = 1> <II = 1> <Delay = 2.32> <Storage> <Opcode : 'load' 'store'> <Ports = 2> <Width = 32> <Depth = 8> <RAM>
ST_15 : Operation 225 [1/1] (1.87ns)   --->   "%add_ln137_3 = add i7 -16, %j6_0" [sha256.cpp:137]   --->   Operation 225 'add' 'add_ln137_3' <Predicate = true> <Delay = 1.87> <Core = "AddSub">   --->   Core 14 'AddSub' <Latency = 0> <II = 1> <Delay = 1.73> <FuncUnit> <Opcode : 'add' 'sub'> <InPorts = 2> <OutPorts = 1>
ST_15 : Operation 226 [1/1] (0.00ns)   --->   "%zext_ln137_6 = zext i7 %add_ln137_3 to i64" [sha256.cpp:137]   --->   Operation 226 'zext' 'zext_ln137_6' <Predicate = true> <Delay = 0.00>
ST_15 : Operation 227 [1/1] (0.00ns)   --->   "%W_V_addr_4 = getelementptr [64 x i32]* %W_V, i64 0, i64 %zext_ln137_6" [sha256.cpp:137]   --->   Operation 227 'getelementptr' 'W_V_addr_4' <Predicate = true> <Delay = 0.00>
ST_15 : Operation 228 [2/2] (3.25ns)   --->   "%W_V_load_3 = load i32* %W_V_addr_4, align 4" [sha256.cpp:137]   --->   Operation 228 'load' 'W_V_load_3' <Predicate = true> <Delay = 3.25> <Core = "RAM">   --->   Core 37 'RAM' <Latency = 1> <II = 1> <Delay = 2.32> <Storage> <Opcode : 'load' 'store'> <Ports = 2> <Width = 32> <Depth = 8> <RAM>

State 16 <SV = 11> <Delay = 5.80>
ST_16 : Operation 229 [1/1] (0.00ns) (grouped into LUT with out node add_ln209_19)   --->   "%r_V_15 = call i15 @_ssdm_op_PartSelect.i15.i32.i32.i32(i32 %tempWord_V, i32 17, i32 31)" [sha256.cpp:16->sha256.cpp:51->sha256.cpp:137]   --->   Operation 229 'partselect' 'r_V_15' <Predicate = true> <Delay = 0.00>
ST_16 : Operation 230 [1/1] (0.00ns) (grouped into LUT with out node add_ln209_19)   --->   "%trunc_ln1503_15 = trunc i32 %tempWord_V to i17" [sha256.cpp:19->sha256.cpp:51->sha256.cpp:137]   --->   Operation 230 'trunc' 'trunc_ln1503_15' <Predicate = true> <Delay = 0.00>
ST_16 : Operation 231 [1/1] (0.00ns) (grouped into LUT with out node add_ln209_19)   --->   "%ret_V_47 = call i32 @_ssdm_op_BitConcatenate.i32.i17.i15(i17 %trunc_ln1503_15, i15 %r_V_15)" [sha256.cpp:21->sha256.cpp:51->sha256.cpp:137]   --->   Operation 231 'bitconcatenate' 'ret_V_47' <Predicate = true> <Delay = 0.00>
ST_16 : Operation 232 [1/1] (0.00ns) (grouped into LUT with out node add_ln209_19)   --->   "%r_V_16 = call i13 @_ssdm_op_PartSelect.i13.i32.i32.i32(i32 %tempWord_V, i32 19, i32 31)" [sha256.cpp:16->sha256.cpp:51->sha256.cpp:137]   --->   Operation 232 'partselect' 'r_V_16' <Predicate = true> <Delay = 0.00>
ST_16 : Operation 233 [1/1] (0.00ns) (grouped into LUT with out node add_ln209_19)   --->   "%trunc_ln1503_16 = trunc i32 %tempWord_V to i19" [sha256.cpp:19->sha256.cpp:51->sha256.cpp:137]   --->   Operation 233 'trunc' 'trunc_ln1503_16' <Predicate = true> <Delay = 0.00>
ST_16 : Operation 234 [1/1] (0.00ns) (grouped into LUT with out node add_ln209_19)   --->   "%ret_V_48 = call i32 @_ssdm_op_BitConcatenate.i32.i19.i13(i19 %trunc_ln1503_16, i13 %r_V_16)" [sha256.cpp:21->sha256.cpp:51->sha256.cpp:137]   --->   Operation 234 'bitconcatenate' 'ret_V_48' <Predicate = true> <Delay = 0.00>
ST_16 : Operation 235 [1/1] (0.00ns) (grouped into LUT with out node add_ln209_19)   --->   "%r_V_17 = call i22 @_ssdm_op_PartSelect.i22.i32.i32.i32(i32 %tempWord_V, i32 10, i32 31)" [sha256.cpp:51->sha256.cpp:137]   --->   Operation 235 'partselect' 'r_V_17' <Predicate = true> <Delay = 0.00>
ST_16 : Operation 236 [1/1] (0.00ns) (grouped into LUT with out node add_ln209_19)   --->   "%r_V_23 = zext i22 %r_V_17 to i32" [sha256.cpp:51->sha256.cpp:137]   --->   Operation 236 'zext' 'r_V_23' <Predicate = true> <Delay = 0.00>
ST_16 : Operation 237 [1/1] (0.00ns) (grouped into LUT with out node add_ln209_19)   --->   "%xor_ln1357_11 = xor i32 %r_V_23, %ret_V_48" [sha256.cpp:51->sha256.cpp:137]   --->   Operation 237 'xor' 'xor_ln1357_11' <Predicate = true> <Delay = 0.00> <Core = "LogicGate">   --->   Core 27 'LogicGate' <Latency = 0> <II = 1> <Delay = 0.97> <FuncUnit> <Opcode : 'and' 'or' 'xor'> <InPorts = 2> <OutPorts = 1>
ST_16 : Operation 238 [1/1] (0.00ns) (grouped into LUT with out node add_ln209_19)   --->   "%ret_V = xor i32 %xor_ln1357_11, %ret_V_47" [sha256.cpp:51->sha256.cpp:137]   --->   Operation 238 'xor' 'ret_V' <Predicate = true> <Delay = 0.00> <Core = "LogicGate">   --->   Core 27 'LogicGate' <Latency = 0> <II = 1> <Delay = 0.97> <FuncUnit> <Opcode : 'and' 'or' 'xor'> <InPorts = 2> <OutPorts = 1>
ST_16 : Operation 239 [1/2] (3.25ns)   --->   "%tempWord_V_6 = load i32* %W_V_addr_3, align 4" [sha256.cpp:137]   --->   Operation 239 'load' 'tempWord_V_6' <Predicate = true> <Delay = 3.25> <Core = "RAM">   --->   Core 37 'RAM' <Latency = 1> <II = 1> <Delay = 2.32> <Storage> <Opcode : 'load' 'store'> <Ports = 2> <Width = 32> <Depth = 8> <RAM>
ST_16 : Operation 240 [1/1] (0.00ns) (grouped into LUT with out node add_ln209_19)   --->   "%r_V_18 = call i25 @_ssdm_op_PartSelect.i25.i32.i32.i32(i32 %tempWord_V_6, i32 7, i32 31)" [sha256.cpp:16->sha256.cpp:46->sha256.cpp:137]   --->   Operation 240 'partselect' 'r_V_18' <Predicate = true> <Delay = 0.00>
ST_16 : Operation 241 [1/1] (0.00ns) (grouped into LUT with out node add_ln209_19)   --->   "%trunc_ln1503_17 = trunc i32 %tempWord_V_6 to i7" [sha256.cpp:19->sha256.cpp:46->sha256.cpp:137]   --->   Operation 241 'trunc' 'trunc_ln1503_17' <Predicate = true> <Delay = 0.00>
ST_16 : Operation 242 [1/1] (0.00ns) (grouped into LUT with out node add_ln209_19)   --->   "%ret_V_49 = call i32 @_ssdm_op_BitConcatenate.i32.i7.i25(i7 %trunc_ln1503_17, i25 %r_V_18)" [sha256.cpp:21->sha256.cpp:46->sha256.cpp:137]   --->   Operation 242 'bitconcatenate' 'ret_V_49' <Predicate = true> <Delay = 0.00>
ST_16 : Operation 243 [1/1] (0.00ns) (grouped into LUT with out node add_ln209_19)   --->   "%r_V_19 = call i14 @_ssdm_op_PartSelect.i14.i32.i32.i32(i32 %tempWord_V_6, i32 18, i32 31)" [sha256.cpp:16->sha256.cpp:46->sha256.cpp:137]   --->   Operation 243 'partselect' 'r_V_19' <Predicate = true> <Delay = 0.00>
ST_16 : Operation 244 [1/1] (0.00ns) (grouped into LUT with out node add_ln209_19)   --->   "%trunc_ln1503_18 = trunc i32 %tempWord_V_6 to i18" [sha256.cpp:19->sha256.cpp:46->sha256.cpp:137]   --->   Operation 244 'trunc' 'trunc_ln1503_18' <Predicate = true> <Delay = 0.00>
ST_16 : Operation 245 [1/1] (0.00ns) (grouped into LUT with out node add_ln209_19)   --->   "%ret_V_50 = call i32 @_ssdm_op_BitConcatenate.i32.i18.i14(i18 %trunc_ln1503_18, i14 %r_V_19)" [sha256.cpp:21->sha256.cpp:46->sha256.cpp:137]   --->   Operation 245 'bitconcatenate' 'ret_V_50' <Predicate = true> <Delay = 0.00>
ST_16 : Operation 246 [1/1] (0.00ns) (grouped into LUT with out node add_ln209_19)   --->   "%r_V_20 = call i29 @_ssdm_op_PartSelect.i29.i32.i32.i32(i32 %tempWord_V_6, i32 3, i32 31)" [sha256.cpp:46->sha256.cpp:137]   --->   Operation 246 'partselect' 'r_V_20' <Predicate = true> <Delay = 0.00>
ST_16 : Operation 247 [1/1] (0.00ns) (grouped into LUT with out node add_ln209_19)   --->   "%r_V_24 = zext i29 %r_V_20 to i32" [sha256.cpp:46->sha256.cpp:137]   --->   Operation 247 'zext' 'r_V_24' <Predicate = true> <Delay = 0.00>
ST_16 : Operation 248 [1/1] (0.00ns) (grouped into LUT with out node add_ln209_19)   --->   "%xor_ln1357_13 = xor i32 %r_V_24, %ret_V_50" [sha256.cpp:46->sha256.cpp:137]   --->   Operation 248 'xor' 'xor_ln1357_13' <Predicate = true> <Delay = 0.00> <Core = "LogicGate">   --->   Core 27 'LogicGate' <Latency = 0> <II = 1> <Delay = 0.97> <FuncUnit> <Opcode : 'and' 'or' 'xor'> <InPorts = 2> <OutPorts = 1>
ST_16 : Operation 249 [1/1] (0.00ns) (grouped into LUT with out node add_ln209_19)   --->   "%ret_V_38 = xor i32 %xor_ln1357_13, %ret_V_49" [sha256.cpp:46->sha256.cpp:137]   --->   Operation 249 'xor' 'ret_V_38' <Predicate = true> <Delay = 0.00> <Core = "LogicGate">   --->   Core 27 'LogicGate' <Latency = 0> <II = 1> <Delay = 0.97> <FuncUnit> <Opcode : 'and' 'or' 'xor'> <InPorts = 2> <OutPorts = 1>
ST_16 : Operation 250 [1/2] (3.25ns)   --->   "%W_V_load_3 = load i32* %W_V_addr_4, align 4" [sha256.cpp:137]   --->   Operation 250 'load' 'W_V_load_3' <Predicate = true> <Delay = 3.25> <Core = "RAM">   --->   Core 37 'RAM' <Latency = 1> <II = 1> <Delay = 2.32> <Storage> <Opcode : 'load' 'store'> <Ports = 2> <Width = 32> <Depth = 8> <RAM>
ST_16 : Operation 251 [1/1] (2.55ns) (out node of the LUT)   --->   "%add_ln209_19 = add i32 %ret_V, %ret_V_38" [sha256.cpp:137]   --->   Operation 251 'add' 'add_ln209_19' <Predicate = true> <Delay = 2.55> <Core = "AddSub">   --->   Core 14 'AddSub' <Latency = 0> <II = 1> <Delay = 1.73> <FuncUnit> <Opcode : 'add' 'sub'> <InPorts = 2> <OutPorts = 1>

State 17 <SV = 12> <Delay = 7.62>
ST_17 : Operation 252 [1/1] (0.00ns) (grouped into TernaryAdder)   --->   "%add_ln209_18 = add i32 %W_V_load_1, %W_V_load_3" [sha256.cpp:137]   --->   Operation 252 'add' 'add_ln209_18' <Predicate = (!icmp_ln134)> <Delay = 0.00> <Core = "TAddSub">   --->   Core 83 'TAddSub' <Latency = 0> <II = 1> <Delay = 2.18> <IPBlock> <Opcode : 'add' 'sub'> <InPorts = 3> <OutPorts = 1> <Sync> <CReg>
ST_17 : Operation 253 [1/1] (4.37ns) (root node of TernaryAdder)   --->   "%add_ln209_10 = add i32 %add_ln209_19, %add_ln209_18" [sha256.cpp:137]   --->   Operation 253 'add' 'add_ln209_10' <Predicate = (!icmp_ln134)> <Delay = 4.37> <Core = "TAddSub">   --->   Core 83 'TAddSub' <Latency = 0> <II = 1> <Delay = 2.18> <IPBlock> <Opcode : 'add' 'sub'> <InPorts = 3> <OutPorts = 1> <Sync> <CReg>
ST_17 : Operation 254 [1/1] (0.00ns)   --->   "%W_V_addr_5 = getelementptr [64 x i32]* %W_V, i64 0, i64 %zext_ln135" [sha256.cpp:137]   --->   Operation 254 'getelementptr' 'W_V_addr_5' <Predicate = (!icmp_ln134)> <Delay = 0.00>
ST_17 : Operation 255 [1/1] (3.25ns)   --->   "store i32 %add_ln209_10, i32* %W_V_addr_5, align 4" [sha256.cpp:137]   --->   Operation 255 'store' <Predicate = (!icmp_ln134)> <Delay = 3.25> <Core = "RAM">   --->   Core 37 'RAM' <Latency = 1> <II = 1> <Delay = 2.32> <Storage> <Opcode : 'load' 'store'> <Ports = 2> <Width = 32> <Depth = 8> <RAM>
ST_17 : Operation 256 [1/1] (0.00ns)   --->   "br label %6"   --->   Operation 256 'br' <Predicate = (!icmp_ln134)> <Delay = 0.00>
ST_17 : Operation 257 [1/1] (0.00ns) (grouped into TernaryAdder)   --->   "%add_ln209_21 = add i32 %ret_V_46, %p_0625_0" [sha256.cpp:139]   --->   Operation 257 'add' 'add_ln209_21' <Predicate = true> <Delay = 0.00> <Core = "TAddSub">   --->   Core 83 'TAddSub' <Latency = 0> <II = 1> <Delay = 2.18> <IPBlock> <Opcode : 'add' 'sub'> <InPorts = 3> <OutPorts = 1> <Sync> <CReg>
ST_17 : Operation 258 [1/1] (4.37ns) (root node of TernaryAdder)   --->   "%add_ln209_22 = add i32 %add_ln209_21, %ch_V" [sha256.cpp:139]   --->   Operation 258 'add' 'add_ln209_22' <Predicate = true> <Delay = 4.37> <Core = "TAddSub">   --->   Core 83 'TAddSub' <Latency = 0> <II = 1> <Delay = 2.18> <IPBlock> <Opcode : 'add' 'sub'> <InPorts = 3> <OutPorts = 1> <Sync> <CReg>

State 18 <SV = 10> <Delay = 6.50>
ST_18 : Operation 259 [1/2] (3.25ns)   --->   "%M_V_load = load i32* %M_V_addr_2, align 4" [sha256.cpp:135]   --->   Operation 259 'load' 'M_V_load' <Predicate = true> <Delay = 3.25> <Core = "RAM">   --->   Core 37 'RAM' <Latency = 1> <II = 1> <Delay = 2.32> <Storage> <Opcode : 'load' 'store'> <Ports = 2> <Width = 32> <Depth = 8> <RAM>
ST_18 : Operation 260 [1/1] (0.00ns)   --->   "%W_V_addr = getelementptr [64 x i32]* %W_V, i64 0, i64 %zext_ln135" [sha256.cpp:135]   --->   Operation 260 'getelementptr' 'W_V_addr' <Predicate = true> <Delay = 0.00>
ST_18 : Operation 261 [1/1] (3.25ns)   --->   "store i32 %M_V_load, i32* %W_V_addr, align 4" [sha256.cpp:135]   --->   Operation 261 'store' <Predicate = true> <Delay = 3.25> <Core = "RAM">   --->   Core 37 'RAM' <Latency = 1> <II = 1> <Delay = 2.32> <Storage> <Opcode : 'load' 'store'> <Ports = 2> <Width = 32> <Depth = 8> <RAM>
ST_18 : Operation 262 [1/1] (0.00ns)   --->   "br label %6" [sha256.cpp:135]   --->   Operation 262 'br' <Predicate = true> <Delay = 0.00>

State 19 <SV = 13> <Delay = 3.25>
ST_19 : Operation 263 [1/1] (0.00ns)   --->   "%K_addr = getelementptr [64 x i32]* @K, i64 0, i64 %zext_ln135" [sha256.cpp:139]   --->   Operation 263 'getelementptr' 'K_addr' <Predicate = true> <Delay = 0.00>
ST_19 : Operation 264 [2/2] (3.25ns)   --->   "%K_load = load i32* %K_addr, align 4" [sha256.cpp:139]   --->   Operation 264 'load' 'K_load' <Predicate = true> <Delay = 3.25> <Core = "ROM_nP">   --->   Core 52 'ROM_nP' <Latency = 1> <II = 1> <Delay = 3.25> <Storage> <Opcode : 'load'> <Ports = 0> <Width = 32> <Depth = 64> <ROM>
ST_19 : Operation 265 [1/1] (0.00ns)   --->   "%W_V_addr_6 = getelementptr [64 x i32]* %W_V, i64 0, i64 %zext_ln135" [sha256.cpp:139]   --->   Operation 265 'getelementptr' 'W_V_addr_6' <Predicate = true> <Delay = 0.00>
ST_19 : Operation 266 [2/2] (3.25ns)   --->   "%W_V_load = load i32* %W_V_addr_6, align 4" [sha256.cpp:139]   --->   Operation 266 'load' 'W_V_load' <Predicate = true> <Delay = 3.25> <Core = "RAM">   --->   Core 37 'RAM' <Latency = 1> <II = 1> <Delay = 2.32> <Storage> <Opcode : 'load' 'store'> <Ports = 2> <Width = 32> <Depth = 8> <RAM>

State 20 <SV = 14> <Delay = 7.62>
ST_20 : Operation 267 [1/2] (3.25ns)   --->   "%K_load = load i32* %K_addr, align 4" [sha256.cpp:139]   --->   Operation 267 'load' 'K_load' <Predicate = true> <Delay = 3.25> <Core = "ROM_nP">   --->   Core 52 'ROM_nP' <Latency = 1> <II = 1> <Delay = 3.25> <Storage> <Opcode : 'load'> <Ports = 0> <Width = 32> <Depth = 64> <ROM>
ST_20 : Operation 268 [1/2] (3.25ns)   --->   "%W_V_load = load i32* %W_V_addr_6, align 4" [sha256.cpp:139]   --->   Operation 268 'load' 'W_V_load' <Predicate = true> <Delay = 3.25> <Core = "RAM">   --->   Core 37 'RAM' <Latency = 1> <II = 1> <Delay = 2.32> <Storage> <Opcode : 'load' 'store'> <Ports = 2> <Width = 32> <Depth = 8> <RAM>
ST_20 : Operation 269 [1/1] (0.00ns) (grouped into TernaryAdder)   --->   "%add_ln209_20 = add i32 %K_load, %W_V_load" [sha256.cpp:139]   --->   Operation 269 'add' 'add_ln209_20' <Predicate = true> <Delay = 0.00> <Core = "TAddSub">   --->   Core 83 'TAddSub' <Latency = 0> <II = 1> <Delay = 2.18> <IPBlock> <Opcode : 'add' 'sub'> <InPorts = 3> <OutPorts = 1> <Sync> <CReg>
ST_20 : Operation 270 [1/1] (4.37ns) (root node of TernaryAdder)   --->   "%T1_V = add i32 %add_ln209_22, %add_ln209_20" [sha256.cpp:139]   --->   Operation 270 'add' 'T1_V' <Predicate = true> <Delay = 4.37> <Core = "TAddSub">   --->   Core 83 'TAddSub' <Latency = 0> <II = 1> <Delay = 2.18> <IPBlock> <Opcode : 'add' 'sub'> <InPorts = 3> <OutPorts = 1> <Sync> <CReg>

State 21 <SV = 15> <Delay = 4.37>
ST_21 : Operation 271 [1/1] (2.55ns)   --->   "%e_V_2 = add i32 %p_0792_0, %T1_V" [sha256.cpp:144]   --->   Operation 271 'add' 'e_V_2' <Predicate = true> <Delay = 2.55> <Core = "AddSub">   --->   Core 14 'AddSub' <Latency = 0> <II = 1> <Delay = 1.73> <FuncUnit> <Opcode : 'add' 'sub'> <InPorts = 2> <OutPorts = 1>
ST_21 : Operation 272 [1/1] (0.00ns) (grouped into TernaryAdder)   --->   "%add_ln209_25 = add i32 %ret_V_42, %T1_V" [sha256.cpp:148]   --->   Operation 272 'add' 'add_ln209_25' <Predicate = true> <Delay = 0.00> <Core = "TAddSub">   --->   Core 83 'TAddSub' <Latency = 0> <II = 1> <Delay = 2.18> <IPBlock> <Opcode : 'add' 'sub'> <InPorts = 3> <OutPorts = 1> <Sync> <CReg>
ST_21 : Operation 273 [1/1] (4.37ns) (root node of TernaryAdder)   --->   "%a_V_2 = add i32 %add_ln209_25, %maj_V" [sha256.cpp:148]   --->   Operation 273 'add' 'a_V_2' <Predicate = true> <Delay = 4.37> <Core = "TAddSub">   --->   Core 83 'TAddSub' <Latency = 0> <II = 1> <Delay = 2.18> <IPBlock> <Opcode : 'add' 'sub'> <InPorts = 3> <OutPorts = 1> <Sync> <CReg>
ST_21 : Operation 274 [1/1] (0.00ns)   --->   "br label %.preheader1344" [sha256.cpp:127]   --->   Operation 274 'br' <Predicate = true> <Delay = 0.00>

State 22 <SV = 10> <Delay = 5.80>
ST_22 : Operation 275 [1/1] (0.00ns)   --->   "%or_ln321_7 = or i5 %tmp_26, 2" [sha256.cpp:153]   --->   Operation 275 'or' 'or_ln321_7' <Predicate = true> <Delay = 0.00>
ST_22 : Operation 276 [1/1] (0.00ns)   --->   "%tmp_28 = call i64 @_ssdm_op_BitConcatenate.i64.i59.i5(i59 0, i5 %or_ln321_7)" [sha256.cpp:153]   --->   Operation 276 'bitconcatenate' 'tmp_28' <Predicate = true> <Delay = 0.00>
ST_22 : Operation 277 [1/1] (0.00ns)   --->   "%H_V_addr_13 = getelementptr [256 x i32]* %H_V, i64 0, i64 %tmp_28" [sha256.cpp:153]   --->   Operation 277 'getelementptr' 'H_V_addr_13' <Predicate = true> <Delay = 0.00>
ST_22 : Operation 278 [1/1] (0.00ns)   --->   "%or_ln321_8 = or i5 %tmp_26, 3" [sha256.cpp:154]   --->   Operation 278 'or' 'or_ln321_8' <Predicate = true> <Delay = 0.00>
ST_22 : Operation 279 [1/1] (0.00ns)   --->   "%tmp_29 = call i64 @_ssdm_op_BitConcatenate.i64.i59.i5(i59 0, i5 %or_ln321_8)" [sha256.cpp:154]   --->   Operation 279 'bitconcatenate' 'tmp_29' <Predicate = true> <Delay = 0.00>
ST_22 : Operation 280 [1/1] (0.00ns)   --->   "%H_V_addr_14 = getelementptr [256 x i32]* %H_V, i64 0, i64 %tmp_29" [sha256.cpp:154]   --->   Operation 280 'getelementptr' 'H_V_addr_14' <Predicate = true> <Delay = 0.00>
ST_22 : Operation 281 [1/1] (3.25ns)   --->   "store i32 %add_ln209_2, i32* %H_V_addr_13, align 8" [sha256.cpp:153]   --->   Operation 281 'store' <Predicate = true> <Delay = 3.25> <Core = "RAM">   --->   Core 37 'RAM' <Latency = 1> <II = 1> <Delay = 2.32> <Storage> <Opcode : 'load' 'store'> <Ports = 2> <Width = 32> <Depth = 8> <RAM>
ST_22 : Operation 282 [1/1] (2.55ns)   --->   "%add_ln209_3 = add i32 %p_0792_0, %d_V" [sha256.cpp:154]   --->   Operation 282 'add' 'add_ln209_3' <Predicate = true> <Delay = 2.55> <Core = "AddSub">   --->   Core 14 'AddSub' <Latency = 0> <II = 1> <Delay = 1.73> <FuncUnit> <Opcode : 'add' 'sub'> <InPorts = 2> <OutPorts = 1>
ST_22 : Operation 283 [1/1] (3.25ns)   --->   "store i32 %add_ln209_3, i32* %H_V_addr_14, align 4" [sha256.cpp:154]   --->   Operation 283 'store' <Predicate = true> <Delay = 3.25> <Core = "RAM">   --->   Core 37 'RAM' <Latency = 1> <II = 1> <Delay = 2.32> <Storage> <Opcode : 'load' 'store'> <Ports = 2> <Width = 32> <Depth = 8> <RAM>

State 23 <SV = 11> <Delay = 3.25>
ST_23 : Operation 284 [1/1] (0.00ns)   --->   "%or_ln321_9 = or i5 %tmp_26, 4" [sha256.cpp:155]   --->   Operation 284 'or' 'or_ln321_9' <Predicate = true> <Delay = 0.00>
ST_23 : Operation 285 [1/1] (0.00ns)   --->   "%tmp_30 = call i64 @_ssdm_op_BitConcatenate.i64.i59.i5(i59 0, i5 %or_ln321_9)" [sha256.cpp:155]   --->   Operation 285 'bitconcatenate' 'tmp_30' <Predicate = true> <Delay = 0.00>
ST_23 : Operation 286 [1/1] (0.00ns)   --->   "%H_V_addr_15 = getelementptr [256 x i32]* %H_V, i64 0, i64 %tmp_30" [sha256.cpp:155]   --->   Operation 286 'getelementptr' 'H_V_addr_15' <Predicate = true> <Delay = 0.00>
ST_23 : Operation 287 [1/1] (0.00ns)   --->   "%or_ln321_10 = or i5 %tmp_26, 5" [sha256.cpp:156]   --->   Operation 287 'or' 'or_ln321_10' <Predicate = true> <Delay = 0.00>
ST_23 : Operation 288 [1/1] (0.00ns)   --->   "%tmp_31 = call i64 @_ssdm_op_BitConcatenate.i64.i59.i5(i59 0, i5 %or_ln321_10)" [sha256.cpp:156]   --->   Operation 288 'bitconcatenate' 'tmp_31' <Predicate = true> <Delay = 0.00>
ST_23 : Operation 289 [1/1] (0.00ns)   --->   "%H_V_addr_16 = getelementptr [256 x i32]* %H_V, i64 0, i64 %tmp_31" [sha256.cpp:156]   --->   Operation 289 'getelementptr' 'H_V_addr_16' <Predicate = true> <Delay = 0.00>
ST_23 : Operation 290 [1/1] (3.25ns)   --->   "store i32 %add_ln209_4, i32* %H_V_addr_15, align 16" [sha256.cpp:155]   --->   Operation 290 'store' <Predicate = true> <Delay = 3.25> <Core = "RAM">   --->   Core 37 'RAM' <Latency = 1> <II = 1> <Delay = 2.32> <Storage> <Opcode : 'load' 'store'> <Ports = 2> <Width = 32> <Depth = 8> <RAM>
ST_23 : Operation 291 [1/1] (3.25ns)   --->   "store i32 %add_ln209_5, i32* %H_V_addr_16, align 4" [sha256.cpp:156]   --->   Operation 291 'store' <Predicate = true> <Delay = 3.25> <Core = "RAM">   --->   Core 37 'RAM' <Latency = 1> <II = 1> <Delay = 2.32> <Storage> <Opcode : 'load' 'store'> <Ports = 2> <Width = 32> <Depth = 8> <RAM>

State 24 <SV = 12> <Delay = 5.80>
ST_24 : Operation 292 [1/1] (0.00ns)   --->   "%or_ln321_11 = or i5 %tmp_26, 6" [sha256.cpp:157]   --->   Operation 292 'or' 'or_ln321_11' <Predicate = true> <Delay = 0.00>
ST_24 : Operation 293 [1/1] (0.00ns)   --->   "%tmp_32 = call i64 @_ssdm_op_BitConcatenate.i64.i59.i5(i59 0, i5 %or_ln321_11)" [sha256.cpp:157]   --->   Operation 293 'bitconcatenate' 'tmp_32' <Predicate = true> <Delay = 0.00>
ST_24 : Operation 294 [1/1] (0.00ns)   --->   "%H_V_addr_17 = getelementptr [256 x i32]* %H_V, i64 0, i64 %tmp_32" [sha256.cpp:157]   --->   Operation 294 'getelementptr' 'H_V_addr_17' <Predicate = true> <Delay = 0.00>
ST_24 : Operation 295 [1/1] (0.00ns)   --->   "%or_ln321_12 = or i5 %tmp_26, 7" [sha256.cpp:158]   --->   Operation 295 'or' 'or_ln321_12' <Predicate = true> <Delay = 0.00>
ST_24 : Operation 296 [1/1] (0.00ns)   --->   "%tmp_33 = call i64 @_ssdm_op_BitConcatenate.i64.i59.i5(i59 0, i5 %or_ln321_12)" [sha256.cpp:158]   --->   Operation 296 'bitconcatenate' 'tmp_33' <Predicate = true> <Delay = 0.00>
ST_24 : Operation 297 [1/1] (0.00ns)   --->   "%H_V_addr_18 = getelementptr [256 x i32]* %H_V, i64 0, i64 %tmp_33" [sha256.cpp:158]   --->   Operation 297 'getelementptr' 'H_V_addr_18' <Predicate = true> <Delay = 0.00>
ST_24 : Operation 298 [1/1] (3.25ns)   --->   "store i32 %add_ln209_6, i32* %H_V_addr_17, align 8" [sha256.cpp:157]   --->   Operation 298 'store' <Predicate = true> <Delay = 3.25> <Core = "RAM">   --->   Core 37 'RAM' <Latency = 1> <II = 1> <Delay = 2.32> <Storage> <Opcode : 'load' 'store'> <Ports = 2> <Width = 32> <Depth = 8> <RAM>
ST_24 : Operation 299 [1/1] (2.55ns)   --->   "%add_ln209_7 = add i32 %p_0625_0, %h_V" [sha256.cpp:158]   --->   Operation 299 'add' 'add_ln209_7' <Predicate = true> <Delay = 2.55> <Core = "AddSub">   --->   Core 14 'AddSub' <Latency = 0> <II = 1> <Delay = 1.73> <FuncUnit> <Opcode : 'add' 'sub'> <InPorts = 2> <OutPorts = 1>
ST_24 : Operation 300 [1/1] (3.25ns)   --->   "store i32 %add_ln209_7, i32* %H_V_addr_18, align 4" [sha256.cpp:158]   --->   Operation 300 'store' <Predicate = true> <Delay = 3.25> <Core = "RAM">   --->   Core 37 'RAM' <Latency = 1> <II = 1> <Delay = 2.32> <Storage> <Opcode : 'load' 'store'> <Ports = 2> <Width = 32> <Depth = 8> <RAM>
ST_24 : Operation 301 [1/1] (0.00ns)   --->   "br label %.preheader9" [sha256.cpp:114]   --->   Operation 301 'br' <Predicate = true> <Delay = 0.00>

State 25 <SV = 5> <Delay = 4.22>
ST_25 : Operation 302 [1/1] (0.00ns)   --->   "%i7_0 = phi i4 [ %i_13, %8 ], [ 0, %.preheader.preheader ]"   --->   Operation 302 'phi' 'i7_0' <Predicate = true> <Delay = 0.00>
ST_25 : Operation 303 [1/1] (1.30ns)   --->   "%icmp_ln161 = icmp eq i4 %i7_0, -8" [sha256.cpp:161]   --->   Operation 303 'icmp' 'icmp_ln161' <Predicate = true> <Delay = 1.30> <Core = "Cmp">   --->   Core 25 'Cmp' <Latency = 0> <II = 1> <Delay = 1.30> <FuncUnit> <Opcode : 'icmp'> <InPorts = 2> <OutPorts = 1>
ST_25 : Operation 304 [1/1] (0.00ns)   --->   "%empty_22 = call i32 (...)* @_ssdm_op_SpecLoopTripCount(i64 8, i64 8, i64 8)"   --->   Operation 304 'speclooptripcount' 'empty_22' <Predicate = true> <Delay = 0.00>
ST_25 : Operation 305 [1/1] (1.73ns)   --->   "%i_13 = add i4 %i7_0, 1" [sha256.cpp:161]   --->   Operation 305 'add' 'i_13' <Predicate = true> <Delay = 1.73> <Core = "AddSub">   --->   Core 14 'AddSub' <Latency = 0> <II = 1> <Delay = 1.73> <FuncUnit> <Opcode : 'add' 'sub'> <InPorts = 2> <OutPorts = 1>
ST_25 : Operation 306 [1/1] (0.00ns)   --->   "br i1 %icmp_ln161, label %9, label %8" [sha256.cpp:161]   --->   Operation 306 'br' <Predicate = true> <Delay = 0.00>
ST_25 : Operation 307 [1/1] (0.97ns)   --->   "%xor_ln321 = xor i4 %i7_0, -8" [sha256.cpp:162]   --->   Operation 307 'xor' 'xor_ln321' <Predicate = (!icmp_ln161)> <Delay = 0.97> <Core = "LogicGate">   --->   Core 27 'LogicGate' <Latency = 0> <II = 1> <Delay = 0.97> <FuncUnit> <Opcode : 'and' 'or' 'xor'> <InPorts = 2> <OutPorts = 1>
ST_25 : Operation 308 [1/1] (0.00ns)   --->   "%zext_ln321_6 = zext i4 %xor_ln321 to i64" [sha256.cpp:162]   --->   Operation 308 'zext' 'zext_ln321_6' <Predicate = (!icmp_ln161)> <Delay = 0.00>
ST_25 : Operation 309 [1/1] (0.00ns)   --->   "%H_V_addr_10 = getelementptr [256 x i32]* %H_V, i64 0, i64 %zext_ln321_6" [sha256.cpp:162]   --->   Operation 309 'getelementptr' 'H_V_addr_10' <Predicate = (!icmp_ln161)> <Delay = 0.00>
ST_25 : Operation 310 [2/2] (3.25ns)   --->   "%H_V_load = load i32* %H_V_addr_10, align 4" [sha256.cpp:162]   --->   Operation 310 'load' 'H_V_load' <Predicate = (!icmp_ln161)> <Delay = 3.25> <Core = "RAM">   --->   Core 37 'RAM' <Latency = 1> <II = 1> <Delay = 2.32> <Storage> <Opcode : 'load' 'store'> <Ports = 2> <Width = 32> <Depth = 8> <RAM>
ST_25 : Operation 311 [1/1] (0.00ns)   --->   "ret void" [sha256.cpp:169]   --->   Operation 311 'ret' <Predicate = (icmp_ln161)> <Delay = 0.00>

State 26 <SV = 6> <Delay = 5.57>
ST_26 : Operation 312 [1/1] (0.00ns)   --->   "%zext_ln162 = zext i4 %i7_0 to i64" [sha256.cpp:162]   --->   Operation 312 'zext' 'zext_ln162' <Predicate = true> <Delay = 0.00>
ST_26 : Operation 313 [1/2] (3.25ns)   --->   "%H_V_load = load i32* %H_V_addr_10, align 4" [sha256.cpp:162]   --->   Operation 313 'load' 'H_V_load' <Predicate = true> <Delay = 3.25> <Core = "RAM">   --->   Core 37 'RAM' <Latency = 1> <II = 1> <Delay = 2.32> <Storage> <Opcode : 'load' 'store'> <Ports = 2> <Width = 32> <Depth = 8> <RAM>
ST_26 : Operation 314 [1/1] (0.00ns)   --->   "%outputlocation_V_add = getelementptr [8 x i32]* %outputlocation_V, i64 0, i64 %zext_ln162" [sha256.cpp:162]   --->   Operation 314 'getelementptr' 'outputlocation_V_add' <Predicate = true> <Delay = 0.00>
ST_26 : Operation 315 [1/1] (2.32ns)   --->   "store i32 %H_V_load, i32* %outputlocation_V_add, align 4" [sha256.cpp:162]   --->   Operation 315 'store' <Predicate = true> <Delay = 2.32> <Core = "RAM">   --->   Core 37 'RAM' <Latency = 1> <II = 1> <Delay = 2.32> <Storage> <Opcode : 'load' 'store'> <Ports = 2> <Width = 32> <Depth = 8> <RAM>
ST_26 : Operation 316 [1/1] (0.00ns)   --->   "br label %.preheader" [sha256.cpp:161]   --->   Operation 316 'br' <Predicate = true> <Delay = 0.00>


============================================================
+ Verbose Summary: Timing violations
============================================================
Target clock period: 10ns, clock uncertainty: 1.25ns.

 <State 1>: 3.25ns
The critical path consists of the following:
	'alloca' operation ('message.V', sha256.cpp:77) [7]  (0 ns)
	'getelementptr' operation ('message_V_addr', sha256.cpp:77) [13]  (0 ns)
	'store' operation ('store_ln77', sha256.cpp:77) of constant 0 on array 'message.V', sha256.cpp:77 [14]  (3.25 ns)

 <State 2>: 3.25ns
The critical path consists of the following:
	'getelementptr' operation ('message_V_addr_2', sha256.cpp:85) [30]  (0 ns)
	'store' operation ('store_ln85', sha256.cpp:85) of constant 2147483648 on array 'message.V', sha256.cpp:77 [31]  (3.25 ns)

 <State 3>: 5.58ns
The critical path consists of the following:
	'load' operation ('input_V_load', sha256.cpp:80) on array 'input_V' [25]  (2.32 ns)
	'store' operation ('store_ln80', sha256.cpp:80) of variable 'input_V_load', sha256.cpp:80 on array 'message.V', sha256.cpp:77 [27]  (3.25 ns)

 <State 4>: 3.25ns
The critical path consists of the following:
	'store' operation ('store_ln108', sha256.cpp:108) of constant 0 on array 'H.V', sha256.cpp:108 [68]  (3.25 ns)

 <State 5>: 5.03ns
The critical path consists of the following:
	'phi' operation ('j') with incoming values : ('j', sha256.cpp:105) [46]  (0 ns)
	'add' operation ('add_ln106', sha256.cpp:106) [59]  (1.78 ns)
	'getelementptr' operation ('message_V_addr_6', sha256.cpp:106) [61]  (0 ns)
	'load' operation ('message_V_load', sha256.cpp:106) on array 'message.V', sha256.cpp:77 [62]  (3.25 ns)

 <State 6>: 6.51ns
The critical path consists of the following:
	'load' operation ('message_V_load', sha256.cpp:106) on array 'message.V', sha256.cpp:77 [62]  (3.25 ns)
	'store' operation ('store_ln106', sha256.cpp:106) of variable 'message_V_load', sha256.cpp:106 on array 'M.V', sha256.cpp:102 [63]  (3.25 ns)

 <State 7>: 3.25ns
The critical path consists of the following:
	'phi' operation ('i') with incoming values : ('i', sha256.cpp:110) [71]  (0 ns)
	'getelementptr' operation ('H_0_V_addr', sha256.cpp:111) [79]  (0 ns)
	'load' operation ('H_0_V_load', sha256.cpp:111) on array 'H_0_V' [80]  (3.25 ns)

 <State 8>: 6.51ns
The critical path consists of the following:
	'load' operation ('H_0_V_load', sha256.cpp:111) on array 'H_0_V' [80]  (3.25 ns)
	'store' operation ('store_ln111', sha256.cpp:111) of variable 'H_0_V_load', sha256.cpp:111 on array 'H.V', sha256.cpp:108 [81]  (3.25 ns)

 <State 9>: 4.82ns
The critical path consists of the following:
	'phi' operation ('i') with incoming values : ('i', sha256.cpp:114) [86]  (0 ns)
	'add' operation ('add_ln116', sha256.cpp:116) [91]  (1.56 ns)
	'getelementptr' operation ('H_V_addr_2', sha256.cpp:116) [96]  (0 ns)
	'load' operation ('a.V', sha256.cpp:116) on array 'H.V', sha256.cpp:108 [118]  (3.25 ns)

 <State 10>: 3.25ns
The critical path consists of the following:
	'or' operation ('or_ln118', sha256.cpp:118) [100]  (0 ns)
	'getelementptr' operation ('H_V_addr_4', sha256.cpp:118) [102]  (0 ns)
	'load' operation ('c.V', sha256.cpp:118) on array 'H.V', sha256.cpp:108 [120]  (3.25 ns)

 <State 11>: 3.25ns
The critical path consists of the following:
	'or' operation ('or_ln120', sha256.cpp:120) [106]  (0 ns)
	'getelementptr' operation ('H_V_addr_6', sha256.cpp:120) [108]  (0 ns)
	'load' operation ('e.V', sha256.cpp:120) on array 'H.V', sha256.cpp:108 [122]  (3.25 ns)

 <State 12>: 3.25ns
The critical path consists of the following:
	'or' operation ('or_ln122', sha256.cpp:122) [112]  (0 ns)
	'getelementptr' operation ('H_V_addr_8', sha256.cpp:122) [114]  (0 ns)
	'load' operation ('g.V', sha256.cpp:122) on array 'H.V', sha256.cpp:108 [124]  (3.25 ns)

 <State 13>: 3.25ns
The critical path consists of the following:
	'load' operation ('g.V', sha256.cpp:122) on array 'H.V', sha256.cpp:108 [124]  (3.25 ns)

 <State 14>: 5.81ns
The critical path consists of the following:
	'phi' operation ('a.V') with incoming values : ('a.V', sha256.cpp:116) ('a.V', sha256.cpp:148) [128]  (0 ns)
	'add' operation ('add_ln209', sha256.cpp:151) [265]  (2.55 ns)
	'store' operation ('store_ln151', sha256.cpp:151) of variable 'add_ln209', sha256.cpp:151 on array 'H.V', sha256.cpp:108 [266]  (3.25 ns)

 <State 15>: 5.12ns
The critical path consists of the following:
	'add' operation ('add_ln137_2', sha256.cpp:137) [198]  (1.87 ns)
	'getelementptr' operation ('W_V_addr_3', sha256.cpp:137) [200]  (0 ns)
	'load' operation ('tempWord.V', sha256.cpp:137) on array 'W.V', sha256.cpp:125 [201]  (3.25 ns)

 <State 16>: 5.81ns
The critical path consists of the following:
	'load' operation ('tempWord.V', sha256.cpp:137) on array 'W.V', sha256.cpp:125 [201]  (3.25 ns)
	'xor' operation ('ret.V', sha256.cpp:46->sha256.cpp:137) [211]  (0 ns)
	'add' operation ('add_ln209_19', sha256.cpp:137) [217]  (2.55 ns)

 <State 17>: 7.62ns
The critical path consists of the following:
	'add' operation ('add_ln209_18', sha256.cpp:137) [216]  (0 ns)
	'add' operation ('add_ln209_10', sha256.cpp:137) [218]  (4.37 ns)
	'store' operation ('store_ln137', sha256.cpp:137) of variable 'add_ln209_10', sha256.cpp:137 on array 'W.V', sha256.cpp:125 [220]  (3.25 ns)

 <State 18>: 6.51ns
The critical path consists of the following:
	'load' operation ('M_V_load', sha256.cpp:135) on array 'M.V', sha256.cpp:102 [223]  (3.25 ns)
	'store' operation ('store_ln135', sha256.cpp:135) of variable 'M_V_load', sha256.cpp:135 on array 'W.V', sha256.cpp:125 [225]  (3.25 ns)

 <State 19>: 3.25ns
The critical path consists of the following:
	'getelementptr' operation ('K_addr', sha256.cpp:139) [228]  (0 ns)
	'load' operation ('K_load', sha256.cpp:139) on array 'K' [229]  (3.25 ns)

 <State 20>: 7.62ns
The critical path consists of the following:
	'load' operation ('K_load', sha256.cpp:139) on array 'K' [229]  (3.25 ns)
	'add' operation ('add_ln209_20', sha256.cpp:139) [232]  (0 ns)
	'add' operation ('T1.V', sha256.cpp:139) [235]  (4.37 ns)

 <State 21>: 4.37ns
The critical path consists of the following:
	'add' operation ('add_ln209_25', sha256.cpp:148) [237]  (0 ns)
	'add' operation ('a.V', sha256.cpp:148) [238]  (4.37 ns)

 <State 22>: 5.81ns
The critical path consists of the following:
	'add' operation ('add_ln209_3', sha256.cpp:154) [271]  (2.55 ns)
	'store' operation ('store_ln154', sha256.cpp:154) of variable 'add_ln209_3', sha256.cpp:154 on array 'H.V', sha256.cpp:108 [272]  (3.25 ns)

 <State 23>: 3.25ns
The critical path consists of the following:
	'or' operation ('or_ln321_9', sha256.cpp:155) [253]  (0 ns)
	'getelementptr' operation ('H_V_addr_15', sha256.cpp:155) [255]  (0 ns)
	'store' operation ('store_ln155', sha256.cpp:155) of variable 'add_ln209_4', sha256.cpp:155 on array 'H.V', sha256.cpp:108 [274]  (3.25 ns)

 <State 24>: 5.81ns
The critical path consists of the following:
	'add' operation ('add_ln209_7', sha256.cpp:158) [279]  (2.55 ns)
	'store' operation ('store_ln158', sha256.cpp:158) of variable 'add_ln209_7', sha256.cpp:158 on array 'H.V', sha256.cpp:108 [280]  (3.25 ns)

 <State 25>: 4.23ns
The critical path consists of the following:
	'phi' operation ('i') with incoming values : ('i', sha256.cpp:161) [286]  (0 ns)
	'xor' operation ('xor_ln321', sha256.cpp:162) [293]  (0.975 ns)
	'getelementptr' operation ('H_V_addr_10', sha256.cpp:162) [295]  (0 ns)
	'load' operation ('H_V_load', sha256.cpp:162) on array 'H.V', sha256.cpp:108 [296]  (3.25 ns)

 <State 26>: 5.58ns
The critical path consists of the following:
	'load' operation ('H_V_load', sha256.cpp:162) on array 'H.V', sha256.cpp:108 [296]  (3.25 ns)
	'store' operation ('store_ln162', sha256.cpp:162) of variable 'H_V_load', sha256.cpp:162 on array 'outputlocation_V' [298]  (2.32 ns)


============================================================
+ Verbose Summary: Binding
============================================================
N/A
* FSMD analyzer results:
  - Output states:
 - Input state : 
  - Chain level:
	State 1
	State 2
	State 3
	State 4
	State 5
	State 6
	State 7
	State 8
	State 9
	State 10
	State 11
	State 12
	State 13
	State 14
	State 15
	State 16
	State 17
	State 18
	State 19
	State 20
	State 21
	State 22
	State 23
	State 24
	State 25
	State 26


============================================================
+ Verbose Summary: Datapath Resource usage 
============================================================
N/A
