

================================================================
== Vivado HLS Report for 'mineblock'
================================================================
* Date:           Thu Nov 21 20:50:34 2024

* Version:        2019.2 (Build 2704478 on Wed Nov 06 22:10:23 MST 2019)
* Project:        sha.prj
* Solution:       solution1
* Product family: zynq
* Target device:  xc7z020-clg484-1


================================================================
== Performance Estimates
================================================================
+ Timing: 
    * Summary: 
    +--------+----------+----------+------------+
    |  Clock |  Target  | Estimated| Uncertainty|
    +--------+----------+----------+------------+
    |ap_clk  | 10.00 ns | 7.625 ns |   1.25 ns  |
    +--------+----------+----------+------------+

+ Latency: 
    * Summary: 
    +---------+---------+----------+----------+-----+-----+---------+
    |  Latency (cycles) |  Latency (absolute) |  Interval | Pipeline|
    |   min   |   max   |    min   |    max   | min | max |   Type  |
    +---------+---------+----------+----------+-----+-----+---------+
    |        ?|        ?|         ?|         ?|    ?|    ?|   none  |
    +---------+---------+----------+----------+-----+-----+---------+

    + Detail: 
        * Instance: 
        +--------------------+---------+---------+---------+----------+-----------+-----+------+---------+
        |                    |         |  Latency (cycles) |  Latency (absolute)  |  Interval  | Pipeline|
        |      Instance      |  Module |   min   |   max   |    min   |    max    | min |  max |   Type  |
        +--------------------+---------+---------+---------+----------+-----------+-----+------+---------+
        |grp_hash1_1_fu_279  |hash1_1  |      993|     1121| 9.930 us | 11.210 us |  993|  1121|   none  |
        |grp_hash1_fu_289    |hash1    |      544|      608| 5.440 us |  6.080 us |  544|   608|   none  |
        +--------------------+---------+---------+---------+----------+-----------+-----+------+---------+

        * Loop: 
        +-------------+---------+---------+-------------+-----------+-----------+-------+----------+
        |             |  Latency (cycles) |  Iteration  |  Initiation Interval  |  Trip |          |
        |  Loop Name  |   min   |   max   |   Latency   |  achieved |   target  | Count | Pipelined|
        +-------------+---------+---------+-------------+-----------+-----------+-------+----------+
        |- Loop 1     |       16|       16|            2|          -|          -|      8|    no    |
        |- Loop 2     |       16|       16|            2|          -|          -|      8|    no    |
        |- Loop 3     |        ?|        ?| 1545 ~ 1753 |          -|          -|      ?|    no    |
        | + Loop 3.1  |        2|       17|            2|          -|          -| 1 ~ 8 |    no    |
        |- Loop 4     |       16|       16|            2|          -|          -|      8|    no    |
        +-------------+---------+---------+-------------+-----------+-----------+-------+----------+

============================================================
+ Verbose Summary: Synthesis Manager
============================================================
InlineROM: 1
ExposeGlobal: 0
============================================================
+ Verbose Summary: CDFG Model
============================================================
IsTopModel: 0
ResetActiveHigh: 1
IsCombinational: 0
IsDatapathOnly: 0
HasWiredReturn: 1
HasMFsm: 0
HasVarLatency: 1
IsPipeline: 0
IsRtlPipelined: 0
IsInstanceOverlapped: 0
IsDontTouch: 0
HasImplIP: 0
IsGatedGlobalClock: 0


============================================================
+ Verbose Summary: Schedule
============================================================
* Number of FSM states : 14
* Pipeline : 0
* Dataflow Pipeline: 0

* FSM state transitions: 
1 --> 2 
2 --> 3 4 
3 --> 2 
4 --> 5 6 
5 --> 4 
6 --> 7 
7 --> 8 
8 --> 9 
9 --> 10 
10 --> 11 
11 --> 12 
12 --> 11 13 6 
13 --> 14 
14 --> 13 

* FSM state operations: 

State 1 <SV = 0> <Delay = 4.64>
ST_1 : Operation 15 [1/1] (0.00ns)   --->   "%nbits_0_V_read_1 = call i32 @_ssdm_op_Read.ap_auto.i32(i32 %nbits_0_V_read)"   --->   Operation 15 'read' 'nbits_0_V_read_1' <Predicate = true> <Delay = 0.00>
ST_1 : Operation 16 [1/1] (0.00ns)   --->   "%time_0_V_read_1 = call i32 @_ssdm_op_Read.ap_auto.i32(i32 %time_0_V_read)"   --->   Operation 16 'read' 'time_0_V_read_1' <Predicate = true> <Delay = 0.00>
ST_1 : Operation 17 [1/1] (0.00ns)   --->   "%version_0_V_read_1 = call i32 @_ssdm_op_Read.ap_auto.i32(i32 %version_0_V_read)"   --->   Operation 17 'read' 'version_0_V_read_1' <Predicate = true> <Delay = 0.00>
ST_1 : Operation 18 [1/1] (0.00ns)   --->   "%noncestart_V_read = call i32 @_ssdm_op_Read.ap_auto.i32(i32 %noncestart_V)"   --->   Operation 18 'read' 'noncestart_V_read' <Predicate = true> <Delay = 0.00>
ST_1 : Operation 19 [1/1] (2.32ns)   --->   "%hash0_V = alloca [8 x i32], align 4" [miner.cpp:125->miner.cpp:204]   --->   Operation 19 'alloca' 'hash0_V' <Predicate = true> <Delay = 2.32>
ST_1 : Operation 20 [1/1] (2.32ns)   --->   "%blockheader_V = alloca [20 x i32], align 4" [miner.cpp:142]   --->   Operation 20 'alloca' 'blockheader_V' <Predicate = true> <Delay = 2.32> <Core = "RAM">   --->   Core 37 'RAM' <Latency = 1> <II = 1> <Delay = 2.32> <Storage> <Opcode : 'load' 'store'> <Ports = 2> <Width = 32> <Depth = 8> <RAM>
ST_1 : Operation 21 [1/1] (2.32ns)   --->   "%result_V_assign = alloca [8 x i32], align 4"   --->   Operation 21 'alloca' 'result_V_assign' <Predicate = true> <Delay = 2.32> <Core = "RAM">   --->   Core 37 'RAM' <Latency = 1> <II = 1> <Delay = 2.32> <Storage> <Opcode : 'load' 'store'> <Ports = 2> <Width = 32> <Depth = 8> <RAM>
ST_1 : Operation 22 [1/1] (2.55ns)   --->   "%nonce_V = add i32 %noncestart_V_read, -1" [miner.cpp:139]   --->   Operation 22 'add' 'nonce_V' <Predicate = true> <Delay = 2.55> <Core = "AddSub">   --->   Core 14 'AddSub' <Latency = 0> <II = 1> <Delay = 1.73> <FuncUnit> <Opcode : 'add' 'sub'> <InPorts = 2> <OutPorts = 1>
ST_1 : Operation 23 [1/1] (0.00ns)   --->   "%blockheader_V_addr = getelementptr [20 x i32]* %blockheader_V, i64 0, i64 0" [miner.cpp:156]   --->   Operation 23 'getelementptr' 'blockheader_V_addr' <Predicate = true> <Delay = 0.00>
ST_1 : Operation 24 [1/1] (2.32ns)   --->   "store i32 %version_0_V_read_1, i32* %blockheader_V_addr, align 16" [miner.cpp:156]   --->   Operation 24 'store' <Predicate = true> <Delay = 2.32> <Core = "RAM">   --->   Core 37 'RAM' <Latency = 1> <II = 1> <Delay = 2.32> <Storage> <Opcode : 'load' 'store'> <Ports = 2> <Width = 32> <Depth = 8> <RAM>
ST_1 : Operation 25 [1/1] (1.76ns)   --->   "br label %1" [miner.cpp:159]   --->   Operation 25 'br' <Predicate = true> <Delay = 1.76>

State 2 <SV = 1> <Delay = 2.32>
ST_2 : Operation 26 [1/1] (0.00ns)   --->   "%i_0 = phi i4 [ 0, %0 ], [ %i, %2 ]"   --->   Operation 26 'phi' 'i_0' <Predicate = true> <Delay = 0.00>
ST_2 : Operation 27 [1/1] (1.30ns)   --->   "%icmp_ln159 = icmp eq i4 %i_0, -8" [miner.cpp:159]   --->   Operation 27 'icmp' 'icmp_ln159' <Predicate = true> <Delay = 1.30> <Core = "Cmp">   --->   Core 25 'Cmp' <Latency = 0> <II = 1> <Delay = 1.30> <FuncUnit> <Opcode : 'icmp'> <InPorts = 2> <OutPorts = 1>
ST_2 : Operation 28 [1/1] (0.00ns)   --->   "%empty = call i32 (...)* @_ssdm_op_SpecLoopTripCount(i64 8, i64 8, i64 8)"   --->   Operation 28 'speclooptripcount' 'empty' <Predicate = true> <Delay = 0.00>
ST_2 : Operation 29 [1/1] (1.73ns)   --->   "%i = add i4 %i_0, 1" [miner.cpp:160]   --->   Operation 29 'add' 'i' <Predicate = true> <Delay = 1.73> <Core = "AddSub">   --->   Core 14 'AddSub' <Latency = 0> <II = 1> <Delay = 1.73> <FuncUnit> <Opcode : 'add' 'sub'> <InPorts = 2> <OutPorts = 1>
ST_2 : Operation 30 [1/1] (0.00ns)   --->   "br i1 %icmp_ln159, label %.preheader.preheader, label %2" [miner.cpp:159]   --->   Operation 30 'br' <Predicate = true> <Delay = 0.00>
ST_2 : Operation 31 [1/1] (0.00ns)   --->   "%zext_ln160_1 = zext i4 %i_0 to i64" [miner.cpp:160]   --->   Operation 31 'zext' 'zext_ln160_1' <Predicate = (!icmp_ln159)> <Delay = 0.00>
ST_2 : Operation 32 [1/1] (0.00ns)   --->   "%prevhash_V_addr = getelementptr [8 x i32]* %prevhash_V, i64 0, i64 %zext_ln160_1" [miner.cpp:160]   --->   Operation 32 'getelementptr' 'prevhash_V_addr' <Predicate = (!icmp_ln159)> <Delay = 0.00>
ST_2 : Operation 33 [2/2] (2.32ns)   --->   "%prevhash_V_load = load i32* %prevhash_V_addr, align 4" [miner.cpp:160]   --->   Operation 33 'load' 'prevhash_V_load' <Predicate = (!icmp_ln159)> <Delay = 2.32> <Core = "RAM">   --->   Core 37 'RAM' <Latency = 1> <II = 1> <Delay = 2.32> <Storage> <Opcode : 'load' 'store'> <Ports = 2> <Width = 32> <Depth = 8> <RAM>
ST_2 : Operation 34 [1/1] (1.76ns)   --->   "br label %.preheader" [miner.cpp:164]   --->   Operation 34 'br' <Predicate = (icmp_ln159)> <Delay = 1.76>

State 3 <SV = 2> <Delay = 4.64>
ST_3 : Operation 35 [1/1] (0.00ns)   --->   "%zext_ln160 = zext i4 %i to i64" [miner.cpp:160]   --->   Operation 35 'zext' 'zext_ln160' <Predicate = true> <Delay = 0.00>
ST_3 : Operation 36 [1/2] (2.32ns)   --->   "%prevhash_V_load = load i32* %prevhash_V_addr, align 4" [miner.cpp:160]   --->   Operation 36 'load' 'prevhash_V_load' <Predicate = true> <Delay = 2.32> <Core = "RAM">   --->   Core 37 'RAM' <Latency = 1> <II = 1> <Delay = 2.32> <Storage> <Opcode : 'load' 'store'> <Ports = 2> <Width = 32> <Depth = 8> <RAM>
ST_3 : Operation 37 [1/1] (0.00ns)   --->   "%blockheader_V_addr_1 = getelementptr [20 x i32]* %blockheader_V, i64 0, i64 %zext_ln160" [miner.cpp:160]   --->   Operation 37 'getelementptr' 'blockheader_V_addr_1' <Predicate = true> <Delay = 0.00>
ST_3 : Operation 38 [1/1] (2.32ns)   --->   "store i32 %prevhash_V_load, i32* %blockheader_V_addr_1, align 4" [miner.cpp:160]   --->   Operation 38 'store' <Predicate = true> <Delay = 2.32> <Core = "RAM">   --->   Core 37 'RAM' <Latency = 1> <II = 1> <Delay = 2.32> <Storage> <Opcode : 'load' 'store'> <Ports = 2> <Width = 32> <Depth = 8> <RAM>
ST_3 : Operation 39 [1/1] (0.00ns)   --->   "br label %1" [miner.cpp:159]   --->   Operation 39 'br' <Predicate = true> <Delay = 0.00>

State 4 <SV = 2> <Delay = 2.32>
ST_4 : Operation 40 [1/1] (0.00ns)   --->   "%i1_0 = phi i4 [ %i_1, %3 ], [ 0, %.preheader.preheader ]"   --->   Operation 40 'phi' 'i1_0' <Predicate = true> <Delay = 0.00>
ST_4 : Operation 41 [1/1] (0.00ns)   --->   "%zext_ln164 = zext i4 %i1_0 to i5" [miner.cpp:164]   --->   Operation 41 'zext' 'zext_ln164' <Predicate = true> <Delay = 0.00>
ST_4 : Operation 42 [1/1] (1.30ns)   --->   "%icmp_ln164 = icmp eq i4 %i1_0, -8" [miner.cpp:164]   --->   Operation 42 'icmp' 'icmp_ln164' <Predicate = true> <Delay = 1.30> <Core = "Cmp">   --->   Core 25 'Cmp' <Latency = 0> <II = 1> <Delay = 1.30> <FuncUnit> <Opcode : 'icmp'> <InPorts = 2> <OutPorts = 1>
ST_4 : Operation 43 [1/1] (0.00ns)   --->   "%empty_8 = call i32 (...)* @_ssdm_op_SpecLoopTripCount(i64 8, i64 8, i64 8)"   --->   Operation 43 'speclooptripcount' 'empty_8' <Predicate = true> <Delay = 0.00>
ST_4 : Operation 44 [1/1] (1.73ns)   --->   "%i_1 = add i4 %i1_0, 1" [miner.cpp:164]   --->   Operation 44 'add' 'i_1' <Predicate = true> <Delay = 1.73> <Core = "AddSub">   --->   Core 14 'AddSub' <Latency = 0> <II = 1> <Delay = 1.73> <FuncUnit> <Opcode : 'add' 'sub'> <InPorts = 2> <OutPorts = 1>
ST_4 : Operation 45 [1/1] (0.00ns)   --->   "br i1 %icmp_ln164, label %4, label %3" [miner.cpp:164]   --->   Operation 45 'br' <Predicate = true> <Delay = 0.00>
ST_4 : Operation 46 [1/1] (0.00ns)   --->   "%zext_ln165_1 = zext i4 %i1_0 to i64" [miner.cpp:165]   --->   Operation 46 'zext' 'zext_ln165_1' <Predicate = (!icmp_ln164)> <Delay = 0.00>
ST_4 : Operation 47 [1/1] (0.00ns)   --->   "%merkle_root_V_addr = getelementptr [8 x i32]* %merkle_root_V, i64 0, i64 %zext_ln165_1" [miner.cpp:165]   --->   Operation 47 'getelementptr' 'merkle_root_V_addr' <Predicate = (!icmp_ln164)> <Delay = 0.00>
ST_4 : Operation 48 [2/2] (2.32ns)   --->   "%merkle_root_V_load = load i32* %merkle_root_V_addr, align 4" [miner.cpp:165]   --->   Operation 48 'load' 'merkle_root_V_load' <Predicate = (!icmp_ln164)> <Delay = 2.32> <Core = "RAM">   --->   Core 37 'RAM' <Latency = 1> <II = 1> <Delay = 2.32> <Storage> <Opcode : 'load' 'store'> <Ports = 2> <Width = 32> <Depth = 8> <RAM>
ST_4 : Operation 49 [1/1] (0.00ns)   --->   "%blockheader_V_addr_2 = getelementptr [20 x i32]* %blockheader_V, i64 0, i64 17" [miner.cpp:169]   --->   Operation 49 'getelementptr' 'blockheader_V_addr_2' <Predicate = (icmp_ln164)> <Delay = 0.00>
ST_4 : Operation 50 [1/1] (2.32ns)   --->   "store i32 %time_0_V_read_1, i32* %blockheader_V_addr_2, align 4" [miner.cpp:169]   --->   Operation 50 'store' <Predicate = (icmp_ln164)> <Delay = 2.32> <Core = "RAM">   --->   Core 37 'RAM' <Latency = 1> <II = 1> <Delay = 2.32> <Storage> <Opcode : 'load' 'store'> <Ports = 2> <Width = 32> <Depth = 8> <RAM>
ST_4 : Operation 51 [1/1] (0.00ns)   --->   "%blockheader_V_addr_3 = getelementptr [20 x i32]* %blockheader_V, i64 0, i64 18" [miner.cpp:172]   --->   Operation 51 'getelementptr' 'blockheader_V_addr_3' <Predicate = (icmp_ln164)> <Delay = 0.00>
ST_4 : Operation 52 [1/1] (2.32ns)   --->   "store i32 %nbits_0_V_read_1, i32* %blockheader_V_addr_3, align 8" [miner.cpp:172]   --->   Operation 52 'store' <Predicate = (icmp_ln164)> <Delay = 2.32> <Core = "RAM">   --->   Core 37 'RAM' <Latency = 1> <II = 1> <Delay = 2.32> <Storage> <Opcode : 'load' 'store'> <Ports = 2> <Width = 32> <Depth = 8> <RAM>
ST_4 : Operation 53 [1/1] (0.00ns)   --->   "%blockheader_V_addr_4 = getelementptr [20 x i32]* %blockheader_V, i64 0, i64 19" [miner.cpp:190]   --->   Operation 53 'getelementptr' 'blockheader_V_addr_4' <Predicate = (icmp_ln164)> <Delay = 0.00>
ST_4 : Operation 54 [1/1] (1.76ns)   --->   "br label %5" [miner.cpp:198]   --->   Operation 54 'br' <Predicate = (icmp_ln164)> <Delay = 1.76>

State 5 <SV = 3> <Delay = 4.64>
ST_5 : Operation 55 [1/1] (1.78ns)   --->   "%add_ln165 = add i5 %zext_ln164, 9" [miner.cpp:165]   --->   Operation 55 'add' 'add_ln165' <Predicate = true> <Delay = 1.78> <Core = "AddSub">   --->   Core 14 'AddSub' <Latency = 0> <II = 1> <Delay = 1.73> <FuncUnit> <Opcode : 'add' 'sub'> <InPorts = 2> <OutPorts = 1>
ST_5 : Operation 56 [1/1] (0.00ns)   --->   "%zext_ln165 = zext i5 %add_ln165 to i64" [miner.cpp:165]   --->   Operation 56 'zext' 'zext_ln165' <Predicate = true> <Delay = 0.00>
ST_5 : Operation 57 [1/2] (2.32ns)   --->   "%merkle_root_V_load = load i32* %merkle_root_V_addr, align 4" [miner.cpp:165]   --->   Operation 57 'load' 'merkle_root_V_load' <Predicate = true> <Delay = 2.32> <Core = "RAM">   --->   Core 37 'RAM' <Latency = 1> <II = 1> <Delay = 2.32> <Storage> <Opcode : 'load' 'store'> <Ports = 2> <Width = 32> <Depth = 8> <RAM>
ST_5 : Operation 58 [1/1] (0.00ns)   --->   "%blockheader_V_addr_5 = getelementptr [20 x i32]* %blockheader_V, i64 0, i64 %zext_ln165" [miner.cpp:165]   --->   Operation 58 'getelementptr' 'blockheader_V_addr_5' <Predicate = true> <Delay = 0.00>
ST_5 : Operation 59 [1/1] (2.32ns)   --->   "store i32 %merkle_root_V_load, i32* %blockheader_V_addr_5, align 4" [miner.cpp:165]   --->   Operation 59 'store' <Predicate = true> <Delay = 2.32> <Core = "RAM">   --->   Core 37 'RAM' <Latency = 1> <II = 1> <Delay = 2.32> <Storage> <Opcode : 'load' 'store'> <Ports = 2> <Width = 32> <Depth = 8> <RAM>
ST_5 : Operation 60 [1/1] (0.00ns)   --->   "br label %.preheader" [miner.cpp:164]   --->   Operation 60 'br' <Predicate = true> <Delay = 0.00>

State 6 <SV = 3> <Delay = 4.87>
ST_6 : Operation 61 [1/1] (0.00ns)   --->   "%t_V = phi i32 [ %nonce_V, %4 ], [ %final_result_nonce_V, %.loopexit ]"   --->   Operation 61 'phi' 't_V' <Predicate = true> <Delay = 0.00>
ST_6 : Operation 62 [1/1] (2.55ns)   --->   "%final_result_nonce_V = add i32 %t_V, 1" [miner.cpp:200]   --->   Operation 62 'add' 'final_result_nonce_V' <Predicate = true> <Delay = 2.55> <Core = "AddSub">   --->   Core 14 'AddSub' <Latency = 0> <II = 1> <Delay = 1.73> <FuncUnit> <Opcode : 'add' 'sub'> <InPorts = 2> <OutPorts = 1>
ST_6 : Operation 63 [1/1] (2.32ns)   --->   "store i32 %final_result_nonce_V, i32* %blockheader_V_addr_4, align 4" [miner.cpp:201]   --->   Operation 63 'store' <Predicate = true> <Delay = 2.32> <Core = "RAM">   --->   Core 37 'RAM' <Latency = 1> <II = 1> <Delay = 2.32> <Storage> <Opcode : 'load' 'store'> <Ports = 2> <Width = 32> <Depth = 8> <RAM>

State 7 <SV = 4> <Delay = 0.00>
ST_7 : Operation 64 [2/2] (0.00ns)   --->   "call fastcc void @hash1.1([20 x i32]* %blockheader_V, [8 x i32]* %hash0_V)" [miner.cpp:126->miner.cpp:204]   --->   Operation 64 'call' <Predicate = true> <Delay = 0.00> <CoreType = "Generic">   --->   Core 0 '' <Latency = 0> <II = 1> <Delay = 1.00> <Generic> <Opcode : >

State 8 <SV = 5> <Delay = 0.00>
ST_8 : Operation 65 [1/2] (0.00ns)   --->   "call fastcc void @hash1.1([20 x i32]* %blockheader_V, [8 x i32]* %hash0_V)" [miner.cpp:126->miner.cpp:204]   --->   Operation 65 'call' <Predicate = true> <Delay = 0.00> <CoreType = "Generic">   --->   Core 0 '' <Latency = 0> <II = 1> <Delay = 1.00> <Generic> <Opcode : >

State 9 <SV = 6> <Delay = 0.00>
ST_9 : Operation 66 [2/2] (0.00ns)   --->   "call fastcc void @hash1([8 x i32]* %hash0_V, [8 x i32]* %result_V_assign)" [miner.cpp:127->miner.cpp:204]   --->   Operation 66 'call' <Predicate = true> <Delay = 0.00> <CoreType = "Generic">   --->   Core 0 '' <Latency = 0> <II = 1> <Delay = 1.00> <Generic> <Opcode : >

State 10 <SV = 7> <Delay = 1.76>
ST_10 : Operation 67 [1/2] (0.00ns)   --->   "call fastcc void @hash1([8 x i32]* %hash0_V, [8 x i32]* %result_V_assign)" [miner.cpp:127->miner.cpp:204]   --->   Operation 67 'call' <Predicate = true> <Delay = 0.00> <CoreType = "Generic">   --->   Core 0 '' <Latency = 0> <II = 1> <Delay = 1.00> <Generic> <Opcode : >
ST_10 : Operation 68 [1/1] (1.76ns)   --->   "br label %6" [miner.cpp:209]   --->   Operation 68 'br' <Predicate = true> <Delay = 1.76>

State 11 <SV = 8> <Delay = 4.05>
ST_11 : Operation 69 [1/1] (0.00ns)   --->   "%i3_0 = phi i4 [ 0, %5 ], [ %i_2, %10 ]"   --->   Operation 69 'phi' 'i3_0' <Predicate = true> <Delay = 0.00>
ST_11 : Operation 70 [1/1] (1.30ns)   --->   "%icmp_ln209 = icmp eq i4 %i3_0, -8" [miner.cpp:209]   --->   Operation 70 'icmp' 'icmp_ln209' <Predicate = true> <Delay = 1.30> <Core = "Cmp">   --->   Core 25 'Cmp' <Latency = 0> <II = 1> <Delay = 1.30> <FuncUnit> <Opcode : 'icmp'> <InPorts = 2> <OutPorts = 1>
ST_11 : Operation 71 [1/1] (0.00ns)   --->   "%empty_9 = call i32 (...)* @_ssdm_op_SpecLoopTripCount(i64 1, i64 8, i64 4)"   --->   Operation 71 'speclooptripcount' 'empty_9' <Predicate = true> <Delay = 0.00>
ST_11 : Operation 72 [1/1] (1.73ns)   --->   "%i_2 = add i4 %i3_0, 1" [miner.cpp:209]   --->   Operation 72 'add' 'i_2' <Predicate = true> <Delay = 1.73> <Core = "AddSub">   --->   Core 14 'AddSub' <Latency = 0> <II = 1> <Delay = 1.73> <FuncUnit> <Opcode : 'add' 'sub'> <InPorts = 2> <OutPorts = 1>
ST_11 : Operation 73 [1/1] (0.00ns)   --->   "br i1 %icmp_ln209, label %.loopexit, label %7" [miner.cpp:209]   --->   Operation 73 'br' <Predicate = true> <Delay = 0.00>
ST_11 : Operation 74 [1/1] (1.73ns)   --->   "%sub_ln210 = sub i4 7, %i3_0" [miner.cpp:210]   --->   Operation 74 'sub' 'sub_ln210' <Predicate = (!icmp_ln209)> <Delay = 1.73> <Core = "AddSub">   --->   Core 14 'AddSub' <Latency = 0> <II = 1> <Delay = 1.73> <FuncUnit> <Opcode : 'add' 'sub'> <InPorts = 2> <OutPorts = 1>
ST_11 : Operation 75 [1/1] (0.00ns)   --->   "%zext_ln210 = zext i4 %sub_ln210 to i64" [miner.cpp:210]   --->   Operation 75 'zext' 'zext_ln210' <Predicate = (!icmp_ln209)> <Delay = 0.00>
ST_11 : Operation 76 [1/1] (0.00ns)   --->   "%zext_ln210_1 = zext i4 %i3_0 to i64" [miner.cpp:210]   --->   Operation 76 'zext' 'zext_ln210_1' <Predicate = (!icmp_ln209)> <Delay = 0.00>
ST_11 : Operation 77 [1/1] (0.00ns)   --->   "%result_V_assign_addr = getelementptr [8 x i32]* %result_V_assign, i64 0, i64 %zext_ln210" [miner.cpp:210]   --->   Operation 77 'getelementptr' 'result_V_assign_addr' <Predicate = (!icmp_ln209)> <Delay = 0.00>
ST_11 : Operation 78 [2/2] (2.32ns)   --->   "%result_V_assign_load = load i32* %result_V_assign_addr, align 4" [miner.cpp:210]   --->   Operation 78 'load' 'result_V_assign_load' <Predicate = (!icmp_ln209)> <Delay = 2.32> <Core = "RAM">   --->   Core 37 'RAM' <Latency = 1> <II = 1> <Delay = 2.32> <Storage> <Opcode : 'load' 'store'> <Ports = 2> <Width = 32> <Depth = 8> <RAM>
ST_11 : Operation 79 [1/1] (0.00ns)   --->   "%difficulty_V_addr = getelementptr [8 x i1]* @difficulty_V, i64 0, i64 %zext_ln210_1" [miner.cpp:210]   --->   Operation 79 'getelementptr' 'difficulty_V_addr' <Predicate = (!icmp_ln209)> <Delay = 0.00>
ST_11 : Operation 80 [2/2] (3.25ns)   --->   "%difficulty_V_load = load i1* %difficulty_V_addr, align 1" [miner.cpp:210]   --->   Operation 80 'load' 'difficulty_V_load' <Predicate = (!icmp_ln209)> <Delay = 3.25> <Core = "ROM_nP">   --->   Core 52 'ROM_nP' <Latency = 1> <II = 1> <Delay = 3.25> <Storage> <Opcode : 'load'> <Ports = 0> <Width = 1> <Depth = 8> <ROM>

State 12 <SV = 9> <Delay = 6.50>
ST_12 : Operation 81 [1/2] (2.32ns)   --->   "%result_V_assign_load = load i32* %result_V_assign_addr, align 4" [miner.cpp:210]   --->   Operation 81 'load' 'result_V_assign_load' <Predicate = (!icmp_ln209)> <Delay = 2.32> <Core = "RAM">   --->   Core 37 'RAM' <Latency = 1> <II = 1> <Delay = 2.32> <Storage> <Opcode : 'load' 'store'> <Ports = 2> <Width = 32> <Depth = 8> <RAM>
ST_12 : Operation 82 [1/2] (3.25ns)   --->   "%difficulty_V_load = load i1* %difficulty_V_addr, align 1" [miner.cpp:210]   --->   Operation 82 'load' 'difficulty_V_load' <Predicate = (!icmp_ln209)> <Delay = 3.25> <Core = "ROM_nP">   --->   Core 52 'ROM_nP' <Latency = 1> <II = 1> <Delay = 3.25> <Storage> <Opcode : 'load'> <Ports = 0> <Width = 1> <Depth = 8> <ROM>
ST_12 : Operation 83 [1/1] (0.78ns)   --->   "%select_ln887 = select i1 %difficulty_V_load, i32 65535, i32 0" [miner.cpp:210]   --->   Operation 83 'select' 'select_ln887' <Predicate = (!icmp_ln209)> <Delay = 0.78> <Core = "Sel">   --->   Core 26 'Sel' <Latency = 0> <II = 1> <Delay = 0.78> <FuncUnit> <Opcode : 'select'> <InPorts = 3> <OutPorts = 1>
ST_12 : Operation 84 [1/1] (2.47ns)   --->   "%icmp_ln887 = icmp ult i32 %result_V_assign_load, %select_ln887" [miner.cpp:210]   --->   Operation 84 'icmp' 'icmp_ln887' <Predicate = (!icmp_ln209)> <Delay = 2.47> <Core = "Cmp">   --->   Core 25 'Cmp' <Latency = 0> <II = 1> <Delay = 1.30> <FuncUnit> <Opcode : 'icmp'> <InPorts = 2> <OutPorts = 1>
ST_12 : Operation 85 [1/1] (0.00ns)   --->   "br i1 %icmp_ln887, label %.preheader1.preheader, label %10" [miner.cpp:210]   --->   Operation 85 'br' <Predicate = (!icmp_ln209)> <Delay = 0.00>
ST_12 : Operation 86 [1/1] (2.47ns)   --->   "%icmp_ln895 = icmp ugt i32 %result_V_assign_load, %select_ln887" [miner.cpp:218]   --->   Operation 86 'icmp' 'icmp_ln895' <Predicate = (!icmp_ln209 & !icmp_ln887)> <Delay = 2.47> <Core = "Cmp">   --->   Core 25 'Cmp' <Latency = 0> <II = 1> <Delay = 1.30> <FuncUnit> <Opcode : 'icmp'> <InPorts = 2> <OutPorts = 1>
ST_12 : Operation 87 [1/1] (0.00ns)   --->   "br i1 %icmp_ln895, label %.loopexit, label %6" [miner.cpp:218]   --->   Operation 87 'br' <Predicate = (!icmp_ln209 & !icmp_ln887)> <Delay = 0.00>
ST_12 : Operation 88 [1/1] (1.76ns)   --->   "br label %.preheader1" [miner.cpp:213]   --->   Operation 88 'br' <Predicate = (!icmp_ln209 & icmp_ln887)> <Delay = 1.76>
ST_12 : Operation 89 [1/1] (0.00ns)   --->   "br label %5" [miner.cpp:231]   --->   Operation 89 'br' <Predicate = (!icmp_ln887 & icmp_ln895) | (icmp_ln209)> <Delay = 0.00>

State 13 <SV = 10> <Delay = 2.32>
ST_13 : Operation 90 [1/1] (0.00ns)   --->   "%j_0 = phi i4 [ %j, %8 ], [ 0, %.preheader1.preheader ]"   --->   Operation 90 'phi' 'j_0' <Predicate = true> <Delay = 0.00>
ST_13 : Operation 91 [1/1] (1.30ns)   --->   "%icmp_ln213 = icmp eq i4 %j_0, -8" [miner.cpp:213]   --->   Operation 91 'icmp' 'icmp_ln213' <Predicate = true> <Delay = 1.30> <Core = "Cmp">   --->   Core 25 'Cmp' <Latency = 0> <II = 1> <Delay = 1.30> <FuncUnit> <Opcode : 'icmp'> <InPorts = 2> <OutPorts = 1>
ST_13 : Operation 92 [1/1] (0.00ns)   --->   "%empty_10 = call i32 (...)* @_ssdm_op_SpecLoopTripCount(i64 8, i64 8, i64 8)"   --->   Operation 92 'speclooptripcount' 'empty_10' <Predicate = true> <Delay = 0.00>
ST_13 : Operation 93 [1/1] (1.73ns)   --->   "%j = add i4 %j_0, 1" [miner.cpp:213]   --->   Operation 93 'add' 'j' <Predicate = true> <Delay = 1.73> <Core = "AddSub">   --->   Core 14 'AddSub' <Latency = 0> <II = 1> <Delay = 1.73> <FuncUnit> <Opcode : 'add' 'sub'> <InPorts = 2> <OutPorts = 1>
ST_13 : Operation 94 [1/1] (0.00ns)   --->   "br i1 %icmp_ln213, label %9, label %8" [miner.cpp:213]   --->   Operation 94 'br' <Predicate = true> <Delay = 0.00>
ST_13 : Operation 95 [1/1] (0.00ns)   --->   "%zext_ln214 = zext i4 %j_0 to i64" [miner.cpp:214]   --->   Operation 95 'zext' 'zext_ln214' <Predicate = (!icmp_ln213)> <Delay = 0.00>
ST_13 : Operation 96 [1/1] (0.00ns)   --->   "%result_V_assign_addr_1 = getelementptr [8 x i32]* %result_V_assign, i64 0, i64 %zext_ln214" [miner.cpp:214]   --->   Operation 96 'getelementptr' 'result_V_assign_addr_1' <Predicate = (!icmp_ln213)> <Delay = 0.00>
ST_13 : Operation 97 [2/2] (2.32ns)   --->   "%result_V_assign_load_1 = load i32* %result_V_assign_addr_1, align 4" [miner.cpp:214]   --->   Operation 97 'load' 'result_V_assign_load_1' <Predicate = (!icmp_ln213)> <Delay = 2.32> <Core = "RAM">   --->   Core 37 'RAM' <Latency = 1> <II = 1> <Delay = 2.32> <Storage> <Opcode : 'load' 'store'> <Ports = 2> <Width = 32> <Depth = 8> <RAM>
ST_13 : Operation 98 [1/1] (0.00ns)   --->   "ret i32 %final_result_nonce_V" [miner.cpp:216]   --->   Operation 98 'ret' <Predicate = (icmp_ln213)> <Delay = 0.00>

State 14 <SV = 11> <Delay = 4.64>
ST_14 : Operation 99 [1/2] (2.32ns)   --->   "%result_V_assign_load_1 = load i32* %result_V_assign_addr_1, align 4" [miner.cpp:214]   --->   Operation 99 'load' 'result_V_assign_load_1' <Predicate = true> <Delay = 2.32> <Core = "RAM">   --->   Core 37 'RAM' <Latency = 1> <II = 1> <Delay = 2.32> <Storage> <Opcode : 'load' 'store'> <Ports = 2> <Width = 32> <Depth = 8> <RAM>
ST_14 : Operation 100 [1/1] (0.00ns)   --->   "%agg_result_hash_V_ad = getelementptr [8 x i32]* %agg_result_hash_V, i64 0, i64 %zext_ln214" [miner.cpp:214]   --->   Operation 100 'getelementptr' 'agg_result_hash_V_ad' <Predicate = true> <Delay = 0.00>
ST_14 : Operation 101 [1/1] (2.32ns)   --->   "store i32 %result_V_assign_load_1, i32* %agg_result_hash_V_ad, align 4" [miner.cpp:214]   --->   Operation 101 'store' <Predicate = true> <Delay = 2.32> <Core = "RAM">   --->   Core 37 'RAM' <Latency = 1> <II = 1> <Delay = 2.32> <Storage> <Opcode : 'load' 'store'> <Ports = 2> <Width = 32> <Depth = 8> <RAM>
ST_14 : Operation 102 [1/1] (0.00ns)   --->   "br label %.preheader1" [miner.cpp:213]   --->   Operation 102 'br' <Predicate = true> <Delay = 0.00>


============================================================
+ Verbose Summary: Binding
============================================================
STG Binding: 
---------------- STG Properties BEGIN ----------------
- Is combinational: 0
- Is one-state seq: 0
- Is datapath-only: 0
- Is pipelined: 0
- Is top level: 0
Port [ Return ] is wired: 1; IO mode=ap_ctrl_hs:ce=0
Port [ agg_result_hash_V]:  wired=1; compound=1; hidden=0; nouse=0; global=0; static=0; extern=0; dir=1; type=1; pingpong=0; private_global=0; MemPort=[03]; IO mode=ap_memory:ce=0
Port [ noncestart_V]:  wired=1; compound=0; hidden=0; nouse=0; global=0; static=0; extern=0; dir=0; type=0; pingpong=0; private_global=0; IO mode=ap_none:ce=0
Port [ version_0_V_read]:  wired=1; compound=0; hidden=0; nouse=0; global=0; static=0; extern=0; dir=0; type=0; pingpong=0; private_global=0; IO mode=ap_none:ce=0
Port [ prevhash_V]:  wired=1; compound=1; hidden=0; nouse=0; global=0; static=0; extern=0; dir=0; type=1; pingpong=0; private_global=0; MemPort=[13]; IO mode=ap_memory:ce=0
Port [ merkle_root_V]:  wired=1; compound=1; hidden=0; nouse=0; global=0; static=0; extern=0; dir=0; type=1; pingpong=0; private_global=0; MemPort=[13]; IO mode=ap_memory:ce=0
Port [ time_0_V_read]:  wired=1; compound=0; hidden=0; nouse=0; global=0; static=0; extern=0; dir=0; type=0; pingpong=0; private_global=0; IO mode=ap_none:ce=0
Port [ nbits_0_V_read]:  wired=1; compound=0; hidden=0; nouse=0; global=0; static=0; extern=0; dir=0; type=0; pingpong=0; private_global=0; IO mode=ap_none:ce=0
Port [ H_0_V]:  wired=0; compound=1; hidden=1; nouse=1; global=1; static=1; extern=0; dir=0; type=1; pingpong=0; private_global=1; linkage=7; visibility=0; MemPort=[1]; IO mode=ap_memory:ce=0
Port [ K]:  wired=0; compound=1; hidden=1; nouse=1; global=1; static=1; extern=0; dir=0; type=1; pingpong=0; private_global=1; linkage=7; visibility=0; MemPort=[1]; IO mode=ap_memory:ce=0
Port [ difficulty_V]:  wired=0; compound=1; hidden=1; nouse=0; global=1; static=1; extern=0; dir=0; type=1; pingpong=0; private_global=1; linkage=7; visibility=0; MemPort=[1]; IO mode=ap_memory:ce=0
---------------- STG Properties END ------------------

---------------- Datapath Model BEGIN ----------------

<LifeTime>
<method=bitvector/>
nbits_0_V_read_1       (read             ) [ 001111000000000]
time_0_V_read_1        (read             ) [ 001111000000000]
version_0_V_read_1     (read             ) [ 000000000000000]
noncestart_V_read      (read             ) [ 000000000000000]
hash0_V                (alloca           ) [ 001111111111100]
blockheader_V          (alloca           ) [ 001111111111100]
result_V_assign        (alloca           ) [ 001111111111111]
nonce_V                (add              ) [ 001111111111100]
blockheader_V_addr     (getelementptr    ) [ 000000000000000]
store_ln156            (store            ) [ 000000000000000]
br_ln159               (br               ) [ 011100000000000]
i_0                    (phi              ) [ 001000000000000]
icmp_ln159             (icmp             ) [ 001100000000000]
empty                  (speclooptripcount) [ 000000000000000]
i                      (add              ) [ 011100000000000]
br_ln159               (br               ) [ 000000000000000]
zext_ln160_1           (zext             ) [ 000000000000000]
prevhash_V_addr        (getelementptr    ) [ 000100000000000]
br_ln164               (br               ) [ 001111000000000]
zext_ln160             (zext             ) [ 000000000000000]
prevhash_V_load        (load             ) [ 000000000000000]
blockheader_V_addr_1   (getelementptr    ) [ 000000000000000]
store_ln160            (store            ) [ 000000000000000]
br_ln159               (br               ) [ 011100000000000]
i1_0                   (phi              ) [ 000010000000000]
zext_ln164             (zext             ) [ 000001000000000]
icmp_ln164             (icmp             ) [ 000011000000000]
empty_8                (speclooptripcount) [ 000000000000000]
i_1                    (add              ) [ 001011000000000]
br_ln164               (br               ) [ 000000000000000]
zext_ln165_1           (zext             ) [ 000000000000000]
merkle_root_V_addr     (getelementptr    ) [ 000001000000000]
blockheader_V_addr_2   (getelementptr    ) [ 000000000000000]
store_ln169            (store            ) [ 000000000000000]
blockheader_V_addr_3   (getelementptr    ) [ 000000000000000]
store_ln172            (store            ) [ 000000000000000]
blockheader_V_addr_4   (getelementptr    ) [ 000000111111100]
br_ln198               (br               ) [ 000011111111100]
add_ln165              (add              ) [ 000000000000000]
zext_ln165             (zext             ) [ 000000000000000]
merkle_root_V_load     (load             ) [ 000000000000000]
blockheader_V_addr_5   (getelementptr    ) [ 000000000000000]
store_ln165            (store            ) [ 000000000000000]
br_ln164               (br               ) [ 001011000000000]
t_V                    (phi              ) [ 000000100000000]
final_result_nonce_V   (add              ) [ 000010111111111]
store_ln201            (store            ) [ 000000000000000]
call_ln126             (call             ) [ 000000000000000]
call_ln127             (call             ) [ 000000000000000]
br_ln209               (br               ) [ 000000111111100]
i3_0                   (phi              ) [ 000000000001000]
icmp_ln209             (icmp             ) [ 000000111111100]
empty_9                (speclooptripcount) [ 000000000000000]
i_2                    (add              ) [ 000000111111100]
br_ln209               (br               ) [ 000000000000000]
sub_ln210              (sub              ) [ 000000000000000]
zext_ln210             (zext             ) [ 000000000000000]
zext_ln210_1           (zext             ) [ 000000000000000]
result_V_assign_addr   (getelementptr    ) [ 000000000000100]
difficulty_V_addr      (getelementptr    ) [ 000000000000100]
result_V_assign_load   (load             ) [ 000000000000000]
difficulty_V_load      (load             ) [ 000000000000000]
select_ln887           (select           ) [ 000000000000000]
icmp_ln887             (icmp             ) [ 000000111111100]
br_ln210               (br               ) [ 000000000000000]
icmp_ln895             (icmp             ) [ 000000111111100]
br_ln218               (br               ) [ 000000111111100]
br_ln213               (br               ) [ 000000111111111]
br_ln231               (br               ) [ 000010111111100]
j_0                    (phi              ) [ 000000000000010]
icmp_ln213             (icmp             ) [ 000000000000011]
empty_10               (speclooptripcount) [ 000000000000000]
j                      (add              ) [ 000000000000111]
br_ln213               (br               ) [ 000000000000000]
zext_ln214             (zext             ) [ 000000000000001]
result_V_assign_addr_1 (getelementptr    ) [ 000000000000001]
ret_ln216              (ret              ) [ 000000000000000]
result_V_assign_load_1 (load             ) [ 000000000000000]
agg_result_hash_V_ad   (getelementptr    ) [ 000000000000000]
store_ln214            (store            ) [ 000000000000000]
br_ln213               (br               ) [ 000000000000111]
</LifeTime>

<model>

<comp_list>
<comp id="0" class="1000" name="agg_result_hash_V">
<pin_list>
<pin id="1" dir="1" index="0" bw="1" slack="0"/>
</pin_list>
<bind>
<StgValue><ssdm name="agg_result_hash_V"/><MemPortTyVec>0 3 </MemPortTyVec>
</StgValue>
</bind>
</comp>

<comp id="2" class="1000" name="noncestart_V">
<pin_list>
<pin id="3" dir="1" index="0" bw="1" slack="0"/>
</pin_list>
<bind>
<StgValue><ssdm name="noncestart_V"/></StgValue>
</bind>
</comp>

<comp id="4" class="1000" name="version_0_V_read">
<pin_list>
<pin id="5" dir="1" index="0" bw="1" slack="0"/>
</pin_list>
<bind>
<StgValue><ssdm name="version_0_V_read"/></StgValue>
</bind>
</comp>

<comp id="6" class="1000" name="prevhash_V">
<pin_list>
<pin id="7" dir="1" index="0" bw="1" slack="0"/>
</pin_list>
<bind>
<StgValue><ssdm name="prevhash_V"/><MemPortTyVec>1 3 </MemPortTyVec>
</StgValue>
</bind>
</comp>

<comp id="8" class="1000" name="merkle_root_V">
<pin_list>
<pin id="9" dir="1" index="0" bw="1" slack="0"/>
</pin_list>
<bind>
<StgValue><ssdm name="merkle_root_V"/><MemPortTyVec>1 3 </MemPortTyVec>
</StgValue>
</bind>
</comp>

<comp id="10" class="1000" name="time_0_V_read">
<pin_list>
<pin id="11" dir="1" index="0" bw="1" slack="0"/>
</pin_list>
<bind>
<StgValue><ssdm name="time_0_V_read"/></StgValue>
</bind>
</comp>

<comp id="12" class="1000" name="nbits_0_V_read">
<pin_list>
<pin id="13" dir="1" index="0" bw="1" slack="0"/>
</pin_list>
<bind>
<StgValue><ssdm name="nbits_0_V_read"/></StgValue>
</bind>
</comp>

<comp id="14" class="1000" name="H_0_V">
<pin_list>
<pin id="15" dir="1" index="0" bw="1" slack="0"/>
</pin_list>
<bind>
<StgValue><ssdm name="H_0_V"/><MemPortTyVec>1 </MemPortTyVec>
</StgValue>
</bind>
</comp>

<comp id="16" class="1000" name="K">
<pin_list>
<pin id="17" dir="1" index="0" bw="1" slack="0"/>
</pin_list>
<bind>
<StgValue><ssdm name="K"/><MemPortTyVec>1 </MemPortTyVec>
</StgValue>
</bind>
</comp>

<comp id="18" class="1000" name="difficulty_V">
<pin_list>
<pin id="19" dir="1" index="0" bw="1" slack="0"/>
</pin_list>
<bind>
<StgValue><ssdm name="difficulty_V"/><MemPortTyVec>1 </MemPortTyVec>
</StgValue>
</bind>
</comp>

<comp id="20" class="1001" name="const_20">
<pin_list>
<pin id="21" dir="1" index="0" bw="1" slack="0"/>
</pin_list>
<bind>
<StgValue><ssdm name="_ssdm_op_Read.ap_auto.i32"/></StgValue>
</bind>
</comp>

<comp id="22" class="1001" name="const_22">
<pin_list>
<pin id="23" dir="1" index="0" bw="1" slack="0"/>
</pin_list>
<bind>
<StgValue><ssdm name=""/></StgValue>
</bind>
</comp>

<comp id="24" class="1001" name="const_24">
<pin_list>
<pin id="25" dir="1" index="0" bw="1" slack="0"/>
</pin_list>
<bind>
<StgValue><ssdm name=""/></StgValue>
</bind>
</comp>

<comp id="26" class="1001" name="const_26">
<pin_list>
<pin id="27" dir="1" index="0" bw="1" slack="0"/>
</pin_list>
<bind>
<StgValue><ssdm name=""/></StgValue>
</bind>
</comp>

<comp id="28" class="1001" name="const_28">
<pin_list>
<pin id="29" dir="1" index="0" bw="1" slack="1"/>
</pin_list>
<bind>
<StgValue><ssdm name=""/></StgValue>
</bind>
</comp>

<comp id="30" class="1001" name="const_30">
<pin_list>
<pin id="31" dir="1" index="0" bw="1" slack="0"/>
</pin_list>
<bind>
<StgValue><ssdm name=""/></StgValue>
</bind>
</comp>

<comp id="32" class="1001" name="const_32">
<pin_list>
<pin id="33" dir="1" index="0" bw="1" slack="2147483647"/>
</pin_list>
<bind>
<StgValue><ssdm name="_ssdm_op_SpecLoopTripCount"/></StgValue>
</bind>
</comp>

<comp id="34" class="1001" name="const_34">
<pin_list>
<pin id="35" dir="1" index="0" bw="1" slack="2147483647"/>
</pin_list>
<bind>
<StgValue><ssdm name=""/></StgValue>
</bind>
</comp>

<comp id="36" class="1001" name="const_36">
<pin_list>
<pin id="37" dir="1" index="0" bw="1" slack="0"/>
</pin_list>
<bind>
<StgValue><ssdm name=""/></StgValue>
</bind>
</comp>

<comp id="38" class="1001" name="const_38">
<pin_list>
<pin id="39" dir="1" index="0" bw="1" slack="0"/>
</pin_list>
<bind>
<StgValue><ssdm name=""/></StgValue>
</bind>
</comp>

<comp id="40" class="1001" name="const_40">
<pin_list>
<pin id="41" dir="1" index="0" bw="1" slack="0"/>
</pin_list>
<bind>
<StgValue><ssdm name=""/></StgValue>
</bind>
</comp>

<comp id="42" class="1001" name="const_42">
<pin_list>
<pin id="43" dir="1" index="0" bw="1" slack="0"/>
</pin_list>
<bind>
<StgValue><ssdm name=""/></StgValue>
</bind>
</comp>

<comp id="44" class="1001" name="const_44">
<pin_list>
<pin id="45" dir="1" index="0" bw="1" slack="0"/>
</pin_list>
<bind>
<StgValue><ssdm name=""/></StgValue>
</bind>
</comp>

<comp id="46" class="1001" name="const_46">
<pin_list>
<pin id="47" dir="1" index="0" bw="1" slack="0"/>
</pin_list>
<bind>
<StgValue><ssdm name=""/></StgValue>
</bind>
</comp>

<comp id="48" class="1001" name="const_48">
<pin_list>
<pin id="49" dir="1" index="0" bw="1" slack="0"/>
</pin_list>
<bind>
<StgValue><ssdm name="hash1.1"/></StgValue>
</bind>
</comp>

<comp id="50" class="1001" name="const_50">
<pin_list>
<pin id="51" dir="1" index="0" bw="1" slack="0"/>
</pin_list>
<bind>
<StgValue><ssdm name="hash1"/></StgValue>
</bind>
</comp>

<comp id="52" class="1001" name="const_52">
<pin_list>
<pin id="53" dir="1" index="0" bw="1" slack="2147483647"/>
</pin_list>
<bind>
<StgValue><ssdm name=""/></StgValue>
</bind>
</comp>

<comp id="54" class="1001" name="const_54">
<pin_list>
<pin id="55" dir="1" index="0" bw="1" slack="0"/>
</pin_list>
<bind>
<StgValue><ssdm name=""/></StgValue>
</bind>
</comp>

<comp id="56" class="1001" name="const_56">
<pin_list>
<pin id="57" dir="1" index="0" bw="1" slack="0"/>
</pin_list>
<bind>
<StgValue><ssdm name=""/></StgValue>
</bind>
</comp>

<comp id="58" class="1001" name="const_58">
<pin_list>
<pin id="59" dir="1" index="0" bw="1" slack="0"/>
</pin_list>
<bind>
<StgValue><ssdm name=""/></StgValue>
</bind>
</comp>

<comp id="60" class="1004" name="hash0_V_alloca_fu_60">
<pin_list>
<pin id="61" dir="0" index="0" bw="1" slack="0"/>
<pin id="62" dir="1" index="1" bw="32" slack="2147483647"/>
</pin_list>
<bind>
<opcode="alloca(26) " fcode="alloca"/>
<opset="hash0_V/1 "/>
</bind>
</comp>

<comp id="64" class="1004" name="blockheader_V_alloca_fu_64">
<pin_list>
<pin id="65" dir="0" index="0" bw="1" slack="0"/>
<pin id="66" dir="1" index="1" bw="32" slack="0"/>
</pin_list>
<bind>
<opcode="alloca(26) " fcode="alloca"/>
<opset="blockheader_V/1 "/>
</bind>
</comp>

<comp id="68" class="1004" name="result_V_assign_alloca_fu_68">
<pin_list>
<pin id="69" dir="0" index="0" bw="1" slack="0"/>
<pin id="70" dir="1" index="1" bw="32" slack="2147483647"/>
</pin_list>
<bind>
<opcode="alloca(26) " fcode="alloca"/>
<opset="result_V_assign/1 "/>
</bind>
</comp>

<comp id="72" class="1004" name="nbits_0_V_read_1_read_fu_72">
<pin_list>
<pin id="73" dir="0" index="0" bw="32" slack="0"/>
<pin id="74" dir="0" index="1" bw="32" slack="0"/>
<pin id="75" dir="1" index="2" bw="32" slack="2"/>
</pin_list>
<bind>
<opcode="read(1150) " fcode="read"/>
<opset="nbits_0_V_read_1/1 "/>
</bind>
</comp>

<comp id="78" class="1004" name="time_0_V_read_1_read_fu_78">
<pin_list>
<pin id="79" dir="0" index="0" bw="32" slack="0"/>
<pin id="80" dir="0" index="1" bw="32" slack="0"/>
<pin id="81" dir="1" index="2" bw="32" slack="2"/>
</pin_list>
<bind>
<opcode="read(1150) " fcode="read"/>
<opset="time_0_V_read_1/1 "/>
</bind>
</comp>

<comp id="84" class="1004" name="version_0_V_read_1_read_fu_84">
<pin_list>
<pin id="85" dir="0" index="0" bw="32" slack="0"/>
<pin id="86" dir="0" index="1" bw="32" slack="0"/>
<pin id="87" dir="1" index="2" bw="32" slack="0"/>
</pin_list>
<bind>
<opcode="read(1150) " fcode="read"/>
<opset="version_0_V_read_1/1 "/>
</bind>
</comp>

<comp id="90" class="1004" name="noncestart_V_read_read_fu_90">
<pin_list>
<pin id="91" dir="0" index="0" bw="32" slack="0"/>
<pin id="92" dir="0" index="1" bw="32" slack="0"/>
<pin id="93" dir="1" index="2" bw="32" slack="0"/>
</pin_list>
<bind>
<opcode="read(1150) " fcode="read"/>
<opset="noncestart_V_read/1 "/>
</bind>
</comp>

<comp id="96" class="1004" name="blockheader_V_addr_gep_fu_96">
<pin_list>
<pin id="97" dir="0" index="0" bw="32" slack="0"/>
<pin id="98" dir="0" index="1" bw="1" slack="0"/>
<pin id="99" dir="0" index="2" bw="1" slack="0"/>
<pin id="100" dir="1" index="3" bw="5" slack="0"/>
</pin_list>
<bind>
<opcode="getelementptr(29) " fcode="getelementptr"/>
<opset="blockheader_V_addr/1 "/>
</bind>
</comp>

<comp id="104" class="1004" name="grp_access_fu_104">
<pin_list>
<pin id="105" dir="0" index="0" bw="5" slack="0"/>
<pin id="106" dir="0" index="1" bw="32" slack="0"/>
<pin id="107" dir="0" index="2" bw="0" slack="0"/>
<pin id="160" dir="0" index="4" bw="5" slack="0"/>
<pin id="161" dir="0" index="5" bw="32" slack="2147483647"/>
<pin id="162" dir="0" index="6" bw="0" slack="2147483647"/>
<pin id="108" dir="1" index="3" bw="32" slack="2147483647"/>
<pin id="163" dir="1" index="7" bw="32" slack="2147483647"/>
</pin_list>
<bind>
<opcode="store(28) " fcode="store"/>
<opset="store_ln156/1 store_ln160/3 store_ln169/4 store_ln172/4 store_ln165/5 store_ln201/6 "/>
</bind>
</comp>

<comp id="111" class="1004" name="prevhash_V_addr_gep_fu_111">
<pin_list>
<pin id="112" dir="0" index="0" bw="32" slack="0"/>
<pin id="113" dir="0" index="1" bw="1" slack="0"/>
<pin id="114" dir="0" index="2" bw="4" slack="0"/>
<pin id="115" dir="1" index="3" bw="3" slack="0"/>
</pin_list>
<bind>
<opcode="getelementptr(29) " fcode="getelementptr"/>
<opset="prevhash_V_addr/2 "/>
</bind>
</comp>

<comp id="118" class="1004" name="grp_access_fu_118">
<pin_list>
<pin id="119" dir="0" index="0" bw="3" slack="0"/>
<pin id="120" dir="0" index="1" bw="32" slack="2147483647"/>
<pin id="121" dir="0" index="2" bw="0" slack="2147483647"/>
<pin id="122" dir="1" index="3" bw="32" slack="0"/>
</pin_list>
<bind>
<opcode="load(27) " fcode="load"/>
<opset="prevhash_V_load/2 "/>
</bind>
</comp>

<comp id="124" class="1004" name="blockheader_V_addr_1_gep_fu_124">
<pin_list>
<pin id="125" dir="0" index="0" bw="32" slack="2147483647"/>
<pin id="126" dir="0" index="1" bw="1" slack="0"/>
<pin id="127" dir="0" index="2" bw="4" slack="0"/>
<pin id="128" dir="1" index="3" bw="5" slack="0"/>
</pin_list>
<bind>
<opcode="getelementptr(29) " fcode="getelementptr"/>
<opset="blockheader_V_addr_1/3 "/>
</bind>
</comp>

<comp id="132" class="1004" name="merkle_root_V_addr_gep_fu_132">
<pin_list>
<pin id="133" dir="0" index="0" bw="32" slack="0"/>
<pin id="134" dir="0" index="1" bw="1" slack="0"/>
<pin id="135" dir="0" index="2" bw="4" slack="0"/>
<pin id="136" dir="1" index="3" bw="3" slack="0"/>
</pin_list>
<bind>
<opcode="getelementptr(29) " fcode="getelementptr"/>
<opset="merkle_root_V_addr/4 "/>
</bind>
</comp>

<comp id="139" class="1004" name="grp_access_fu_139">
<pin_list>
<pin id="140" dir="0" index="0" bw="3" slack="0"/>
<pin id="141" dir="0" index="1" bw="32" slack="2147483647"/>
<pin id="142" dir="0" index="2" bw="0" slack="2147483647"/>
<pin id="143" dir="1" index="3" bw="32" slack="0"/>
</pin_list>
<bind>
<opcode="load(27) " fcode="load"/>
<opset="merkle_root_V_load/4 "/>
</bind>
</comp>

<comp id="145" class="1004" name="blockheader_V_addr_2_gep_fu_145">
<pin_list>
<pin id="146" dir="0" index="0" bw="32" slack="2147483647"/>
<pin id="147" dir="0" index="1" bw="1" slack="0"/>
<pin id="148" dir="0" index="2" bw="6" slack="0"/>
<pin id="149" dir="1" index="3" bw="5" slack="0"/>
</pin_list>
<bind>
<opcode="getelementptr(29) " fcode="getelementptr"/>
<opset="blockheader_V_addr_2/4 "/>
</bind>
</comp>

<comp id="153" class="1004" name="blockheader_V_addr_3_gep_fu_153">
<pin_list>
<pin id="154" dir="0" index="0" bw="32" slack="2147483647"/>
<pin id="155" dir="0" index="1" bw="1" slack="0"/>
<pin id="156" dir="0" index="2" bw="6" slack="0"/>
<pin id="157" dir="1" index="3" bw="5" slack="0"/>
</pin_list>
<bind>
<opcode="getelementptr(29) " fcode="getelementptr"/>
<opset="blockheader_V_addr_3/4 "/>
</bind>
</comp>

<comp id="165" class="1004" name="blockheader_V_addr_4_gep_fu_165">
<pin_list>
<pin id="166" dir="0" index="0" bw="32" slack="2147483647"/>
<pin id="167" dir="0" index="1" bw="1" slack="0"/>
<pin id="168" dir="0" index="2" bw="6" slack="0"/>
<pin id="169" dir="1" index="3" bw="5" slack="1"/>
</pin_list>
<bind>
<opcode="getelementptr(29) " fcode="getelementptr"/>
<opset="blockheader_V_addr_4/4 "/>
</bind>
</comp>

<comp id="172" class="1004" name="blockheader_V_addr_5_gep_fu_172">
<pin_list>
<pin id="173" dir="0" index="0" bw="32" slack="2147483647"/>
<pin id="174" dir="0" index="1" bw="1" slack="0"/>
<pin id="175" dir="0" index="2" bw="5" slack="0"/>
<pin id="176" dir="1" index="3" bw="5" slack="0"/>
</pin_list>
<bind>
<opcode="getelementptr(29) " fcode="getelementptr"/>
<opset="blockheader_V_addr_5/5 "/>
</bind>
</comp>

<comp id="180" class="1004" name="result_V_assign_addr_gep_fu_180">
<pin_list>
<pin id="181" dir="0" index="0" bw="32" slack="2147483647"/>
<pin id="182" dir="0" index="1" bw="1" slack="0"/>
<pin id="183" dir="0" index="2" bw="4" slack="0"/>
<pin id="184" dir="1" index="3" bw="3" slack="0"/>
</pin_list>
<bind>
<opcode="getelementptr(29) " fcode="getelementptr"/>
<opset="result_V_assign_addr/11 "/>
</bind>
</comp>

<comp id="186" class="1004" name="grp_access_fu_186">
<pin_list>
<pin id="187" dir="0" index="0" bw="3" slack="0"/>
<pin id="188" dir="0" index="1" bw="32" slack="2147483647"/>
<pin id="189" dir="0" index="2" bw="0" slack="2147483647"/>
<pin id="190" dir="1" index="3" bw="32" slack="0"/>
</pin_list>
<bind>
<opcode="load(27) " fcode="load"/>
<opset="result_V_assign_load/11 result_V_assign_load_1/13 "/>
</bind>
</comp>

<comp id="192" class="1004" name="difficulty_V_addr_gep_fu_192">
<pin_list>
<pin id="193" dir="0" index="0" bw="1" slack="0"/>
<pin id="194" dir="0" index="1" bw="1" slack="0"/>
<pin id="195" dir="0" index="2" bw="4" slack="0"/>
<pin id="196" dir="1" index="3" bw="3" slack="0"/>
</pin_list>
<bind>
<opcode="getelementptr(29) " fcode="getelementptr"/>
<opset="difficulty_V_addr/11 "/>
</bind>
</comp>

<comp id="199" class="1004" name="grp_access_fu_199">
<pin_list>
<pin id="200" dir="0" index="0" bw="3" slack="0"/>
<pin id="201" dir="0" index="1" bw="1" slack="2147483647"/>
<pin id="202" dir="0" index="2" bw="0" slack="2147483647"/>
<pin id="203" dir="1" index="3" bw="1" slack="0"/>
</pin_list>
<bind>
<opcode="load(27) " fcode="load"/>
<opset="difficulty_V_load/11 "/>
</bind>
</comp>

<comp id="205" class="1004" name="result_V_assign_addr_1_gep_fu_205">
<pin_list>
<pin id="206" dir="0" index="0" bw="32" slack="2147483647"/>
<pin id="207" dir="0" index="1" bw="1" slack="0"/>
<pin id="208" dir="0" index="2" bw="4" slack="0"/>
<pin id="209" dir="1" index="3" bw="3" slack="0"/>
</pin_list>
<bind>
<opcode="getelementptr(29) " fcode="getelementptr"/>
<opset="result_V_assign_addr_1/13 "/>
</bind>
</comp>

<comp id="212" class="1004" name="agg_result_hash_V_ad_gep_fu_212">
<pin_list>
<pin id="213" dir="0" index="0" bw="32" slack="0"/>
<pin id="214" dir="0" index="1" bw="1" slack="0"/>
<pin id="215" dir="0" index="2" bw="4" slack="1"/>
<pin id="216" dir="1" index="3" bw="3" slack="0"/>
</pin_list>
<bind>
<opcode="getelementptr(29) " fcode="getelementptr"/>
<opset="agg_result_hash_V_ad/14 "/>
</bind>
</comp>

<comp id="219" class="1004" name="store_ln214_access_fu_219">
<pin_list>
<pin id="220" dir="0" index="0" bw="3" slack="0"/>
<pin id="221" dir="0" index="1" bw="32" slack="0"/>
<pin id="222" dir="0" index="2" bw="0" slack="2147483647"/>
<pin id="223" dir="1" index="3" bw="32" slack="2147483647"/>
</pin_list>
<bind>
<opcode="store(28) " fcode="store"/>
<opset="store_ln214/14 "/>
</bind>
</comp>

<comp id="226" class="1005" name="i_0_reg_226">
<pin_list>
<pin id="227" dir="0" index="0" bw="4" slack="1"/>
<pin id="228" dir="1" index="1" bw="4" slack="1"/>
</pin_list>
<bind>
<opset="i_0 (phireg) "/>
</bind>
</comp>

<comp id="230" class="1004" name="i_0_phi_fu_230">
<pin_list>
<pin id="231" dir="0" index="0" bw="1" slack="1"/>
<pin id="232" dir="0" index="1" bw="0" slack="2147483647"/>
<pin id="233" dir="0" index="2" bw="4" slack="0"/>
<pin id="234" dir="0" index="3" bw="0" slack="2147483647"/>
<pin id="235" dir="1" index="4" bw="4" slack="0"/>
</pin_list>
<bind>
<opcode="phi(47) " fcode="phi"/>
<opset="i_0/2 "/>
</bind>
</comp>

<comp id="237" class="1005" name="i1_0_reg_237">
<pin_list>
<pin id="238" dir="0" index="0" bw="4" slack="1"/>
<pin id="239" dir="1" index="1" bw="4" slack="1"/>
</pin_list>
<bind>
<opset="i1_0 (phireg) "/>
</bind>
</comp>

<comp id="241" class="1004" name="i1_0_phi_fu_241">
<pin_list>
<pin id="242" dir="0" index="0" bw="4" slack="0"/>
<pin id="243" dir="0" index="1" bw="0" slack="2147483647"/>
<pin id="244" dir="0" index="2" bw="1" slack="1"/>
<pin id="245" dir="0" index="3" bw="0" slack="2147483647"/>
<pin id="246" dir="1" index="4" bw="4" slack="0"/>
</pin_list>
<bind>
<opcode="phi(47) " fcode="phi"/>
<opset="i1_0/4 "/>
</bind>
</comp>

<comp id="248" class="1005" name="t_V_reg_248">
<pin_list>
<pin id="249" dir="0" index="0" bw="32" slack="2147483647"/>
<pin id="250" dir="1" index="1" bw="32" slack="2147483647"/>
</pin_list>
<bind>
<opset="t_V (phireg) "/>
</bind>
</comp>

<comp id="251" class="1004" name="t_V_phi_fu_251">
<pin_list>
<pin id="252" dir="0" index="0" bw="32" slack="3"/>
<pin id="253" dir="0" index="1" bw="0" slack="2147483647"/>
<pin id="254" dir="0" index="2" bw="32" slack="0"/>
<pin id="255" dir="0" index="3" bw="0" slack="2147483647"/>
<pin id="256" dir="1" index="4" bw="32" slack="0"/>
</pin_list>
<bind>
<opcode="phi(47) " fcode="phi"/>
<opset="t_V/6 "/>
</bind>
</comp>

<comp id="257" class="1005" name="i3_0_reg_257">
<pin_list>
<pin id="258" dir="0" index="0" bw="4" slack="1"/>
<pin id="259" dir="1" index="1" bw="4" slack="1"/>
</pin_list>
<bind>
<opset="i3_0 (phireg) "/>
</bind>
</comp>

<comp id="261" class="1004" name="i3_0_phi_fu_261">
<pin_list>
<pin id="262" dir="0" index="0" bw="1" slack="1"/>
<pin id="263" dir="0" index="1" bw="0" slack="2147483647"/>
<pin id="264" dir="0" index="2" bw="4" slack="0"/>
<pin id="265" dir="0" index="3" bw="0" slack="2147483647"/>
<pin id="266" dir="1" index="4" bw="4" slack="0"/>
</pin_list>
<bind>
<opcode="phi(47) " fcode="phi"/>
<opset="i3_0/11 "/>
</bind>
</comp>

<comp id="268" class="1005" name="j_0_reg_268">
<pin_list>
<pin id="269" dir="0" index="0" bw="4" slack="1"/>
<pin id="270" dir="1" index="1" bw="4" slack="1"/>
</pin_list>
<bind>
<opset="j_0 (phireg) "/>
</bind>
</comp>

<comp id="272" class="1004" name="j_0_phi_fu_272">
<pin_list>
<pin id="273" dir="0" index="0" bw="4" slack="0"/>
<pin id="274" dir="0" index="1" bw="0" slack="2147483647"/>
<pin id="275" dir="0" index="2" bw="1" slack="1"/>
<pin id="276" dir="0" index="3" bw="0" slack="2147483647"/>
<pin id="277" dir="1" index="4" bw="4" slack="0"/>
</pin_list>
<bind>
<opcode="phi(47) " fcode="phi"/>
<opset="j_0/13 "/>
</bind>
</comp>

<comp id="279" class="1004" name="grp_hash1_1_fu_279">
<pin_list>
<pin id="280" dir="0" index="0" bw="0" slack="0"/>
<pin id="281" dir="0" index="1" bw="32" slack="2147483647"/>
<pin id="282" dir="0" index="2" bw="32" slack="2147483647"/>
<pin id="283" dir="0" index="3" bw="32" slack="0"/>
<pin id="284" dir="0" index="4" bw="32" slack="0"/>
<pin id="285" dir="1" index="5" bw="0" slack="2147483647"/>
</pin_list>
<bind>
<opcode="call(48) " fcode="call"/>
<opset="call_ln126/7 "/>
</bind>
</comp>

<comp id="289" class="1004" name="grp_hash1_fu_289">
<pin_list>
<pin id="290" dir="0" index="0" bw="0" slack="0"/>
<pin id="291" dir="0" index="1" bw="32" slack="2147483647"/>
<pin id="292" dir="0" index="2" bw="32" slack="2147483647"/>
<pin id="293" dir="0" index="3" bw="32" slack="0"/>
<pin id="294" dir="0" index="4" bw="32" slack="0"/>
<pin id="295" dir="1" index="5" bw="0" slack="2147483647"/>
</pin_list>
<bind>
<opcode="call(48) " fcode="call"/>
<opset="call_ln127/9 "/>
</bind>
</comp>

<comp id="299" class="1004" name="nonce_V_fu_299">
<pin_list>
<pin id="300" dir="0" index="0" bw="32" slack="0"/>
<pin id="301" dir="0" index="1" bw="1" slack="0"/>
<pin id="302" dir="1" index="2" bw="32" slack="3"/>
</pin_list>
<bind>
<opcode="add(8) " fcode="add"/>
<opset="nonce_V/1 "/>
</bind>
</comp>

<comp id="305" class="1004" name="icmp_ln159_fu_305">
<pin_list>
<pin id="306" dir="0" index="0" bw="4" slack="0"/>
<pin id="307" dir="0" index="1" bw="4" slack="0"/>
<pin id="308" dir="1" index="2" bw="1" slack="2147483647"/>
</pin_list>
<bind>
<opcode="icmp(45) " fcode="icmp"/>
<opset="icmp_ln159/2 "/>
</bind>
</comp>

<comp id="311" class="1004" name="i_fu_311">
<pin_list>
<pin id="312" dir="0" index="0" bw="4" slack="0"/>
<pin id="313" dir="0" index="1" bw="1" slack="0"/>
<pin id="314" dir="1" index="2" bw="4" slack="0"/>
</pin_list>
<bind>
<opcode="add(8) " fcode="add"/>
<opset="i/2 "/>
</bind>
</comp>

<comp id="317" class="1004" name="zext_ln160_1_fu_317">
<pin_list>
<pin id="318" dir="0" index="0" bw="4" slack="0"/>
<pin id="319" dir="1" index="1" bw="64" slack="0"/>
</pin_list>
<bind>
<opcode="zext(34) " fcode="zext"/>
<opset="zext_ln160_1/2 "/>
</bind>
</comp>

<comp id="322" class="1004" name="zext_ln160_fu_322">
<pin_list>
<pin id="323" dir="0" index="0" bw="4" slack="1"/>
<pin id="324" dir="1" index="1" bw="64" slack="0"/>
</pin_list>
<bind>
<opcode="zext(34) " fcode="zext"/>
<opset="zext_ln160/3 "/>
</bind>
</comp>

<comp id="326" class="1004" name="zext_ln164_fu_326">
<pin_list>
<pin id="327" dir="0" index="0" bw="4" slack="0"/>
<pin id="328" dir="1" index="1" bw="5" slack="1"/>
</pin_list>
<bind>
<opcode="zext(34) " fcode="zext"/>
<opset="zext_ln164/4 "/>
</bind>
</comp>

<comp id="330" class="1004" name="icmp_ln164_fu_330">
<pin_list>
<pin id="331" dir="0" index="0" bw="4" slack="0"/>
<pin id="332" dir="0" index="1" bw="4" slack="0"/>
<pin id="333" dir="1" index="2" bw="1" slack="2147483647"/>
</pin_list>
<bind>
<opcode="icmp(45) " fcode="icmp"/>
<opset="icmp_ln164/4 "/>
</bind>
</comp>

<comp id="336" class="1004" name="i_1_fu_336">
<pin_list>
<pin id="337" dir="0" index="0" bw="4" slack="0"/>
<pin id="338" dir="0" index="1" bw="1" slack="0"/>
<pin id="339" dir="1" index="2" bw="4" slack="0"/>
</pin_list>
<bind>
<opcode="add(8) " fcode="add"/>
<opset="i_1/4 "/>
</bind>
</comp>

<comp id="342" class="1004" name="zext_ln165_1_fu_342">
<pin_list>
<pin id="343" dir="0" index="0" bw="4" slack="0"/>
<pin id="344" dir="1" index="1" bw="64" slack="0"/>
</pin_list>
<bind>
<opcode="zext(34) " fcode="zext"/>
<opset="zext_ln165_1/4 "/>
</bind>
</comp>

<comp id="347" class="1004" name="add_ln165_fu_347">
<pin_list>
<pin id="348" dir="0" index="0" bw="4" slack="1"/>
<pin id="349" dir="0" index="1" bw="5" slack="0"/>
<pin id="350" dir="1" index="2" bw="5" slack="0"/>
</pin_list>
<bind>
<opcode="add(8) " fcode="add"/>
<opset="add_ln165/5 "/>
</bind>
</comp>

<comp id="352" class="1004" name="zext_ln165_fu_352">
<pin_list>
<pin id="353" dir="0" index="0" bw="5" slack="0"/>
<pin id="354" dir="1" index="1" bw="64" slack="0"/>
</pin_list>
<bind>
<opcode="zext(34) " fcode="zext"/>
<opset="zext_ln165/5 "/>
</bind>
</comp>

<comp id="357" class="1004" name="final_result_nonce_V_fu_357">
<pin_list>
<pin id="358" dir="0" index="0" bw="32" slack="0"/>
<pin id="359" dir="0" index="1" bw="1" slack="0"/>
<pin id="360" dir="1" index="2" bw="32" slack="0"/>
</pin_list>
<bind>
<opcode="add(8) " fcode="add"/>
<opset="final_result_nonce_V/6 "/>
</bind>
</comp>

<comp id="364" class="1004" name="icmp_ln209_fu_364">
<pin_list>
<pin id="365" dir="0" index="0" bw="4" slack="0"/>
<pin id="366" dir="0" index="1" bw="4" slack="0"/>
<pin id="367" dir="1" index="2" bw="1" slack="1"/>
</pin_list>
<bind>
<opcode="icmp(45) " fcode="icmp"/>
<opset="icmp_ln209/11 "/>
</bind>
</comp>

<comp id="370" class="1004" name="i_2_fu_370">
<pin_list>
<pin id="371" dir="0" index="0" bw="4" slack="0"/>
<pin id="372" dir="0" index="1" bw="1" slack="0"/>
<pin id="373" dir="1" index="2" bw="4" slack="0"/>
</pin_list>
<bind>
<opcode="add(8) " fcode="add"/>
<opset="i_2/11 "/>
</bind>
</comp>

<comp id="376" class="1004" name="sub_ln210_fu_376">
<pin_list>
<pin id="377" dir="0" index="0" bw="4" slack="0"/>
<pin id="378" dir="0" index="1" bw="4" slack="0"/>
<pin id="379" dir="1" index="2" bw="4" slack="0"/>
</pin_list>
<bind>
<opcode="sub(10) " fcode="sub"/>
<opset="sub_ln210/11 "/>
</bind>
</comp>

<comp id="382" class="1004" name="zext_ln210_fu_382">
<pin_list>
<pin id="383" dir="0" index="0" bw="4" slack="0"/>
<pin id="384" dir="1" index="1" bw="64" slack="0"/>
</pin_list>
<bind>
<opcode="zext(34) " fcode="zext"/>
<opset="zext_ln210/11 "/>
</bind>
</comp>

<comp id="387" class="1004" name="zext_ln210_1_fu_387">
<pin_list>
<pin id="388" dir="0" index="0" bw="4" slack="0"/>
<pin id="389" dir="1" index="1" bw="64" slack="0"/>
</pin_list>
<bind>
<opcode="zext(34) " fcode="zext"/>
<opset="zext_ln210_1/11 "/>
</bind>
</comp>

<comp id="392" class="1004" name="select_ln887_fu_392">
<pin_list>
<pin id="393" dir="0" index="0" bw="1" slack="0"/>
<pin id="394" dir="0" index="1" bw="17" slack="0"/>
<pin id="395" dir="0" index="2" bw="1" slack="0"/>
<pin id="396" dir="1" index="3" bw="32" slack="0"/>
</pin_list>
<bind>
<opcode="select(49) " fcode="select"/>
<opset="select_ln887/12 "/>
</bind>
</comp>

<comp id="400" class="1004" name="icmp_ln887_fu_400">
<pin_list>
<pin id="401" dir="0" index="0" bw="32" slack="0"/>
<pin id="402" dir="0" index="1" bw="17" slack="0"/>
<pin id="403" dir="1" index="2" bw="1" slack="2147483647"/>
</pin_list>
<bind>
<opcode="icmp(45) " fcode="icmp"/>
<opset="icmp_ln887/12 "/>
</bind>
</comp>

<comp id="406" class="1004" name="icmp_ln895_fu_406">
<pin_list>
<pin id="407" dir="0" index="0" bw="32" slack="0"/>
<pin id="408" dir="0" index="1" bw="17" slack="0"/>
<pin id="409" dir="1" index="2" bw="1" slack="2147483647"/>
</pin_list>
<bind>
<opcode="icmp(45) " fcode="icmp"/>
<opset="icmp_ln895/12 "/>
</bind>
</comp>

<comp id="412" class="1004" name="icmp_ln213_fu_412">
<pin_list>
<pin id="413" dir="0" index="0" bw="4" slack="0"/>
<pin id="414" dir="0" index="1" bw="4" slack="0"/>
<pin id="415" dir="1" index="2" bw="1" slack="2147483647"/>
</pin_list>
<bind>
<opcode="icmp(45) " fcode="icmp"/>
<opset="icmp_ln213/13 "/>
</bind>
</comp>

<comp id="418" class="1004" name="j_fu_418">
<pin_list>
<pin id="419" dir="0" index="0" bw="4" slack="0"/>
<pin id="420" dir="0" index="1" bw="1" slack="0"/>
<pin id="421" dir="1" index="2" bw="4" slack="0"/>
</pin_list>
<bind>
<opcode="add(8) " fcode="add"/>
<opset="j/13 "/>
</bind>
</comp>

<comp id="424" class="1004" name="zext_ln214_fu_424">
<pin_list>
<pin id="425" dir="0" index="0" bw="4" slack="0"/>
<pin id="426" dir="1" index="1" bw="64" slack="0"/>
</pin_list>
<bind>
<opcode="zext(34) " fcode="zext"/>
<opset="zext_ln214/13 "/>
</bind>
</comp>

<comp id="429" class="1005" name="nbits_0_V_read_1_reg_429">
<pin_list>
<pin id="430" dir="0" index="0" bw="32" slack="2"/>
<pin id="431" dir="1" index="1" bw="32" slack="2"/>
</pin_list>
<bind>
<opset="nbits_0_V_read_1 "/>
</bind>
</comp>

<comp id="434" class="1005" name="time_0_V_read_1_reg_434">
<pin_list>
<pin id="435" dir="0" index="0" bw="32" slack="2"/>
<pin id="436" dir="1" index="1" bw="32" slack="2"/>
</pin_list>
<bind>
<opset="time_0_V_read_1 "/>
</bind>
</comp>

<comp id="439" class="1005" name="nonce_V_reg_439">
<pin_list>
<pin id="440" dir="0" index="0" bw="32" slack="3"/>
<pin id="441" dir="1" index="1" bw="32" slack="3"/>
</pin_list>
<bind>
<opset="nonce_V "/>
</bind>
</comp>

<comp id="447" class="1005" name="i_reg_447">
<pin_list>
<pin id="448" dir="0" index="0" bw="4" slack="0"/>
<pin id="449" dir="1" index="1" bw="4" slack="0"/>
</pin_list>
<bind>
<opset="i "/>
</bind>
</comp>

<comp id="453" class="1005" name="prevhash_V_addr_reg_453">
<pin_list>
<pin id="454" dir="0" index="0" bw="3" slack="1"/>
<pin id="455" dir="1" index="1" bw="3" slack="1"/>
</pin_list>
<bind>
<opset="prevhash_V_addr "/>
</bind>
</comp>

<comp id="458" class="1005" name="zext_ln164_reg_458">
<pin_list>
<pin id="459" dir="0" index="0" bw="5" slack="1"/>
<pin id="460" dir="1" index="1" bw="5" slack="1"/>
</pin_list>
<bind>
<opset="zext_ln164 "/>
</bind>
</comp>

<comp id="466" class="1005" name="i_1_reg_466">
<pin_list>
<pin id="467" dir="0" index="0" bw="4" slack="0"/>
<pin id="468" dir="1" index="1" bw="4" slack="0"/>
</pin_list>
<bind>
<opset="i_1 "/>
</bind>
</comp>

<comp id="471" class="1005" name="merkle_root_V_addr_reg_471">
<pin_list>
<pin id="472" dir="0" index="0" bw="3" slack="1"/>
<pin id="473" dir="1" index="1" bw="3" slack="1"/>
</pin_list>
<bind>
<opset="merkle_root_V_addr "/>
</bind>
</comp>

<comp id="476" class="1005" name="blockheader_V_addr_4_reg_476">
<pin_list>
<pin id="477" dir="0" index="0" bw="5" slack="1"/>
<pin id="478" dir="1" index="1" bw="5" slack="1"/>
</pin_list>
<bind>
<opset="blockheader_V_addr_4 "/>
</bind>
</comp>

<comp id="481" class="1005" name="final_result_nonce_V_reg_481">
<pin_list>
<pin id="482" dir="0" index="0" bw="32" slack="0"/>
<pin id="483" dir="1" index="1" bw="32" slack="0"/>
</pin_list>
<bind>
<opset="final_result_nonce_V "/>
</bind>
</comp>

<comp id="486" class="1005" name="icmp_ln209_reg_486">
<pin_list>
<pin id="487" dir="0" index="0" bw="1" slack="1"/>
<pin id="488" dir="1" index="1" bw="1" slack="2147483647"/>
</pin_list>
<bind>
<opset="icmp_ln209 "/>
</bind>
</comp>

<comp id="490" class="1005" name="i_2_reg_490">
<pin_list>
<pin id="491" dir="0" index="0" bw="4" slack="0"/>
<pin id="492" dir="1" index="1" bw="4" slack="0"/>
</pin_list>
<bind>
<opset="i_2 "/>
</bind>
</comp>

<comp id="495" class="1005" name="result_V_assign_addr_reg_495">
<pin_list>
<pin id="496" dir="0" index="0" bw="3" slack="1"/>
<pin id="497" dir="1" index="1" bw="3" slack="1"/>
</pin_list>
<bind>
<opset="result_V_assign_addr "/>
</bind>
</comp>

<comp id="500" class="1005" name="difficulty_V_addr_reg_500">
<pin_list>
<pin id="501" dir="0" index="0" bw="3" slack="1"/>
<pin id="502" dir="1" index="1" bw="3" slack="1"/>
</pin_list>
<bind>
<opset="difficulty_V_addr "/>
</bind>
</comp>

<comp id="514" class="1005" name="j_reg_514">
<pin_list>
<pin id="515" dir="0" index="0" bw="4" slack="0"/>
<pin id="516" dir="1" index="1" bw="4" slack="0"/>
</pin_list>
<bind>
<opset="j "/>
</bind>
</comp>

<comp id="519" class="1005" name="zext_ln214_reg_519">
<pin_list>
<pin id="520" dir="0" index="0" bw="64" slack="1"/>
<pin id="521" dir="1" index="1" bw="64" slack="1"/>
</pin_list>
<bind>
<opset="zext_ln214 "/>
</bind>
</comp>

<comp id="524" class="1005" name="result_V_assign_addr_1_reg_524">
<pin_list>
<pin id="525" dir="0" index="0" bw="3" slack="1"/>
<pin id="526" dir="1" index="1" bw="3" slack="1"/>
</pin_list>
<bind>
<opset="result_V_assign_addr_1 "/>
</bind>
</comp>

</comp_list>

<net_list>
<net id="63"><net_src comp="22" pin="0"/><net_sink comp="60" pin=0"/></net>

<net id="67"><net_src comp="22" pin="0"/><net_sink comp="64" pin=0"/></net>

<net id="71"><net_src comp="22" pin="0"/><net_sink comp="68" pin=0"/></net>

<net id="76"><net_src comp="20" pin="0"/><net_sink comp="72" pin=0"/></net>

<net id="77"><net_src comp="12" pin="0"/><net_sink comp="72" pin=1"/></net>

<net id="82"><net_src comp="20" pin="0"/><net_sink comp="78" pin=0"/></net>

<net id="83"><net_src comp="10" pin="0"/><net_sink comp="78" pin=1"/></net>

<net id="88"><net_src comp="20" pin="0"/><net_sink comp="84" pin=0"/></net>

<net id="89"><net_src comp="4" pin="0"/><net_sink comp="84" pin=1"/></net>

<net id="94"><net_src comp="20" pin="0"/><net_sink comp="90" pin=0"/></net>

<net id="95"><net_src comp="2" pin="0"/><net_sink comp="90" pin=1"/></net>

<net id="101"><net_src comp="64" pin="1"/><net_sink comp="96" pin=0"/></net>

<net id="102"><net_src comp="26" pin="0"/><net_sink comp="96" pin=1"/></net>

<net id="103"><net_src comp="26" pin="0"/><net_sink comp="96" pin=2"/></net>

<net id="109"><net_src comp="84" pin="2"/><net_sink comp="104" pin=1"/></net>

<net id="110"><net_src comp="96" pin="3"/><net_sink comp="104" pin=0"/></net>

<net id="116"><net_src comp="6" pin="0"/><net_sink comp="111" pin=0"/></net>

<net id="117"><net_src comp="26" pin="0"/><net_sink comp="111" pin=1"/></net>

<net id="123"><net_src comp="111" pin="3"/><net_sink comp="118" pin=0"/></net>

<net id="129"><net_src comp="26" pin="0"/><net_sink comp="124" pin=1"/></net>

<net id="130"><net_src comp="118" pin="3"/><net_sink comp="104" pin=1"/></net>

<net id="131"><net_src comp="124" pin="3"/><net_sink comp="104" pin=0"/></net>

<net id="137"><net_src comp="8" pin="0"/><net_sink comp="132" pin=0"/></net>

<net id="138"><net_src comp="26" pin="0"/><net_sink comp="132" pin=1"/></net>

<net id="144"><net_src comp="132" pin="3"/><net_sink comp="139" pin=0"/></net>

<net id="150"><net_src comp="26" pin="0"/><net_sink comp="145" pin=1"/></net>

<net id="151"><net_src comp="38" pin="0"/><net_sink comp="145" pin=2"/></net>

<net id="152"><net_src comp="145" pin="3"/><net_sink comp="104" pin=0"/></net>

<net id="158"><net_src comp="26" pin="0"/><net_sink comp="153" pin=1"/></net>

<net id="159"><net_src comp="40" pin="0"/><net_sink comp="153" pin=2"/></net>

<net id="164"><net_src comp="153" pin="3"/><net_sink comp="104" pin=2"/></net>

<net id="170"><net_src comp="26" pin="0"/><net_sink comp="165" pin=1"/></net>

<net id="171"><net_src comp="42" pin="0"/><net_sink comp="165" pin=2"/></net>

<net id="177"><net_src comp="26" pin="0"/><net_sink comp="172" pin=1"/></net>

<net id="178"><net_src comp="139" pin="3"/><net_sink comp="104" pin=4"/></net>

<net id="179"><net_src comp="172" pin="3"/><net_sink comp="104" pin=2"/></net>

<net id="185"><net_src comp="26" pin="0"/><net_sink comp="180" pin=1"/></net>

<net id="191"><net_src comp="180" pin="3"/><net_sink comp="186" pin=0"/></net>

<net id="197"><net_src comp="18" pin="0"/><net_sink comp="192" pin=0"/></net>

<net id="198"><net_src comp="26" pin="0"/><net_sink comp="192" pin=1"/></net>

<net id="204"><net_src comp="192" pin="3"/><net_sink comp="199" pin=0"/></net>

<net id="210"><net_src comp="26" pin="0"/><net_sink comp="205" pin=1"/></net>

<net id="211"><net_src comp="205" pin="3"/><net_sink comp="186" pin=0"/></net>

<net id="217"><net_src comp="0" pin="0"/><net_sink comp="212" pin=0"/></net>

<net id="218"><net_src comp="26" pin="0"/><net_sink comp="212" pin=1"/></net>

<net id="224"><net_src comp="186" pin="3"/><net_sink comp="219" pin=1"/></net>

<net id="225"><net_src comp="212" pin="3"/><net_sink comp="219" pin=0"/></net>

<net id="229"><net_src comp="28" pin="0"/><net_sink comp="226" pin=0"/></net>

<net id="236"><net_src comp="226" pin="1"/><net_sink comp="230" pin=0"/></net>

<net id="240"><net_src comp="28" pin="0"/><net_sink comp="237" pin=0"/></net>

<net id="247"><net_src comp="237" pin="1"/><net_sink comp="241" pin=2"/></net>

<net id="260"><net_src comp="28" pin="0"/><net_sink comp="257" pin=0"/></net>

<net id="267"><net_src comp="257" pin="1"/><net_sink comp="261" pin=0"/></net>

<net id="271"><net_src comp="28" pin="0"/><net_sink comp="268" pin=0"/></net>

<net id="278"><net_src comp="268" pin="1"/><net_sink comp="272" pin=2"/></net>

<net id="286"><net_src comp="48" pin="0"/><net_sink comp="279" pin=0"/></net>

<net id="287"><net_src comp="14" pin="0"/><net_sink comp="279" pin=3"/></net>

<net id="288"><net_src comp="16" pin="0"/><net_sink comp="279" pin=4"/></net>

<net id="296"><net_src comp="50" pin="0"/><net_sink comp="289" pin=0"/></net>

<net id="297"><net_src comp="14" pin="0"/><net_sink comp="289" pin=3"/></net>

<net id="298"><net_src comp="16" pin="0"/><net_sink comp="289" pin=4"/></net>

<net id="303"><net_src comp="90" pin="2"/><net_sink comp="299" pin=0"/></net>

<net id="304"><net_src comp="24" pin="0"/><net_sink comp="299" pin=1"/></net>

<net id="309"><net_src comp="230" pin="4"/><net_sink comp="305" pin=0"/></net>

<net id="310"><net_src comp="30" pin="0"/><net_sink comp="305" pin=1"/></net>

<net id="315"><net_src comp="230" pin="4"/><net_sink comp="311" pin=0"/></net>

<net id="316"><net_src comp="36" pin="0"/><net_sink comp="311" pin=1"/></net>

<net id="320"><net_src comp="230" pin="4"/><net_sink comp="317" pin=0"/></net>

<net id="321"><net_src comp="317" pin="1"/><net_sink comp="111" pin=2"/></net>

<net id="325"><net_src comp="322" pin="1"/><net_sink comp="124" pin=2"/></net>

<net id="329"><net_src comp="241" pin="4"/><net_sink comp="326" pin=0"/></net>

<net id="334"><net_src comp="241" pin="4"/><net_sink comp="330" pin=0"/></net>

<net id="335"><net_src comp="30" pin="0"/><net_sink comp="330" pin=1"/></net>

<net id="340"><net_src comp="241" pin="4"/><net_sink comp="336" pin=0"/></net>

<net id="341"><net_src comp="36" pin="0"/><net_sink comp="336" pin=1"/></net>

<net id="345"><net_src comp="241" pin="4"/><net_sink comp="342" pin=0"/></net>

<net id="346"><net_src comp="342" pin="1"/><net_sink comp="132" pin=2"/></net>

<net id="351"><net_src comp="44" pin="0"/><net_sink comp="347" pin=1"/></net>

<net id="355"><net_src comp="347" pin="2"/><net_sink comp="352" pin=0"/></net>

<net id="356"><net_src comp="352" pin="1"/><net_sink comp="172" pin=2"/></net>

<net id="361"><net_src comp="251" pin="4"/><net_sink comp="357" pin=0"/></net>

<net id="362"><net_src comp="46" pin="0"/><net_sink comp="357" pin=1"/></net>

<net id="363"><net_src comp="357" pin="2"/><net_sink comp="104" pin=4"/></net>

<net id="368"><net_src comp="261" pin="4"/><net_sink comp="364" pin=0"/></net>

<net id="369"><net_src comp="30" pin="0"/><net_sink comp="364" pin=1"/></net>

<net id="374"><net_src comp="261" pin="4"/><net_sink comp="370" pin=0"/></net>

<net id="375"><net_src comp="36" pin="0"/><net_sink comp="370" pin=1"/></net>

<net id="380"><net_src comp="54" pin="0"/><net_sink comp="376" pin=0"/></net>

<net id="381"><net_src comp="261" pin="4"/><net_sink comp="376" pin=1"/></net>

<net id="385"><net_src comp="376" pin="2"/><net_sink comp="382" pin=0"/></net>

<net id="386"><net_src comp="382" pin="1"/><net_sink comp="180" pin=2"/></net>

<net id="390"><net_src comp="261" pin="4"/><net_sink comp="387" pin=0"/></net>

<net id="391"><net_src comp="387" pin="1"/><net_sink comp="192" pin=2"/></net>

<net id="397"><net_src comp="199" pin="3"/><net_sink comp="392" pin=0"/></net>

<net id="398"><net_src comp="56" pin="0"/><net_sink comp="392" pin=1"/></net>

<net id="399"><net_src comp="58" pin="0"/><net_sink comp="392" pin=2"/></net>

<net id="404"><net_src comp="186" pin="3"/><net_sink comp="400" pin=0"/></net>

<net id="405"><net_src comp="392" pin="3"/><net_sink comp="400" pin=1"/></net>

<net id="410"><net_src comp="186" pin="3"/><net_sink comp="406" pin=0"/></net>

<net id="411"><net_src comp="392" pin="3"/><net_sink comp="406" pin=1"/></net>

<net id="416"><net_src comp="272" pin="4"/><net_sink comp="412" pin=0"/></net>

<net id="417"><net_src comp="30" pin="0"/><net_sink comp="412" pin=1"/></net>

<net id="422"><net_src comp="272" pin="4"/><net_sink comp="418" pin=0"/></net>

<net id="423"><net_src comp="36" pin="0"/><net_sink comp="418" pin=1"/></net>

<net id="427"><net_src comp="272" pin="4"/><net_sink comp="424" pin=0"/></net>

<net id="428"><net_src comp="424" pin="1"/><net_sink comp="205" pin=2"/></net>

<net id="432"><net_src comp="72" pin="2"/><net_sink comp="429" pin=0"/></net>

<net id="433"><net_src comp="429" pin="1"/><net_sink comp="104" pin=4"/></net>

<net id="437"><net_src comp="78" pin="2"/><net_sink comp="434" pin=0"/></net>

<net id="438"><net_src comp="434" pin="1"/><net_sink comp="104" pin=1"/></net>

<net id="442"><net_src comp="299" pin="2"/><net_sink comp="439" pin=0"/></net>

<net id="443"><net_src comp="439" pin="1"/><net_sink comp="251" pin=0"/></net>

<net id="450"><net_src comp="311" pin="2"/><net_sink comp="447" pin=0"/></net>

<net id="451"><net_src comp="447" pin="1"/><net_sink comp="230" pin=2"/></net>

<net id="452"><net_src comp="447" pin="1"/><net_sink comp="322" pin=0"/></net>

<net id="456"><net_src comp="111" pin="3"/><net_sink comp="453" pin=0"/></net>

<net id="457"><net_src comp="453" pin="1"/><net_sink comp="118" pin=0"/></net>

<net id="461"><net_src comp="326" pin="1"/><net_sink comp="458" pin=0"/></net>

<net id="462"><net_src comp="458" pin="1"/><net_sink comp="347" pin=0"/></net>

<net id="469"><net_src comp="336" pin="2"/><net_sink comp="466" pin=0"/></net>

<net id="470"><net_src comp="466" pin="1"/><net_sink comp="241" pin=0"/></net>

<net id="474"><net_src comp="132" pin="3"/><net_sink comp="471" pin=0"/></net>

<net id="475"><net_src comp="471" pin="1"/><net_sink comp="139" pin=0"/></net>

<net id="479"><net_src comp="165" pin="3"/><net_sink comp="476" pin=0"/></net>

<net id="480"><net_src comp="476" pin="1"/><net_sink comp="104" pin=2"/></net>

<net id="484"><net_src comp="357" pin="2"/><net_sink comp="481" pin=0"/></net>

<net id="485"><net_src comp="481" pin="1"/><net_sink comp="251" pin=2"/></net>

<net id="489"><net_src comp="364" pin="2"/><net_sink comp="486" pin=0"/></net>

<net id="493"><net_src comp="370" pin="2"/><net_sink comp="490" pin=0"/></net>

<net id="494"><net_src comp="490" pin="1"/><net_sink comp="261" pin=2"/></net>

<net id="498"><net_src comp="180" pin="3"/><net_sink comp="495" pin=0"/></net>

<net id="499"><net_src comp="495" pin="1"/><net_sink comp="186" pin=0"/></net>

<net id="503"><net_src comp="192" pin="3"/><net_sink comp="500" pin=0"/></net>

<net id="504"><net_src comp="500" pin="1"/><net_sink comp="199" pin=0"/></net>

<net id="517"><net_src comp="418" pin="2"/><net_sink comp="514" pin=0"/></net>

<net id="518"><net_src comp="514" pin="1"/><net_sink comp="272" pin=0"/></net>

<net id="522"><net_src comp="424" pin="1"/><net_sink comp="519" pin=0"/></net>

<net id="523"><net_src comp="519" pin="1"/><net_sink comp="212" pin=2"/></net>

<net id="527"><net_src comp="205" pin="3"/><net_sink comp="524" pin=0"/></net>

<net id="528"><net_src comp="524" pin="1"/><net_sink comp="186" pin=0"/></net>

</net_list>

</model> 
---------------- Datapath Model END ------------------

* FSMD analyzer results:
  - Output states:
	Port: agg_result_hash_V | {14 }
 - Input state : 
	Port: mineblock : noncestart_V | {1 }
	Port: mineblock : version_0_V_read | {1 }
	Port: mineblock : prevhash_V | {2 3 }
	Port: mineblock : merkle_root_V | {4 5 }
	Port: mineblock : time_0_V_read | {1 }
	Port: mineblock : nbits_0_V_read | {1 }
	Port: mineblock : H_0_V | {7 8 9 10 }
	Port: mineblock : K | {7 8 9 10 }
	Port: mineblock : difficulty_V | {11 12 }
  - Chain level:
	State 1
		blockheader_V_addr : 1
		store_ln156 : 2
	State 2
		icmp_ln159 : 1
		i : 1
		br_ln159 : 2
		zext_ln160_1 : 1
		prevhash_V_addr : 2
		prevhash_V_load : 3
	State 3
		blockheader_V_addr_1 : 1
		store_ln160 : 2
	State 4
		zext_ln164 : 1
		icmp_ln164 : 1
		i_1 : 1
		br_ln164 : 2
		zext_ln165_1 : 1
		merkle_root_V_addr : 2
		merkle_root_V_load : 3
		store_ln169 : 1
		store_ln172 : 1
	State 5
		zext_ln165 : 1
		blockheader_V_addr_5 : 2
		store_ln165 : 3
	State 6
		final_result_nonce_V : 1
		store_ln201 : 2
	State 7
	State 8
	State 9
	State 10
	State 11
		icmp_ln209 : 1
		i_2 : 1
		br_ln209 : 2
		sub_ln210 : 1
		zext_ln210 : 2
		zext_ln210_1 : 1
		result_V_assign_addr : 3
		result_V_assign_load : 4
		difficulty_V_addr : 2
		difficulty_V_load : 3
	State 12
		select_ln887 : 1
		icmp_ln887 : 2
		br_ln210 : 3
		icmp_ln895 : 2
		br_ln218 : 3
	State 13
		icmp_ln213 : 1
		j : 1
		br_ln213 : 2
		zext_ln214 : 1
		result_V_assign_addr_1 : 2
		result_V_assign_load_1 : 3
	State 14
		store_ln214 : 1


============================================================
+ Verbose Summary: Datapath Resource usage 
============================================================

* Functional unit list:
|----------|-------------------------------|---------|---------|---------|---------|---------|
| Operation|        Functional Unit        |   BRAM  |  Delay  |    FF   |   LUT   |   URAM  |
|----------|-------------------------------|---------|---------|---------|---------|---------|
|   call   |       grp_hash1_1_fu_279      |    37   | 31.4747 |   1421  |   1779  |    0    |
|          |        grp_hash1_fu_289       |    37   | 33.2437 |   1411  |   1788  |    0    |
|----------|-------------------------------|---------|---------|---------|---------|---------|
|          |         nonce_V_fu_299        |    0    |    0    |    0    |    39   |    0    |
|          |            i_fu_311           |    0    |    0    |    0    |    13   |    0    |
|          |           i_1_fu_336          |    0    |    0    |    0    |    13   |    0    |
|    add   |        add_ln165_fu_347       |    0    |    0    |    0    |    15   |    0    |
|          |  final_result_nonce_V_fu_357  |    0    |    0    |    0    |    39   |    0    |
|          |           i_2_fu_370          |    0    |    0    |    0    |    13   |    0    |
|          |            j_fu_418           |    0    |    0    |    0    |    13   |    0    |
|----------|-------------------------------|---------|---------|---------|---------|---------|
|          |       icmp_ln159_fu_305       |    0    |    0    |    0    |    9    |    0    |
|          |       icmp_ln164_fu_330       |    0    |    0    |    0    |    9    |    0    |
|   icmp   |       icmp_ln209_fu_364       |    0    |    0    |    0    |    9    |    0    |
|          |       icmp_ln887_fu_400       |    0    |    0    |    0    |    18   |    0    |
|          |       icmp_ln895_fu_406       |    0    |    0    |    0    |    18   |    0    |
|          |       icmp_ln213_fu_412       |    0    |    0    |    0    |    9    |    0    |
|----------|-------------------------------|---------|---------|---------|---------|---------|
|  select  |      select_ln887_fu_392      |    0    |    0    |    0    |    17   |    0    |
|----------|-------------------------------|---------|---------|---------|---------|---------|
|    sub   |        sub_ln210_fu_376       |    0    |    0    |    0    |    13   |    0    |
|----------|-------------------------------|---------|---------|---------|---------|---------|
|          |  nbits_0_V_read_1_read_fu_72  |    0    |    0    |    0    |    0    |    0    |
|   read   |   time_0_V_read_1_read_fu_78  |    0    |    0    |    0    |    0    |    0    |
|          | version_0_V_read_1_read_fu_84 |    0    |    0    |    0    |    0    |    0    |
|          |  noncestart_V_read_read_fu_90 |    0    |    0    |    0    |    0    |    0    |
|----------|-------------------------------|---------|---------|---------|---------|---------|
|          |      zext_ln160_1_fu_317      |    0    |    0    |    0    |    0    |    0    |
|          |       zext_ln160_fu_322       |    0    |    0    |    0    |    0    |    0    |
|          |       zext_ln164_fu_326       |    0    |    0    |    0    |    0    |    0    |
|   zext   |      zext_ln165_1_fu_342      |    0    |    0    |    0    |    0    |    0    |
|          |       zext_ln165_fu_352       |    0    |    0    |    0    |    0    |    0    |
|          |       zext_ln210_fu_382       |    0    |    0    |    0    |    0    |    0    |
|          |      zext_ln210_1_fu_387      |    0    |    0    |    0    |    0    |    0    |
|          |       zext_ln214_fu_424       |    0    |    0    |    0    |    0    |    0    |
|----------|-------------------------------|---------|---------|---------|---------|---------|
|   Total  |                               |    74   | 64.7184 |   2832  |   3814  |    0    |
|----------|-------------------------------|---------|---------|---------|---------|---------|

Memories:
+---------------+--------+--------+--------+--------+
|               |  BRAM  |   FF   |   LUT  |  URAM  |
+---------------+--------+--------+--------+--------+
| blockheader_V |    2   |    0   |    0   |    0   |
|    hash0_V    |    0   |   64   |    4   |    0   |
|result_V_assign|    0   |   64   |    4   |    0   |
+---------------+--------+--------+--------+--------+
|     Total     |    2   |   128  |    8   |    0   |
+---------------+--------+--------+--------+--------+

* Register list:
+------------------------------+--------+
|                              |   FF   |
+------------------------------+--------+
| blockheader_V_addr_4_reg_476 |    5   |
|   difficulty_V_addr_reg_500  |    3   |
| final_result_nonce_V_reg_481 |   32   |
|         i1_0_reg_237         |    4   |
|         i3_0_reg_257         |    4   |
|          i_0_reg_226         |    4   |
|          i_1_reg_466         |    4   |
|          i_2_reg_490         |    4   |
|           i_reg_447          |    4   |
|      icmp_ln209_reg_486      |    1   |
|          j_0_reg_268         |    4   |
|           j_reg_514          |    4   |
|  merkle_root_V_addr_reg_471  |    3   |
|   nbits_0_V_read_1_reg_429   |   32   |
|        nonce_V_reg_439       |   32   |
|    prevhash_V_addr_reg_453   |    3   |
|result_V_assign_addr_1_reg_524|    3   |
| result_V_assign_addr_reg_495 |    3   |
|          t_V_reg_248         |   32   |
|    time_0_V_read_1_reg_434   |   32   |
|      zext_ln164_reg_458      |    5   |
|      zext_ln214_reg_519      |   64   |
+------------------------------+--------+
|             Total            |   282  |
+------------------------------+--------+

* Multiplexer (MUX) list: 
|-------------------|------|------|------|--------||---------||---------|
|        Comp       |  Pin | Size |  BW  | S x BW ||  Delay  ||   LUT   |
|-------------------|------|------|------|--------||---------||---------|
| grp_access_fu_104 |  p0  |   3  |   5  |   15   ||    15   |
| grp_access_fu_104 |  p1  |   3  |  32  |   96   ||    15   |
| grp_access_fu_104 |  p2  |   3  |   0  |    0   ||    15   |
| grp_access_fu_104 |  p4  |   3  |   5  |   15   ||    15   |
| grp_access_fu_118 |  p0  |   2  |   3  |    6   ||    9    |
| grp_access_fu_139 |  p0  |   2  |   3  |    6   ||    9    |
| grp_access_fu_186 |  p0  |   4  |   3  |   12   ||    21   |
| grp_access_fu_199 |  p0  |   2  |   3  |    6   ||    9    |
|-------------------|------|------|------|--------||---------||---------|
|       Total       |      |      |      |   156  || 14.4265 ||   108   |
|-------------------|------|------|------|--------||---------||---------|



* Summary:
+-----------+--------+--------+--------+--------+--------+
|           |  BRAM  |  Delay |   FF   |   LUT  |  URAM  |
+-----------+--------+--------+--------+--------+--------+
|  Function |   74   |   64   |  2832  |  3814  |    0   |
|   Memory  |    2   |    -   |   128  |    8   |    0   |
|Multiplexer|    -   |   14   |    -   |   108  |    -   |
|  Register |    -   |    -   |   282  |    -   |    -   |
+-----------+--------+--------+--------+--------+--------+
|   Total   |   76   |   79   |  3242  |  3930  |    0   |
+-----------+--------+--------+--------+--------+--------+
