

================================================================
== Vivado HLS Report for 'prepareMessage'
================================================================
* Date:           Sun Dec  1 12:23:32 2024

* Version:        2019.2 (Build 2704478 on Wed Nov 06 22:10:23 MST 2019)
* Project:        sha.prj
* Solution:       solution1
* Product family: zynq
* Target device:  xc7z020-clg484-1


================================================================
== Performance Estimates
================================================================
+ Timing: 
    * Summary: 
    +--------+----------+----------+------------+
    |  Clock |  Target  | Estimated| Uncertainty|
    +--------+----------+----------+------------+
    |ap_clk  | 10.00 ns | 8.228 ns |   1.25 ns  |
    +--------+----------+----------+------------+

+ Latency: 
    * Summary: 
    +---------+---------+----------+----------+-----+-----+---------+
    |  Latency (cycles) |  Latency (absolute) |  Interval | Pipeline|
    |   min   |   max   |    min   |    max   | min | max |   Type  |
    +---------+---------+----------+----------+-----+-----+---------+
    |        ?|        ?|         ?|         ?|    ?|    ?|   none  |
    +---------+---------+----------+----------+-----+-----+---------+

    + Detail: 
        * Instance: 
        N/A

        * Loop: 
        +-------------+---------+---------+----------+-----------+-----------+------+----------+
        |             |  Latency (cycles) | Iteration|  Initiation Interval  | Trip |          |
        |  Loop Name  |   min   |   max   |  Latency |  achieved |   target  | Count| Pipelined|
        +-------------+---------+---------+----------+-----------+-----------+------+----------+
        |- Loop 1     |       32|       32|         1|          -|          -|    32|    no    |
        |- Loop 2     |        ?|        ?|         2|          1|          1|     ?|    yes   |
        |- Loop 3     |        ?|        ?|         ?|          -|          -|    16|    no    |
        | + Loop 3.1  |        ?|        ?|         2|          -|          -|     ?|    no    |
        +-------------+---------+---------+----------+-----------+-----------+------+----------+

============================================================
+ Verbose Summary: Synthesis Manager
============================================================
InlineROM: 1
ExposeGlobal: 0
============================================================
+ Verbose Summary: CDFG Model
============================================================
IsTopModel: 0
ResetActiveHigh: 1
IsCombinational: 2
IsDatapathOnly: 0
HasWiredReturn: 1
HasMFsm: 0
HasVarLatency: 1
IsPipeline: 0
IsRtlPipelined: 0
IsInstanceOverlapped: 0
IsDontTouch: 0
HasImplIP: 0
IsGatedGlobalClock: 0

+ Individual pipeline summary: 
  * Pipeline-0: initiation interval (II) = 1, depth = 2


============================================================
+ Verbose Summary: Schedule
============================================================
* Number of FSM states : 11
* Pipeline : 1
  Pipeline-0 : II = 1, D = 2, States = { 3 4 }
* Dataflow Pipeline: 0

* FSM state transitions: 
1 --> 2 
2 --> 2 3 
3 --> 5 4 
4 --> 3 
5 --> 6 7 
6 --> 7 
7 --> 8 
8 --> 9 
9 --> 10 
10 --> 11 9 
11 --> 10 

* FSM state operations: 

State 1 <SV = 0> <Delay = 3.63>
ST_1 : Operation 12 [1/1] (0.00ns)   --->   "%bitlength_read = call i32 @_ssdm_op_Read.ap_auto.i32(i32 %bitlength)"   --->   Operation 12 'read' 'bitlength_read' <Predicate = true> <Delay = 0.00>
ST_1 : Operation 13 [1/1] (0.00ns)   --->   "%message_V = alloca [10000 x i32], align 4" [sha256.cpp:66->sha256.cpp:154]   --->   Operation 13 'alloca' 'message_V' <Predicate = true> <Delay = 0.00> <Core = "RAM">   --->   Core 37 'RAM' <Latency = 1> <II = 1> <Delay = 3.25> <Storage> <Opcode : 'load' 'store'> <Ports = 2> <Width = 32> <Depth = 32> <RAM>
ST_1 : Operation 14 [1/1] (0.00ns)   --->   "%empty = call i32 (...)* @_ssdm_op_SpecInterface(i32* %bitlength_out, [8 x i8]* @ap_fifo_str, i32 0, i32 0, [1 x i8]* @p_str, i32 0, i32 0, [1 x i8]* @p_str, [1 x i8]* @p_str, [1 x i8]* @p_str, i32 2, i32 2, i32 16, i32 16, [1 x i8]* @p_str, [11 x i8]* @ScalarProp_str)"   --->   Operation 14 'specinterface' 'empty' <Predicate = true> <Delay = 0.00>
ST_1 : Operation 15 [1/1] (3.63ns)   --->   "call void @_ssdm_op_Write.ap_fifo.i32P(i32* %bitlength_out, i32 %bitlength_read)" [sha256.cpp:154]   --->   Operation 15 'write' <Predicate = true> <Delay = 3.63> <Core = "FIFO">   --->   Core 32 'FIFO' <Latency = 0> <II = 1> <Delay = 3.63> <Storage> <Opcode : 'read' 'write' 'nbread' 'nbwrite'> <Ports = 0> <Width = 32> <Depth = 2> <FIFO>
ST_1 : Operation 16 [1/1] (1.76ns)   --->   "br label %0" [sha256.cpp:59->sha256.cpp:154]   --->   Operation 16 'br' <Predicate = true> <Delay = 1.76>

State 2 <SV = 1> <Delay = 8.22>
ST_2 : Operation 17 [1/1] (0.00ns)   --->   "%i_0_i = phi i6 [ 0, %entry ], [ %i, %.preheader55.preheader.i ]"   --->   Operation 17 'phi' 'i_0_i' <Predicate = true> <Delay = 0.00>
ST_2 : Operation 18 [1/1] (1.42ns)   --->   "%icmp_ln59 = icmp eq i6 %i_0_i, -32" [sha256.cpp:59->sha256.cpp:154]   --->   Operation 18 'icmp' 'icmp_ln59' <Predicate = true> <Delay = 1.42> <Core = "Cmp">   --->   Core 25 'Cmp' <Latency = 0> <II = 1> <Delay = 2.47> <FuncUnit> <Opcode : 'icmp'> <InPorts = 2> <OutPorts = 1>
ST_2 : Operation 19 [1/1] (0.00ns)   --->   "%empty_6 = call i32 (...)* @_ssdm_op_SpecLoopTripCount(i64 32, i64 32, i64 32)"   --->   Operation 19 'speclooptripcount' 'empty_6' <Predicate = true> <Delay = 0.00>
ST_2 : Operation 20 [1/1] (1.82ns)   --->   "%i = add i6 %i_0_i, 1" [sha256.cpp:59->sha256.cpp:154]   --->   Operation 20 'add' 'i' <Predicate = true> <Delay = 1.82> <Core = "AddSub">   --->   Core 14 'AddSub' <Latency = 0> <II = 1> <Delay = 2.55> <FuncUnit> <Opcode : 'add' 'sub'> <InPorts = 2> <OutPorts = 1>
ST_2 : Operation 21 [1/1] (0.00ns)   --->   "br i1 %icmp_ln59, label %.preheader54.preheader.i, label %.preheader55.preheader.i" [sha256.cpp:59->sha256.cpp:154]   --->   Operation 21 'br' <Predicate = true> <Delay = 0.00>
ST_2 : Operation 22 [1/1] (0.00ns)   --->   "%zext_ln62 = zext i6 %i_0_i to i64" [sha256.cpp:62->sha256.cpp:154]   --->   Operation 22 'zext' 'zext_ln62' <Predicate = (!icmp_ln59)> <Delay = 0.00>
ST_2 : Operation 23 [1/1] (0.00ns)   --->   "%M_0_V_addr = getelementptr [32 x i32]* %M_0_V, i64 0, i64 %zext_ln62" [sha256.cpp:62->sha256.cpp:154]   --->   Operation 23 'getelementptr' 'M_0_V_addr' <Predicate = (!icmp_ln59)> <Delay = 0.00>
ST_2 : Operation 24 [1/1] (3.25ns)   --->   "store i32 0, i32* %M_0_V_addr, align 4" [sha256.cpp:62->sha256.cpp:154]   --->   Operation 24 'store' <Predicate = (!icmp_ln59)> <Delay = 3.25> <Core = "RAM">   --->   Core 37 'RAM' <Latency = 1> <II = 1> <Delay = 3.25> <Storage> <Opcode : 'load' 'store'> <Ports = 2> <Width = 32> <Depth = 32> <RAM>
ST_2 : Operation 25 [1/1] (0.00ns)   --->   "%M_1_V_addr = getelementptr [32 x i32]* %M_1_V, i64 0, i64 %zext_ln62" [sha256.cpp:62->sha256.cpp:154]   --->   Operation 25 'getelementptr' 'M_1_V_addr' <Predicate = (!icmp_ln59)> <Delay = 0.00>
ST_2 : Operation 26 [1/1] (3.25ns)   --->   "store i32 0, i32* %M_1_V_addr, align 4" [sha256.cpp:62->sha256.cpp:154]   --->   Operation 26 'store' <Predicate = (!icmp_ln59)> <Delay = 3.25> <Core = "RAM">   --->   Core 37 'RAM' <Latency = 1> <II = 1> <Delay = 3.25> <Storage> <Opcode : 'load' 'store'> <Ports = 2> <Width = 32> <Depth = 32> <RAM>
ST_2 : Operation 27 [1/1] (0.00ns)   --->   "%M_2_V_addr = getelementptr [32 x i32]* %M_2_V, i64 0, i64 %zext_ln62" [sha256.cpp:62->sha256.cpp:154]   --->   Operation 27 'getelementptr' 'M_2_V_addr' <Predicate = (!icmp_ln59)> <Delay = 0.00>
ST_2 : Operation 28 [1/1] (3.25ns)   --->   "store i32 0, i32* %M_2_V_addr, align 4" [sha256.cpp:62->sha256.cpp:154]   --->   Operation 28 'store' <Predicate = (!icmp_ln59)> <Delay = 3.25> <Core = "RAM">   --->   Core 37 'RAM' <Latency = 1> <II = 1> <Delay = 3.25> <Storage> <Opcode : 'load' 'store'> <Ports = 2> <Width = 32> <Depth = 32> <RAM>
ST_2 : Operation 29 [1/1] (0.00ns)   --->   "%M_3_V_addr = getelementptr [32 x i32]* %M_3_V, i64 0, i64 %zext_ln62" [sha256.cpp:62->sha256.cpp:154]   --->   Operation 29 'getelementptr' 'M_3_V_addr' <Predicate = (!icmp_ln59)> <Delay = 0.00>
ST_2 : Operation 30 [1/1] (3.25ns)   --->   "store i32 0, i32* %M_3_V_addr, align 4" [sha256.cpp:62->sha256.cpp:154]   --->   Operation 30 'store' <Predicate = (!icmp_ln59)> <Delay = 3.25> <Core = "RAM">   --->   Core 37 'RAM' <Latency = 1> <II = 1> <Delay = 3.25> <Storage> <Opcode : 'load' 'store'> <Ports = 2> <Width = 32> <Depth = 32> <RAM>
ST_2 : Operation 31 [1/1] (0.00ns)   --->   "%M_4_V_addr = getelementptr [32 x i32]* %M_4_V, i64 0, i64 %zext_ln62" [sha256.cpp:62->sha256.cpp:154]   --->   Operation 31 'getelementptr' 'M_4_V_addr' <Predicate = (!icmp_ln59)> <Delay = 0.00>
ST_2 : Operation 32 [1/1] (3.25ns)   --->   "store i32 0, i32* %M_4_V_addr, align 4" [sha256.cpp:62->sha256.cpp:154]   --->   Operation 32 'store' <Predicate = (!icmp_ln59)> <Delay = 3.25> <Core = "RAM">   --->   Core 37 'RAM' <Latency = 1> <II = 1> <Delay = 3.25> <Storage> <Opcode : 'load' 'store'> <Ports = 2> <Width = 32> <Depth = 32> <RAM>
ST_2 : Operation 33 [1/1] (0.00ns)   --->   "%M_5_V_addr = getelementptr [32 x i32]* %M_5_V, i64 0, i64 %zext_ln62" [sha256.cpp:62->sha256.cpp:154]   --->   Operation 33 'getelementptr' 'M_5_V_addr' <Predicate = (!icmp_ln59)> <Delay = 0.00>
ST_2 : Operation 34 [1/1] (3.25ns)   --->   "store i32 0, i32* %M_5_V_addr, align 4" [sha256.cpp:62->sha256.cpp:154]   --->   Operation 34 'store' <Predicate = (!icmp_ln59)> <Delay = 3.25> <Core = "RAM">   --->   Core 37 'RAM' <Latency = 1> <II = 1> <Delay = 3.25> <Storage> <Opcode : 'load' 'store'> <Ports = 2> <Width = 32> <Depth = 32> <RAM>
ST_2 : Operation 35 [1/1] (0.00ns)   --->   "%M_6_V_addr = getelementptr [32 x i32]* %M_6_V, i64 0, i64 %zext_ln62" [sha256.cpp:62->sha256.cpp:154]   --->   Operation 35 'getelementptr' 'M_6_V_addr' <Predicate = (!icmp_ln59)> <Delay = 0.00>
ST_2 : Operation 36 [1/1] (3.25ns)   --->   "store i32 0, i32* %M_6_V_addr, align 4" [sha256.cpp:62->sha256.cpp:154]   --->   Operation 36 'store' <Predicate = (!icmp_ln59)> <Delay = 3.25> <Core = "RAM">   --->   Core 37 'RAM' <Latency = 1> <II = 1> <Delay = 3.25> <Storage> <Opcode : 'load' 'store'> <Ports = 2> <Width = 32> <Depth = 32> <RAM>
ST_2 : Operation 37 [1/1] (0.00ns)   --->   "%M_7_V_addr = getelementptr [32 x i32]* %M_7_V, i64 0, i64 %zext_ln62" [sha256.cpp:62->sha256.cpp:154]   --->   Operation 37 'getelementptr' 'M_7_V_addr' <Predicate = (!icmp_ln59)> <Delay = 0.00>
ST_2 : Operation 38 [1/1] (3.25ns)   --->   "store i32 0, i32* %M_7_V_addr, align 4" [sha256.cpp:62->sha256.cpp:154]   --->   Operation 38 'store' <Predicate = (!icmp_ln59)> <Delay = 3.25> <Core = "RAM">   --->   Core 37 'RAM' <Latency = 1> <II = 1> <Delay = 3.25> <Storage> <Opcode : 'load' 'store'> <Ports = 2> <Width = 32> <Depth = 32> <RAM>
ST_2 : Operation 39 [1/1] (0.00ns)   --->   "%M_8_V_addr = getelementptr [32 x i32]* %M_8_V, i64 0, i64 %zext_ln62" [sha256.cpp:62->sha256.cpp:154]   --->   Operation 39 'getelementptr' 'M_8_V_addr' <Predicate = (!icmp_ln59)> <Delay = 0.00>
ST_2 : Operation 40 [1/1] (3.25ns)   --->   "store i32 0, i32* %M_8_V_addr, align 4" [sha256.cpp:62->sha256.cpp:154]   --->   Operation 40 'store' <Predicate = (!icmp_ln59)> <Delay = 3.25> <Core = "RAM">   --->   Core 37 'RAM' <Latency = 1> <II = 1> <Delay = 3.25> <Storage> <Opcode : 'load' 'store'> <Ports = 2> <Width = 32> <Depth = 32> <RAM>
ST_2 : Operation 41 [1/1] (0.00ns)   --->   "%M_9_V_addr = getelementptr [32 x i32]* %M_9_V, i64 0, i64 %zext_ln62" [sha256.cpp:62->sha256.cpp:154]   --->   Operation 41 'getelementptr' 'M_9_V_addr' <Predicate = (!icmp_ln59)> <Delay = 0.00>
ST_2 : Operation 42 [1/1] (3.25ns)   --->   "store i32 0, i32* %M_9_V_addr, align 4" [sha256.cpp:62->sha256.cpp:154]   --->   Operation 42 'store' <Predicate = (!icmp_ln59)> <Delay = 3.25> <Core = "RAM">   --->   Core 37 'RAM' <Latency = 1> <II = 1> <Delay = 3.25> <Storage> <Opcode : 'load' 'store'> <Ports = 2> <Width = 32> <Depth = 32> <RAM>
ST_2 : Operation 43 [1/1] (0.00ns)   --->   "%M_10_V_addr = getelementptr [32 x i32]* %M_10_V, i64 0, i64 %zext_ln62" [sha256.cpp:62->sha256.cpp:154]   --->   Operation 43 'getelementptr' 'M_10_V_addr' <Predicate = (!icmp_ln59)> <Delay = 0.00>
ST_2 : Operation 44 [1/1] (3.25ns)   --->   "store i32 0, i32* %M_10_V_addr, align 4" [sha256.cpp:62->sha256.cpp:154]   --->   Operation 44 'store' <Predicate = (!icmp_ln59)> <Delay = 3.25> <Core = "RAM">   --->   Core 37 'RAM' <Latency = 1> <II = 1> <Delay = 3.25> <Storage> <Opcode : 'load' 'store'> <Ports = 2> <Width = 32> <Depth = 32> <RAM>
ST_2 : Operation 45 [1/1] (0.00ns)   --->   "%M_11_V_addr = getelementptr [32 x i32]* %M_11_V, i64 0, i64 %zext_ln62" [sha256.cpp:62->sha256.cpp:154]   --->   Operation 45 'getelementptr' 'M_11_V_addr' <Predicate = (!icmp_ln59)> <Delay = 0.00>
ST_2 : Operation 46 [1/1] (3.25ns)   --->   "store i32 0, i32* %M_11_V_addr, align 4" [sha256.cpp:62->sha256.cpp:154]   --->   Operation 46 'store' <Predicate = (!icmp_ln59)> <Delay = 3.25> <Core = "RAM">   --->   Core 37 'RAM' <Latency = 1> <II = 1> <Delay = 3.25> <Storage> <Opcode : 'load' 'store'> <Ports = 2> <Width = 32> <Depth = 32> <RAM>
ST_2 : Operation 47 [1/1] (0.00ns)   --->   "%M_12_V_addr = getelementptr [32 x i32]* %M_12_V, i64 0, i64 %zext_ln62" [sha256.cpp:62->sha256.cpp:154]   --->   Operation 47 'getelementptr' 'M_12_V_addr' <Predicate = (!icmp_ln59)> <Delay = 0.00>
ST_2 : Operation 48 [1/1] (3.25ns)   --->   "store i32 0, i32* %M_12_V_addr, align 4" [sha256.cpp:62->sha256.cpp:154]   --->   Operation 48 'store' <Predicate = (!icmp_ln59)> <Delay = 3.25> <Core = "RAM">   --->   Core 37 'RAM' <Latency = 1> <II = 1> <Delay = 3.25> <Storage> <Opcode : 'load' 'store'> <Ports = 2> <Width = 32> <Depth = 32> <RAM>
ST_2 : Operation 49 [1/1] (0.00ns)   --->   "%M_13_V_addr = getelementptr [32 x i32]* %M_13_V, i64 0, i64 %zext_ln62" [sha256.cpp:62->sha256.cpp:154]   --->   Operation 49 'getelementptr' 'M_13_V_addr' <Predicate = (!icmp_ln59)> <Delay = 0.00>
ST_2 : Operation 50 [1/1] (3.25ns)   --->   "store i32 0, i32* %M_13_V_addr, align 4" [sha256.cpp:62->sha256.cpp:154]   --->   Operation 50 'store' <Predicate = (!icmp_ln59)> <Delay = 3.25> <Core = "RAM">   --->   Core 37 'RAM' <Latency = 1> <II = 1> <Delay = 3.25> <Storage> <Opcode : 'load' 'store'> <Ports = 2> <Width = 32> <Depth = 32> <RAM>
ST_2 : Operation 51 [1/1] (0.00ns)   --->   "%M_14_V_addr = getelementptr [32 x i32]* %M_14_V, i64 0, i64 %zext_ln62" [sha256.cpp:62->sha256.cpp:154]   --->   Operation 51 'getelementptr' 'M_14_V_addr' <Predicate = (!icmp_ln59)> <Delay = 0.00>
ST_2 : Operation 52 [1/1] (3.25ns)   --->   "store i32 0, i32* %M_14_V_addr, align 4" [sha256.cpp:62->sha256.cpp:154]   --->   Operation 52 'store' <Predicate = (!icmp_ln59)> <Delay = 3.25> <Core = "RAM">   --->   Core 37 'RAM' <Latency = 1> <II = 1> <Delay = 3.25> <Storage> <Opcode : 'load' 'store'> <Ports = 2> <Width = 32> <Depth = 32> <RAM>
ST_2 : Operation 53 [1/1] (0.00ns)   --->   "%M_15_V_addr = getelementptr [32 x i32]* %M_15_V, i64 0, i64 %zext_ln62" [sha256.cpp:62->sha256.cpp:154]   --->   Operation 53 'getelementptr' 'M_15_V_addr' <Predicate = (!icmp_ln59)> <Delay = 0.00>
ST_2 : Operation 54 [1/1] (3.25ns)   --->   "store i32 0, i32* %M_15_V_addr, align 4" [sha256.cpp:62->sha256.cpp:154]   --->   Operation 54 'store' <Predicate = (!icmp_ln59)> <Delay = 3.25> <Core = "RAM">   --->   Core 37 'RAM' <Latency = 1> <II = 1> <Delay = 3.25> <Storage> <Opcode : 'load' 'store'> <Ports = 2> <Width = 32> <Depth = 32> <RAM>
ST_2 : Operation 55 [1/1] (0.00ns)   --->   "br label %0" [sha256.cpp:59->sha256.cpp:154]   --->   Operation 55 'br' <Predicate = (!icmp_ln59)> <Delay = 0.00>
ST_2 : Operation 56 [1/1] (0.00ns)   --->   "%tmp_2 = call i1 @_ssdm_op_BitSelect.i1.i32.i32(i32 %bitlength_read, i32 31)" [sha256.cpp:67->sha256.cpp:154]   --->   Operation 56 'bitselect' 'tmp_2' <Predicate = (icmp_ln59)> <Delay = 0.00>
ST_2 : Operation 57 [1/1] (2.55ns)   --->   "%sub_ln67 = sub i32 0, %bitlength_read" [sha256.cpp:67->sha256.cpp:154]   --->   Operation 57 'sub' 'sub_ln67' <Predicate = (icmp_ln59)> <Delay = 2.55> <Core = "AddSub">   --->   Core 14 'AddSub' <Latency = 0> <II = 1> <Delay = 2.55> <FuncUnit> <Opcode : 'add' 'sub'> <InPorts = 2> <OutPorts = 1>
ST_2 : Operation 58 [1/1] (0.00ns)   --->   "%tmp = call i27 @_ssdm_op_PartSelect.i27.i32.i32.i32(i32 %sub_ln67, i32 5, i32 31)" [sha256.cpp:67->sha256.cpp:154]   --->   Operation 58 'partselect' 'tmp' <Predicate = (icmp_ln59)> <Delay = 0.00>
ST_2 : Operation 59 [1/1] (0.00ns)   --->   "%zext_ln67 = zext i27 %tmp to i28" [sha256.cpp:67->sha256.cpp:154]   --->   Operation 59 'zext' 'zext_ln67' <Predicate = (icmp_ln59)> <Delay = 0.00>
ST_2 : Operation 60 [1/1] (2.40ns)   --->   "%sub_ln67_1 = sub i28 0, %zext_ln67" [sha256.cpp:67->sha256.cpp:154]   --->   Operation 60 'sub' 'sub_ln67_1' <Predicate = (icmp_ln59)> <Delay = 2.40> <Core = "AddSub">   --->   Core 14 'AddSub' <Latency = 0> <II = 1> <Delay = 2.55> <FuncUnit> <Opcode : 'add' 'sub'> <InPorts = 2> <OutPorts = 1>
ST_2 : Operation 61 [1/1] (0.00ns)   --->   "%tmp_1 = call i27 @_ssdm_op_PartSelect.i27.i32.i32.i32(i32 %bitlength_read, i32 5, i32 31)" [sha256.cpp:67->sha256.cpp:154]   --->   Operation 61 'partselect' 'tmp_1' <Predicate = (icmp_ln59)> <Delay = 0.00>
ST_2 : Operation 62 [1/1] (0.00ns)   --->   "%zext_ln67_1 = zext i27 %tmp_1 to i28" [sha256.cpp:67->sha256.cpp:154]   --->   Operation 62 'zext' 'zext_ln67_1' <Predicate = (icmp_ln59)> <Delay = 0.00>
ST_2 : Operation 63 [1/1] (0.83ns)   --->   "%select_ln67 = select i1 %tmp_2, i28 %sub_ln67_1, i28 %zext_ln67_1" [sha256.cpp:67->sha256.cpp:154]   --->   Operation 63 'select' 'select_ln67' <Predicate = (icmp_ln59)> <Delay = 0.83> <Core = "Sel">   --->   Core 26 'Sel' <Latency = 0> <II = 1> <Delay = 0.69> <FuncUnit> <Opcode : 'select'> <InPorts = 3> <OutPorts = 1>
ST_2 : Operation 64 [1/1] (0.00ns)   --->   "%sext_ln67 = sext i28 %select_ln67 to i29" [sha256.cpp:67->sha256.cpp:154]   --->   Operation 64 'sext' 'sext_ln67' <Predicate = (icmp_ln59)> <Delay = 0.00>
ST_2 : Operation 65 [1/1] (0.00ns)   --->   "%trunc_ln67 = trunc i28 %select_ln67 to i4" [sha256.cpp:67->sha256.cpp:154]   --->   Operation 65 'trunc' 'trunc_ln67' <Predicate = (icmp_ln59)> <Delay = 0.00>
ST_2 : Operation 66 [1/1] (2.43ns)   --->   "%wordlength = add i29 1, %sext_ln67" [sha256.cpp:67->sha256.cpp:154]   --->   Operation 66 'add' 'wordlength' <Predicate = (icmp_ln59)> <Delay = 2.43> <Core = "AddSub">   --->   Core 14 'AddSub' <Latency = 0> <II = 1> <Delay = 2.55> <FuncUnit> <Opcode : 'add' 'sub'> <InPorts = 2> <OutPorts = 1>
ST_2 : Operation 67 [1/1] (1.76ns)   --->   "br label %1" [sha256.cpp:69->sha256.cpp:154]   --->   Operation 67 'br' <Predicate = (icmp_ln59)> <Delay = 1.76>

State 3 <SV = 2> <Delay = 3.44>
ST_3 : Operation 68 [1/1] (0.00ns)   --->   "%i1_0_i = phi i28 [ 0, %.preheader54.preheader.i ], [ %i_1, %hls_label_1 ]"   --->   Operation 68 'phi' 'i1_0_i' <Predicate = true> <Delay = 0.00>
ST_3 : Operation 69 [1/1] (0.00ns)   --->   "%zext_ln69 = zext i28 %i1_0_i to i29" [sha256.cpp:69->sha256.cpp:154]   --->   Operation 69 'zext' 'zext_ln69' <Predicate = true> <Delay = 0.00>
ST_3 : Operation 70 [1/1] (2.46ns)   --->   "%icmp_ln69 = icmp slt i29 %zext_ln69, %wordlength" [sha256.cpp:69->sha256.cpp:154]   --->   Operation 70 'icmp' 'icmp_ln69' <Predicate = true> <Delay = 2.46> <Core = "Cmp">   --->   Core 25 'Cmp' <Latency = 0> <II = 1> <Delay = 2.47> <FuncUnit> <Opcode : 'icmp'> <InPorts = 2> <OutPorts = 1>
ST_3 : Operation 71 [1/1] (2.43ns)   --->   "%i_1 = add i28 %i1_0_i, 1" [sha256.cpp:69->sha256.cpp:154]   --->   Operation 71 'add' 'i_1' <Predicate = true> <Delay = 2.43> <Core = "AddSub">   --->   Core 14 'AddSub' <Latency = 0> <II = 1> <Delay = 2.55> <FuncUnit> <Opcode : 'add' 'sub'> <InPorts = 2> <OutPorts = 1>
ST_3 : Operation 72 [1/1] (0.00ns)   --->   "br i1 %icmp_ln69, label %hls_label_1, label %2" [sha256.cpp:69->sha256.cpp:154]   --->   Operation 72 'br' <Predicate = true> <Delay = 0.00>
ST_3 : Operation 73 [1/1] (0.00ns)   --->   "%zext_ln71 = zext i28 %i1_0_i to i64" [sha256.cpp:71->sha256.cpp:154]   --->   Operation 73 'zext' 'zext_ln71' <Predicate = (icmp_ln69)> <Delay = 0.00>
ST_3 : Operation 74 [1/1] (0.00ns)   --->   "%input_V_addr = getelementptr [20 x i32]* %input_V, i64 0, i64 %zext_ln71" [sha256.cpp:71->sha256.cpp:154]   --->   Operation 74 'getelementptr' 'input_V_addr' <Predicate = (icmp_ln69)> <Delay = 0.00>
ST_3 : Operation 75 [2/2] (2.32ns)   --->   "%input_V_load = load i32* %input_V_addr, align 4" [sha256.cpp:71->sha256.cpp:154]   --->   Operation 75 'load' 'input_V_load' <Predicate = (icmp_ln69)> <Delay = 2.32> <Core = "RAM">   --->   Core 37 'RAM' <Latency = 1> <II = 1> <Delay = 3.25> <Storage> <Opcode : 'load' 'store'> <Ports = 2> <Width = 32> <Depth = 32> <RAM>

State 4 <SV = 3> <Delay = 5.57>
ST_4 : Operation 76 [1/1] (0.00ns)   --->   "%tmp_i = call i32 (...)* @_ssdm_op_SpecRegionBegin([12 x i8]* @p_str3)" [sha256.cpp:69->sha256.cpp:154]   --->   Operation 76 'specregionbegin' 'tmp_i' <Predicate = (icmp_ln69)> <Delay = 0.00>
ST_4 : Operation 77 [1/1] (0.00ns)   --->   "call void (...)* @_ssdm_op_SpecPipeline(i32 1, i32 1, i32 1, i32 0, [1 x i8]* @p_str) nounwind" [sha256.cpp:70->sha256.cpp:154]   --->   Operation 77 'specpipeline' <Predicate = (icmp_ln69)> <Delay = 0.00>
ST_4 : Operation 78 [1/2] (2.32ns)   --->   "%input_V_load = load i32* %input_V_addr, align 4" [sha256.cpp:71->sha256.cpp:154]   --->   Operation 78 'load' 'input_V_load' <Predicate = (icmp_ln69)> <Delay = 2.32> <Core = "RAM">   --->   Core 37 'RAM' <Latency = 1> <II = 1> <Delay = 3.25> <Storage> <Opcode : 'load' 'store'> <Ports = 2> <Width = 32> <Depth = 32> <RAM>
ST_4 : Operation 79 [1/1] (0.00ns)   --->   "%message_V_addr = getelementptr [10000 x i32]* %message_V, i64 0, i64 %zext_ln71" [sha256.cpp:71->sha256.cpp:154]   --->   Operation 79 'getelementptr' 'message_V_addr' <Predicate = (icmp_ln69)> <Delay = 0.00>
ST_4 : Operation 80 [1/1] (3.25ns)   --->   "store i32 %input_V_load, i32* %message_V_addr, align 4" [sha256.cpp:71->sha256.cpp:154]   --->   Operation 80 'store' <Predicate = (icmp_ln69)> <Delay = 3.25> <Core = "RAM">   --->   Core 37 'RAM' <Latency = 1> <II = 1> <Delay = 3.25> <Storage> <Opcode : 'load' 'store'> <Ports = 2> <Width = 32> <Depth = 32> <RAM>
ST_4 : Operation 81 [1/1] (0.00ns)   --->   "%empty_7 = call i32 (...)* @_ssdm_op_SpecRegionEnd([12 x i8]* @p_str3, i32 %tmp_i)" [sha256.cpp:72->sha256.cpp:154]   --->   Operation 81 'specregionend' 'empty_7' <Predicate = (icmp_ln69)> <Delay = 0.00>
ST_4 : Operation 82 [1/1] (0.00ns)   --->   "br label %1" [sha256.cpp:69->sha256.cpp:154]   --->   Operation 82 'br' <Predicate = (icmp_ln69)> <Delay = 0.00>

State 5 <SV = 3> <Delay = 3.25>
ST_5 : Operation 83 [1/1] (0.00ns)   --->   "%trunc_ln74 = trunc i32 %bitlength_read to i5" [sha256.cpp:74->sha256.cpp:154]   --->   Operation 83 'trunc' 'trunc_ln74' <Predicate = true> <Delay = 0.00>
ST_5 : Operation 84 [1/1] (1.36ns)   --->   "%icmp_ln74 = icmp eq i5 %trunc_ln74, 0" [sha256.cpp:74->sha256.cpp:154]   --->   Operation 84 'icmp' 'icmp_ln74' <Predicate = true> <Delay = 1.36> <Core = "Cmp">   --->   Core 25 'Cmp' <Latency = 0> <II = 1> <Delay = 2.47> <FuncUnit> <Opcode : 'icmp'> <InPorts = 2> <OutPorts = 1>
ST_5 : Operation 85 [1/1] (0.00ns)   --->   "%sext_ln77 = sext i28 %select_ln67 to i64" [sha256.cpp:77->sha256.cpp:154]   --->   Operation 85 'sext' 'sext_ln77' <Predicate = true> <Delay = 0.00>
ST_5 : Operation 86 [1/1] (0.00ns)   --->   "br i1 %icmp_ln74, label %4, label %3" [sha256.cpp:74->sha256.cpp:154]   --->   Operation 86 'br' <Predicate = true> <Delay = 0.00>
ST_5 : Operation 87 [1/1] (0.00ns)   --->   "%message_V_addr_2 = getelementptr [10000 x i32]* %message_V, i64 0, i64 %sext_ln77" [sha256.cpp:75->sha256.cpp:154]   --->   Operation 87 'getelementptr' 'message_V_addr_2' <Predicate = (!icmp_ln74)> <Delay = 0.00>
ST_5 : Operation 88 [2/2] (3.25ns)   --->   "%message_V_load = load i32* %message_V_addr_2, align 4" [sha256.cpp:75->sha256.cpp:154]   --->   Operation 88 'load' 'message_V_load' <Predicate = (!icmp_ln74)> <Delay = 3.25> <Core = "RAM">   --->   Core 37 'RAM' <Latency = 1> <II = 1> <Delay = 3.25> <Storage> <Opcode : 'load' 'store'> <Ports = 2> <Width = 32> <Depth = 32> <RAM>
ST_5 : Operation 89 [1/1] (0.00ns)   --->   "%message_V_addr_1 = getelementptr [10000 x i32]* %message_V, i64 0, i64 %sext_ln77" [sha256.cpp:77->sha256.cpp:154]   --->   Operation 89 'getelementptr' 'message_V_addr_1' <Predicate = (icmp_ln74)> <Delay = 0.00>
ST_5 : Operation 90 [1/1] (3.25ns)   --->   "store i32 -2147483648, i32* %message_V_addr_1, align 4" [sha256.cpp:77->sha256.cpp:154]   --->   Operation 90 'store' <Predicate = (icmp_ln74)> <Delay = 3.25> <Core = "RAM">   --->   Core 37 'RAM' <Latency = 1> <II = 1> <Delay = 3.25> <Storage> <Opcode : 'load' 'store'> <Ports = 2> <Width = 32> <Depth = 32> <RAM>
ST_5 : Operation 91 [1/1] (0.00ns)   --->   "br label %5"   --->   Operation 91 'br' <Predicate = (icmp_ln74)> <Delay = 0.00>

State 6 <SV = 4> <Delay = 6.59>
ST_6 : Operation 92 [1/1] (0.00ns)   --->   "%trunc_ln75 = trunc i32 %sub_ln67 to i5" [sha256.cpp:75->sha256.cpp:154]   --->   Operation 92 'trunc' 'trunc_ln75' <Predicate = (tmp_2)> <Delay = 0.00>
ST_6 : Operation 93 [1/1] (0.00ns)   --->   "%tmp_3 = call i6 @_ssdm_op_BitConcatenate.i6.i1.i5(i1 false, i5 %trunc_ln75)" [sha256.cpp:75->sha256.cpp:154]   --->   Operation 93 'bitconcatenate' 'tmp_3' <Predicate = (tmp_2)> <Delay = 0.00>
ST_6 : Operation 94 [1/1] (1.82ns)   --->   "%sub_ln75_1 = sub i6 0, %tmp_3" [sha256.cpp:75->sha256.cpp:154]   --->   Operation 94 'sub' 'sub_ln75_1' <Predicate = (tmp_2)> <Delay = 1.82> <Core = "AddSub">   --->   Core 14 'AddSub' <Latency = 0> <II = 1> <Delay = 2.55> <FuncUnit> <Opcode : 'add' 'sub'> <InPorts = 2> <OutPorts = 1>
ST_6 : Operation 95 [1/1] (0.00ns) (grouped into LUT with out node sub_ln75)   --->   "%tmp_5 = call i6 @_ssdm_op_BitConcatenate.i6.i1.i5(i1 false, i5 %trunc_ln74)" [sha256.cpp:75->sha256.cpp:154]   --->   Operation 95 'bitconcatenate' 'tmp_5' <Predicate = (!tmp_2)> <Delay = 0.00>
ST_6 : Operation 96 [1/1] (0.00ns) (grouped into LUT with out node sub_ln75)   --->   "%select_ln75 = select i1 %tmp_2, i6 %sub_ln75_1, i6 %tmp_5" [sha256.cpp:75->sha256.cpp:154]   --->   Operation 96 'select' 'select_ln75' <Predicate = true> <Delay = 0.00> <Core = "Sel">   --->   Core 26 'Sel' <Latency = 0> <II = 1> <Delay = 0.69> <FuncUnit> <Opcode : 'select'> <InPorts = 3> <OutPorts = 1>
ST_6 : Operation 97 [1/1] (1.82ns) (out node of the LUT)   --->   "%sub_ln75 = sub i6 31, %select_ln75" [sha256.cpp:75->sha256.cpp:154]   --->   Operation 97 'sub' 'sub_ln75' <Predicate = true> <Delay = 1.82> <Core = "AddSub">   --->   Core 14 'AddSub' <Latency = 0> <II = 1> <Delay = 2.55> <FuncUnit> <Opcode : 'add' 'sub'> <InPorts = 2> <OutPorts = 1>
ST_6 : Operation 98 [1/1] (0.00ns) (grouped into LUT with out node or_ln718)   --->   "%zext_ln75 = zext i6 %sub_ln75 to i32" [sha256.cpp:75->sha256.cpp:154]   --->   Operation 98 'zext' 'zext_ln75' <Predicate = true> <Delay = 0.00>
ST_6 : Operation 99 [1/1] (0.00ns) (grouped into LUT with out node or_ln718)   --->   "%shl_ln75 = shl i32 1, %zext_ln75" [sha256.cpp:75->sha256.cpp:154]   --->   Operation 99 'shl' 'shl_ln75' <Predicate = true> <Delay = 0.00> <Core = "Shift">   --->   Core 28 'Shift' <Latency = 0> <II = 1> <Delay = 2.94> <FuncUnit> <Opcode : 'shl' 'lshr' 'ashr'> <InPorts = 2> <OutPorts = 1>
ST_6 : Operation 100 [1/2] (3.25ns)   --->   "%message_V_load = load i32* %message_V_addr_2, align 4" [sha256.cpp:75->sha256.cpp:154]   --->   Operation 100 'load' 'message_V_load' <Predicate = true> <Delay = 3.25> <Core = "RAM">   --->   Core 37 'RAM' <Latency = 1> <II = 1> <Delay = 3.25> <Storage> <Opcode : 'load' 'store'> <Ports = 2> <Width = 32> <Depth = 32> <RAM>
ST_6 : Operation 101 [1/1] (2.94ns) (out node of the LUT)   --->   "%or_ln718 = or i32 %message_V_load, %shl_ln75" [sha256.cpp:75->sha256.cpp:154]   --->   Operation 101 'or' 'or_ln718' <Predicate = true> <Delay = 2.94> <Core = "LogicGate">   --->   Core 27 'LogicGate' <Latency = 0> <II = 1> <Delay = 0.97> <FuncUnit> <Opcode : 'and' 'or' 'xor'> <InPorts = 2> <OutPorts = 1>

State 7 <SV = 5> <Delay = 5.60>
ST_7 : Operation 102 [1/1] (3.25ns)   --->   "store i32 %or_ln718, i32* %message_V_addr_2, align 4" [sha256.cpp:75->sha256.cpp:154]   --->   Operation 102 'store' <Predicate = (!icmp_ln74)> <Delay = 3.25> <Core = "RAM">   --->   Core 37 'RAM' <Latency = 1> <II = 1> <Delay = 3.25> <Storage> <Opcode : 'load' 'store'> <Ports = 2> <Width = 32> <Depth = 32> <RAM>
ST_7 : Operation 103 [1/1] (0.00ns)   --->   "br label %5" [sha256.cpp:75->sha256.cpp:154]   --->   Operation 103 'br' <Predicate = (!icmp_ln74)> <Delay = 0.00>
ST_7 : Operation 104 [1/1] (1.30ns)   --->   "%icmp_ln79 = icmp eq i4 %trunc_ln67, -1" [sha256.cpp:79->sha256.cpp:154]   --->   Operation 104 'icmp' 'icmp_ln79' <Predicate = true> <Delay = 1.30> <Core = "Cmp">   --->   Core 25 'Cmp' <Latency = 0> <II = 1> <Delay = 2.47> <FuncUnit> <Opcode : 'icmp'> <InPorts = 2> <OutPorts = 1>
ST_7 : Operation 105 [1/1] (0.00ns)   --->   "%tmp_4 = call i1 @_ssdm_op_BitSelect.i1.i29.i32(i29 %wordlength, i32 28)" [sha256.cpp:79->sha256.cpp:154]   --->   Operation 105 'bitselect' 'tmp_4' <Predicate = true> <Delay = 0.00>
ST_7 : Operation 106 [1/1] (0.00ns)   --->   "%trunc_ln79 = trunc i29 %wordlength to i4" [sha256.cpp:79->sha256.cpp:154]   --->   Operation 106 'trunc' 'trunc_ln79' <Predicate = true> <Delay = 0.00>
ST_7 : Operation 107 [1/1] (0.00ns)   --->   "%p_and_f = call i29 @_ssdm_op_BitConcatenate.i29.i25.i4(i25 0, i4 %trunc_ln79)" [sha256.cpp:79->sha256.cpp:154]   --->   Operation 107 'bitconcatenate' 'p_and_f' <Predicate = true> <Delay = 0.00>
ST_7 : Operation 108 [1/1] (0.00ns) (grouped into LUT with out node sub_ln79)   --->   "%trunc_ln79_1 = trunc i28 %select_ln67 to i4" [sha256.cpp:79->sha256.cpp:154]   --->   Operation 108 'trunc' 'trunc_ln79_1' <Predicate = true> <Delay = 0.00>
ST_7 : Operation 109 [1/1] (0.00ns) (grouped into LUT with out node sub_ln79)   --->   "%xor_ln79 = xor i4 %trunc_ln79_1, -1" [sha256.cpp:79->sha256.cpp:154]   --->   Operation 109 'xor' 'xor_ln79' <Predicate = true> <Delay = 0.00> <Core = "LogicGate">   --->   Core 27 'LogicGate' <Latency = 0> <II = 1> <Delay = 0.97> <FuncUnit> <Opcode : 'and' 'or' 'xor'> <InPorts = 2> <OutPorts = 1>
ST_7 : Operation 110 [1/1] (0.00ns) (grouped into LUT with out node sub_ln79)   --->   "%p_and_t1 = call i29 @_ssdm_op_BitConcatenate.i29.i25.i4(i25 0, i4 %xor_ln79)" [sha256.cpp:79->sha256.cpp:154]   --->   Operation 110 'bitconcatenate' 'p_and_t1' <Predicate = true> <Delay = 0.00>
ST_7 : Operation 111 [1/1] (2.46ns) (out node of the LUT)   --->   "%sub_ln79 = sub i29 0, %p_and_t1" [sha256.cpp:79->sha256.cpp:154]   --->   Operation 111 'sub' 'sub_ln79' <Predicate = true> <Delay = 2.46> <Core = "AddSub">   --->   Core 14 'AddSub' <Latency = 0> <II = 1> <Delay = 2.55> <FuncUnit> <Opcode : 'add' 'sub'> <InPorts = 2> <OutPorts = 1>
ST_7 : Operation 112 [1/1] (0.80ns)   --->   "%select_ln79 = select i1 %tmp_4, i29 %sub_ln79, i29 %p_and_f" [sha256.cpp:79->sha256.cpp:154]   --->   Operation 112 'select' 'select_ln79' <Predicate = true> <Delay = 0.80> <Core = "Sel">   --->   Core 26 'Sel' <Latency = 0> <II = 1> <Delay = 0.69> <FuncUnit> <Opcode : 'select'> <InPorts = 3> <OutPorts = 1>
ST_7 : Operation 113 [1/1] (0.00ns)   --->   "%trunc_ln79_2 = trunc i29 %select_ln79 to i5" [sha256.cpp:79->sha256.cpp:154]   --->   Operation 113 'trunc' 'trunc_ln79_2' <Predicate = true> <Delay = 0.00>
ST_7 : Operation 114 [1/1] (1.36ns)   --->   "%icmp_ln79_1 = icmp eq i5 %trunc_ln79_2, 15" [sha256.cpp:79->sha256.cpp:154]   --->   Operation 114 'icmp' 'icmp_ln79_1' <Predicate = true> <Delay = 1.36> <Core = "Cmp">   --->   Core 25 'Cmp' <Latency = 0> <II = 1> <Delay = 2.47> <FuncUnit> <Opcode : 'icmp'> <InPorts = 2> <OutPorts = 1>
ST_7 : Operation 115 [1/1] (0.97ns)   --->   "%or_ln79 = or i1 %icmp_ln79, %icmp_ln79_1" [sha256.cpp:79->sha256.cpp:154]   --->   Operation 115 'or' 'or_ln79' <Predicate = true> <Delay = 0.97> <Core = "LogicGate">   --->   Core 27 'LogicGate' <Latency = 0> <II = 1> <Delay = 0.97> <FuncUnit> <Opcode : 'and' 'or' 'xor'> <InPorts = 2> <OutPorts = 1>
ST_7 : Operation 116 [1/1] (0.00ns)   --->   "br i1 %or_ln79, label %6, label %7" [sha256.cpp:79->sha256.cpp:154]   --->   Operation 116 'br' <Predicate = true> <Delay = 0.00>

State 8 <SV = 6> <Delay = 7.53>
ST_8 : Operation 117 [1/1] (0.00ns) (grouped into TernaryAdder)   --->   "%add_ln82 = add i29 %sext_ln67, 16" [sha256.cpp:82->sha256.cpp:154]   --->   Operation 117 'add' 'add_ln82' <Predicate = (!or_ln79)> <Delay = 0.00> <Core = "TAddSub">   --->   Core 83 'TAddSub' <Latency = 0> <II = 1> <Delay = 2.14> <IPBlock> <Opcode : 'add' 'sub'> <InPorts = 3> <OutPorts = 1> <Sync> <CReg>
ST_8 : Operation 118 [1/1] (4.28ns) (root node of TernaryAdder)   --->   "%sub_ln82 = sub i29 %add_ln82, %select_ln79" [sha256.cpp:82->sha256.cpp:154]   --->   Operation 118 'sub' 'sub_ln82' <Predicate = (!or_ln79)> <Delay = 4.28> <Core = "TAddSub">   --->   Core 83 'TAddSub' <Latency = 0> <II = 1> <Delay = 2.14> <IPBlock> <Opcode : 'add' 'sub'> <InPorts = 3> <OutPorts = 1> <Sync> <CReg>
ST_8 : Operation 119 [1/1] (0.00ns)   --->   "%sext_ln82 = sext i29 %sub_ln82 to i64" [sha256.cpp:82->sha256.cpp:154]   --->   Operation 119 'sext' 'sext_ln82' <Predicate = (!or_ln79)> <Delay = 0.00>
ST_8 : Operation 120 [1/1] (0.00ns)   --->   "%message_V_addr_4 = getelementptr [10000 x i32]* %message_V, i64 0, i64 %sext_ln82" [sha256.cpp:82->sha256.cpp:154]   --->   Operation 120 'getelementptr' 'message_V_addr_4' <Predicate = (!or_ln79)> <Delay = 0.00>
ST_8 : Operation 121 [1/1] (3.25ns)   --->   "store i32 %bitlength_read, i32* %message_V_addr_4, align 4" [sha256.cpp:82->sha256.cpp:154]   --->   Operation 121 'store' <Predicate = (!or_ln79)> <Delay = 3.25> <Core = "RAM">   --->   Core 37 'RAM' <Latency = 1> <II = 1> <Delay = 3.25> <Storage> <Opcode : 'load' 'store'> <Ports = 2> <Width = 32> <Depth = 32> <RAM>
ST_8 : Operation 122 [1/1] (0.00ns)   --->   "br label %8"   --->   Operation 122 'br' <Predicate = (!or_ln79)> <Delay = 0.00>
ST_8 : Operation 123 [1/1] (0.00ns) (grouped into TernaryAdder)   --->   "%add_ln80 = add i29 %sext_ln67, 32" [sha256.cpp:80->sha256.cpp:154]   --->   Operation 123 'add' 'add_ln80' <Predicate = (or_ln79)> <Delay = 0.00> <Core = "TAddSub">   --->   Core 83 'TAddSub' <Latency = 0> <II = 1> <Delay = 2.14> <IPBlock> <Opcode : 'add' 'sub'> <InPorts = 3> <OutPorts = 1> <Sync> <CReg>
ST_8 : Operation 124 [1/1] (4.28ns) (root node of TernaryAdder)   --->   "%sub_ln80 = sub i29 %add_ln80, %select_ln79" [sha256.cpp:80->sha256.cpp:154]   --->   Operation 124 'sub' 'sub_ln80' <Predicate = (or_ln79)> <Delay = 4.28> <Core = "TAddSub">   --->   Core 83 'TAddSub' <Latency = 0> <II = 1> <Delay = 2.14> <IPBlock> <Opcode : 'add' 'sub'> <InPorts = 3> <OutPorts = 1> <Sync> <CReg>
ST_8 : Operation 125 [1/1] (0.00ns)   --->   "%sext_ln80 = sext i29 %sub_ln80 to i64" [sha256.cpp:80->sha256.cpp:154]   --->   Operation 125 'sext' 'sext_ln80' <Predicate = (or_ln79)> <Delay = 0.00>
ST_8 : Operation 126 [1/1] (0.00ns)   --->   "%message_V_addr_3 = getelementptr [10000 x i32]* %message_V, i64 0, i64 %sext_ln80" [sha256.cpp:80->sha256.cpp:154]   --->   Operation 126 'getelementptr' 'message_V_addr_3' <Predicate = (or_ln79)> <Delay = 0.00>
ST_8 : Operation 127 [1/1] (3.25ns)   --->   "store i32 %bitlength_read, i32* %message_V_addr_3, align 4" [sha256.cpp:80->sha256.cpp:154]   --->   Operation 127 'store' <Predicate = (or_ln79)> <Delay = 3.25> <Core = "RAM">   --->   Core 37 'RAM' <Latency = 1> <II = 1> <Delay = 3.25> <Storage> <Opcode : 'load' 'store'> <Ports = 2> <Width = 32> <Depth = 32> <RAM>
ST_8 : Operation 128 [1/1] (0.00ns)   --->   "br label %8" [sha256.cpp:80->sha256.cpp:154]   --->   Operation 128 'br' <Predicate = (or_ln79)> <Delay = 0.00>
ST_8 : Operation 129 [1/1] (0.00ns)   --->   "%tmp_8 = call i23 @_ssdm_op_PartSelect.i23.i32.i32.i32(i32 %sub_ln67, i32 9, i32 31)" [sha256.cpp:85->sha256.cpp:154]   --->   Operation 129 'partselect' 'tmp_8' <Predicate = (tmp_2)> <Delay = 0.00>
ST_8 : Operation 130 [1/1] (0.00ns)   --->   "%zext_ln85 = zext i23 %tmp_8 to i24" [sha256.cpp:85->sha256.cpp:154]   --->   Operation 130 'zext' 'zext_ln85' <Predicate = (tmp_2)> <Delay = 0.00>
ST_8 : Operation 131 [1/1] (2.28ns)   --->   "%sub_ln85 = sub i24 0, %zext_ln85" [sha256.cpp:85->sha256.cpp:154]   --->   Operation 131 'sub' 'sub_ln85' <Predicate = (tmp_2)> <Delay = 2.28> <Core = "AddSub">   --->   Core 14 'AddSub' <Latency = 0> <II = 1> <Delay = 2.55> <FuncUnit> <Opcode : 'add' 'sub'> <InPorts = 2> <OutPorts = 1>
ST_8 : Operation 132 [1/1] (0.00ns) (grouped into LUT with out node add_ln85)   --->   "%tmp_9 = call i23 @_ssdm_op_PartSelect.i23.i32.i32.i32(i32 %bitlength_read, i32 9, i32 31)" [sha256.cpp:85->sha256.cpp:154]   --->   Operation 132 'partselect' 'tmp_9' <Predicate = (!tmp_2)> <Delay = 0.00>
ST_8 : Operation 133 [1/1] (0.00ns) (grouped into LUT with out node add_ln85)   --->   "%zext_ln85_1 = zext i23 %tmp_9 to i24" [sha256.cpp:85->sha256.cpp:154]   --->   Operation 133 'zext' 'zext_ln85_1' <Predicate = (!tmp_2)> <Delay = 0.00>
ST_8 : Operation 134 [1/1] (0.00ns) (grouped into LUT with out node add_ln85)   --->   "%select_ln85 = select i1 %tmp_2, i24 %sub_ln85, i24 %zext_ln85_1" [sha256.cpp:85->sha256.cpp:154]   --->   Operation 134 'select' 'select_ln85' <Predicate = true> <Delay = 0.00> <Core = "Sel">   --->   Core 26 'Sel' <Latency = 0> <II = 1> <Delay = 0.69> <FuncUnit> <Opcode : 'select'> <InPorts = 3> <OutPorts = 1>
ST_8 : Operation 135 [1/1] (0.00ns) (grouped into LUT with out node add_ln85)   --->   "%sext_ln85 = sext i24 %select_ln85 to i25" [sha256.cpp:85->sha256.cpp:154]   --->   Operation 135 'sext' 'sext_ln85' <Predicate = true> <Delay = 0.00>
ST_8 : Operation 136 [1/1] (2.31ns) (out node of the LUT)   --->   "%add_ln85 = add i25 %sext_ln85, 1" [sha256.cpp:85->sha256.cpp:154]   --->   Operation 136 'add' 'add_ln85' <Predicate = true> <Delay = 2.31> <Core = "AddSub">   --->   Core 14 'AddSub' <Latency = 0> <II = 1> <Delay = 2.55> <FuncUnit> <Opcode : 'add' 'sub'> <InPorts = 2> <OutPorts = 1>
ST_8 : Operation 137 [1/1] (0.00ns)   --->   "%sext_ln85_1 = sext i25 %add_ln85 to i32" [sha256.cpp:85->sha256.cpp:154]   --->   Operation 137 'sext' 'sext_ln85_1' <Predicate = true> <Delay = 0.00>
ST_8 : Operation 138 [1/1] (1.76ns)   --->   "br label %.loopexit" [sha256.cpp:84->sha256.cpp:154]   --->   Operation 138 'br' <Predicate = true> <Delay = 1.76>

State 9 <SV = 7> <Delay = 2.34>
ST_9 : Operation 139 [1/1] (0.00ns)   --->   "%i2_0_i = phi i5 [ 0, %8 ], [ %i_2, %.loopexit.loopexit ]"   --->   Operation 139 'phi' 'i2_0_i' <Predicate = true> <Delay = 0.00>
ST_9 : Operation 140 [1/1] (0.00ns)   --->   "%zext_ln84 = zext i5 %i2_0_i to i32" [sha256.cpp:84->sha256.cpp:154]   --->   Operation 140 'zext' 'zext_ln84' <Predicate = true> <Delay = 0.00>
ST_9 : Operation 141 [1/1] (1.36ns)   --->   "%icmp_ln84 = icmp eq i5 %i2_0_i, -16" [sha256.cpp:84->sha256.cpp:154]   --->   Operation 141 'icmp' 'icmp_ln84' <Predicate = true> <Delay = 1.36> <Core = "Cmp">   --->   Core 25 'Cmp' <Latency = 0> <II = 1> <Delay = 2.47> <FuncUnit> <Opcode : 'icmp'> <InPorts = 2> <OutPorts = 1>
ST_9 : Operation 142 [1/1] (0.00ns)   --->   "%empty_8 = call i32 (...)* @_ssdm_op_SpecLoopTripCount(i64 16, i64 16, i64 16)"   --->   Operation 142 'speclooptripcount' 'empty_8' <Predicate = true> <Delay = 0.00>
ST_9 : Operation 143 [1/1] (1.78ns)   --->   "%i_2 = add i5 %i2_0_i, 1" [sha256.cpp:84->sha256.cpp:154]   --->   Operation 143 'add' 'i_2' <Predicate = true> <Delay = 1.78> <Core = "AddSub">   --->   Core 14 'AddSub' <Latency = 0> <II = 1> <Delay = 2.55> <FuncUnit> <Opcode : 'add' 'sub'> <InPorts = 2> <OutPorts = 1>
ST_9 : Operation 144 [1/1] (0.00ns)   --->   "br i1 %icmp_ln84, label %.exit, label %.preheader.i.preheader" [sha256.cpp:84->sha256.cpp:154]   --->   Operation 144 'br' <Predicate = true> <Delay = 0.00>
ST_9 : Operation 145 [1/1] (0.00ns)   --->   "%trunc_ln321 = trunc i5 %i2_0_i to i4" [sha256.cpp:87->sha256.cpp:154]   --->   Operation 145 'trunc' 'trunc_ln321' <Predicate = (!icmp_ln84)> <Delay = 0.00>
ST_9 : Operation 146 [1/1] (1.76ns)   --->   "br label %.preheader.i" [sha256.cpp:85->sha256.cpp:154]   --->   Operation 146 'br' <Predicate = (!icmp_ln84)> <Delay = 1.76>
ST_9 : Operation 147 [1/1] (0.00ns)   --->   "ret void" [sha256.cpp:154]   --->   Operation 147 'ret' <Predicate = (icmp_ln84)> <Delay = 0.00>

State 10 <SV = 8> <Delay = 5.80>
ST_10 : Operation 148 [1/1] (0.00ns)   --->   "%j3_0_i = phi i32 [ %j, %10 ], [ 0, %.preheader.i.preheader ]"   --->   Operation 148 'phi' 'j3_0_i' <Predicate = true> <Delay = 0.00>
ST_10 : Operation 149 [1/1] (2.47ns)   --->   "%icmp_ln85 = icmp sgt i32 %j3_0_i, %sext_ln85_1" [sha256.cpp:85->sha256.cpp:154]   --->   Operation 149 'icmp' 'icmp_ln85' <Predicate = true> <Delay = 2.47> <Core = "Cmp">   --->   Core 25 'Cmp' <Latency = 0> <II = 1> <Delay = 2.47> <FuncUnit> <Opcode : 'icmp'> <InPorts = 2> <OutPorts = 1>
ST_10 : Operation 150 [1/1] (2.55ns)   --->   "%j = add nsw i32 %j3_0_i, 1" [sha256.cpp:85->sha256.cpp:154]   --->   Operation 150 'add' 'j' <Predicate = true> <Delay = 2.55> <Core = "AddSub">   --->   Core 14 'AddSub' <Latency = 0> <II = 1> <Delay = 2.55> <FuncUnit> <Opcode : 'add' 'sub'> <InPorts = 2> <OutPorts = 1>
ST_10 : Operation 151 [1/1] (0.00ns)   --->   "br i1 %icmp_ln85, label %.loopexit.loopexit, label %9" [sha256.cpp:85->sha256.cpp:154]   --->   Operation 151 'br' <Predicate = true> <Delay = 0.00>
ST_10 : Operation 152 [1/1] (0.00ns) (grouped into LUT with out node add_ln87)   --->   "%shl_ln87 = shl i32 %j3_0_i, 4" [sha256.cpp:87->sha256.cpp:154]   --->   Operation 152 'shl' 'shl_ln87' <Predicate = (!icmp_ln85)> <Delay = 0.00>
ST_10 : Operation 153 [1/1] (2.55ns) (out node of the LUT)   --->   "%add_ln87 = add nsw i32 %shl_ln87, %zext_ln84" [sha256.cpp:87->sha256.cpp:154]   --->   Operation 153 'add' 'add_ln87' <Predicate = (!icmp_ln85)> <Delay = 2.55> <Core = "AddSub">   --->   Core 14 'AddSub' <Latency = 0> <II = 1> <Delay = 2.55> <FuncUnit> <Opcode : 'add' 'sub'> <InPorts = 2> <OutPorts = 1>
ST_10 : Operation 154 [1/1] (0.00ns)   --->   "%zext_ln87_1 = zext i32 %add_ln87 to i64" [sha256.cpp:87->sha256.cpp:154]   --->   Operation 154 'zext' 'zext_ln87_1' <Predicate = (!icmp_ln85)> <Delay = 0.00>
ST_10 : Operation 155 [1/1] (0.00ns)   --->   "%message_V_addr_5 = getelementptr [10000 x i32]* %message_V, i64 0, i64 %zext_ln87_1" [sha256.cpp:87->sha256.cpp:154]   --->   Operation 155 'getelementptr' 'message_V_addr_5' <Predicate = (!icmp_ln85)> <Delay = 0.00>
ST_10 : Operation 156 [2/2] (3.25ns)   --->   "%message_V_load_1 = load i32* %message_V_addr_5, align 4" [sha256.cpp:87->sha256.cpp:154]   --->   Operation 156 'load' 'message_V_load_1' <Predicate = (!icmp_ln85)> <Delay = 3.25> <Core = "RAM">   --->   Core 37 'RAM' <Latency = 1> <II = 1> <Delay = 3.25> <Storage> <Opcode : 'load' 'store'> <Ports = 2> <Width = 32> <Depth = 32> <RAM>
ST_10 : Operation 157 [1/1] (0.00ns)   --->   "br label %.loopexit"   --->   Operation 157 'br' <Predicate = (icmp_ln85)> <Delay = 0.00>

State 11 <SV = 9> <Delay = 6.50>
ST_11 : Operation 158 [1/1] (0.00ns)   --->   "%zext_ln87 = zext i32 %j3_0_i to i64" [sha256.cpp:87->sha256.cpp:154]   --->   Operation 158 'zext' 'zext_ln87' <Predicate = true> <Delay = 0.00>
ST_11 : Operation 159 [1/2] (3.25ns)   --->   "%message_V_load_1 = load i32* %message_V_addr_5, align 4" [sha256.cpp:87->sha256.cpp:154]   --->   Operation 159 'load' 'message_V_load_1' <Predicate = true> <Delay = 3.25> <Core = "RAM">   --->   Core 37 'RAM' <Latency = 1> <II = 1> <Delay = 3.25> <Storage> <Opcode : 'load' 'store'> <Ports = 2> <Width = 32> <Depth = 32> <RAM>
ST_11 : Operation 160 [1/1] (0.00ns)   --->   "%M_0_V_addr_1 = getelementptr [32 x i32]* %M_0_V, i64 0, i64 %zext_ln87" [sha256.cpp:87->sha256.cpp:154]   --->   Operation 160 'getelementptr' 'M_0_V_addr_1' <Predicate = true> <Delay = 0.00>
ST_11 : Operation 161 [1/1] (0.00ns)   --->   "%M_1_V_addr_1 = getelementptr [32 x i32]* %M_1_V, i64 0, i64 %zext_ln87" [sha256.cpp:87->sha256.cpp:154]   --->   Operation 161 'getelementptr' 'M_1_V_addr_1' <Predicate = true> <Delay = 0.00>
ST_11 : Operation 162 [1/1] (0.00ns)   --->   "%M_2_V_addr_1 = getelementptr [32 x i32]* %M_2_V, i64 0, i64 %zext_ln87" [sha256.cpp:87->sha256.cpp:154]   --->   Operation 162 'getelementptr' 'M_2_V_addr_1' <Predicate = true> <Delay = 0.00>
ST_11 : Operation 163 [1/1] (0.00ns)   --->   "%M_3_V_addr_1 = getelementptr [32 x i32]* %M_3_V, i64 0, i64 %zext_ln87" [sha256.cpp:87->sha256.cpp:154]   --->   Operation 163 'getelementptr' 'M_3_V_addr_1' <Predicate = true> <Delay = 0.00>
ST_11 : Operation 164 [1/1] (0.00ns)   --->   "%M_4_V_addr_1 = getelementptr [32 x i32]* %M_4_V, i64 0, i64 %zext_ln87" [sha256.cpp:87->sha256.cpp:154]   --->   Operation 164 'getelementptr' 'M_4_V_addr_1' <Predicate = true> <Delay = 0.00>
ST_11 : Operation 165 [1/1] (0.00ns)   --->   "%M_5_V_addr_1 = getelementptr [32 x i32]* %M_5_V, i64 0, i64 %zext_ln87" [sha256.cpp:87->sha256.cpp:154]   --->   Operation 165 'getelementptr' 'M_5_V_addr_1' <Predicate = true> <Delay = 0.00>
ST_11 : Operation 166 [1/1] (0.00ns)   --->   "%M_6_V_addr_1 = getelementptr [32 x i32]* %M_6_V, i64 0, i64 %zext_ln87" [sha256.cpp:87->sha256.cpp:154]   --->   Operation 166 'getelementptr' 'M_6_V_addr_1' <Predicate = true> <Delay = 0.00>
ST_11 : Operation 167 [1/1] (0.00ns)   --->   "%M_7_V_addr_1 = getelementptr [32 x i32]* %M_7_V, i64 0, i64 %zext_ln87" [sha256.cpp:87->sha256.cpp:154]   --->   Operation 167 'getelementptr' 'M_7_V_addr_1' <Predicate = true> <Delay = 0.00>
ST_11 : Operation 168 [1/1] (0.00ns)   --->   "%M_8_V_addr_1 = getelementptr [32 x i32]* %M_8_V, i64 0, i64 %zext_ln87" [sha256.cpp:87->sha256.cpp:154]   --->   Operation 168 'getelementptr' 'M_8_V_addr_1' <Predicate = true> <Delay = 0.00>
ST_11 : Operation 169 [1/1] (0.00ns)   --->   "%M_9_V_addr_1 = getelementptr [32 x i32]* %M_9_V, i64 0, i64 %zext_ln87" [sha256.cpp:87->sha256.cpp:154]   --->   Operation 169 'getelementptr' 'M_9_V_addr_1' <Predicate = true> <Delay = 0.00>
ST_11 : Operation 170 [1/1] (0.00ns)   --->   "%M_10_V_addr_1 = getelementptr [32 x i32]* %M_10_V, i64 0, i64 %zext_ln87" [sha256.cpp:87->sha256.cpp:154]   --->   Operation 170 'getelementptr' 'M_10_V_addr_1' <Predicate = true> <Delay = 0.00>
ST_11 : Operation 171 [1/1] (0.00ns)   --->   "%M_11_V_addr_1 = getelementptr [32 x i32]* %M_11_V, i64 0, i64 %zext_ln87" [sha256.cpp:87->sha256.cpp:154]   --->   Operation 171 'getelementptr' 'M_11_V_addr_1' <Predicate = true> <Delay = 0.00>
ST_11 : Operation 172 [1/1] (0.00ns)   --->   "%M_12_V_addr_1 = getelementptr [32 x i32]* %M_12_V, i64 0, i64 %zext_ln87" [sha256.cpp:87->sha256.cpp:154]   --->   Operation 172 'getelementptr' 'M_12_V_addr_1' <Predicate = true> <Delay = 0.00>
ST_11 : Operation 173 [1/1] (0.00ns)   --->   "%M_13_V_addr_1 = getelementptr [32 x i32]* %M_13_V, i64 0, i64 %zext_ln87" [sha256.cpp:87->sha256.cpp:154]   --->   Operation 173 'getelementptr' 'M_13_V_addr_1' <Predicate = true> <Delay = 0.00>
ST_11 : Operation 174 [1/1] (0.00ns)   --->   "%M_14_V_addr_1 = getelementptr [32 x i32]* %M_14_V, i64 0, i64 %zext_ln87" [sha256.cpp:87->sha256.cpp:154]   --->   Operation 174 'getelementptr' 'M_14_V_addr_1' <Predicate = true> <Delay = 0.00>
ST_11 : Operation 175 [1/1] (0.00ns)   --->   "%M_15_V_addr_1 = getelementptr [32 x i32]* %M_15_V, i64 0, i64 %zext_ln87" [sha256.cpp:87->sha256.cpp:154]   --->   Operation 175 'getelementptr' 'M_15_V_addr_1' <Predicate = true> <Delay = 0.00>
ST_11 : Operation 176 [1/1] (1.42ns)   --->   "switch i4 %trunc_ln321, label %branch15.i [
    i4 0, label %branch0.i
    i4 1, label %branch1.i
    i4 2, label %branch2.i
    i4 3, label %branch3.i
    i4 4, label %branch4.i
    i4 5, label %branch5.i
    i4 6, label %branch6.i
    i4 7, label %branch7.i
    i4 -8, label %branch8.i
    i4 -7, label %branch9.i
    i4 -6, label %branch10.i
    i4 -5, label %branch11.i
    i4 -4, label %branch12.i
    i4 -3, label %branch13.i
    i4 -2, label %branch14.i
  ]" [sha256.cpp:87->sha256.cpp:154]   --->   Operation 176 'switch' <Predicate = true> <Delay = 1.42>
ST_11 : Operation 177 [1/1] (3.25ns)   --->   "store i32 %message_V_load_1, i32* %M_14_V_addr_1, align 4" [sha256.cpp:87->sha256.cpp:154]   --->   Operation 177 'store' <Predicate = (trunc_ln321 == 14)> <Delay = 3.25> <Core = "RAM">   --->   Core 37 'RAM' <Latency = 1> <II = 1> <Delay = 3.25> <Storage> <Opcode : 'load' 'store'> <Ports = 2> <Width = 32> <Depth = 32> <RAM>
ST_11 : Operation 178 [1/1] (0.00ns)   --->   "br label %10" [sha256.cpp:87->sha256.cpp:154]   --->   Operation 178 'br' <Predicate = (trunc_ln321 == 14)> <Delay = 0.00>
ST_11 : Operation 179 [1/1] (3.25ns)   --->   "store i32 %message_V_load_1, i32* %M_13_V_addr_1, align 4" [sha256.cpp:87->sha256.cpp:154]   --->   Operation 179 'store' <Predicate = (trunc_ln321 == 13)> <Delay = 3.25> <Core = "RAM">   --->   Core 37 'RAM' <Latency = 1> <II = 1> <Delay = 3.25> <Storage> <Opcode : 'load' 'store'> <Ports = 2> <Width = 32> <Depth = 32> <RAM>
ST_11 : Operation 180 [1/1] (0.00ns)   --->   "br label %10" [sha256.cpp:87->sha256.cpp:154]   --->   Operation 180 'br' <Predicate = (trunc_ln321 == 13)> <Delay = 0.00>
ST_11 : Operation 181 [1/1] (3.25ns)   --->   "store i32 %message_V_load_1, i32* %M_12_V_addr_1, align 4" [sha256.cpp:87->sha256.cpp:154]   --->   Operation 181 'store' <Predicate = (trunc_ln321 == 12)> <Delay = 3.25> <Core = "RAM">   --->   Core 37 'RAM' <Latency = 1> <II = 1> <Delay = 3.25> <Storage> <Opcode : 'load' 'store'> <Ports = 2> <Width = 32> <Depth = 32> <RAM>
ST_11 : Operation 182 [1/1] (0.00ns)   --->   "br label %10" [sha256.cpp:87->sha256.cpp:154]   --->   Operation 182 'br' <Predicate = (trunc_ln321 == 12)> <Delay = 0.00>
ST_11 : Operation 183 [1/1] (3.25ns)   --->   "store i32 %message_V_load_1, i32* %M_11_V_addr_1, align 4" [sha256.cpp:87->sha256.cpp:154]   --->   Operation 183 'store' <Predicate = (trunc_ln321 == 11)> <Delay = 3.25> <Core = "RAM">   --->   Core 37 'RAM' <Latency = 1> <II = 1> <Delay = 3.25> <Storage> <Opcode : 'load' 'store'> <Ports = 2> <Width = 32> <Depth = 32> <RAM>
ST_11 : Operation 184 [1/1] (0.00ns)   --->   "br label %10" [sha256.cpp:87->sha256.cpp:154]   --->   Operation 184 'br' <Predicate = (trunc_ln321 == 11)> <Delay = 0.00>
ST_11 : Operation 185 [1/1] (3.25ns)   --->   "store i32 %message_V_load_1, i32* %M_10_V_addr_1, align 4" [sha256.cpp:87->sha256.cpp:154]   --->   Operation 185 'store' <Predicate = (trunc_ln321 == 10)> <Delay = 3.25> <Core = "RAM">   --->   Core 37 'RAM' <Latency = 1> <II = 1> <Delay = 3.25> <Storage> <Opcode : 'load' 'store'> <Ports = 2> <Width = 32> <Depth = 32> <RAM>
ST_11 : Operation 186 [1/1] (0.00ns)   --->   "br label %10" [sha256.cpp:87->sha256.cpp:154]   --->   Operation 186 'br' <Predicate = (trunc_ln321 == 10)> <Delay = 0.00>
ST_11 : Operation 187 [1/1] (3.25ns)   --->   "store i32 %message_V_load_1, i32* %M_9_V_addr_1, align 4" [sha256.cpp:87->sha256.cpp:154]   --->   Operation 187 'store' <Predicate = (trunc_ln321 == 9)> <Delay = 3.25> <Core = "RAM">   --->   Core 37 'RAM' <Latency = 1> <II = 1> <Delay = 3.25> <Storage> <Opcode : 'load' 'store'> <Ports = 2> <Width = 32> <Depth = 32> <RAM>
ST_11 : Operation 188 [1/1] (0.00ns)   --->   "br label %10" [sha256.cpp:87->sha256.cpp:154]   --->   Operation 188 'br' <Predicate = (trunc_ln321 == 9)> <Delay = 0.00>
ST_11 : Operation 189 [1/1] (3.25ns)   --->   "store i32 %message_V_load_1, i32* %M_8_V_addr_1, align 4" [sha256.cpp:87->sha256.cpp:154]   --->   Operation 189 'store' <Predicate = (trunc_ln321 == 8)> <Delay = 3.25> <Core = "RAM">   --->   Core 37 'RAM' <Latency = 1> <II = 1> <Delay = 3.25> <Storage> <Opcode : 'load' 'store'> <Ports = 2> <Width = 32> <Depth = 32> <RAM>
ST_11 : Operation 190 [1/1] (0.00ns)   --->   "br label %10" [sha256.cpp:87->sha256.cpp:154]   --->   Operation 190 'br' <Predicate = (trunc_ln321 == 8)> <Delay = 0.00>
ST_11 : Operation 191 [1/1] (3.25ns)   --->   "store i32 %message_V_load_1, i32* %M_7_V_addr_1, align 4" [sha256.cpp:87->sha256.cpp:154]   --->   Operation 191 'store' <Predicate = (trunc_ln321 == 7)> <Delay = 3.25> <Core = "RAM">   --->   Core 37 'RAM' <Latency = 1> <II = 1> <Delay = 3.25> <Storage> <Opcode : 'load' 'store'> <Ports = 2> <Width = 32> <Depth = 32> <RAM>
ST_11 : Operation 192 [1/1] (0.00ns)   --->   "br label %10" [sha256.cpp:87->sha256.cpp:154]   --->   Operation 192 'br' <Predicate = (trunc_ln321 == 7)> <Delay = 0.00>
ST_11 : Operation 193 [1/1] (3.25ns)   --->   "store i32 %message_V_load_1, i32* %M_6_V_addr_1, align 4" [sha256.cpp:87->sha256.cpp:154]   --->   Operation 193 'store' <Predicate = (trunc_ln321 == 6)> <Delay = 3.25> <Core = "RAM">   --->   Core 37 'RAM' <Latency = 1> <II = 1> <Delay = 3.25> <Storage> <Opcode : 'load' 'store'> <Ports = 2> <Width = 32> <Depth = 32> <RAM>
ST_11 : Operation 194 [1/1] (0.00ns)   --->   "br label %10" [sha256.cpp:87->sha256.cpp:154]   --->   Operation 194 'br' <Predicate = (trunc_ln321 == 6)> <Delay = 0.00>
ST_11 : Operation 195 [1/1] (3.25ns)   --->   "store i32 %message_V_load_1, i32* %M_5_V_addr_1, align 4" [sha256.cpp:87->sha256.cpp:154]   --->   Operation 195 'store' <Predicate = (trunc_ln321 == 5)> <Delay = 3.25> <Core = "RAM">   --->   Core 37 'RAM' <Latency = 1> <II = 1> <Delay = 3.25> <Storage> <Opcode : 'load' 'store'> <Ports = 2> <Width = 32> <Depth = 32> <RAM>
ST_11 : Operation 196 [1/1] (0.00ns)   --->   "br label %10" [sha256.cpp:87->sha256.cpp:154]   --->   Operation 196 'br' <Predicate = (trunc_ln321 == 5)> <Delay = 0.00>
ST_11 : Operation 197 [1/1] (3.25ns)   --->   "store i32 %message_V_load_1, i32* %M_4_V_addr_1, align 4" [sha256.cpp:87->sha256.cpp:154]   --->   Operation 197 'store' <Predicate = (trunc_ln321 == 4)> <Delay = 3.25> <Core = "RAM">   --->   Core 37 'RAM' <Latency = 1> <II = 1> <Delay = 3.25> <Storage> <Opcode : 'load' 'store'> <Ports = 2> <Width = 32> <Depth = 32> <RAM>
ST_11 : Operation 198 [1/1] (0.00ns)   --->   "br label %10" [sha256.cpp:87->sha256.cpp:154]   --->   Operation 198 'br' <Predicate = (trunc_ln321 == 4)> <Delay = 0.00>
ST_11 : Operation 199 [1/1] (3.25ns)   --->   "store i32 %message_V_load_1, i32* %M_3_V_addr_1, align 4" [sha256.cpp:87->sha256.cpp:154]   --->   Operation 199 'store' <Predicate = (trunc_ln321 == 3)> <Delay = 3.25> <Core = "RAM">   --->   Core 37 'RAM' <Latency = 1> <II = 1> <Delay = 3.25> <Storage> <Opcode : 'load' 'store'> <Ports = 2> <Width = 32> <Depth = 32> <RAM>
ST_11 : Operation 200 [1/1] (0.00ns)   --->   "br label %10" [sha256.cpp:87->sha256.cpp:154]   --->   Operation 200 'br' <Predicate = (trunc_ln321 == 3)> <Delay = 0.00>
ST_11 : Operation 201 [1/1] (3.25ns)   --->   "store i32 %message_V_load_1, i32* %M_2_V_addr_1, align 4" [sha256.cpp:87->sha256.cpp:154]   --->   Operation 201 'store' <Predicate = (trunc_ln321 == 2)> <Delay = 3.25> <Core = "RAM">   --->   Core 37 'RAM' <Latency = 1> <II = 1> <Delay = 3.25> <Storage> <Opcode : 'load' 'store'> <Ports = 2> <Width = 32> <Depth = 32> <RAM>
ST_11 : Operation 202 [1/1] (0.00ns)   --->   "br label %10" [sha256.cpp:87->sha256.cpp:154]   --->   Operation 202 'br' <Predicate = (trunc_ln321 == 2)> <Delay = 0.00>
ST_11 : Operation 203 [1/1] (3.25ns)   --->   "store i32 %message_V_load_1, i32* %M_1_V_addr_1, align 4" [sha256.cpp:87->sha256.cpp:154]   --->   Operation 203 'store' <Predicate = (trunc_ln321 == 1)> <Delay = 3.25> <Core = "RAM">   --->   Core 37 'RAM' <Latency = 1> <II = 1> <Delay = 3.25> <Storage> <Opcode : 'load' 'store'> <Ports = 2> <Width = 32> <Depth = 32> <RAM>
ST_11 : Operation 204 [1/1] (0.00ns)   --->   "br label %10" [sha256.cpp:87->sha256.cpp:154]   --->   Operation 204 'br' <Predicate = (trunc_ln321 == 1)> <Delay = 0.00>
ST_11 : Operation 205 [1/1] (3.25ns)   --->   "store i32 %message_V_load_1, i32* %M_0_V_addr_1, align 4" [sha256.cpp:87->sha256.cpp:154]   --->   Operation 205 'store' <Predicate = (trunc_ln321 == 0)> <Delay = 3.25> <Core = "RAM">   --->   Core 37 'RAM' <Latency = 1> <II = 1> <Delay = 3.25> <Storage> <Opcode : 'load' 'store'> <Ports = 2> <Width = 32> <Depth = 32> <RAM>
ST_11 : Operation 206 [1/1] (0.00ns)   --->   "br label %10" [sha256.cpp:87->sha256.cpp:154]   --->   Operation 206 'br' <Predicate = (trunc_ln321 == 0)> <Delay = 0.00>
ST_11 : Operation 207 [1/1] (3.25ns)   --->   "store i32 %message_V_load_1, i32* %M_15_V_addr_1, align 4" [sha256.cpp:87->sha256.cpp:154]   --->   Operation 207 'store' <Predicate = (trunc_ln321 == 15)> <Delay = 3.25> <Core = "RAM">   --->   Core 37 'RAM' <Latency = 1> <II = 1> <Delay = 3.25> <Storage> <Opcode : 'load' 'store'> <Ports = 2> <Width = 32> <Depth = 32> <RAM>
ST_11 : Operation 208 [1/1] (0.00ns)   --->   "br label %10" [sha256.cpp:87->sha256.cpp:154]   --->   Operation 208 'br' <Predicate = (trunc_ln321 == 15)> <Delay = 0.00>
ST_11 : Operation 209 [1/1] (0.00ns)   --->   "br label %.preheader.i" [sha256.cpp:85->sha256.cpp:154]   --->   Operation 209 'br' <Predicate = true> <Delay = 0.00>


============================================================
+ Verbose Summary: Timing violations
============================================================
Target clock period: 10ns, clock uncertainty: 1.25ns.

 <State 1>: 3.63ns
The critical path consists of the following:
	wire read on port 'bitlength' [20]  (0 ns)
	fifo write on port 'bitlength_out' (sha256.cpp:154) [23]  (3.63 ns)

 <State 2>: 8.23ns
The critical path consists of the following:
	'sub' operation ('sub_ln67', sha256.cpp:67->sha256.cpp:154) [68]  (2.55 ns)
	'sub' operation ('sub_ln67_1', sha256.cpp:67->sha256.cpp:154) [71]  (2.4 ns)
	'select' operation ('select_ln67', sha256.cpp:67->sha256.cpp:154) [74]  (0.839 ns)
	'add' operation ('wordlength', sha256.cpp:67->sha256.cpp:154) [77]  (2.43 ns)

 <State 3>: 3.44ns
The critical path consists of the following:
	'icmp' operation ('icmp_ln69', sha256.cpp:69->sha256.cpp:154) [82]  (2.46 ns)
	blocking operation 0.978 ns on control path)

 <State 4>: 5.58ns
The critical path consists of the following:
	'load' operation ('input_V_load', sha256.cpp:71->sha256.cpp:154) on array 'input_V' [90]  (2.32 ns)
	'store' operation ('store_ln71', sha256.cpp:71->sha256.cpp:154) of variable 'input_V_load', sha256.cpp:71->sha256.cpp:154 on array 'message.V', sha256.cpp:66->sha256.cpp:154 [92]  (3.25 ns)

 <State 5>: 3.25ns
The critical path consists of the following:
	'getelementptr' operation ('message_V_addr_1', sha256.cpp:77->sha256.cpp:154) [115]  (0 ns)
	'store' operation ('store_ln77', sha256.cpp:77->sha256.cpp:154) of constant 2147483648 on array 'message.V', sha256.cpp:66->sha256.cpp:154 [116]  (3.25 ns)

 <State 6>: 6.59ns
The critical path consists of the following:
	'sub' operation ('sub_ln75_1', sha256.cpp:75->sha256.cpp:154) [103]  (1.83 ns)
	'select' operation ('select_ln75', sha256.cpp:75->sha256.cpp:154) [105]  (0 ns)
	'sub' operation ('sub_ln75', sha256.cpp:75->sha256.cpp:154) [106]  (1.83 ns)
	'shl' operation ('op2', sha256.cpp:75->sha256.cpp:154) [108]  (0 ns)
	'or' operation ('or_ln718', sha256.cpp:75->sha256.cpp:154) [111]  (2.94 ns)

 <State 7>: 5.61ns
The critical path consists of the following:
	'xor' operation ('xor_ln79', sha256.cpp:79->sha256.cpp:154) [124]  (0 ns)
	'sub' operation ('sub_ln79', sha256.cpp:79->sha256.cpp:154) [126]  (2.46 ns)
	'select' operation ('select_ln79', sha256.cpp:79->sha256.cpp:154) [127]  (0.804 ns)
	'icmp' operation ('icmp_ln79_1', sha256.cpp:79->sha256.cpp:154) [129]  (1.36 ns)
	'or' operation ('or_ln79', sha256.cpp:79->sha256.cpp:154) [130]  (0.978 ns)

 <State 8>: 7.54ns
The critical path consists of the following:
	'add' operation ('add_ln82', sha256.cpp:82->sha256.cpp:154) [133]  (0 ns)
	'sub' operation ('sub_ln82', sha256.cpp:82->sha256.cpp:154) [134]  (4.28 ns)
	'getelementptr' operation ('message_V_addr_4', sha256.cpp:82->sha256.cpp:154) [136]  (0 ns)
	'store' operation ('store_ln82', sha256.cpp:82->sha256.cpp:154) of variable 'bitlength' on array 'message.V', sha256.cpp:66->sha256.cpp:154 [137]  (3.25 ns)

 <State 9>: 2.34ns
The critical path consists of the following:
	'icmp' operation ('icmp_ln84', sha256.cpp:84->sha256.cpp:154) [160]  (1.36 ns)
	blocking operation 0.978 ns on control path)

 <State 10>: 5.81ns
The critical path consists of the following:
	'phi' operation ('j') with incoming values : ('j', sha256.cpp:85->sha256.cpp:154) [168]  (0 ns)
	'shl' operation ('shl_ln87', sha256.cpp:87->sha256.cpp:154) [174]  (0 ns)
	'add' operation ('add_ln87', sha256.cpp:87->sha256.cpp:154) [175]  (2.55 ns)
	'getelementptr' operation ('message_V_addr_5', sha256.cpp:87->sha256.cpp:154) [177]  (0 ns)
	'load' operation ('message_V_load_1', sha256.cpp:87->sha256.cpp:154) on array 'message.V', sha256.cpp:66->sha256.cpp:154 [178]  (3.25 ns)

 <State 11>: 6.51ns
The critical path consists of the following:
	'load' operation ('message_V_load_1', sha256.cpp:87->sha256.cpp:154) on array 'message.V', sha256.cpp:66->sha256.cpp:154 [178]  (3.25 ns)
	'store' operation ('store_ln87', sha256.cpp:87->sha256.cpp:154) of variable 'message_V_load_1', sha256.cpp:87->sha256.cpp:154 on array 'M_14_V' [197]  (3.25 ns)


============================================================
+ Verbose Summary: Binding
============================================================
N/A
* FSMD analyzer results:
  - Output states:
 - Input state : 
  - Chain level:
	State 1
	State 2
	State 3
	State 4
	State 5
	State 6
	State 7
	State 8
	State 9
	State 10
	State 11


============================================================
+ Verbose Summary: Datapath Resource usage 
============================================================
N/A
