INFO: [SIM 2] *************** CSIM start ***************
INFO: [SIM 4] CSIM will launch GCC as the compiler.
   Compiling ../../../../main.cpp in release mode
   Compiling ../../../../sha256.cpp in release mode
   Compiling ../../../../util.cpp in release mode
   Compiling ../../../../miner.cpp in release mode
   Generating csim.exe
Currently mining at 90909.1 hashes / second
Currently mining at 90909.1 hashes / second
Currently mining at 91743.1 hashes / second
Currently mining at 90909.1 hashes / second
Currently mining at 88495.6 hashes / second
Currently mining at 90909.1 hashes / second
Currently mining at 91743.1 hashes / second
Currently mining at 91743.1 hashes / second
Currently mining at 91743.1 hashes / second
Currently mining at 91743.1 hashes / second
Currently mining at 91743.1 hashes / second
Currently mining at 90909.1 hashes / second
Currently mining at 90909.1 hashes / second
Currently mining at 91743.1 hashes / second
Currently mining at 90909.1 hashes / second
Currently mining at 90909.1 hashes / second
Currently mining at 90909.1 hashes / second
Currently mining at 90909.1 hashes / second
Currently mining at 90909.1 hashes / second
Currently mining at 90909.1 hashes / second
Currently mining at 90909.1 hashes / second
Currently mining at 90909.1 hashes / second
Currently mining at 90909.1 hashes / second
Currently mining at 90909.1 hashes / second
Currently mining at 89285.7 hashes / second
Currently mining at 91743.1 hashes / second
Currently mining at 91743.1 hashes / second
Currently mining at 91743.1 hashes / second
Currently mining at 91743.1 hashes / second
Currently mining at 91743.1 hashes / second
Currently mining at 91743.1 hashes / second
Currently mining at 91743.1 hashes / second
Currently mining at 91743.1 hashes / second
Currently mining at 91743.1 hashes / second
Currently mining at 91743.1 hashes / second
Currently mining at 91743.1 hashes / second
Currently mining at 91743.1 hashes / second
Currently mining at 91743.1 hashes / second
Currently mining at 91743.1 hashes / second
Currently mining at 91743.1 hashes / second
Currently mining at 91743.1 hashes / second
Currently mining at 91743.1 hashes / second
Currently mining at 91743.1 hashes / second
Currently mining at 91743.1 hashes / second
Currently mining at 91743.1 hashes / second
Currently mining at 91743.1 hashes / second
Currently mining at 91743.1 hashes / second
Currently mining at 91743.1 hashes / second
Currently mining at 91743.1 hashes / second
Currently mining at 91743.1 hashes / second
Currently mining at 91743.1 hashes / second
Currently mining at 91743.1 hashes / second
Currently mining at 91743.1 hashes / second
Currently mining at 91743.1 hashes / second
Currently mining at 91743.1 hashes / second
Currently mining at 91743.1 hashes / second
Currently mining at 91743.1 hashes / second
Currently mining at 91743.1 hashes / second
Currently mining at 91743.1 hashes / second
Currently mining at 91743.1 hashes / second
Currently mining at 91743.1 hashes / second
Currently mining at 91743.1 hashes / second
Currently mining at 91743.1 hashes / second
Currently mining at 90909.1 hashes / second
Currently mining at 91743.1 hashes / second
Currently mining at 91743.1 hashes / second
Currently mining at 91743.1 hashes / second
Currently mining at 91743.1 hashes / second
Currently mining at 91743.1 hashes / second
Currently mining at 91743.1 hashes / second
Currently mining at 91743.1 hashes / second
Currently mining at 90909.1 hashes / second
Currently mining at 91743.1 hashes / second
Currently mining at 91743.1 hashes / second
Currently mining at 91743.1 hashes / second
Currently mining at 91743.1 hashes / second
Currently mining at 91743.1 hashes / second
Currently mining at 91743.1 hashes / second
Currently mining at 91743.1 hashes / second
Currently mining at 91743.1 hashes / second
Currently mining at 91743.1 hashes / second
Currently mining at 91743.1 hashes / second
Currently mining at 91743.1 hashes / second
Currently mining at 91743.1 hashes / second
Currently mining at 91743.1 hashes / second
Currently mining at 91743.1 hashes / second
Currently mining at 91743.1 hashes / second
Currently mining at 91743.1 hashes / second
Currently mining at 90909.1 hashes / second
Currently mining at 91743.1 hashes / second
Currently mining at 90909.1 hashes / second
Currently mining at 91743.1 hashes / second
Currently mining at 91743.1 hashes / second
Currently mining at 91743.1 hashes / second
Currently mining at 90909.1 hashes / second
Currently mining at 91743.1 hashes / second
Currently mining at 90909.1 hashes / second
Currently mining at 90090.1 hashes / second
Currently mining at 91743.1 hashes / second
Currently mining at 91743.1 hashes / second
Currently mining at 91743.1 hashes / second
Currently mining at 91743.1 hashes / second
Currently mining at 91743.1 hashes / second
Currently mining at 91743.1 hashes / second
Currently mining at 91743.1 hashes / second
Currently mining at 91743.1 hashes / second
Currently mining at 91743.1 hashes / second
Currently mining at 91743.1 hashes / second
Currently mining at 91743.1 hashes / second
Currently mining at 91743.1 hashes / second
Currently mining at 91743.1 hashes / second
Currently mining at 91743.1 hashes / second
Currently mining at 90909.1 hashes / second
Currently mining at 91743.1 hashes / second
Currently mining at 90909.1 hashes / second
Currently mining at 90909.1 hashes / second
Currently mining at 90909.1 hashes / second
Currently mining at 62893.1 hashes / second
Currently mining at 78125 hashes / second
Currently mining at 90090.1 hashes / second
Currently mining at 90909.1 hashes / second
Currently mining at 90909.1 hashes / second
Currently mining at 90090.1 hashes / second
Currently mining at 90909.1 hashes / second
Currently mining at 89285.7 hashes / second
Currently mining at 90909.1 hashes / second
Currently mining at 90090.1 hashes / second
ERR: [SIM 100] CSim failed with errors.
INFO: [SIM 3] *************** CSIM finish ***************
